# dump_thermo 1000
# format_version 1
# num_atoms 8192
# dt_output 2.0000000000e+03 fs
# columns T KE PE sxx syy szz syz sxz sxy ax ay az bx by bz cx cy cz
    7.6433875744e+02    8.0935762834e+02   -3.2096445408e+04    1.1784333802e-01    1.6959845967e-01    2.0022706275e-01   -1.7686957258e-02   -9.6057636038e-03    1.5091788379e-02    3.2452114571e+01    0.0000000000e+00    0.0000000000e+00    0.0000000000e+00    3.2442322141e+01    0.0000000000e+00    0.0000000000e+00    0.0000000000e+00    1.2969633053e+02
    9.1171386561e+02    9.6541299890e+02   -3.1837688389e+04   -1.0703325928e-01   -3.4821132117e-02   -3.1993556663e-02    1.7373542794e-02    1.0729097695e-02    1.6225340194e-02    3.2603401998e+01    0.0000000000e+00    0.0000000000e+00    0.0000000000e+00    3.2665756091e+01    0.0000000000e+00    0.0000000000e+00    0.0000000000e+00    1.3067250616e+02
    1.0346862230e+03    1.0956283184e+03   -3.1650844879e+04   -1.7039979842e-01   -4.1864494649e-02   -1.0589354676e-02    6.8606865495e-02    3.3221430172e-02   -2.3506742976e-02    3.2867525519e+01    0.0000000000e+00    0.0000000000e+00    0.0000000000e+00    3.2755736877e+01    0.0000000000e+00    0.0000000000e+00    0.0000000000e+00    1.3096365798e+02
    1.0893066126e+03    1.1534658003e+03   -3.1520827883e+04    1.8911116572e-01    1.7104161125e-01    1.4483786909e-01    2.0939116921e-02   -1.5769515172e-03    7.0537353206e-02    3.2845705558e+01    0.0000000000e+00    0.0000000000e+00    0.0000000000e+00    3.2860079013e+01    0.0000000000e+00    0.0000000000e+00    0.0000000000e+00    1.3133186215e+02
    1.1105489104e+03    1.1759592505e+03   -3.1466739841e+04   -1.2687979542e-01   -1.6433461124e-01   -2.1306885050e-01   -4.7134266636e-02    2.1013139443e-02   -4.6242053108e-03    3.2898260041e+01    0.0000000000e+00    0.0000000000e+00    0.0000000000e+00    3.2920022527e+01    0.0000000000e+00    0.0000000000e+00    0.0000000000e+00    1.3199175726e+02
# dump_thermo 1000
# format_version 1
# num_atoms 8192
# dt_output 2.0000000000e+03 fs
# columns T KE PE sxx syy szz syz sxz sxy ax ay az bx by bz cx cy cz
    1.6437374738e+03    8.7027607229e+02   -3.0906653421e+04    2.1789275032e+00    2.1954681828e+00    2.2563690465e+00    7.7388458131e-02   -2.6687491189e-02   -7.6563182106e-02    3.2898260041e+01    0.0000000000e+00    0.0000000000e+00    0.0000000000e+00    3.2920022527e+01    0.0000000000e+00    0.0000000000e+00    0.0000000000e+00    1.3199175726e+02
    1.6957716088e+03    8.9782552181e+02   -3.0891686777e+04    2.2044872637e+00    2.3142395017e+00    2.3120892898e+00    1.8112645326e-02   -5.9232400169e-03    1.0080023781e-02    3.2898260041e+01    0.0000000000e+00    0.0000000000e+00    0.0000000000e+00    3.2920022527e+01    0.0000000000e+00    0.0000000000e+00    0.0000000000e+00    1.3199175726e+02
    1.7097910347e+03    9.0524810061e+02   -3.0908857077e+04    2.2621983111e+00    2.1569897050e+00    2.2571665692e+00   -1.9015234611e-02    2.6853001162e-02    4.6248893017e-02    3.2898260041e+01    0.0000000000e+00    0.0000000000e+00    0.0000000000e+00    3.2920022527e+01    0.0000000000e+00    0.0000000000e+00    0.0000000000e+00    1.3199175726e+02
    1.6867628731e+03    8.9305585075e+02   -3.0885944447e+04    2.3635515985e+00    2.3426648782e+00    2.2204669404e+00   -2.8530891761e-03    6.2931138323e-02   -6.1297348469e-02    3.2898260041e+01    0.0000000000e+00    0.0000000000e+00    0.0000000000e+00    3.2920022527e+01    0.0000000000e+00    0.0000000000e+00    0.0000000000e+00    1.3199175726e+02
    1.6976858099e+03    8.9883899474e+02   -3.0878208038e+04    2.3601398965e+00    2.4179371924e+00    2.3410541548e+00    1.0634314590e-01   -1.1684486012e-02   -2.6914304880e-02    3.2898260041e+01    0.0000000000e+00    0.0000000000e+00    0.0000000000e+00    3.2920022527e+01    0.0000000000e+00    0.0000000000e+00    0.0000000000e+00    1.3199175726e+02
# dump_thermo 1000
# format_version 1
# num_atoms 8192
# dt_output 2.0000000000e+03 fs
# columns T KE PE sxx syy szz syz sxz sxy ax ay az bx by bz cx cy cz
    1.0857499053e+03    5.7484980302e+02   -3.1192581921e+04    8.5156448705e-01    7.9444089687e-01    8.4327104479e-01    8.2807692912e-02   -1.2367306832e-02   -6.2299330286e-02    3.2898260041e+01    0.0000000000e+00    0.0000000000e+00    0.0000000000e+00    3.2920022527e+01    0.0000000000e+00    0.0000000000e+00    0.0000000000e+00    1.3199175726e+02
    1.1101088250e+03    5.8774662222e+02   -3.1198748241e+04    7.3677101118e-01    8.6336296138e-01    8.6310178258e-01    4.0469227900e-02    5.8049751948e-02    3.9417087037e-02    3.2898260041e+01    0.0000000000e+00    0.0000000000e+00    0.0000000000e+00    3.2920022527e+01    0.0000000000e+00    0.0000000000e+00    0.0000000000e+00    1.3199175726e+02
    1.0995851000e+03    5.8217484068e+02   -3.1184720736e+04    8.8010133655e-01    7.7530947166e-01    9.3647049425e-01    1.3053431687e-01    2.0409267567e-02    1.5274226042e-03    3.2898260041e+01    0.0000000000e+00    0.0000000000e+00    0.0000000000e+00    3.2920022527e+01    0.0000000000e+00    0.0000000000e+00    0.0000000000e+00    1.3199175726e+02
    1.1151300118e+03    5.9040508732e+02   -3.1204040230e+04    8.4389854681e-01    7.2105528443e-01    7.6642554414e-01    4.1784177529e-02    8.3009870443e-03   -2.7318900222e-02    3.2898260041e+01    0.0000000000e+00    0.0000000000e+00    0.0000000000e+00    3.2920022527e+01    0.0000000000e+00    0.0000000000e+00    0.0000000000e+00    1.3199175726e+02
    1.0864780343e+03    5.7523531058e+02   -3.1200005709e+04    7.6891376272e-01    7.0476968526e-01    8.5982095286e-01    7.0617640421e-02   -3.5308843455e-02    1.8088687666e-02    3.2898260041e+01    0.0000000000e+00    0.0000000000e+00    0.0000000000e+00    3.2920022527e+01    0.0000000000e+00    0.0000000000e+00    0.0000000000e+00    1.3199175726e+02
# dump_thermo 1000
# format_version 1
# num_atoms 8192
# dt_output 2.0000000000e+03 fs
# columns T KE PE sxx syy szz syz sxz sxy ax ay az bx by bz cx cy cz
    1.0043519845e+03    1.0635074204e+03   -3.1235034830e+04   -6.5989497793e-01   -6.7958856351e-01   -2.5434281426e-01   -8.3113143132e-03    2.2992405375e-02    3.3393019543e-02    3.2898260041e+01    0.0000000000e+00    0.0000000000e+00    0.0000000000e+00    3.2920022527e+01    0.0000000000e+00    0.0000000000e+00    0.0000000000e+00    1.3568411678e+02
    1.0499040912e+03    1.1117425055e+03   -3.1068285791e+04   -3.9168860894e-01   -3.8316728714e-01    3.4251747063e-02    2.7356830551e-02    7.4392777737e-03   -3.0319531535e-02    3.2898260041e+01    0.0000000000e+00    0.0000000000e+00    0.0000000000e+00    3.2920022527e+01    0.0000000000e+00    0.0000000000e+00    0.0000000000e+00    1.3699805911e+02
# dump_thermo 1000
# format_version 1
# num_atoms 8192
# dt_output 2.0000000000e+03 fs
# columns T KE PE sxx syy szz syz sxz sxy ax ay az bx by bz cx cy cz
    1.0818823349e+03    1.1456042392e+03   -3.0987103712e+04   -2.7356250643e-01   -3.5913918136e-01   -3.8897912794e-02   -9.8342855176e-03   -1.2333447202e-02    1.3045628761e-02    3.2898260041e+01    0.0000000000e+00    0.0000000000e+00    0.0000000000e+00    3.2920022527e+01    0.0000000000e+00    0.0000000000e+00    0.0000000000e+00    1.3760292363e+02
    1.0838801400e+03    1.1477197133e+03   -3.1000982887e+04    7.2470861106e-02   -2.5473628707e-02    1.5299272278e-01    2.7376072197e-02    1.6220060980e-02    1.0566032758e-02    3.2898260041e+01    0.0000000000e+00    0.0000000000e+00    0.0000000000e+00    3.2920022527e+01    0.0000000000e+00    0.0000000000e+00    0.0000000000e+00    1.3652672380e+02
    1.0991744913e+03    1.1639148882e+03   -3.0980811398e+04   -5.8362239092e-02    8.5229140540e-02   -2.8311736959e-02    1.4365691708e-02    5.7028150585e-03    1.1718717017e-02    3.2898260041e+01    0.0000000000e+00    0.0000000000e+00    0.0000000000e+00    3.2920022527e+01    0.0000000000e+00    0.0000000000e+00    0.0000000000e+00    1.3690484632e+02
    1.1034187653e+03    1.1684091462e+03   -3.0900283993e+04   -2.7889069376e-01   -1.5789313210e-01   -6.6171916928e-02   -3.8642470949e-02    6.2841995103e-02    4.2334283894e-02    3.2898260041e+01    0.0000000000e+00    0.0000000000e+00    0.0000000000e+00    3.2920022527e+01    0.0000000000e+00    0.0000000000e+00    0.0000000000e+00    1.3823336907e+02
    1.1025501285e+03    1.1674893474e+03   -3.0901100283e+04   -1.1942321209e-01   -2.2087924953e-01   -1.3300208231e-01   -1.2172991774e-02   -6.1794482514e-02   -6.2033363188e-02    3.2898260041e+01    0.0000000000e+00    0.0000000000e+00    0.0000000000e+00    3.2920022527e+01    0.0000000000e+00    0.0000000000e+00    0.0000000000e+00    1.3821467329e+02
    1.1051478691e+03    1.1702400927e+03   -3.0891558146e+04   -7.3777034247e-03   -1.0914225397e-02   -9.3956738893e-03    2.2316075902e-02   -4.0855204196e-02    3.9612937051e-02    3.2898260041e+01    0.0000000000e+00    0.0000000000e+00    0.0000000000e+00    3.2920022527e+01    0.0000000000e+00    0.0000000000e+00    0.0000000000e+00    1.3791012314e+02
    1.0903030243e+03    1.1545208997e+03   -3.0864675989e+04   -1.3588500932e-01   -8.7004137771e-02   -6.9390817736e-02    5.2826265071e-02   -1.1116492575e-02    6.6850995004e-02    3.2898260041e+01    0.0000000000e+00    0.0000000000e+00    0.0000000000e+00    3.2920022527e+01    0.0000000000e+00    0.0000000000e+00    0.0000000000e+00    1.3836444419e+02
    1.1022745027e+03    1.1671974875e+03   -3.0816210732e+04   -2.2711735085e-01   -9.5579187883e-02   -1.8297341440e-01    6.4937544010e-03    1.0753453203e-01   -7.1846816740e-02    3.2898260041e+01    0.0000000000e+00    0.0000000000e+00    0.0000000000e+00    3.2920022527e+01    0.0000000000e+00    0.0000000000e+00    0.0000000000e+00    1.3911289145e+02
    1.0954110204e+03    1.1599297523e+03   -3.0812107651e+04   -2.6387231684e-01   -1.5159911643e-01   -8.9836999303e-02    4.6071454871e-02    6.6043979500e-02    2.1029904573e-02    3.2898260041e+01    0.0000000000e+00    0.0000000000e+00    0.0000000000e+00    3.2920022527e+01    0.0000000000e+00    0.0000000000e+00    0.0000000000e+00    1.3903079023e+02
    1.1006103725e+03    1.1654353416e+03   -3.0778652088e+04   -1.0560234440e-01   -1.4359983162e-02    5.9399762538e-02    3.1019214735e-02    8.8675962902e-03    3.5341834632e-02    3.2898260041e+01    0.0000000000e+00    0.0000000000e+00    0.0000000000e+00    3.2920022527e+01    0.0000000000e+00    0.0000000000e+00    0.0000000000e+00    1.3910373024e+02
    1.0984423161e+03    1.1631395885e+03   -3.0754586084e+04   -1.1290794289e-01   -5.2648449717e-02   -3.5695149393e-02    1.9318985163e-03   -1.3642127281e-02   -3.9839797782e-02    3.2898260041e+01    0.0000000000e+00    0.0000000000e+00    0.0000000000e+00    3.2920022527e+01    0.0000000000e+00    0.0000000000e+00    0.0000000000e+00    1.3946674703e+02
    1.1231460210e+03    1.1892983196e+03   -3.0714297644e+04    2.8470505990e-02   -1.2493598363e-01   -6.9316683901e-02   -2.7859763939e-02    3.3262941529e-02   -7.3519703706e-02    3.2898260041e+01    0.0000000000e+00    0.0000000000e+00    0.0000000000e+00    3.2920022527e+01    0.0000000000e+00    0.0000000000e+00    0.0000000000e+00    1.3989298172e+02
    1.1061718324e+03    1.1713243664e+03   -3.0697133276e+04   -1.7119286866e-01   -4.8874284717e-02   -1.3589530920e-01    3.4253064184e-02   -9.8818420108e-03   -2.6164006979e-02    3.2898260041e+01    0.0000000000e+00    0.0000000000e+00    0.0000000000e+00    3.2920022527e+01    0.0000000000e+00    0.0000000000e+00    0.0000000000e+00    1.4015679663e+02
    1.0905349080e+03    1.1547664412e+03   -3.0654116493e+04    9.2180283884e-02    6.2016927162e-02    7.3511520153e-02    8.7764732259e-02    6.2155586618e-02    3.8015080628e-02    3.2898260041e+01    0.0000000000e+00    0.0000000000e+00    0.0000000000e+00    3.2920022527e+01    0.0000000000e+00    0.0000000000e+00    0.0000000000e+00    1.4014426466e+02
    1.1034062588e+03    1.1683959030e+03   -3.0656570063e+04   -6.9916118150e-03    1.3527422420e-01    9.0635120704e-02    9.9615378947e-03    5.1844733952e-02    2.6614012472e-02    3.2898260041e+01    0.0000000000e+00    0.0000000000e+00    0.0000000000e+00    3.2920022527e+01    0.0000000000e+00    0.0000000000e+00    0.0000000000e+00    1.4007360262e+02
    1.0982419419e+03    1.1629274125e+03   -3.0676016037e+04    1.3045971467e-01    1.5651276440e-01    9.4628614455e-02    5.3590917178e-02   -2.7984297396e-02    3.7338228385e-02    3.2898260041e+01    0.0000000000e+00    0.0000000000e+00    0.0000000000e+00    3.2920022527e+01    0.0000000000e+00    0.0000000000e+00    0.0000000000e+00    1.3978784384e+02
    1.0769089784e+03    1.1403379565e+03   -3.0700789507e+04   -1.6746916491e-01   -2.3232207067e-01   -2.0769305544e-01   -4.2997426221e-02    2.1805863110e-02    4.1596111289e-02    3.2898260041e+01    0.0000000000e+00    0.0000000000e+00    0.0000000000e+00    3.2920022527e+01    0.0000000000e+00    0.0000000000e+00    0.0000000000e+00    1.4028342668e+02
    1.0951517535e+03    1.1596552147e+03   -3.0682629066e+04   -1.8116084562e-01   -6.6375793545e-02   -1.7021892795e-02   -9.6682801349e-02    3.4676311548e-02    5.5958251537e-02    3.2898260041e+01    0.0000000000e+00    0.0000000000e+00    0.0000000000e+00    3.2920022527e+01    0.0000000000e+00    0.0000000000e+00    0.0000000000e+00    1.4022567895e+02
    1.1050880947e+03    1.1701767976e+03   -3.0653881010e+04    8.8669649642e-02    1.5871583644e-01    1.0045495469e-01    8.4563694533e-02    3.3817307011e-02   -1.2609669950e-02    3.2898260041e+01    0.0000000000e+00    0.0000000000e+00    0.0000000000e+00    3.2920022527e+01    0.0000000000e+00    0.0000000000e+00    0.0000000000e+00    1.4000978000e+02
    1.1095625070e+03    1.1749147488e+03   -3.0679302629e+04   -1.1509320209e-01   -3.4545468406e-04    4.7315033877e-02    5.9168948697e-02    7.8208692629e-02    1.7922146279e-02    3.2898260041e+01    0.0000000000e+00    0.0000000000e+00    0.0000000000e+00    3.2920022527e+01    0.0000000000e+00    0.0000000000e+00    0.0000000000e+00    1.4012983936e+02
    1.1046625516e+03    1.1697261903e+03   -3.0671649889e+04    6.7893989252e-04   -1.2516756331e-01   -8.9517210261e-02    8.3455881403e-02   -6.8988499481e-02    1.3580789065e-02    3.2898260041e+01    0.0000000000e+00    0.0000000000e+00    0.0000000000e+00    3.2920022527e+01    0.0000000000e+00    0.0000000000e+00    0.0000000000e+00    1.4027610799e+02
    1.0980886095e+03    1.1627650489e+03   -3.0682469395e+04   -1.7502663676e-01   -1.3387230849e-01   -1.0592864059e-01    9.2933923588e-04   -7.6016678284e-02   -6.7944598920e-02    3.2898260041e+01    0.0000000000e+00    0.0000000000e+00    0.0000000000e+00    3.2920022527e+01    0.0000000000e+00    0.0000000000e+00    0.0000000000e+00    1.4033671565e+02
    1.0982719301e+03    1.1629591669e+03   -3.0643793869e+04   -9.0211552168e-04   -7.5415186272e-03   -6.3729630271e-02    3.6243495751e-02   -4.4628464130e-02    2.2867424875e-02    3.2898260041e+01    0.0000000000e+00    0.0000000000e+00    0.0000000000e+00    3.2920022527e+01    0.0000000000e+00    0.0000000000e+00    0.0000000000e+00    1.4045614170e+02
    1.1009224204e+03    1.1657657688e+03   -3.0677706333e+04   -1.7182796040e-01   -1.1093212453e-01   -2.5234092652e-01   -2.3775424609e-02    7.9474195415e-02   -1.1739336664e-02    3.2898260041e+01    0.0000000000e+00    0.0000000000e+00    0.0000000000e+00    3.2920022527e+01    0.0000000000e+00    0.0000000000e+00    0.0000000000e+00    1.4051860091e+02
    1.1173731016e+03    1.1831853804e+03   -3.0682392054e+04   -1.0451842179e-01    9.7892595173e-02    1.2605704974e-01   -1.6370291297e-02    4.5747760162e-04   -3.2188992627e-02    3.2898260041e+01    0.0000000000e+00    0.0000000000e+00    0.0000000000e+00    3.2920022527e+01    0.0000000000e+00    0.0000000000e+00    0.0000000000e+00    1.4003131230e+02
    1.1125160393e+03    1.1780422415e+03   -3.0672625175e+04    1.3323092895e-03   -4.6915288539e-03   -6.1584102896e-02   -5.5897920571e-02   -2.2999747259e-02   -3.7461753988e-03    3.2898260041e+01    0.0000000000e+00    0.0000000000e+00    0.0000000000e+00    3.2920022527e+01    0.0000000000e+00    0.0000000000e+00    0.0000000000e+00    1.4023295102e+02
    1.1014312784e+03    1.1663045981e+03   -3.0678798910e+04    1.1960050009e-01   -5.3141111262e-03    2.8836203022e-02    5.5141131486e-02    7.0491146121e-03   -1.0527299159e-01    3.2898260041e+01    0.0000000000e+00    0.0000000000e+00    0.0000000000e+00    3.2920022527e+01    0.0000000000e+00    0.0000000000e+00    0.0000000000e+00    1.3990532017e+02
    1.0804857292e+03    1.1441253747e+03   -3.0688791149e+04    1.6470365761e-01    9.7939151599e-02    6.9469608861e-02    6.8179095574e-02    2.0575016999e-02    7.5149640541e-03    3.2898260041e+01    0.0000000000e+00    0.0000000000e+00    0.0000000000e+00    3.2920022527e+01    0.0000000000e+00    0.0000000000e+00    0.0000000000e+00    1.3968811357e+02
    1.0961147956e+03    1.1606749792e+03   -3.0652807898e+04    3.9630494593e-02    9.0503515706e-02    6.9134576307e-02   -2.1649872502e-02   -4.6374948594e-02   -1.0617329150e-01    3.2898260041e+01    0.0000000000e+00    0.0000000000e+00    0.0000000000e+00    3.2920022527e+01    0.0000000000e+00    0.0000000000e+00    0.0000000000e+00    1.4016860326e+02
    1.1120660094e+03    1.1775657052e+03   -3.0684698618e+04    4.8411970374e-02    2.1294108974e-01    5.1491047877e-02   -9.0888749402e-03   -8.6027339345e-02    4.5080518557e-02    3.2898260041e+01    0.0000000000e+00    0.0000000000e+00    0.0000000000e+00    3.2920022527e+01    0.0000000000e+00    0.0000000000e+00    0.0000000000e+00    1.3983401443e+02
    1.1009983826e+03    1.1658462050e+03   -3.0671378487e+04   -9.0818836926e-02    5.9005650889e-02   -5.7556862404e-02   -7.3262644164e-02   -8.0176740115e-02    7.4717589429e-02    3.2898260041e+01    0.0000000000e+00    0.0000000000e+00    0.0000000000e+00    3.2920022527e+01    0.0000000000e+00    0.0000000000e+00    0.0000000000e+00    1.4016787576e+02
    1.1197837791e+03    1.1857380447e+03   -3.0674649500e+04   -2.5630610877e-01   -1.3441113874e-01   -4.4945741657e-02    6.0648640744e-02   -8.3003566471e-02    4.5438632964e-02    3.2898260041e+01    0.0000000000e+00    0.0000000000e+00    0.0000000000e+00    3.2920022527e+01    0.0000000000e+00    0.0000000000e+00    0.0000000000e+00    1.4045088903e+02
    1.1014887687e+03    1.1663654745e+03   -3.0651357065e+04   -4.4922778300e-02   -1.8105357533e-01   -9.4821088230e-02   -5.6216121415e-02   -6.4785103129e-02    2.3111058220e-02    3.2898260041e+01    0.0000000000e+00    0.0000000000e+00    0.0000000000e+00    3.2920022527e+01    0.0000000000e+00    0.0000000000e+00    0.0000000000e+00    1.4063581225e+02
    1.1105320349e+03    1.1759413810e+03   -3.0664375185e+04    2.8621974505e-02    4.5796861692e-02    1.9137864862e-02   -4.5356178319e-02   -2.7572883603e-02   -6.2974347002e-02    3.2898260041e+01    0.0000000000e+00    0.0000000000e+00    0.0000000000e+00    3.2920022527e+01    0.0000000000e+00    0.0000000000e+00    0.0000000000e+00    1.4013252030e+02
    1.1000889698e+03    1.1648832287e+03   -3.0663104582e+04   -2.1721788310e-02   -6.8954630245e-03    1.5510996148e-02   -6.8814171506e-02   -1.5473951722e-02    6.4562619469e-02    3.2898260041e+01    0.0000000000e+00    0.0000000000e+00    0.0000000000e+00    3.2920022527e+01    0.0000000000e+00    0.0000000000e+00    0.0000000000e+00    1.4023555546e+02
    1.1206967582e+03    1.1867047974e+03   -3.0682024767e+04   -7.8849936408e-02   -3.1282119670e-02   -1.2123661271e-03   -8.1062662566e-02   -3.8586516186e-02   -3.5586577782e-02    3.2898260041e+01    0.0000000000e+00    0.0000000000e+00    0.0000000000e+00    3.2920022527e+01    0.0000000000e+00    0.0000000000e+00    0.0000000000e+00    1.4015296602e+02
    1.0994056070e+03    1.1641596165e+03   -3.0684730951e+04    1.4047666265e-01   -2.0309803378e-02    1.8817949666e-01    9.1132005284e-03   -6.0853468703e-02    1.6357375215e-03    3.2898260041e+01    0.0000000000e+00    0.0000000000e+00    0.0000000000e+00    3.2920022527e+01    0.0000000000e+00    0.0000000000e+00    0.0000000000e+00    1.3971982159e+02
    1.0884750487e+03    1.1525852580e+03   -3.0683241905e+04    1.7381628345e-01    1.4734657381e-01    5.8474187411e-02    5.3813843242e-02   -2.0510668779e-02   -1.5903961158e-02    3.2898260041e+01    0.0000000000e+00    0.0000000000e+00    0.0000000000e+00    3.2920022527e+01    0.0000000000e+00    0.0000000000e+00    0.0000000000e+00    1.3975785508e+02
    1.1054452492e+03    1.1705549882e+03   -3.0679584509e+04    5.5581638737e-02    8.9823048528e-02    7.9743433232e-02    7.1537532933e-02    4.0689747921e-02   -6.6601776915e-02    3.2898260041e+01    0.0000000000e+00    0.0000000000e+00    0.0000000000e+00    3.2920022527e+01    0.0000000000e+00    0.0000000000e+00    0.0000000000e+00    1.3991390478e+02
    1.0861506241e+03    1.1501239268e+03   -3.0678296438e+04   -6.2168307864e-02    1.0011918720e-02   -5.3390066794e-02    3.1281664622e-02    9.7874818309e-03    6.9216908135e-03    3.2898260041e+01    0.0000000000e+00    0.0000000000e+00    0.0000000000e+00    3.2920022527e+01    0.0000000000e+00    0.0000000000e+00    0.0000000000e+00    1.4013646095e+02
    1.1241542090e+03    1.1903658890e+03   -3.0670302937e+04   -4.4027354089e-02   -3.2669405293e-02   -1.2336999798e-01   -5.2243189186e-02    4.6445132657e-02   -1.7962438214e-02    3.2898260041e+01    0.0000000000e+00    0.0000000000e+00    0.0000000000e+00    3.2920022527e+01    0.0000000000e+00    0.0000000000e+00    0.0000000000e+00    1.4036244904e+02
    1.1031745003e+03    1.1681504942e+03   -3.0673260416e+04   -3.0544501038e-02   -1.9211401109e-02    3.4029188748e-02    4.3621052946e-04    6.6155028441e-02   -1.0018624377e-01    3.2898260041e+01    0.0000000000e+00    0.0000000000e+00    0.0000000000e+00    3.2920022527e+01    0.0000000000e+00    0.0000000000e+00    0.0000000000e+00    1.4023624664e+02
    1.0778580428e+03    1.1413429199e+03   -3.0668115517e+04    9.2701169017e-02    6.4058662124e-02   -3.6938038249e-02    5.7409138585e-02   -2.1395868853e-02   -1.8557127381e-02    3.2898260041e+01    0.0000000000e+00    0.0000000000e+00    0.0000000000e+00    3.2920022527e+01    0.0000000000e+00    0.0000000000e+00    0.0000000000e+00    1.4005745320e+02
    1.0921768283e+03    1.1565050691e+03   -3.0694278685e+04    5.7841543813e-02   -1.2800901208e-02    4.0064062087e-02    1.6895703533e-02    1.0664777465e-02   -5.0616849960e-02    3.2898260041e+01    0.0000000000e+00    0.0000000000e+00    0.0000000000e+00    3.2920022527e+01    0.0000000000e+00    0.0000000000e+00    0.0000000000e+00    1.3984254862e+02
    1.1013003427e+03    1.1661659503e+03   -3.0676450350e+04    4.9414009088e-02   -5.0013797967e-02    7.7701522188e-02   -5.7049279930e-02    3.2986555140e-03   -8.8962881000e-02    3.2898260041e+01    0.0000000000e+00    0.0000000000e+00    0.0000000000e+00    3.2920022527e+01    0.0000000000e+00    0.0000000000e+00    0.0000000000e+00    1.4002926132e+02
    1.0738367163e+03    1.1370847409e+03   -3.0679166986e+04   -3.0107237392e-02    5.2962173635e-02   -1.0011213179e-01   -1.7176041077e-03    4.7579620515e-02   -4.0583537739e-02    3.2898260041e+01    0.0000000000e+00    0.0000000000e+00    0.0000000000e+00    3.2920022527e+01    0.0000000000e+00    0.0000000000e+00    0.0000000000e+00    1.4009588493e+02
    1.1038019905e+03    1.1688149430e+03   -3.0670972845e+04    1.9455428970e-02    7.4601387958e-02    2.1558003374e-03    4.7744331269e-02   -3.3104228278e-02    1.5719276522e-02    3.2898260041e+01    0.0000000000e+00    0.0000000000e+00    0.0000000000e+00    3.2920022527e+01    0.0000000000e+00    0.0000000000e+00    0.0000000000e+00    1.4010819081e+02
    1.0765142225e+03    1.1399199498e+03   -3.0679254471e+04   -1.5828364460e-01   -2.4126356312e-02    2.3835886385e-02    2.7345226415e-02    4.0738232320e-02   -7.4685525289e-03    3.2898260041e+01    0.0000000000e+00    0.0000000000e+00    0.0000000000e+00    3.2920022527e+01    0.0000000000e+00    0.0000000000e+00    0.0000000000e+00    1.4017314256e+02
    1.1007416528e+03    1.1655743541e+03   -3.0674245674e+04    6.2580218703e-02    3.1484489411e-02   -7.0768795738e-02   -4.6718414484e-02   -8.1076179123e-02    3.1352896100e-02    3.2898260041e+01    0.0000000000e+00    0.0000000000e+00    0.0000000000e+00    3.2920022527e+01    0.0000000000e+00    0.0000000000e+00    0.0000000000e+00    1.4008301522e+02
    1.0932933300e+03    1.1576873318e+03   -3.0660173286e+04    1.1389578693e-01    7.0708115349e-02    6.5960991160e-02   -2.5243777259e-02   -2.1471078327e-02    4.0137967017e-02    3.2898260041e+01    0.0000000000e+00    0.0000000000e+00    0.0000000000e+00    3.2920022527e+01    0.0000000000e+00    0.0000000000e+00    0.0000000000e+00    1.4009122220e+02
