# dump_thermo 1000
# format_version 1
# num_atoms 8192
# dt_output 2.0000000000e+03 fs
# columns T KE PE sxx syy szz syz sxz sxy ax ay az bx by bz cx cy cz
    6.5750262105e+02    6.9622893883e+02   -3.2225151730e+04    1.6392514269e-01    1.1574461933e-01    8.1364550708e-02   -1.1490430392e-02    5.0295732437e-03    3.5360369640e-02    3.2342859973e+01    0.0000000000e+00    0.0000000000e+00    0.0000000000e+00    3.2366986768e+01    0.0000000000e+00    0.0000000000e+00    0.0000000000e+00    1.2946561819e+02
    8.0012326584e+02    8.4724981236e+02   -3.2025975134e+04    2.7209293914e-02   -3.9477179407e-02   -2.2366395759e-02   -3.0171140760e-03    2.2216991334e-02    3.4572918799e-02    3.2476807883e+01    0.0000000000e+00    0.0000000000e+00    0.0000000000e+00    3.2506720668e+01    0.0000000000e+00    0.0000000000e+00    0.0000000000e+00    1.3017505463e+02
    8.8791730343e+02    9.4021484044e+02   -3.1870322878e+04   -9.3812626564e-02   -3.9642436573e-02   -3.7755340998e-02    4.3542676687e-02    4.9692408365e-03   -5.4111789861e-02    3.2645996445e+01    0.0000000000e+00    0.0000000000e+00    0.0000000000e+00    3.2634043009e+01    0.0000000000e+00    0.0000000000e+00    0.0000000000e+00    1.3034952587e+02
    9.3703978965e+02    9.9223059727e+02   -3.1791974459e+04    6.1031360249e-02    8.1133444496e-02    1.1850971488e-01   -3.9077439597e-02    9.3462865168e-04   -2.6708429404e-02    3.2673987962e+01    0.0000000000e+00    0.0000000000e+00    0.0000000000e+00    3.2653362077e+01    0.0000000000e+00    0.0000000000e+00    0.0000000000e+00    1.3056374088e+02
    9.2123996839e+02    9.7550018064e+02   -3.1790186268e+04   -2.9287327236e-01   -8.0469711000e-02   -1.2661978036e-01   -2.0312255000e-02    3.2050223351e-02    1.7483752861e-02    3.2798071255e+01    0.0000000000e+00    0.0000000000e+00    0.0000000000e+00    3.2600107264e+01    0.0000000000e+00    0.0000000000e+00    0.0000000000e+00    1.3077765597e+02
# dump_thermo 1000
# format_version 1
# num_atoms 8192
# dt_output 2.0000000000e+03 fs
# columns T KE PE sxx syy szz syz sxz sxy ax ay az bx by bz cx cy cz
    1.6146596766e+03    8.5488084550e+02   -3.1143681120e+04    2.5514771859e+00    2.6789284846e+00    2.6923407427e+00   -4.2740726036e-02   -1.5335618186e-02    7.9580765958e-02    3.2798071255e+01    0.0000000000e+00    0.0000000000e+00    0.0000000000e+00    3.2600107264e+01    0.0000000000e+00    0.0000000000e+00    0.0000000000e+00    1.3077765597e+02
    1.6940305349e+03    8.9690371104e+02   -3.1063711802e+04    2.8876590643e+00    3.1811846535e+00    3.1014956697e+00    5.6581787079e-02    2.0276217653e-02   -1.1730776738e-01    3.2798071255e+01    0.0000000000e+00    0.0000000000e+00    0.0000000000e+00    3.2600107264e+01    0.0000000000e+00    0.0000000000e+00    0.0000000000e+00    1.3077765597e+02
    1.6817770286e+03    8.9041609760e+02   -3.1069783224e+04    2.9847539844e+00    3.1151300950e+00    2.9173467649e+00    1.1315845509e-01    9.5433515382e-02    3.5941650985e-02    3.2798071255e+01    0.0000000000e+00    0.0000000000e+00    0.0000000000e+00    3.2600107264e+01    0.0000000000e+00    0.0000000000e+00    0.0000000000e+00    1.3077765597e+02
    1.7340597259e+03    9.1809714836e+02   -3.1037780624e+04    3.1652146331e+00    3.2267855842e+00    3.1473678518e+00    3.3637636934e-02    1.3392919683e-01    1.2548053426e-01    3.2798071255e+01    0.0000000000e+00    0.0000000000e+00    0.0000000000e+00    3.2600107264e+01    0.0000000000e+00    0.0000000000e+00    0.0000000000e+00    1.3077765597e+02
    1.6940116662e+03    8.9689372100e+02   -3.1033733368e+04    3.0024970994e+00    3.2207515107e+00    3.3276285448e+00   -5.2153075493e-02    9.0912523967e-02   -6.0860953756e-02    3.2798071255e+01    0.0000000000e+00    0.0000000000e+00    0.0000000000e+00    3.2600107264e+01    0.0000000000e+00    0.0000000000e+00    0.0000000000e+00    1.3077765597e+02
# dump_thermo 1000
# format_version 1
# num_atoms 8192
# dt_output 2.0000000000e+03 fs
# columns T KE PE sxx syy szz syz sxz sxy ax ay az bx by bz cx cy cz
    9.6145037816e+02    5.0903947384e+02   -3.1471807369e+04    9.3875794716e-01    1.0994268621e+00    1.1119501643e+00   -8.5548930639e-02   -2.6805808995e-02   -3.2250090733e-02    3.2798071255e+01    0.0000000000e+00    0.0000000000e+00    0.0000000000e+00    3.2600107264e+01    0.0000000000e+00    0.0000000000e+00    0.0000000000e+00    1.3077765597e+02
    9.4244721318e+02    4.9897825661e+02   -3.1490310322e+04    9.0288333033e-01    9.8538481450e-01    1.0284699749e+00   -1.3702897666e-02    7.5649520735e-02   -6.1234083436e-03    3.2798071255e+01    0.0000000000e+00    0.0000000000e+00    0.0000000000e+00    3.2600107264e+01    0.0000000000e+00    0.0000000000e+00    0.0000000000e+00    1.3077765597e+02
    9.4261788518e+02    4.9906861882e+02   -3.1512582464e+04    8.1701046422e-01    9.0142339722e-01    8.8791792157e-01   -3.7129367514e-02   -7.7755075019e-03    5.2865196435e-02    3.2798071255e+01    0.0000000000e+00    0.0000000000e+00    0.0000000000e+00    3.2600107264e+01    0.0000000000e+00    0.0000000000e+00    0.0000000000e+00    1.3077765597e+02
    9.4076630946e+02    4.9808830288e+02   -3.1527900269e+04    7.1442868655e-01    8.3765912135e-01    8.7599761379e-01   -4.4709481794e-02   -2.5198018086e-02   -2.2472388736e-02    3.2798071255e+01    0.0000000000e+00    0.0000000000e+00    0.0000000000e+00    3.2600107264e+01    0.0000000000e+00    0.0000000000e+00    0.0000000000e+00    1.3077765597e+02
    9.5941526999e+02    5.0796198672e+02   -3.1543357672e+04    5.9480771705e-01    7.7415604348e-01    7.5350014397e-01    3.3358902275e-02   -1.1523116061e-02   -4.4372581625e-02    3.2798071255e+01    0.0000000000e+00    0.0000000000e+00    0.0000000000e+00    3.2600107264e+01    0.0000000000e+00    0.0000000000e+00    0.0000000000e+00    1.3077765597e+02
# dump_thermo 1000
# format_version 1
# num_atoms 8192
# dt_output 2.0000000000e+03 fs
# columns T KE PE sxx syy szz syz sxz sxy ax ay az bx by bz cx cy cz
    8.7520910099e+02    9.2675813622e+02   -3.1582659077e+04   -4.1471922429e-01   -3.5753034767e-01   -1.2115003093e-01    1.0966532744e-01    5.9634413643e-02   -2.2528057120e-03    3.2798071255e+01    0.0000000000e+00    0.0000000000e+00    0.0000000000e+00    3.2600107264e+01    0.0000000000e+00    0.0000000000e+00    0.0000000000e+00    1.3343707166e+02
    9.1340291021e+02    9.6720152672e+02   -3.1437659910e+04   -4.8213649837e-01   -4.2394336317e-01   -1.1839927168e-01    5.0009402506e-02   -7.8405607202e-03    1.0789386998e-02    3.2798071255e+01    0.0000000000e+00    0.0000000000e+00    0.0000000000e+00    3.2600107264e+01    0.0000000000e+00    0.0000000000e+00    0.0000000000e+00    1.3511775597e+02
# dump_thermo 1000
# format_version 1
# num_atoms 8192
# dt_output 2.0000000000e+03 fs
# columns T KE PE sxx syy szz syz sxz sxy ax ay az bx by bz cx cy cz
    9.4510172190e+02    1.0007673701e+03   -3.1389543549e+04   -2.0599309646e-01   -2.5094374464e-01    4.8375505431e-02    6.1982816640e-04    3.5497957288e-02    1.7020332570e-02    3.2798071255e+01    0.0000000000e+00    0.0000000000e+00    0.0000000000e+00    3.2600107264e+01    0.0000000000e+00    0.0000000000e+00    0.0000000000e+00    1.3504441212e+02
    9.2288834237e+02    9.7724564237e+02   -3.1408357777e+04   -2.0418950858e-01   -9.3825361001e-02   -6.6232876565e-02   -2.3701810285e-02    1.1952531969e-02    5.2215837432e-02    3.2798071255e+01    0.0000000000e+00    0.0000000000e+00    0.0000000000e+00    3.2600107264e+01    0.0000000000e+00    0.0000000000e+00    0.0000000000e+00    1.3469766912e+02
    9.3626175901e+02    9.9140674132e+02   -3.1435053818e+04    3.2575502484e-02    1.0362989089e-02    6.2983233493e-02    1.5105303083e-02   -7.4863370004e-02   -3.4237294330e-02    3.2798071255e+01    0.0000000000e+00    0.0000000000e+00    0.0000000000e+00    3.2600107264e+01    0.0000000000e+00    0.0000000000e+00    0.0000000000e+00    1.3400593213e+02
    9.3848345152e+02    9.9375928953e+02   -3.1401031797e+04   -6.2567523538e-02   -1.2589803056e-01   -5.7791810311e-02   -1.8675797723e-02   -8.1370453886e-02   -6.2997125581e-02    3.2798071255e+01    0.0000000000e+00    0.0000000000e+00    0.0000000000e+00    3.2600107264e+01    0.0000000000e+00    0.0000000000e+00    0.0000000000e+00    1.3458358330e+02
    9.4471728550e+02    1.0003602908e+03   -3.1402990593e+04   -2.3159121930e-01   -8.6458519831e-02   -1.2889100160e-01   -6.8362630228e-03    3.7859910842e-02    1.0312073232e-02    3.2798071255e+01    0.0000000000e+00    0.0000000000e+00    0.0000000000e+00    3.2600107264e+01    0.0000000000e+00    0.0000000000e+00    0.0000000000e+00    1.3476463045e+02
    9.3494695200e+02    9.9001449336e+02   -3.1397626125e+04   -1.2659750365e-01   -6.4791649059e-02   -1.1016625242e-01    3.4200501031e-02   -8.0664886709e-02    8.8202261701e-03    3.2798071255e+01    0.0000000000e+00    0.0000000000e+00    0.0000000000e+00    3.2600107264e+01    0.0000000000e+00    0.0000000000e+00    0.0000000000e+00    1.3464794295e+02
    9.4855106753e+02    1.0044198792e+03   -3.1407113945e+04    9.3477024205e-02    1.7187129488e-01    2.2185421913e-01   -7.4995089612e-02   -4.2800893698e-02   -1.6009808382e-02    3.2798071255e+01    0.0000000000e+00    0.0000000000e+00    0.0000000000e+00    3.2600107264e+01    0.0000000000e+00    0.0000000000e+00    0.0000000000e+00    1.3406051465e+02
    9.4797371750e+02    1.0038085237e+03   -3.1397549625e+04   -1.1753208592e-01    8.8043339850e-02    4.4674619200e-02   -9.4341346117e-02    2.4078250908e-02    5.9857749494e-02    3.2798071255e+01    0.0000000000e+00    0.0000000000e+00    0.0000000000e+00    3.2600107264e+01    0.0000000000e+00    0.0000000000e+00    0.0000000000e+00    1.3441550223e+02
    9.3770040497e+02    9.9293012225e+02   -3.1369183865e+04   -1.6334644757e-01    1.5246768567e-02   -4.8682763518e-02   -1.5958813269e-02    5.8656604655e-03    1.9384523570e-02    3.2798071255e+01    0.0000000000e+00    0.0000000000e+00    0.0000000000e+00    3.2600107264e+01    0.0000000000e+00    0.0000000000e+00    0.0000000000e+00    1.3484111249e+02
    9.4265883325e+02    9.9818059753e+02   -3.1385224800e+04   -2.1804034359e-01   -4.4188305533e-02   -9.9949876356e-02    3.9183332034e-02   -5.6848222513e-02    9.9779482563e-03    3.2798071255e+01    0.0000000000e+00    0.0000000000e+00    0.0000000000e+00    3.2600107264e+01    0.0000000000e+00    0.0000000000e+00    0.0000000000e+00    1.3480979645e+02
    9.3870617482e+02    9.9399513104e+02   -3.1375694233e+04   -1.2965610846e-01   -4.5614113703e-02   -2.5929249373e-02   -1.1279767783e-02    1.0110518169e-01    4.6292156007e-03    3.2798071255e+01    0.0000000000e+00    0.0000000000e+00    0.0000000000e+00    3.2600107264e+01    0.0000000000e+00    0.0000000000e+00    0.0000000000e+00    1.3474756029e+02
    9.4142818978e+02    9.9687747026e+02   -3.1371745426e+04    1.8603397221e-01    1.7679612042e-01    4.6689372945e-02   -3.7233230077e-02   -1.2206354685e-02   -5.8290113124e-03    3.2798071255e+01    0.0000000000e+00    0.0000000000e+00    0.0000000000e+00    3.2600107264e+01    0.0000000000e+00    0.0000000000e+00    0.0000000000e+00    1.3436153509e+02
    9.3499114838e+02    9.9006129285e+02   -3.1352162743e+04   -1.7785234557e-01    6.5701530879e-02    6.0832657502e-02   -1.0250067310e-02   -3.7730950513e-02   -2.3089597619e-02    3.2798071255e+01    0.0000000000e+00    0.0000000000e+00    0.0000000000e+00    3.2600107264e+01    0.0000000000e+00    0.0000000000e+00    0.0000000000e+00    1.3489354413e+02
    9.3385001083e+02    9.8885294333e+02   -3.1376385992e+04   -2.9504290213e-03    1.4283397660e-01    1.0165943394e-01    8.2539971510e-02    1.5036011846e-02   -6.0852068315e-02    3.2798071255e+01    0.0000000000e+00    0.0000000000e+00    0.0000000000e+00    3.2600107264e+01    0.0000000000e+00    0.0000000000e+00    0.0000000000e+00    1.3448355515e+02
    9.3440340952e+02    9.8943893670e+02   -3.1364761894e+04   -1.2477330390e-02    1.3909877099e-01   -5.0375476618e-03   -8.5678869347e-02    4.5116227878e-02   -1.0541814789e-02    3.2798071255e+01    0.0000000000e+00    0.0000000000e+00    0.0000000000e+00    3.2600107264e+01    0.0000000000e+00    0.0000000000e+00    0.0000000000e+00    1.3470658907e+02
    9.3974335418e+02    9.9509339934e+02   -3.1360367960e+04   -7.4751429833e-02   -6.6742068262e-03    1.4080603894e-02   -7.9992071348e-05   -7.1063426940e-02   -2.3290013252e-02    3.2798071255e+01    0.0000000000e+00    0.0000000000e+00    0.0000000000e+00    3.2600107264e+01    0.0000000000e+00    0.0000000000e+00    0.0000000000e+00    1.3484190185e+02
    9.3370989529e+02    9.8870457511e+02   -3.1328945837e+04   -9.7622760350e-02   -3.9726199567e-02   -3.7719131502e-02    1.0063302296e-01    5.4678689501e-02   -1.4965767144e-02    3.2798071255e+01    0.0000000000e+00    0.0000000000e+00    0.0000000000e+00    3.2600107264e+01    0.0000000000e+00    0.0000000000e+00    0.0000000000e+00    1.3521800623e+02
    9.4161437949e+02    9.9707462637e+02   -3.1328705711e+04    7.2566026057e-02    7.9458487201e-03   -6.1620535808e-04   -8.1431612543e-02    1.4677239248e-02    4.9905246209e-02    3.2798071255e+01    0.0000000000e+00    0.0000000000e+00    0.0000000000e+00    3.2600107264e+01    0.0000000000e+00    0.0000000000e+00    0.0000000000e+00    1.3507196751e+02
    9.3396255942e+02    9.8897212093e+02   -3.1311054426e+04   -1.4189966596e-01    4.9950041760e-02    7.3418276370e-02    1.0176166205e-01   -2.5791262858e-02    2.7933202944e-02    3.2798071255e+01    0.0000000000e+00    0.0000000000e+00    0.0000000000e+00    3.2600107264e+01    0.0000000000e+00    0.0000000000e+00    0.0000000000e+00    1.3530984217e+02
    9.3388730291e+02    9.8889243187e+02   -3.1322218845e+04    5.7167257128e-02    5.1350159829e-02    1.3081434058e-01   -8.9304104531e-04   -4.1302716160e-02   -4.7204033140e-02    3.2798071255e+01    0.0000000000e+00    0.0000000000e+00    0.0000000000e+00    3.2600107264e+01    0.0000000000e+00    0.0000000000e+00    0.0000000000e+00    1.3503299933e+02
    9.4169735148e+02    9.9716248534e+02   -3.1324426779e+04   -1.3880867885e-01   -6.1867834187e-02    2.3925102299e-03   -3.1565197905e-03   -9.8729941334e-02   -1.8587863276e-02    3.2798071255e+01    0.0000000000e+00    0.0000000000e+00    0.0000000000e+00    3.2600107264e+01    0.0000000000e+00    0.0000000000e+00    0.0000000000e+00    1.3528954165e+02
    9.3468290910e+02    9.8973489856e+02   -3.1314038588e+04   -4.3612692479e-02   -5.7673965855e-02    4.9964165635e-03    1.2744358225e-01   -8.0825419928e-02   -1.8433506900e-02    3.2798071255e+01    0.0000000000e+00    0.0000000000e+00    0.0000000000e+00    3.2600107264e+01    0.0000000000e+00    0.0000000000e+00    0.0000000000e+00    1.3530270923e+02
    9.2932884397e+02    9.8406548377e+02   -3.1312931255e+04   -1.5849866080e-01   -1.2347002082e-01   -9.5614979855e-02   -6.9532136524e-02    1.2173823832e-02    4.2491004076e-02    3.2798071255e+01    0.0000000000e+00    0.0000000000e+00    0.0000000000e+00    3.2600107264e+01    0.0000000000e+00    0.0000000000e+00    0.0000000000e+00    1.3548180256e+02
    9.5294894529e+02    1.0090767880e+03   -3.1324817432e+04   -3.0041984519e-02    1.8430184044e-01   -2.3237579954e-02   -9.8831773095e-03    2.6583787524e-02    1.0202299358e-01    3.2798071255e+01    0.0000000000e+00    0.0000000000e+00    0.0000000000e+00    3.2600107264e+01    0.0000000000e+00    0.0000000000e+00    0.0000000000e+00    1.3509411345e+02
    9.4685032303e+02    1.0026189623e+03   -3.1292933737e+04   -4.1761350538e-02    7.5490543303e-02    9.3219245635e-02    5.5761154903e-02   -3.9816068750e-02    6.5113168641e-03    3.2798071255e+01    0.0000000000e+00    0.0000000000e+00    0.0000000000e+00    3.2600107264e+01    0.0000000000e+00    0.0000000000e+00    0.0000000000e+00    1.3540719379e+02
    9.4647984029e+02    1.0022266585e+03   -3.1280505283e+04    6.9880403634e-03    1.7179138861e-01    8.1539673789e-02   -3.7913986326e-02    5.0169823009e-02   -1.8140828777e-02    3.2798071255e+01    0.0000000000e+00    0.0000000000e+00    0.0000000000e+00    3.2600107264e+01    0.0000000000e+00    0.0000000000e+00    0.0000000000e+00    1.3540331029e+02
    9.5135225143e+02    1.0073860503e+03   -3.1295904884e+04   -4.2562128016e-02    4.2270838953e-02   -9.3269612588e-02   -2.0152114612e-02   -6.4750421813e-02    3.3738524863e-02    3.2798071255e+01    0.0000000000e+00    0.0000000000e+00    0.0000000000e+00    3.2600107264e+01    0.0000000000e+00    0.0000000000e+00    0.0000000000e+00    1.3555576520e+02
    9.1970406328e+02    9.7387381209e+02   -3.1279610550e+04   -1.3469197989e-01   -1.3865428494e-01   -5.6501321797e-02    4.1155849266e-03    1.3450794829e-02   -1.0400368949e-02    3.2798071255e+01    0.0000000000e+00    0.0000000000e+00    0.0000000000e+00    3.2600107264e+01    0.0000000000e+00    0.0000000000e+00    0.0000000000e+00    1.3580892876e+02
    9.3966265897e+02    9.9500795125e+02   -3.1280498936e+04   -5.6159815656e-04    2.4599577217e-02    9.6625605025e-02    1.8376805665e-03   -7.3875314899e-02    2.2339419700e-02    3.2798071255e+01    0.0000000000e+00    0.0000000000e+00    0.0000000000e+00    3.2600107264e+01    0.0000000000e+00    0.0000000000e+00    0.0000000000e+00    1.3553336937e+02
    9.4101904560e+02    9.9644422785e+02   -3.1272388496e+04   -9.8603453579e-02   -2.3534290512e-02    5.5573737153e-02    2.9390664060e-02    1.8390385437e-02    6.6548761910e-03    3.2798071255e+01    0.0000000000e+00    0.0000000000e+00    0.0000000000e+00    3.2600107264e+01    0.0000000000e+00    0.0000000000e+00    0.0000000000e+00    1.3575972130e+02
    9.4868764178e+02    1.0045644975e+03   -3.1253875051e+04   -3.1503769040e-01   -2.2516460460e-01   -1.5520513897e-01   -1.4119504946e-02   -1.1962514370e-02   -8.1031171035e-02    3.2798071255e+01    0.0000000000e+00    0.0000000000e+00    0.0000000000e+00    3.2600107264e+01    0.0000000000e+00    0.0000000000e+00    0.0000000000e+00    1.3636720961e+02
    9.4942986186e+02    1.0053504337e+03   -3.1256812498e+04   -3.0037000092e-02   -3.9973367120e-02    4.3228614984e-02   -1.5621109196e-02   -3.0621545452e-02   -1.5080920563e-02    3.2798071255e+01    0.0000000000e+00    0.0000000000e+00    0.0000000000e+00    3.2600107264e+01    0.0000000000e+00    0.0000000000e+00    0.0000000000e+00    1.3584803371e+02
    9.4885782259e+02    1.0047447018e+03   -3.1243408398e+04   -1.0602272195e-01   -6.2609659859e-02    4.4224747226e-02   -2.1047681955e-02    5.3477135679e-02   -1.4627104853e-02    3.2798071255e+01    0.0000000000e+00    0.0000000000e+00    0.0000000000e+00    3.2600107264e+01    0.0000000000e+00    0.0000000000e+00    0.0000000000e+00    1.3606279560e+02
    9.4878773566e+02    1.0046704868e+03   -3.1233841734e+04    7.1297528032e-02    2.1470598119e-01    1.5292121663e-01   -6.9663990610e-03   -5.1423407241e-02   -2.7588037255e-02    3.2798071255e+01    0.0000000000e+00    0.0000000000e+00    0.0000000000e+00    3.2600107264e+01    0.0000000000e+00    0.0000000000e+00    0.0000000000e+00    1.3576907770e+02
    9.2507795556e+02    9.7956422182e+02   -3.1235243238e+04   -9.2351473719e-02    8.9837489275e-02   -9.0986425761e-02    1.1675989541e-02   -5.0327858749e-02   -6.2315348860e-02    3.2798071255e+01    0.0000000000e+00    0.0000000000e+00    0.0000000000e+00    3.2600107264e+01    0.0000000000e+00    0.0000000000e+00    0.0000000000e+00    1.3605092445e+02
    9.3251931337e+02    9.8744386897e+02   -3.1239338976e+04   -1.2203594183e-01   -1.0579893611e-01   -2.1490273109e-01    4.3002209922e-02   -3.8677615682e-02   -3.9067249714e-03    3.2798071255e+01    0.0000000000e+00    0.0000000000e+00    0.0000000000e+00    3.2600107264e+01    0.0000000000e+00    0.0000000000e+00    0.0000000000e+00    1.3620930540e+02
    9.3836739589e+02    9.9363639833e+02   -3.1222875509e+04   -8.2810619788e-02   -6.7714321952e-02   -9.0067865514e-02    7.7052194029e-02    9.5590078823e-03   -8.4713310223e-03    3.2798071255e+01    0.0000000000e+00    0.0000000000e+00    0.0000000000e+00    3.2600107264e+01    0.0000000000e+00    0.0000000000e+00    0.0000000000e+00    1.3639679631e+02
    9.4156102933e+02    9.9701813393e+02   -3.1249349197e+04   -2.2456531565e-01   -7.1115937853e-02   -4.8911990633e-02    3.2753726178e-02   -2.5258363393e-02   -6.1358464600e-02    3.2798071255e+01    0.0000000000e+00    0.0000000000e+00    0.0000000000e+00    3.2600107264e+01    0.0000000000e+00    0.0000000000e+00    0.0000000000e+00    1.3620859677e+02
    9.3080073158e+02    9.8562406425e+02   -3.1224771809e+04    2.6495713666e-02   -5.5101593009e-02   -6.3922429015e-02    3.4238787897e-02    1.5268018177e-02    2.1461318596e-02    3.2798071255e+01    0.0000000000e+00    0.0000000000e+00    0.0000000000e+00    3.2600107264e+01    0.0000000000e+00    0.0000000000e+00    0.0000000000e+00    1.3618411600e+02
    9.3708739484e+02    9.9228100636e+02   -3.1198408850e+04   -7.6107239179e-02   -4.3180061900e-02   -7.0434273556e-02    4.3934901365e-02    5.3132406667e-02    2.8889495683e-02    3.2798071255e+01    0.0000000000e+00    0.0000000000e+00    0.0000000000e+00    3.2600107264e+01    0.0000000000e+00    0.0000000000e+00    0.0000000000e+00    1.3655909207e+02
    9.4871116227e+02    1.0045894033e+03   -3.1211328526e+04   -6.3987537931e-02    6.8063464032e-02    6.7973902712e-02   -1.3482862928e-02   -8.3520397241e-02   -6.0848800632e-02    3.2798071255e+01    0.0000000000e+00    0.0000000000e+00    0.0000000000e+00    3.2600107264e+01    0.0000000000e+00    0.0000000000e+00    0.0000000000e+00    1.3624577009e+02
    9.5165247850e+02    1.0077039605e+03   -3.1226838467e+04    2.4290331974e-02    1.5827609519e-01    4.4692879447e-02    9.6855359666e-02    2.3820408047e-03    5.5457714058e-03    3.2798071255e+01    0.0000000000e+00    0.0000000000e+00    0.0000000000e+00    3.2600107264e+01    0.0000000000e+00    0.0000000000e+00    0.0000000000e+00    1.3605017098e+02
    9.4191402414e+02    9.9739191982e+02   -3.1213203484e+04   -5.9002892307e-03    9.2548888879e-02    8.2196553441e-02   -3.7943658062e-02   -4.3018004472e-02    6.7859160616e-02    3.2798071255e+01    0.0000000000e+00    0.0000000000e+00    0.0000000000e+00    3.2600107264e+01    0.0000000000e+00    0.0000000000e+00    0.0000000000e+00    1.3616521504e+02
    9.4956219853e+02    1.0054905649e+03   -3.1208760624e+04   -1.6148793024e-01   -1.3932230664e-01   -8.8683492522e-02    5.0230465589e-02    4.9378992884e-02   -1.0894616039e-01    3.2798071255e+01    0.0000000000e+00    0.0000000000e+00    0.0000000000e+00    3.2600107264e+01    0.0000000000e+00    0.0000000000e+00    0.0000000000e+00    1.3660416655e+02
    9.4344643772e+02    9.9901459120e+02   -3.1178673042e+04   -3.6453732516e-02   -9.8068803022e-02    4.2715376913e-02    2.6269775349e-03   -5.5233999033e-02    5.2185461503e-02    3.2798071255e+01    0.0000000000e+00    0.0000000000e+00    0.0000000000e+00    3.2600107264e+01    0.0000000000e+00    0.0000000000e+00    0.0000000000e+00    1.3661062372e+02
    9.4890070327e+02    1.0047901081e+03   -3.1205774887e+04    1.1932486192e-01    3.3634556542e-02    4.0911260691e-02   -4.6909555552e-02    6.9226418479e-02    4.2838580689e-03    3.2798071255e+01    0.0000000000e+00    0.0000000000e+00    0.0000000000e+00    3.2600107264e+01    0.0000000000e+00    0.0000000000e+00    0.0000000000e+00    1.3626630025e+02
    9.4982468393e+02    1.0057685104e+03   -3.1173429834e+04    4.4145347960e-03   -5.8762360098e-02    4.5669746047e-02   -5.5017330852e-02    1.2731568726e-02   -1.2512144548e-01    3.2798071255e+01    0.0000000000e+00    0.0000000000e+00    0.0000000000e+00    3.2600107264e+01    0.0000000000e+00    0.0000000000e+00    0.0000000000e+00    1.3667748759e+02
    9.2849148041e+02    9.8317880024e+02   -3.1183092094e+04   -1.0102244957e-01   -5.6430692065e-02   -7.2452513192e-02    2.9925851792e-02    5.8650669919e-03   -3.2856159588e-04    3.2798071255e+01    0.0000000000e+00    0.0000000000e+00    0.0000000000e+00    3.2600107264e+01    0.0000000000e+00    0.0000000000e+00    0.0000000000e+00    1.3671070058e+02
    9.3279909356e+02    9.8774012797e+02   -3.1161744629e+04   -3.1659156888e-02   -6.1644950106e-02   -3.8002881263e-02   -2.2536637028e-02   -1.5817613209e-02    7.0431370703e-02    3.2798071255e+01    0.0000000000e+00    0.0000000000e+00    0.0000000000e+00    3.2600107264e+01    0.0000000000e+00    0.0000000000e+00    0.0000000000e+00    1.3688187901e+02
    9.3176152884e+02    9.8664145161e+02   -3.1137307911e+04   -5.4972867116e-02    2.3600911664e-02    2.0846728827e-02   -7.4734789376e-02    2.2934170586e-02   -6.4459155783e-02    3.2798071255e+01    0.0000000000e+00    0.0000000000e+00    0.0000000000e+00    3.2600107264e+01    0.0000000000e+00    0.0000000000e+00    0.0000000000e+00    1.3702879663e+02
