
***************************************************************
*                 Welcome to use GPUMD                        *
*     (Graphics Processing Units Molecular Dynamics)          *
*                     version 5.9                             *
*              This is the gpumd executable                   *
***************************************************************


---------------------------------------------------------------
Compiling options:
---------------------------------------------------------------

DEBUG is off: Use different PRNG seeds for different runs.

---------------------------------------------------------------
GPU information:
---------------------------------------------------------------

number of GPUs = 1
Device id:                   0
    Device name:             NVIDIA GeForce RTX 4050 Laptop GPU
    Compute capability:      8.9
    Amount of global memory: 5.99658 GB
    Number of SMs:           20

---------------------------------------------------------------
Started running GPUMD.
---------------------------------------------------------------


---------------------------------------------------------------
Started initializing positions and related parameters.
---------------------------------------------------------------

Number of atoms is 36000.
Use periodic boundary conditions along x.
Use periodic boundary conditions along y.
Use periodic boundary conditions along z.
Box matrix h = [a, b, c] is
    2.3939400000e+02    0.0000000000e+00    0.0000000000e+00
    0.0000000000e+00    1.9949500000e+01    0.0000000000e+00
    0.0000000000e+00    0.0000000000e+00    1.1969700000e+02
Inverse box matrix g = inv(h) is
    4.1772141324e-03    0.0000000000e+00    0.0000000000e+00
    0.0000000000e+00    5.0126569588e-02    0.0000000000e+00
    0.0000000000e+00    0.0000000000e+00    8.3544282647e-03
Do not specify initial velocities here.
Have 1 grouping method(s).
Active atom types for this simulation:
    type 0 = Al.
    Atom type indices in run.in refer to the active atom types above.
There are 2 groups of atoms in grouping method 0.
    18600 atoms in group 0.
    17400 atoms in group 1.
There is only one atom type.
    36000 atoms of type 0.
Initialized velocities with default T = 300 K.

---------------------------------------------------------------
Finished initializing positions and related parameters.
---------------------------------------------------------------


---------------------------------------------------------------
Started executing the commands in run.in.
---------------------------------------------------------------

Use the NEP4 potential with 1 atom type.
    type 0 (Al with Z = 13).
    has the universal ZBL with inner cutoff 1 A and outer cutoff 2 A.
    radial cutoff = 6 A.
    angular cutoff = 5 A.
    MN_radial = 274.
    enlarged MN_radial = 343.
    enlarged MN_angular = 198.
    n_max_radial = 4.
    n_max_angular = 4.
    basis_size_radial = 8.
    basis_size_angular = 8.
    l_max_3body = 4.
    has_q_222 = 2.
    has_q_1111 = 1.
    has_q_112 = 0.
    has_q_123 = 0.
    has_q_233 = 0.
    has_q_134 = 0.
    ANN = 35-80-1.
    number of neural network parameters = 2961.
    number of descriptor parameters = 90.
    total number of parameters = 3051.
Initialized velocities with input T = 919 K.
Time step for this run is 2 fs.
Use Nose-Hoover thermostat and Parrinello-Rahman barostat.
Use NPT ensemble for this run.
Thermostat: t_start is 919.000000, t_stop is 919.000000, t_period is 100.000000 timesteps
xx : p_start is 0.000000, p_stop is 0.000000, p_period is 1000.000000 timesteps
xy will not be changed.
xz will not be changed.
yx will not be changed.
yy : p_start is 0.000000, p_stop is 0.000000, p_period is 1000.000000 timesteps
yz will not be changed.
zx will not be changed.
zy will not be changed.
zz : p_start is 0.000000, p_stop is 0.000000, p_period is 1000.000000 timesteps
Dump thermo every 1000 steps.
Run 10000 steps.
MTTK initializing...
    1000 steps completed.
    2000 steps completed.
    3000 steps completed.
    4000 steps completed.
    5000 steps completed.
    6000 steps completed.
    7000 steps completed.
    8000 steps completed.
    9000 steps completed.
    10000 steps completed.

---------------------------------------------------------------
Time used for this run = 173.014 second.
Speed of this run = 2.08076e+06 atom*step/second.
---------------------------------------------------------------

Group 0 in grouping method 0 will be fixed.
Use NVT ensemble for this run.
    choose the Bussi-Donadio-Parrinello method.
    initial temperature is 1500 K.
    final temperature is 1500 K.
    tau_T is 100 time_step.
Dump thermo every 1000 steps.
Run 10000 steps.
    1000 steps completed.
    2000 steps completed.
    3000 steps completed.
    4000 steps completed.
    5000 steps completed.
    6000 steps completed.
    7000 steps completed.
    8000 steps completed.
    9000 steps completed.
    10000 steps completed.

---------------------------------------------------------------
Time used for this run = 152.923 second.
Speed of this run = 2.35412e+06 atom*step/second.
---------------------------------------------------------------

Group 0 in grouping method 0 will be fixed.
Use NVT ensemble for this run.
    choose the Bussi-Donadio-Parrinello method.
    initial temperature is 919 K.
    final temperature is 919 K.
    tau_T is 100 time_step.
Dump thermo every 1000 steps.
Run 10000 steps.
    1000 steps completed.
    2000 steps completed.
    3000 steps completed.
    4000 steps completed.
    5000 steps completed.
    6000 steps completed.
    7000 steps completed.
    8000 steps completed.
    9000 steps completed.
    10000 steps completed.

---------------------------------------------------------------
Time used for this run = 161.996 second.
Speed of this run = 2.22228e+06 atom*step/second.
---------------------------------------------------------------

Use Nose-Hoover thermostat and Parrinello-Rahman barostat.
Use NPT ensemble for this run.
Thermostat: t_start is 919.000000, t_stop is 919.000000, t_period is 100.000000 timesteps
xx will not be changed.
xy will not be changed.
xz will not be changed.
yx will not be changed.
yy will not be changed.
yz will not be changed.
zx will not be changed.
zy will not be changed.
zz : p_start is 0.000000, p_stop is 0.000000, p_period is 1000.000000 timesteps
Dump thermo every 1000 steps.
Run 25000 steps.
MTTK initializing...
    2500 steps completed.
    5000 steps completed.
    7500 steps completed.
    10000 steps completed.
    12500 steps completed.
    15000 steps completed.
    17500 steps completed.
    20000 steps completed.
    22500 steps completed.
    25000 steps completed.

---------------------------------------------------------------
Time used for this run = 422.635 second.
Speed of this run = 2.1295e+06 atom*step/second.
---------------------------------------------------------------

Use Nose-Hoover thermostat and Parrinello-Rahman barostat.
Use NPH ensemble for this run.
No thermostat is set. Temperature is not controlled.
xx will not be changed.
xy will not be changed.
xz will not be changed.
yx will not be changed.
yy will not be changed.
yz will not be changed.
zx will not be changed.
zy will not be changed.
zz : p_start is 0.000000, p_stop is 0.000000, p_period is 1000.000000 timesteps
Dump thermo every 1000 steps.
Dump extended XYZ.
    every 2000 steps.
    into file prod.xyz.
    for the whole system.
Run 200000 steps.
MTTK initializing...
    20000 steps completed.
    40000 steps completed.
    60000 steps completed.
    80000 steps completed.
    100000 steps completed.
    120000 steps completed.
    140000 steps completed.
    160000 steps completed.
    180000 steps completed.
    200000 steps completed.

---------------------------------------------------------------
Time used for this run = 1572.23 second.
Speed of this run = 4.57947e+06 atom*step/second.
---------------------------------------------------------------


---------------------------------------------------------------
Finished executing the commands in run.in.
---------------------------------------------------------------


---------------------------------------------------------------
Time used = 2484.203650 s.
---------------------------------------------------------------


---------------------------------------------------------------
Finished running GPUMD.
---------------------------------------------------------------

