# dump_thermo 1000
# format_version 1
# num_atoms 36000
# dt_output 2.0000000000e+03 fs
# columns T KE PE sxx syy szz syz sxz sxy ax ay az bx by bz cx cy cz
    5.4553549863e+02    2.5385759156e+03   -1.4222476849e+05   -1.4474522349e-01   -1.1925918160e-01   -1.4134495509e-01    1.0429724279e-02    6.9935571987e-04   -5.5055026363e-03    2.4228065287e+02    0.0000000000e+00    0.0000000000e+00    0.0000000000e+00    2.0187952889e+01    0.0000000000e+00    0.0000000000e+00    0.0000000000e+00    1.2115793090e+02
    6.4919589802e+02    3.0209456128e+03   -1.4166076416e+05    2.2438297235e-02    1.6265984702e-02    2.5510807239e-03    7.3883082690e-03    8.2173945726e-04    2.0404533780e-02    2.4269624250e+02    0.0000000000e+00    0.0000000000e+00    0.0000000000e+00    2.0223641335e+01    0.0000000000e+00    0.0000000000e+00    0.0000000000e+00    1.2143231069e+02
    7.3756427593e+02    3.4321559491e+03   -1.4110917438e+05    6.3043308764e-02    5.5126124326e-02    3.6734497615e-02    6.4255946101e-03   -1.2585129871e-02   -8.1605817224e-03    2.4326248204e+02    0.0000000000e+00    0.0000000000e+00    0.0000000000e+00    2.0273888773e+01    0.0000000000e+00    0.0000000000e+00    0.0000000000e+00    1.2170949165e+02
    8.0224680008e+02    3.7331473573e+03   -1.4059111735e+05   -5.3208611065e-02   -4.1051093749e-02   -5.6040192357e-02   -4.1028400145e-03    8.1748456096e-03    8.3204828797e-03    2.4410431046e+02    0.0000000000e+00    0.0000000000e+00    0.0000000000e+00    2.0324582623e+01    0.0000000000e+00    0.0000000000e+00    0.0000000000e+00    1.2203416134e+02
    8.7020116858e+02    4.0493638523e+03   -1.4027881403e+05    5.3904171067e-02    4.9322184838e-02    5.2975617163e-02   -9.0818370479e-03   -1.3567458978e-02   -6.8232016676e-03    2.4438306124e+02    0.0000000000e+00    0.0000000000e+00    0.0000000000e+00    2.0348638191e+01    0.0000000000e+00    0.0000000000e+00    0.0000000000e+00    1.2215863843e+02
    9.0411542555e+02    4.2071792761e+03   -1.4002025752e+05   -7.0635932723e-02   -1.3718978038e-02   -1.0119209009e-01   -7.9140581651e-03    5.0369017491e-03   -9.9048171707e-03    2.4475619366e+02    0.0000000000e+00    0.0000000000e+00    0.0000000000e+00    2.0372314317e+01    0.0000000000e+00    0.0000000000e+00    0.0000000000e+00    1.2248750736e+02
    9.0746206918e+02    4.2227524312e+03   -1.3983525781e+05    4.8066498622e-02    9.1571512886e-02    2.6970051523e-02   -9.6667906682e-03   -9.6422491208e-03    2.5055323673e-02    2.4504462008e+02    0.0000000000e+00    0.0000000000e+00    0.0000000000e+00    2.0365589977e+01    0.0000000000e+00    0.0000000000e+00    0.0000000000e+00    1.2249187986e+02
    9.2106668094e+02    4.2860596584e+03   -1.3981369163e+05    8.2717384100e-03    4.7948487709e-02    5.5238066856e-02    2.4998129508e-03   -1.2676947805e-02    1.0008114247e-02    2.4494235586e+02    0.0000000000e+00    0.0000000000e+00    0.0000000000e+00    2.0402271524e+01    0.0000000000e+00    0.0000000000e+00    0.0000000000e+00    1.2239732992e+02
    9.2042908055e+02    4.2830926709e+03   -1.3987049836e+05    6.4217016220e-03    2.1068195242e-02    1.2919513432e-02   -2.5232854949e-02   -6.0959068852e-03   -1.0515537717e-02    2.4489886659e+02    0.0000000000e+00    0.0000000000e+00    0.0000000000e+00    2.0401794367e+01    0.0000000000e+00    0.0000000000e+00    0.0000000000e+00    1.2239295284e+02
    9.0964823162e+02    4.2329254434e+03   -1.3991542584e+05   -6.7925252702e-02   -1.0959726885e-02   -2.5546652695e-02   -2.4021527040e-02    3.5555802960e-03    9.2645462232e-03    2.4506993551e+02    0.0000000000e+00    0.0000000000e+00    0.0000000000e+00    2.0396814575e+01    0.0000000000e+00    0.0000000000e+00    0.0000000000e+00    1.2231399623e+02
# dump_thermo 1000
# format_version 1
# num_atoms 36000
# dt_output 2.0000000000e+03 fs
# columns T KE PE sxx syy szz syz sxz sxy ax ay az bx by bz cx cy cz
    1.4940850332e+03    3.3603862758e+03   -1.3828215681e+05    1.3665530391e+00    1.4161785585e+00    1.4642314399e+00   -4.1575775125e-02    5.4057467251e-03    1.8804857570e-03    2.4506993551e+02    0.0000000000e+00    0.0000000000e+00    0.0000000000e+00    2.0396814575e+01    0.0000000000e+00    0.0000000000e+00    0.0000000000e+00    1.2231399623e+02
    1.4687632132e+03    3.3034342988e+03   -1.3768600239e+05    2.0618583289e+00    2.0898303663e+00    2.1544227885e+00   -1.9969908413e-02   -6.3263798468e-03   -1.2972062173e-02    2.4506993551e+02    0.0000000000e+00    0.0000000000e+00    0.0000000000e+00    2.0396814575e+01    0.0000000000e+00    0.0000000000e+00    0.0000000000e+00    1.2231399623e+02
    1.4729057534e+03    3.3127513959e+03   -1.3728328720e+05    2.5066066841e+00    2.4872893666e+00    2.6474214668e+00   -1.3068169917e-02   -2.1020691980e-02   -3.4879888041e-03    2.4506993551e+02    0.0000000000e+00    0.0000000000e+00    0.0000000000e+00    2.0396814575e+01    0.0000000000e+00    0.0000000000e+00    0.0000000000e+00    1.2231399623e+02
    1.4893690585e+03    3.3497794520e+03   -1.3718518660e+05    2.5114096662e+00    2.6523786589e+00    2.7905160520e+00   -3.8070651955e-02    2.3568229195e-02    2.8273094132e-02    2.4506993551e+02    0.0000000000e+00    0.0000000000e+00    0.0000000000e+00    2.0396814575e+01    0.0000000000e+00    0.0000000000e+00    0.0000000000e+00    1.2231399623e+02
    1.4898571073e+03    3.3508771356e+03   -1.3716876322e+05    2.6492419191e+00    2.6329653756e+00    2.7300335026e+00   -7.4565467355e-02   -2.5051489125e-02   -6.1206610916e-03    2.4506993551e+02    0.0000000000e+00    0.0000000000e+00    0.0000000000e+00    2.0396814575e+01    0.0000000000e+00    0.0000000000e+00    0.0000000000e+00    1.2231399623e+02
    1.4946177220e+03    3.3615843603e+03   -1.3719634042e+05    2.5986209504e+00    2.6661383357e+00    2.6523539455e+00   -6.6390063899e-02    4.6480489265e-03    6.5782499560e-02    2.4506993551e+02    0.0000000000e+00    0.0000000000e+00    0.0000000000e+00    2.0396814575e+01    0.0000000000e+00    0.0000000000e+00    0.0000000000e+00    1.2231399623e+02
    1.5008361320e+03    3.3755703513e+03   -1.3720205084e+05    2.5843071711e+00    2.6596574697e+00    2.6685837865e+00   -6.6912565686e-02   -8.1558364484e-03    9.2096201611e-03    2.4506993551e+02    0.0000000000e+00    0.0000000000e+00    0.0000000000e+00    2.0396814575e+01    0.0000000000e+00    0.0000000000e+00    0.0000000000e+00    1.2231399623e+02
    1.5089590901e+03    3.3938399117e+03   -1.3720110907e+05    2.5857231839e+00    2.6692255735e+00    2.7024813467e+00   -6.7117222392e-02   -1.7768468125e-02   -3.5242955594e-02    2.4506993551e+02    0.0000000000e+00    0.0000000000e+00    0.0000000000e+00    2.0396814575e+01    0.0000000000e+00    0.0000000000e+00    0.0000000000e+00    1.2231399623e+02
    1.5122302691e+03    3.4011972070e+03   -1.3715451899e+05    2.6571802442e+00    2.6446994863e+00    2.7790775093e+00   -6.6134996048e-02   -2.8362875698e-02    4.6902382233e-02    2.4506993551e+02    0.0000000000e+00    0.0000000000e+00    0.0000000000e+00    2.0396814575e+01    0.0000000000e+00    0.0000000000e+00    0.0000000000e+00    1.2231399623e+02
    1.4868627038e+03    3.3441423431e+03   -1.3719185560e+05    2.6141828926e+00    2.6253286994e+00    2.6977694161e+00   -5.6207176775e-03    9.6361923339e-03   -3.8324455105e-02    2.4506993551e+02    0.0000000000e+00    0.0000000000e+00    0.0000000000e+00    2.0396814575e+01    0.0000000000e+00    0.0000000000e+00    0.0000000000e+00    1.2231399623e+02
# dump_thermo 1000
# format_version 1
# num_atoms 36000
# dt_output 2.0000000000e+03 fs
# columns T KE PE sxx syy szz syz sxz sxy ax ay az bx by bz cx cy cz
    9.3596256602e+02    2.1050982318e+03   -1.3860400141e+05    1.0293234586e+00    1.1018048577e+00    1.1120129809e+00   -2.3516587480e-02   -1.1190306323e-02   -3.1220052858e-02    2.4506993551e+02    0.0000000000e+00    0.0000000000e+00    0.0000000000e+00    2.0396814575e+01    0.0000000000e+00    0.0000000000e+00    0.0000000000e+00    1.2231399623e+02
    9.2287864310e+02    2.0756708337e+03   -1.3874790390e+05    8.8527145020e-01    8.9781567982e-01    9.8296628369e-01   -4.9854643346e-02   -2.7090586046e-02   -2.0713813998e-02    2.4506993551e+02    0.0000000000e+00    0.0000000000e+00    0.0000000000e+00    2.0396814575e+01    0.0000000000e+00    0.0000000000e+00    0.0000000000e+00    1.2231399623e+02
    9.2221349335e+02    2.0741748278e+03   -1.3884543185e+05    7.5057446130e-01    7.9262592608e-01    8.9812210974e-01   -1.1702126224e-03    4.3588306789e-03    1.0746397189e-02    2.4506993551e+02    0.0000000000e+00    0.0000000000e+00    0.0000000000e+00    2.0396814575e+01    0.0000000000e+00    0.0000000000e+00    0.0000000000e+00    1.2231399623e+02
    9.2332359467e+02    2.0766715861e+03   -1.3896542228e+05    6.2320076102e-01    6.5734236328e-01    8.1344662729e-01   -5.3205849492e-02   -2.3908825261e-02   -7.5179512679e-03    2.4506993551e+02    0.0000000000e+00    0.0000000000e+00    0.0000000000e+00    2.0396814575e+01    0.0000000000e+00    0.0000000000e+00    0.0000000000e+00    1.2231399623e+02
    9.2290789316e+02    2.0757366208e+03   -1.3906199746e+05    5.0270548818e-01    5.2634420722e-01    7.1888940466e-01   -6.7911500347e-03    1.0812913462e-03    5.1354054576e-03    2.4506993551e+02    0.0000000000e+00    0.0000000000e+00    0.0000000000e+00    2.0396814575e+01    0.0000000000e+00    0.0000000000e+00    0.0000000000e+00    1.2231399623e+02
    9.1869187187e+02    2.0662542555e+03   -1.3917265391e+05    3.7217865917e-01    4.1608689012e-01    6.1008439002e-01   -4.9179761440e-02   -1.2598652227e-02   -1.9629969517e-02    2.4506993551e+02    0.0000000000e+00    0.0000000000e+00    0.0000000000e+00    2.0396814575e+01    0.0000000000e+00    0.0000000000e+00    0.0000000000e+00    1.2231399623e+02
    9.1674605209e+02    2.0618778606e+03   -1.3933077816e+05    1.8124284506e-01    2.5571590195e-01    4.5587855650e-01   -7.7438648897e-03   -1.4191599477e-02   -1.7181837988e-02    2.4506993551e+02    0.0000000000e+00    0.0000000000e+00    0.0000000000e+00    2.0396814575e+01    0.0000000000e+00    0.0000000000e+00    0.0000000000e+00    1.2231399623e+02
    9.2076093400e+02    2.0709078380e+03   -1.3940001592e+05    1.3135104340e-01    1.8474095246e-01    3.3534160788e-01   -7.7906612369e-02   -1.7842634385e-02   -1.8963588173e-02    2.4506993551e+02    0.0000000000e+00    0.0000000000e+00    0.0000000000e+00    2.0396814575e+01    0.0000000000e+00    0.0000000000e+00    0.0000000000e+00    1.2231399623e+02
    9.2286389245e+02    2.0756376576e+03   -1.3947039954e+05    2.5939309988e-02    1.1657933207e-01    2.5950017388e-01   -2.3408189135e-02   -2.4570389600e-02   -3.6791260091e-02    2.4506993551e+02    0.0000000000e+00    0.0000000000e+00    0.0000000000e+00    2.0396814575e+01    0.0000000000e+00    0.0000000000e+00    0.0000000000e+00    1.2231399623e+02
    9.1999696500e+02    2.0691895750e+03   -1.3956789494e+05   -7.8780895036e-02   -4.3634767907e-03    1.4730542973e-01   -2.4227382582e-03   -4.4475674128e-03   -7.4539480492e-03    2.4506993551e+02    0.0000000000e+00    0.0000000000e+00    0.0000000000e+00    2.0396814575e+01    0.0000000000e+00    0.0000000000e+00    0.0000000000e+00    1.2231399623e+02
# dump_thermo 1000
# format_version 1
# num_atoms 36000
# dt_output 2.0000000000e+03 fs
# columns T KE PE sxx syy szz syz sxz sxy ax ay az bx by bz cx cy cz
    8.0993861984e+02    3.7689402039e+03   -1.4014517109e+05   -2.0086790294e-01   -1.7775807476e-01    5.9518823964e-02   -1.9999835414e-02    1.2007914573e-02   -1.8921128573e-03    2.4506993551e+02    0.0000000000e+00    0.0000000000e+00    0.0000000000e+00    2.0396814575e+01    0.0000000000e+00    0.0000000000e+00    0.0000000000e+00    1.2217881896e+02
    8.5658909484e+02    3.9860219018e+03   -1.3958198582e+05   -2.7594402926e-01   -2.3264373719e-01   -9.4566410913e-02   -4.7057061001e-02    1.0441518196e-02    9.6774779623e-03    2.4506993551e+02    0.0000000000e+00    0.0000000000e+00    0.0000000000e+00    2.0396814575e+01    0.0000000000e+00    0.0000000000e+00    0.0000000000e+00    1.2343460917e+02
    8.9425244442e+02    4.1612832228e+03   -1.3925176381e+05   -2.2676726438e-01   -1.5949452350e-01   -3.4200065620e-02    1.5673459993e-02   -2.3122093369e-03    5.6916894718e-03    2.4506993551e+02    0.0000000000e+00    0.0000000000e+00    0.0000000000e+00    2.0396814575e+01    0.0000000000e+00    0.0000000000e+00    0.0000000000e+00    1.2403923326e+02
    9.1885218688e+02    4.2757548088e+03   -1.3911051698e+05   -1.3023924556e-01   -9.7216797508e-02    2.0812399632e-03   -2.8538723309e-02   -3.4600495650e-02   -2.3687070883e-02    2.4506993551e+02    0.0000000000e+00    0.0000000000e+00    0.0000000000e+00    2.0396814575e+01    0.0000000000e+00    0.0000000000e+00    0.0000000000e+00    1.2417282737e+02
    9.1448291390e+02    4.2554229858e+03   -1.3909432443e+05   -7.8236116542e-02   -1.9815023231e-02   -5.5338461324e-02   -2.4728037314e-02    2.4909643500e-02   -3.2669214051e-03    2.4506993551e+02    0.0000000000e+00    0.0000000000e+00    0.0000000000e+00    2.0396814575e+01    0.0000000000e+00    0.0000000000e+00    0.0000000000e+00    1.2410027527e+02
    9.2100604359e+02    4.2857774906e+03   -1.3905292249e+05    2.9025653595e-02    5.5710792724e-02    1.0591868722e-02    1.6256003839e-02    1.4251612536e-04    1.1810679580e-02    2.4506993551e+02    0.0000000000e+00    0.0000000000e+00    0.0000000000e+00    2.0396814575e+01    0.0000000000e+00    0.0000000000e+00    0.0000000000e+00    1.2402772370e+02
    9.2238493097e+02    4.2921939572e+03   -1.3898818837e+05   -2.0637687144e-02   -1.1961446544e-02   -3.8401453600e-02    3.3945992500e-02    1.1323920325e-02   -4.3426832785e-03    2.4506993551e+02    0.0000000000e+00    0.0000000000e+00    0.0000000000e+00    2.0396814575e+01    0.0000000000e+00    0.0000000000e+00    0.0000000000e+00    1.2426546971e+02
    9.2086192106e+02    4.2851068359e+03   -1.3893203796e+05   -8.7894196788e-02   -6.4711603072e-02    1.1264188608e-02    3.0389472791e-02   -2.6408780073e-02   -3.6752558947e-03    2.4506993551e+02    0.0000000000e+00    0.0000000000e+00    0.0000000000e+00    2.0396814575e+01    0.0000000000e+00    0.0000000000e+00    0.0000000000e+00    1.2444003935e+02
    9.1132060770e+02    4.2407076201e+03   -1.3895110752e+05   -9.3292179103e-02   -5.2597069743e-02   -2.6715163907e-02   -1.5488385360e-02    3.5952209755e-02   -1.1473640495e-02    2.4506993551e+02    0.0000000000e+00    0.0000000000e+00    0.0000000000e+00    2.0396814575e+01    0.0000000000e+00    0.0000000000e+00    0.0000000000e+00    1.2440464734e+02
    9.1103254269e+02    4.2393671485e+03   -1.3892458600e+05   -6.3193014808e-02   -1.5337833637e-02   -8.0830858032e-02   -2.7509790761e-03   -2.6386193114e-02   -2.1591154983e-02    2.4506993551e+02    0.0000000000e+00    0.0000000000e+00    0.0000000000e+00    2.0396814575e+01    0.0000000000e+00    0.0000000000e+00    0.0000000000e+00    1.2442519802e+02
    9.1417292334e+02    4.2539804865e+03   -1.3894187498e+05   -1.3297926364e-03    3.9220382299e-02    2.3287399657e-02   -1.3215778967e-02   -2.5505223357e-02    9.9280248718e-03    2.4506993551e+02    0.0000000000e+00    0.0000000000e+00    0.0000000000e+00    2.0396814575e+01    0.0000000000e+00    0.0000000000e+00    0.0000000000e+00    1.2425726777e+02
    9.1846879114e+02    4.2739707284e+03   -1.3889347519e+05    1.7166507722e-02    6.3819230657e-02    5.4109319117e-02   -1.5556215377e-02   -5.9012614849e-03    8.7877487683e-04    2.4506993551e+02    0.0000000000e+00    0.0000000000e+00    0.0000000000e+00    2.0396814575e+01    0.0000000000e+00    0.0000000000e+00    0.0000000000e+00    1.2432206240e+02
    9.1971434848e+02    4.2797667615e+03   -1.3892325842e+05    1.7686167832e-02    1.4744891143e-02    6.6435155475e-02    6.6556346264e-03   -1.4694950137e-03    5.7878687905e-03    2.4506993551e+02    0.0000000000e+00    0.0000000000e+00    0.0000000000e+00    2.0396814575e+01    0.0000000000e+00    0.0000000000e+00    0.0000000000e+00    1.2429142301e+02
    9.1183614146e+02    4.2431065870e+03   -1.3898741973e+05   -3.2450139854e-02   -5.5800806266e-03    3.2072640789e-03   -3.2240295479e-02   -2.0019101163e-02    3.6861585986e-02    2.4506993551e+02    0.0000000000e+00    0.0000000000e+00    0.0000000000e+00    2.0396814575e+01    0.0000000000e+00    0.0000000000e+00    0.0000000000e+00    1.2425013524e+02
    9.2299334776e+02    4.2950251428e+03   -1.3897520930e+05   -6.1786368580e-02   -6.4929614674e-02   -6.1968607418e-02   -8.1979450827e-03    8.2301591089e-03    1.2793707486e-03    2.4506993551e+02    0.0000000000e+00    0.0000000000e+00    0.0000000000e+00    2.0396814575e+01    0.0000000000e+00    0.0000000000e+00    0.0000000000e+00    1.2435190373e+02
    9.2064706776e+02    4.2841070450e+03   -1.3899203140e+05   -5.8985635364e-02   -2.9669647339e-03   -3.4205460325e-03    1.0435939377e-02    3.3136542022e-02   -3.6664652645e-03    2.4506993551e+02    0.0000000000e+00    0.0000000000e+00    0.0000000000e+00    2.0396814575e+01    0.0000000000e+00    0.0000000000e+00    0.0000000000e+00    1.2426921942e+02
    9.1468900382e+02    4.2563819975e+03   -1.3897884490e+05   -5.5719710858e-02   -3.9480084604e-02   -7.6024992738e-02    6.2418545604e-03   -1.5288818840e-02    1.7642992937e-02    2.4506993551e+02    0.0000000000e+00    0.0000000000e+00    0.0000000000e+00    2.0396814575e+01    0.0000000000e+00    0.0000000000e+00    0.0000000000e+00    1.2432467064e+02
    9.1833248910e+02    4.2733364652e+03   -1.3897802994e+05   -9.6717624535e-03    1.1045547829e-03   -2.0559673032e-02    1.4638683726e-02   -1.1540853891e-02   -8.4722510061e-03    2.4506993551e+02    0.0000000000e+00    0.0000000000e+00    0.0000000000e+00    2.0396814575e+01    0.0000000000e+00    0.0000000000e+00    0.0000000000e+00    1.2424758698e+02
    9.2689568760e+02    4.3131841552e+03   -1.3896787181e+05   -1.8106518600e-02    3.0082055791e-02    3.2257334371e-02    2.4899869579e-02    2.4706800838e-02   -1.1906589657e-02    2.4506993551e+02    0.0000000000e+00    0.0000000000e+00    0.0000000000e+00    2.0396814575e+01    0.0000000000e+00    0.0000000000e+00    0.0000000000e+00    1.2423960016e+02
    9.1304379023e+02    4.2487262178e+03   -1.3899474651e+05   -3.8494819432e-02    3.6649843280e-02    4.5678283989e-03    1.0681728029e-02    1.8652007965e-02   -5.0735237053e-03    2.4506993551e+02    0.0000000000e+00    0.0000000000e+00    0.0000000000e+00    2.0396814575e+01    0.0000000000e+00    0.0000000000e+00    0.0000000000e+00    1.2418782236e+02
    9.2577514858e+02    4.3079698779e+03   -1.3901660422e+05   -3.7339151099e-03    3.0590156704e-02   -3.6301980350e-02    9.8252465305e-03    1.1117916320e-02   -1.6438793869e-02    2.4506993551e+02    0.0000000000e+00    0.0000000000e+00    0.0000000000e+00    2.0396814575e+01    0.0000000000e+00    0.0000000000e+00    0.0000000000e+00    1.2415445897e+02
    9.2092659064e+02    4.2854077670e+03   -1.3904237877e+05   -5.5053198085e-02   -6.1816903353e-02   -6.5486468571e-02    1.1462935218e-02   -4.3887319606e-02    8.2271733472e-03    2.4506993551e+02    0.0000000000e+00    0.0000000000e+00    0.0000000000e+00    2.0396814575e+01    0.0000000000e+00    0.0000000000e+00    0.0000000000e+00    1.2421527484e+02
    9.1578716294e+02    4.2614921330e+03   -1.3905218874e+05   -3.3917764047e-02    2.0226982144e-02    3.0525778521e-02    9.7024920931e-03   -4.1899001085e-02    1.2374553514e-02    2.4506993551e+02    0.0000000000e+00    0.0000000000e+00    0.0000000000e+00    2.0396814575e+01    0.0000000000e+00    0.0000000000e+00    0.0000000000e+00    1.2407089454e+02
    9.2274448749e+02    4.2938671050e+03   -1.3900080824e+05   -3.9926434417e-02    1.4162016298e-02   -3.2236017866e-02    1.2406786241e-02    1.3292163063e-02    1.3329231686e-04    2.4506993551e+02    0.0000000000e+00    0.0000000000e+00    0.0000000000e+00    2.0396814575e+01    0.0000000000e+00    0.0000000000e+00    0.0000000000e+00    1.2421709521e+02
    9.2177110370e+02    4.2893375948e+03   -1.3900743831e+05   -6.6171713791e-03    1.1255751457e-02   -1.5945449228e-03    1.7024236313e-02    6.7604797886e-03   -4.6574148633e-03    2.4506993551e+02    0.0000000000e+00    0.0000000000e+00    0.0000000000e+00    2.0396814575e+01    0.0000000000e+00    0.0000000000e+00    0.0000000000e+00    1.2416461308e+02
# dump_thermo 1000
# format_version 1
# num_atoms 36000
# dt_output 2.0000000000e+03 fs
# columns T KE PE sxx syy szz syz sxz sxy ax ay az bx by bz cx cy cz
    9.2258233753e+02    4.2931125621e+03   -1.3901119200e+05   -8.8905431234e-02   -4.8137000058e-02   -3.8641861762e-02   -7.1655257092e-03    2.3893466541e-04    5.3247501811e-03    2.4506993551e+02    0.0000000000e+00    0.0000000000e+00    0.0000000000e+00    2.0396814575e+01    0.0000000000e+00    0.0000000000e+00    0.0000000000e+00    1.2428373513e+02
    9.1884105051e+02    4.2757029871e+03   -1.3899381550e+05   -8.1653933225e-02   -5.7088611942e-02   -5.8568813565e-02   -1.7482564650e-02    2.1018602060e-02   -2.1110381800e-02    2.4506993551e+02    0.0000000000e+00    0.0000000000e+00    0.0000000000e+00    2.0396814575e+01    0.0000000000e+00    0.0000000000e+00    0.0000000000e+00    1.2431668161e+02
    9.1948799017e+02    4.2787134337e+03   -1.3899683965e+05    6.6216092314e-02    8.1270122484e-02    9.2753281160e-02    5.5814668967e-03    2.0890574072e-02    7.7706547102e-03    2.4506993551e+02    0.0000000000e+00    0.0000000000e+00    0.0000000000e+00    2.0396814575e+01    0.0000000000e+00    0.0000000000e+00    0.0000000000e+00    1.2404283994e+02
    9.2185601367e+02    4.2897327118e+03   -1.3900793853e+05   -4.1850378424e-02   -3.9694060345e-02    4.1976241126e-03   -1.3434380365e-02   -2.3237894977e-02   -1.5883957036e-02    2.4506993551e+02    0.0000000000e+00    0.0000000000e+00    0.0000000000e+00    2.0396814575e+01    0.0000000000e+00    0.0000000000e+00    0.0000000000e+00    1.2422444437e+02
    9.2248763366e+02    4.2926718703e+03   -1.3901093125e+05   -3.0968697565e-02   -4.0998166640e-02   -1.3683646449e-02   -1.8863564528e-02   -2.3899116974e-02    2.1279424239e-03    2.4506993551e+02    0.0000000000e+00    0.0000000000e+00    0.0000000000e+00    2.0396814575e+01    0.0000000000e+00    0.0000000000e+00    0.0000000000e+00    1.2422470283e+02
    9.2252082160e+02    4.2928263060e+03   -1.3901122504e+05    5.3975430653e-02    9.9155464158e-02    8.1270132479e-02   -3.0672232907e-03    1.6822280415e-02   -9.5256328223e-03    2.4506993551e+02    0.0000000000e+00    0.0000000000e+00    0.0000000000e+00    2.0396814575e+01    0.0000000000e+00    0.0000000000e+00    0.0000000000e+00    1.2402656070e+02
    9.1927476814e+02    4.2777212337e+03   -1.3899618371e+05   -6.8222606952e-02   -6.3685845231e-02   -2.9486071676e-02    4.8172279898e-02    2.4115692756e-02    1.9692289757e-02    2.4506993551e+02    0.0000000000e+00    0.0000000000e+00    0.0000000000e+00    2.0396814575e+01    0.0000000000e+00    0.0000000000e+00    0.0000000000e+00    1.2428790555e+02
    9.2240946693e+02    4.2923081320e+03   -1.3901075284e+05   -1.1045225313e-02    4.1759133806e-02    5.2214030064e-02   -1.1701285742e-03   -4.0900059936e-02    1.5658799585e-03    2.4506993551e+02    0.0000000000e+00    0.0000000000e+00    0.0000000000e+00    2.0396814575e+01    0.0000000000e+00    0.0000000000e+00    0.0000000000e+00    1.2413460578e+02
    9.2399035398e+02    4.2996645768e+03   -1.3901817785e+05   -1.3426850544e-02   -2.7238478375e-03   -2.2342734865e-02   -1.6691454870e-02    6.3757120122e-04   -1.5506067724e-02    2.4506993551e+02    0.0000000000e+00    0.0000000000e+00    0.0000000000e+00    2.0396814575e+01    0.0000000000e+00    0.0000000000e+00    0.0000000000e+00    1.2417830028e+02
    9.1848414319e+02    4.2740421670e+03   -1.3899244542e+05   -3.1256946959e-02   -5.7588843650e-03    1.5840663494e-02   -3.3735700300e-02   -3.6717568652e-03   -2.3766911196e-03    2.4506993551e+02    0.0000000000e+00    0.0000000000e+00    0.0000000000e+00    2.0396814575e+01    0.0000000000e+00    0.0000000000e+00    0.0000000000e+00    1.2420733630e+02
    9.2530167420e+02    4.3057666287e+03   -1.3902415228e+05   -1.9176012314e-02    1.8046134295e-02   -8.7435944184e-04   -2.2760593190e-02    4.6594395883e-03   -6.1655867476e-03    2.4506993551e+02    0.0000000000e+00    0.0000000000e+00    0.0000000000e+00    2.0396814575e+01    0.0000000000e+00    0.0000000000e+00    0.0000000000e+00    1.2414571255e+02
    9.2804430822e+02    4.3185291065e+03   -1.3903689131e+05   -3.8087440491e-02    2.2438796987e-02    3.1372713412e-02   -2.5684665831e-02   -2.8864794620e-02   -1.4197857611e-02    2.4506993551e+02    0.0000000000e+00    0.0000000000e+00    0.0000000000e+00    2.0396814575e+01    0.0000000000e+00    0.0000000000e+00    0.0000000000e+00    1.2412104841e+02
    9.2128694981e+02    4.2870846499e+03   -1.3900536864e+05   -4.3718695079e-02   -1.3998424513e-02   -1.1364122066e-02   -4.0979952763e-02   -4.9558723037e-02    3.8255267891e-02    2.4506993551e+02    0.0000000000e+00    0.0000000000e+00    0.0000000000e+00    2.0396814575e+01    0.0000000000e+00    0.0000000000e+00    0.0000000000e+00    1.2420938384e+02
    9.1904605143e+02    4.2766569313e+03   -1.3899489129e+05   -1.4496919318e-03    1.4474538274e-02    3.6952625261e-02    1.9921032048e-02    3.5875754047e-02    1.3368347896e-02    2.4506993551e+02    0.0000000000e+00    0.0000000000e+00    0.0000000000e+00    2.0396814575e+01    0.0000000000e+00    0.0000000000e+00    0.0000000000e+00    1.2414926953e+02
    9.2528758839e+02    4.3057010823e+03   -1.3902389226e+05    7.6931601088e-03    5.0074051972e-02    4.5750054898e-02    6.3143113941e-03   -6.6547811168e-03   -2.8312943779e-03    2.4506993551e+02    0.0000000000e+00    0.0000000000e+00    0.0000000000e+00    2.0396814575e+01    0.0000000000e+00    0.0000000000e+00    0.0000000000e+00    1.2409581958e+02
    9.1863681263e+02    4.2747525937e+03   -1.3899261458e+05   -8.7824093648e-02   -6.0393172724e-02   -8.4479738233e-02   -8.3263012315e-03    1.2698887318e-02   -6.1699986152e-03    2.4506993551e+02    0.0000000000e+00    0.0000000000e+00    0.0000000000e+00    2.0396814575e+01    0.0000000000e+00    0.0000000000e+00    0.0000000000e+00    1.2433741315e+02
    9.2091302172e+02    4.2853446259e+03   -1.3900308859e+05   -1.7410963729e-02    5.8696670375e-02    1.1444464594e-02   -2.3962892755e-02    2.9160675551e-02    8.0555144306e-03    2.4506993551e+02    0.0000000000e+00    0.0000000000e+00    0.0000000000e+00    2.0396814575e+01    0.0000000000e+00    0.0000000000e+00    0.0000000000e+00    1.2412413714e+02
    9.2369454872e+02    4.2982880869e+03   -1.3901603990e+05    7.0914380776e-03   -2.7707878900e-03    3.1344360692e-03    1.2045359564e-02    4.2511086209e-02    1.5027683832e-02    2.4506993551e+02    0.0000000000e+00    0.0000000000e+00    0.0000000000e+00    2.0396814575e+01    0.0000000000e+00    0.0000000000e+00    0.0000000000e+00    1.2414905251e+02
    9.2340652073e+02    4.2969477875e+03   -1.3901475047e+05    2.9752583588e-03    4.3631458083e-02    8.8505833637e-02   -3.9092793887e-03   -4.3877287758e-02   -3.6672355692e-04    2.4506993551e+02    0.0000000000e+00    0.0000000000e+00    0.0000000000e+00    2.0396814575e+01    0.0000000000e+00    0.0000000000e+00    0.0000000000e+00    1.2406208262e+02
    9.2253754134e+02    4.2929041090e+03   -1.3901059819e+05   -3.7439854125e-02   -3.8815418216e-02   -6.4986862630e-02    5.5535887445e-03   -3.2189366705e-02    6.6904373751e-03    2.4506993551e+02    0.0000000000e+00    0.0000000000e+00    0.0000000000e+00    2.0396814575e+01    0.0000000000e+00    0.0000000000e+00    0.0000000000e+00    1.2423821881e+02
    9.2793763863e+02    4.3180327340e+03   -1.3903589633e+05   -1.7223659869e-02    1.9156310461e-02    2.7321290804e-02    2.7238657914e-03    4.1879076990e-02   -3.9805136537e-03    2.4506993551e+02    0.0000000000e+00    0.0000000000e+00    0.0000000000e+00    2.0396814575e+01    0.0000000000e+00    0.0000000000e+00    0.0000000000e+00    1.2408135298e+02
    9.3372900719e+02    4.3449820870e+03   -1.3906293795e+05   -4.2808351320e-02   -6.0822833414e-04    8.6399531207e-03   -2.7343185425e-03    2.7227807375e-02    1.4288286882e-02    2.4506993551e+02    0.0000000000e+00    0.0000000000e+00    0.0000000000e+00    2.0396814575e+01    0.0000000000e+00    0.0000000000e+00    0.0000000000e+00    1.2410041498e+02
    9.2667440816e+02    4.3121544612e+03   -1.3903005319e+05   -1.4406245360e-02   -1.0046647238e-02   -5.5634587307e-02    1.7358839753e-02    7.2636576521e-03   -3.1260438096e-02    2.4506993551e+02    0.0000000000e+00    0.0000000000e+00    0.0000000000e+00    2.0396814575e+01    0.0000000000e+00    0.0000000000e+00    0.0000000000e+00    1.2417857386e+02
    9.2056454703e+02    4.2837230459e+03   -1.3900156986e+05    1.5737704803e-02   -1.9127416928e-03    4.5134675670e-02    9.0345206887e-03    5.9920651456e-04    8.2741623615e-03    2.4506993551e+02    0.0000000000e+00    0.0000000000e+00    0.0000000000e+00    2.0396814575e+01    0.0000000000e+00    0.0000000000e+00    0.0000000000e+00    1.2412280275e+02
    9.1987496641e+02    4.2805141754e+03   -1.3899838861e+05   -1.3159730908e-02    1.4747565797e-02   -4.3149368405e-02    1.3822247730e-02   -3.9149881855e-05   -8.9381115988e-06    2.4506993551e+02    0.0000000000e+00    0.0000000000e+00    0.0000000000e+00    2.0396814575e+01    0.0000000000e+00    0.0000000000e+00    0.0000000000e+00    1.2419668246e+02
    9.2342494682e+02    4.2970335308e+03   -1.3901490090e+05   -1.9967224080e-02   -2.0527214200e-02   -8.3050459518e-03    9.0750054740e-03   -3.2700795806e-02   -1.8831654529e-02    2.4506993551e+02    0.0000000000e+00    0.0000000000e+00    0.0000000000e+00    2.0396814575e+01    0.0000000000e+00    0.0000000000e+00    0.0000000000e+00    1.2417061801e+02
    9.2181879751e+02    4.2895595315e+03   -1.3900733560e+05   -4.7153369862e-02    3.3074330813e-02    3.1843080581e-02   -1.1410977240e-02    3.3324957050e-02    2.2853616938e-03    2.4506993551e+02    0.0000000000e+00    0.0000000000e+00    0.0000000000e+00    2.0396814575e+01    0.0000000000e+00    0.0000000000e+00    0.0000000000e+00    1.2415301611e+02
    9.2550321862e+02    4.3067044885e+03   -1.3902450834e+05    1.6875368790e-03    1.7353963758e-02    3.4819349082e-02   -2.0186043645e-02    1.3345526979e-02   -2.4642179661e-03    2.4506993551e+02    0.0000000000e+00    0.0000000000e+00    0.0000000000e+00    2.0396814575e+01    0.0000000000e+00    0.0000000000e+00    0.0000000000e+00    1.2409132447e+02
    9.2134195429e+02    4.2873406058e+03   -1.3900517108e+05   -4.3649129509e-02   -3.1900369516e-02    9.3021112249e-03   -1.7676053138e-02   -2.0783296043e-02    7.9592193221e-03    2.4506993551e+02    0.0000000000e+00    0.0000000000e+00    0.0000000000e+00    2.0396814575e+01    0.0000000000e+00    0.0000000000e+00    0.0000000000e+00    1.2420709660e+02
    9.2492745394e+02    4.3040252452e+03   -1.3902191059e+05   -1.0092798959e-02    1.8502716229e-02   -6.4992613296e-04   -1.7581625013e-02    3.9077408133e-03    2.2910095129e-02    2.4506993551e+02    0.0000000000e+00    0.0000000000e+00    0.0000000000e+00    2.0396814575e+01    0.0000000000e+00    0.0000000000e+00    0.0000000000e+00    1.2412518526e+02
    9.2758223366e+02    4.3163789048e+03   -1.3903410628e+05   -1.9473472309e-02   -6.1203107574e-03    8.1324982240e-03    3.1102853395e-02   -3.6615043511e-03    1.8187725230e-02    2.4506993551e+02    0.0000000000e+00    0.0000000000e+00    0.0000000000e+00    2.0396814575e+01    0.0000000000e+00    0.0000000000e+00    0.0000000000e+00    1.2413292050e+02
    9.2519774240e+02    4.3052829961e+03   -1.3902293209e+05   -5.4461010226e-02   -3.1412443345e-03   -3.3426760665e-02    3.1048176846e-02   -6.9925823335e-03    4.4663259568e-03    2.4506993551e+02    0.0000000000e+00    0.0000000000e+00    0.0000000000e+00    2.0396814575e+01    0.0000000000e+00    0.0000000000e+00    0.0000000000e+00    1.2418947741e+02
    9.2540286431e+02    4.3062375033e+03   -1.3902371632e+05    2.5448731473e-02    8.7977682433e-02    7.3904650743e-02   -5.9662098757e-03    1.5244828460e-02    6.3840300074e-03    2.4506993551e+02    0.0000000000e+00    0.0000000000e+00    0.0000000000e+00    2.0396814575e+01    0.0000000000e+00    0.0000000000e+00    0.0000000000e+00    1.2403185145e+02
    9.2770799283e+02    4.3169641081e+03   -1.3903456966e+05   -3.2104609977e-02   -1.3337255850e-02    1.8923681163e-02    1.3341993944e-03    6.1569546146e-03   -3.2141822487e-02    2.4506993551e+02    0.0000000000e+00    0.0000000000e+00    0.0000000000e+00    2.0396814575e+01    0.0000000000e+00    0.0000000000e+00    0.0000000000e+00    1.2413690228e+02
    9.2073019892e+02    4.2844938846e+03   -1.3900195112e+05    1.4457650730e-02   -3.5574199773e-02   -1.8178405668e-02   -1.1535976898e-02   -3.9672863616e-02    3.2447406135e-03    2.4506993551e+02    0.0000000000e+00    0.0000000000e+00    0.0000000000e+00    2.0396814575e+01    0.0000000000e+00    0.0000000000e+00    0.0000000000e+00    1.2416942154e+02
    9.3407830455e+02    4.3466074951e+03   -1.3906415602e+05    1.0382493364e-03    1.3282504202e-02   -4.5982995086e-02    1.4164717446e-02    2.3713489382e-02   -2.8922965701e-02    2.4506993551e+02    0.0000000000e+00    0.0000000000e+00    0.0000000000e+00    2.0396814575e+01    0.0000000000e+00    0.0000000000e+00    0.0000000000e+00    1.2407775708e+02
    9.2567550854e+02    4.3075062164e+03   -1.3902494909e+05   -7.8244894108e-02   -2.7671924649e-02   -1.4069124364e-02   -1.3499580408e-02   -7.1933036904e-03   -5.0378465752e-03    2.4506993551e+02    0.0000000000e+00    0.0000000000e+00    0.0000000000e+00    2.0396814575e+01    0.0000000000e+00    0.0000000000e+00    0.0000000000e+00    1.2418799696e+02
    9.3316525190e+02    4.3423587277e+03   -1.3905967962e+05    2.0153766792e-02    5.6780197804e-02    9.8488376127e-02    1.2404140389e-02   -6.3973553576e-02   -1.5434662616e-02    2.4506993551e+02    0.0000000000e+00    0.0000000000e+00    0.0000000000e+00    2.0396814575e+01    0.0000000000e+00    0.0000000000e+00    0.0000000000e+00    1.2396988213e+02
    9.2152738905e+02    4.2882035015e+03   -1.3900558523e+05   -8.0226999596e-02    2.8257047722e-02   -6.2817187279e-02    9.3293191010e-03   -9.9735591096e-03    1.4900055726e-02    2.4506993551e+02    0.0000000000e+00    0.0000000000e+00    0.0000000000e+00    2.0396814575e+01    0.0000000000e+00    0.0000000000e+00    0.0000000000e+00    1.2421988877e+02
    9.2216661152e+02    4.2911780371e+03   -1.3900866928e+05   -1.3569818983e-02    1.8831738945e-02    7.7601802897e-03    1.6823678677e-03    5.4904706135e-03   -2.6034165673e-02    2.4506993551e+02    0.0000000000e+00    0.0000000000e+00    0.0000000000e+00    2.0396814575e+01    0.0000000000e+00    0.0000000000e+00    0.0000000000e+00    1.2414733285e+02
    9.2060232205e+02    4.2838988269e+03   -1.3900129411e+05    2.9581848123e-03    6.6660214991e-02    3.0488411993e-02   -1.1698562763e-02    1.6904569419e-02   -2.4823013141e-02    2.4506993551e+02    0.0000000000e+00    0.0000000000e+00    0.0000000000e+00    2.0396814575e+01    0.0000000000e+00    0.0000000000e+00    0.0000000000e+00    1.2408343481e+02
    9.2480081305e+02    4.3034359389e+03   -1.3902087918e+05   -5.5468586821e-04    2.3744323738e-02    1.0128409701e-02    3.3692852856e-02    1.7865714116e-02   -1.9124687145e-02    2.4506993551e+02    0.0000000000e+00    0.0000000000e+00    0.0000000000e+00    2.0396814575e+01    0.0000000000e+00    0.0000000000e+00    0.0000000000e+00    1.2409485062e+02
    9.2231949696e+02    4.2918894689e+03   -1.3900931642e+05   -2.3900555363e-02   -4.5231482752e-02   -3.7128907287e-02    9.8887446004e-03    2.0660182683e-02   -1.1042345403e-02    2.4506993551e+02    0.0000000000e+00    0.0000000000e+00    0.0000000000e+00    2.0396814575e+01    0.0000000000e+00    0.0000000000e+00    0.0000000000e+00    1.2420110877e+02
    9.2665901488e+02    4.3120828307e+03   -1.3902943705e+05    4.4794794963e-02    7.0721379572e-02    6.8795262254e-02   -4.2360817013e-02    3.2018385409e-02    3.4449518583e-03    2.4506993551e+02    0.0000000000e+00    0.0000000000e+00    0.0000000000e+00    2.0396814575e+01    0.0000000000e+00    0.0000000000e+00    0.0000000000e+00    1.2399573471e+02
    9.3466680887e+02    4.3493460207e+03   -1.3906680143e+05   -5.2838163807e-04   -1.3296845891e-03    2.6306972460e-03    1.6192455140e-02    1.7651565791e-02    2.0301881819e-03    2.4506993551e+02    0.0000000000e+00    0.0000000000e+00    0.0000000000e+00    2.0396814575e+01    0.0000000000e+00    0.0000000000e+00    0.0000000000e+00    1.2404494206e+02
    9.2676322073e+02    4.3125677385e+03   -1.3902989655e+05   -2.1596360207e-02   -6.2779692612e-04   -3.6469551780e-02    2.6328305601e-02   -8.0179347470e-04    1.7219054334e-02    2.4506993551e+02    0.0000000000e+00    0.0000000000e+00    0.0000000000e+00    2.0396814575e+01    0.0000000000e+00    0.0000000000e+00    0.0000000000e+00    1.2413549452e+02
    9.3384828333e+02    4.3455371224e+03   -1.3906296772e+05   -8.6317930853e-03   -1.4934446652e-02   -2.3519473395e-02    4.4819333400e-02   -3.0977234843e-02   -1.6569729956e-02    2.4506993551e+02    0.0000000000e+00    0.0000000000e+00    0.0000000000e+00    2.0396814575e+01    0.0000000000e+00    0.0000000000e+00    0.0000000000e+00    1.2411079892e+02
    9.2518895343e+02    4.3052420978e+03   -1.3902259302e+05   -3.3647615786e-02   -3.6173457065e-02   -3.4601427830e-02    1.5242692901e-02   -2.5410054599e-02    8.5622017547e-03    2.4506993551e+02    0.0000000000e+00    0.0000000000e+00    0.0000000000e+00    2.0396814575e+01    0.0000000000e+00    0.0000000000e+00    0.0000000000e+00    1.2419241240e+02
    9.2827739739e+02    4.3196137555e+03   -1.3903693724e+05    2.4165596833e-02    4.3914512427e-02    2.9106242553e-03    1.1407366792e-02   -1.5295613436e-02   -8.5139859923e-03    2.4506993551e+02    0.0000000000e+00    0.0000000000e+00    0.0000000000e+00    2.0396814575e+01    0.0000000000e+00    0.0000000000e+00    0.0000000000e+00    1.2406656818e+02
    9.3469641733e+02    4.3494837997e+03   -1.3906678836e+05   -3.8719874109e-02    1.4332015012e-02    1.0090218417e-02    1.5476102822e-02    2.4966183702e-03    7.0575853761e-03    2.4506993551e+02    0.0000000000e+00    0.0000000000e+00    0.0000000000e+00    2.0396814575e+01    0.0000000000e+00    0.0000000000e+00    0.0000000000e+00    1.2406734551e+02
    9.2422694364e+02    4.3007655149e+03   -1.3901788189e+05   -4.0346933703e-02   -4.0094415128e-02   -5.2800568321e-02   -2.7889829406e-02   -7.2403189870e-02    9.8858869723e-03    2.4506993551e+02    0.0000000000e+00    0.0000000000e+00    0.0000000000e+00    2.0396814575e+01    0.0000000000e+00    0.0000000000e+00    0.0000000000e+00    1.2420522708e+02
    9.2014255855e+02    4.2817593794e+03   -1.3899887151e+05   -1.7635079993e-02    2.0480895675e-02   -2.9062970593e-02    1.5656448597e-02   -8.5773212377e-02    1.1528683110e-02    2.4506993551e+02    0.0000000000e+00    0.0000000000e+00    0.0000000000e+00    2.0396814575e+01    0.0000000000e+00    0.0000000000e+00    0.0000000000e+00    1.2418180982e+02
    9.2351519140e+02    4.2974534718e+03   -1.3901435993e+05    3.4838741669e-02    8.6328262451e-02    5.3536859037e-02    4.0751736686e-02    4.7552982026e-02   -5.2369224372e-03    2.4506993551e+02    0.0000000000e+00    0.0000000000e+00    0.0000000000e+00    2.0396814575e+01    0.0000000000e+00    0.0000000000e+00    0.0000000000e+00    1.2402597931e+02
    9.2726773975e+02    4.3149154498e+03   -1.3903165296e+05   -8.3503803288e-02   -2.0646041916e-02   -3.0465135867e-02    3.3040797282e-02    2.8490253711e-02   -3.0621489974e-02    2.4506993551e+02    0.0000000000e+00    0.0000000000e+00    0.0000000000e+00    2.0396814575e+01    0.0000000000e+00    0.0000000000e+00    0.0000000000e+00    1.2417911127e+02
    9.3353023307e+02    4.3440571184e+03   -1.3906087160e+05   -5.9988937611e-02    1.5740073977e-02    1.5620660100e-02    3.8222898234e-02    2.6770302698e-02    1.6521953119e-02    2.4506993551e+02    0.0000000000e+00    0.0000000000e+00    0.0000000000e+00    2.0396814575e+01    0.0000000000e+00    0.0000000000e+00    0.0000000000e+00    1.2407706977e+02
    9.2611465891e+02    4.3095497435e+03   -1.3902623330e+05    7.2405243878e-03    2.3251394598e-02    2.2041370214e-02   -2.1277043141e-02   -1.5275577334e-03    7.0518004580e-03    2.4506993551e+02    0.0000000000e+00    0.0000000000e+00    0.0000000000e+00    2.0396814575e+01    0.0000000000e+00    0.0000000000e+00    0.0000000000e+00    1.2408605223e+02
    9.2508752154e+02    4.3047700982e+03   -1.3902144153e+05   -3.7547367968e-02   -3.7093961257e-02   -2.4437762079e-02   -6.6894304681e-03   -1.9400918226e-02   -2.0061026683e-02    2.4506993551e+02    0.0000000000e+00    0.0000000000e+00    0.0000000000e+00    2.0396814575e+01    0.0000000000e+00    0.0000000000e+00    0.0000000000e+00    1.2419334314e+02
    9.2842035847e+02    4.3202790057e+03   -1.3903676639e+05    3.2207920968e-02    4.1699020492e-02    5.0630936943e-02    3.7405454279e-02   -2.5074514730e-02   -2.0390684433e-02    2.4506993551e+02    0.0000000000e+00    0.0000000000e+00    0.0000000000e+00    2.0396814575e+01    0.0000000000e+00    0.0000000000e+00    0.0000000000e+00    1.2403282464e+02
    9.2669919619e+02    4.3122698089e+03   -1.3902868677e+05   -5.9014127146e-02    1.4469765959e-03   -7.0842707832e-02    2.7408557489e-02    1.0283576077e-02    5.0595464316e-03    2.4506993551e+02    0.0000000000e+00    0.0000000000e+00    0.0000000000e+00    2.0396814575e+01    0.0000000000e+00    0.0000000000e+00    0.0000000000e+00    1.2420027279e+02
    9.2355760912e+02    4.2976508569e+03   -1.3901406723e+05    1.9256360489e-02    4.5561364579e-02    7.1454814799e-02   -3.0523677090e-02    2.8510296420e-02    1.7152845709e-02    2.4506993551e+02    0.0000000000e+00    0.0000000000e+00    0.0000000000e+00    2.0396814575e+01    0.0000000000e+00    0.0000000000e+00    0.0000000000e+00    1.2406469056e+02
    9.3180307162e+02    4.3360200054e+03   -1.3905256117e+05   -2.3903594181e-02    5.3331090346e-03    2.9292096371e-02    2.9000566123e-02   -6.5394159348e-02   -9.6603662625e-03    2.4506993551e+02    0.0000000000e+00    0.0000000000e+00    0.0000000000e+00    2.0396814575e+01    0.0000000000e+00    0.0000000000e+00    0.0000000000e+00    1.2410520979e+02
    9.2324362990e+02    4.2961897970e+03   -1.3901249395e+05   -8.7380639492e-02   -1.7772474474e-02   -8.9456089260e-02    4.7436663118e-03   -2.8402107063e-02    3.5736186412e-02    2.4506993551e+02    0.0000000000e+00    0.0000000000e+00    0.0000000000e+00    2.0396814575e+01    0.0000000000e+00    0.0000000000e+00    0.0000000000e+00    1.2426746846e+02
    9.3007281154e+02    4.3279684733e+03   -1.3904413541e+05   -3.4059055193e-03    4.9502588080e-02    4.7395245267e-02   -2.2476974459e-02   -2.5125689255e-02    3.8410972306e-02    2.4506993551e+02    0.0000000000e+00    0.0000000000e+00    0.0000000000e+00    2.0396814575e+01    0.0000000000e+00    0.0000000000e+00    0.0000000000e+00    1.2404675489e+02
    9.1932081424e+02    4.2779355030e+03   -1.3899389683e+05   -4.3075297236e-02   -4.7138981875e-03   -6.1856624325e-02    8.2787549048e-03   -4.1340581027e-03   -2.1618484407e-02    2.4506993551e+02    0.0000000000e+00    0.0000000000e+00    0.0000000000e+00    2.0396814575e+01    0.0000000000e+00    0.0000000000e+00    0.0000000000e+00    1.2424110763e+02
    9.2517908045e+02    4.3051961552e+03   -1.3902125731e+05   -1.0950389613e-02    1.6577621820e-02    3.8249522587e-02   -1.3804212235e-02   -2.9961105839e-02   -2.1545964804e-02    2.4506993551e+02    0.0000000000e+00    0.0000000000e+00    0.0000000000e+00    2.0396814575e+01    0.0000000000e+00    0.0000000000e+00    0.0000000000e+00    1.2412165228e+02
    9.1893596334e+02    4.2761446512e+03   -1.3899222216e+05   -1.3543196635e-02    1.4459561735e-02    4.0034608201e-03    2.8566875223e-03    3.3461523346e-02   -2.1651377680e-02    2.4506993551e+02    0.0000000000e+00    0.0000000000e+00    0.0000000000e+00    2.0396814575e+01    0.0000000000e+00    0.0000000000e+00    0.0000000000e+00    1.2417419426e+02
    9.2744941477e+02    4.3157608500e+03   -1.3903191327e+05   -2.2373443555e-03   -7.3791816380e-03    1.5704658708e-02    1.9476636271e-02   -3.7141900174e-02    1.6765498865e-02    2.4506993551e+02    0.0000000000e+00    0.0000000000e+00    0.0000000000e+00    2.0396814575e+01    0.0000000000e+00    0.0000000000e+00    0.0000000000e+00    1.2410853586e+02
    9.2765330502e+02    4.3167096258e+03   -1.3903284456e+05    6.2476442275e-02    4.1181533325e-02    3.9800691903e-02    3.0586717286e-02   -5.4602222229e-02   -1.8528120618e-02    2.4506993551e+02    0.0000000000e+00    0.0000000000e+00    0.0000000000e+00    2.0396814575e+01    0.0000000000e+00    0.0000000000e+00    0.0000000000e+00    1.2402390149e+02
    9.2811842505e+02    4.3188739992e+03   -1.3903497539e+05   -6.9484789275e-02   -4.7110686406e-02   -5.7651714513e-02    3.2716868845e-02    4.4594575320e-02   -1.4623602185e-02    2.4506993551e+02    0.0000000000e+00    0.0000000000e+00    0.0000000000e+00    2.0396814575e+01    0.0000000000e+00    0.0000000000e+00    0.0000000000e+00    1.2419961847e+02
    9.2968384327e+02    4.3261584619e+03   -1.3904225708e+05    3.6009713163e-02    6.5526906981e-02    2.3554530073e-02   -1.2138521876e-03    3.2548395522e-02   -9.0085098301e-03    2.4506993551e+02    0.0000000000e+00    0.0000000000e+00    0.0000000000e+00    2.0396814575e+01    0.0000000000e+00    0.0000000000e+00    0.0000000000e+00    1.2402382628e+02
    9.2669358419e+02    4.3122436943e+03   -1.3902835741e+05    2.8946607424e-02   -2.6910714714e-02    2.6722176203e-02    1.2069327396e-02   -6.4273766077e-02    2.2421551704e-03    2.4506993551e+02    0.0000000000e+00    0.0000000000e+00    0.0000000000e+00    2.0396814575e+01    0.0000000000e+00    0.0000000000e+00    0.0000000000e+00    1.2410613738e+02
    9.4232210413e+02    4.3849689054e+03   -1.3910105830e+05   -7.2167311613e-03    1.5704580139e-02    2.3459959312e-02   -5.8411642225e-03    1.2775906180e-02   -6.7965115464e-03    2.4506993551e+02    0.0000000000e+00    0.0000000000e+00    0.0000000000e+00    2.0396814575e+01    0.0000000000e+00    0.0000000000e+00    0.0000000000e+00    1.2397386671e+02
    9.2648783071e+02    4.3112862482e+03   -1.3902715930e+05   -3.4192383046e-02    1.8452081518e-02   -3.9429875747e-02    1.4745314719e-04    3.5826629568e-02    6.0509111191e-03    2.4506993551e+02    0.0000000000e+00    0.0000000000e+00    0.0000000000e+00    2.0396814575e+01    0.0000000000e+00    0.0000000000e+00    0.0000000000e+00    1.2412565173e+02
    9.2903220560e+02    4.3231261538e+03   -1.3903907154e+05   -2.8504363394e-02    1.9173042269e-02    5.2365895533e-02   -3.1211092806e-04   -4.1544514079e-02    1.0473501266e-02    2.4506993551e+02    0.0000000000e+00    0.0000000000e+00    0.0000000000e+00    2.0396814575e+01    0.0000000000e+00    0.0000000000e+00    0.0000000000e+00    1.2405884942e+02
    9.2914670965e+02    4.3236589829e+03   -1.3903958872e+05    1.1409643842e-02    1.8696944828e-02    2.6605020665e-02   -2.3916942738e-02   -1.8518749416e-02   -6.5572518308e-03    2.4506993551e+02    0.0000000000e+00    0.0000000000e+00    0.0000000000e+00    2.0396814575e+01    0.0000000000e+00    0.0000000000e+00    0.0000000000e+00    1.2407534435e+02
    9.2502795773e+02    4.3044929260e+03   -1.3902022792e+05   -5.2859255858e-02   -4.4816362231e-02   -3.6046605366e-02    9.0558199224e-03   -1.9447327015e-02   -1.2680968574e-02    2.4506993551e+02    0.0000000000e+00    0.0000000000e+00    0.0000000000e+00    2.0396814575e+01    0.0000000000e+00    0.0000000000e+00    0.0000000000e+00    1.2420105542e+02
    9.2775134726e+02    4.3171658521e+03   -1.3903289839e+05    6.5171007096e-02    5.1946940134e-02    1.1494392973e-01   -2.1886357748e-02    1.9849688900e-02    1.2656635174e-02    2.4506993551e+02    0.0000000000e+00    0.0000000000e+00    0.0000000000e+00    2.0396814575e+01    0.0000000000e+00    0.0000000000e+00    0.0000000000e+00    1.2397913563e+02
    9.2497892123e+02    4.3042647413e+03   -1.3901996988e+05   -2.1222284988e-02    1.0074936207e-02    1.7269212625e-02   -1.0649850609e-03    5.5034534289e-03    2.0696405111e-02    2.4506993551e+02    0.0000000000e+00    0.0000000000e+00    0.0000000000e+00    2.0396814575e+01    0.0000000000e+00    0.0000000000e+00    0.0000000000e+00    1.2411652731e+02
    9.2884109660e+02    4.3222368538e+03   -1.3903799615e+05   -4.0212772862e-02   -1.7520896487e-02   -4.0365334791e-02   -2.0173014551e-03   -6.8604623307e-04    1.4455776499e-02    2.4506993551e+02    0.0000000000e+00    0.0000000000e+00    0.0000000000e+00    2.0396814575e+01    0.0000000000e+00    0.0000000000e+00    0.0000000000e+00    1.2414831502e+02
    9.2831983821e+02    4.3198112482e+03   -1.3903552293e+05    2.0928593932e-02    9.3470040045e-02    4.0710904141e-02    4.9355613521e-03    2.2466553240e-02   -2.2516079868e-02    2.4506993551e+02    0.0000000000e+00    0.0000000000e+00    0.0000000000e+00    2.0396814575e+01    0.0000000000e+00    0.0000000000e+00    0.0000000000e+00    1.2399952260e+02
    9.2915237531e+02    4.3236853474e+03   -1.3903940872e+05   -2.3436924324e-02   -2.5285594982e-02   -2.5118696548e-02   -1.1720675251e-02    2.0999152380e-02    2.6692346980e-03    2.4506993551e+02    0.0000000000e+00    0.0000000000e+00    0.0000000000e+00    2.0396814575e+01    0.0000000000e+00    0.0000000000e+00    0.0000000000e+00    1.2413201494e+02
    9.3228608657e+02    4.3382676503e+03   -1.3905397092e+05   -4.6928003629e-02   -2.5201002698e-02    1.7906465369e-02   -2.9482353141e-02    1.8636986056e-02   -1.5057581532e-02    2.4506993551e+02    0.0000000000e+00    0.0000000000e+00    0.0000000000e+00    2.0396814575e+01    0.0000000000e+00    0.0000000000e+00    0.0000000000e+00    1.2410867522e+02
    9.2478966506e+02    4.3033840632e+03   -1.3901903549e+05    4.0056708990e-03    3.8747452054e-02    5.0525372781e-02   -4.8477078161e-03    2.7012382350e-02    3.8561989646e-02    2.4506993551e+02    0.0000000000e+00    0.0000000000e+00    0.0000000000e+00    2.0396814575e+01    0.0000000000e+00    0.0000000000e+00    0.0000000000e+00    1.2405659687e+02
    9.2707248628e+02    4.3140068641e+03   -1.3902964899e+05   -4.1087514691e-02    3.4038601394e-02   -2.7628773555e-02    1.4704098422e-02    1.6983219762e-03   -3.7571067769e-04    2.4506993551e+02    0.0000000000e+00    0.0000000000e+00    0.0000000000e+00    2.0396814575e+01    0.0000000000e+00    0.0000000000e+00    0.0000000000e+00    1.2410946340e+02
    9.2652947893e+02    4.3114800525e+03   -1.3902716684e+05   -2.4493896227e-02    2.3607267210e-04   -3.2516115956e-03   -5.0701428511e-02   -3.2904718033e-02   -2.2495720280e-02    2.4506993551e+02    0.0000000000e+00    0.0000000000e+00    0.0000000000e+00    2.0396814575e+01    0.0000000000e+00    0.0000000000e+00    0.0000000000e+00    1.2412763368e+02
    9.3019430832e+02    4.3285338422e+03   -1.3904405683e+05    6.8340164202e-03    6.5113620713e-02    7.8466055958e-02    2.6113311495e-02    1.4644982142e-02   -6.3764965782e-03    2.4506993551e+02    0.0000000000e+00    0.0000000000e+00    0.0000000000e+00    2.0396814575e+01    0.0000000000e+00    0.0000000000e+00    0.0000000000e+00    1.2401157528e+02
    9.2394119363e+02    4.2994358158e+03   -1.3901492523e+05   -5.6308722598e-02   -2.0013420882e-02   -5.0179765859e-02   -1.7294794770e-03    3.1331019056e-02   -1.6452347979e-02    2.4506993551e+02    0.0000000000e+00    0.0000000000e+00    0.0000000000e+00    2.0396814575e+01    0.0000000000e+00    0.0000000000e+00    0.0000000000e+00    1.2422474101e+02
    9.2057561404e+02    4.2837745448e+03   -1.3899913777e+05   -1.4675775749e-03    1.5383847340e-02   -2.1068016715e-03   -1.2294950082e-02   -8.9063595459e-04   -2.6209333291e-03    2.4506993551e+02    0.0000000000e+00    0.0000000000e+00    0.0000000000e+00    2.0396814575e+01    0.0000000000e+00    0.0000000000e+00    0.0000000000e+00    1.2415563384e+02
    9.2804623476e+02    4.3185380714e+03   -1.3903378543e+05    4.8514296547e-02    5.0864239951e-02    1.5074923261e-02   -3.4917909103e-02   -2.9902805231e-02    7.9610323276e-04    2.4506993551e+02    0.0000000000e+00    0.0000000000e+00    0.0000000000e+00    2.0396814575e+01    0.0000000000e+00    0.0000000000e+00    0.0000000000e+00    1.2405124523e+02
    9.2416880635e+02    4.3004949809e+03   -1.3901582247e+05   -5.3577122550e-02    6.4873074182e-03   -1.4310379444e-02    3.6161904658e-03    4.2600992365e-02    2.1806114805e-02    2.4506993551e+02    0.0000000000e+00    0.0000000000e+00    0.0000000000e+00    2.0396814575e+01    0.0000000000e+00    0.0000000000e+00    0.0000000000e+00    1.2417630912e+02
    9.2470491979e+02    4.3029897125e+03   -1.3901831251e+05    1.2153586056e-02    5.6471547700e-02   -1.3496663151e-03    2.6231295978e-02    6.1777845957e-02   -2.1991831297e-02    2.4506993551e+02    0.0000000000e+00    0.0000000000e+00    0.0000000000e+00    2.0396814575e+01    0.0000000000e+00    0.0000000000e+00    0.0000000000e+00    1.2411559749e+02
    9.2711213402e+02    4.3141913595e+03   -1.3902953690e+05   -5.4476183256e-02    3.4937647358e-02   -6.2093826208e-02    2.2692341172e-02   -2.0702269737e-02    1.4546885235e-02    2.4506993551e+02    0.0000000000e+00    0.0000000000e+00    0.0000000000e+00    2.0396814575e+01    0.0000000000e+00    0.0000000000e+00    0.0000000000e+00    1.2417870396e+02
    9.2458647352e+02    4.3024385388e+03   -1.3901776611e+05   -7.3635178572e-02   -1.7807936829e-02   -5.2401845567e-02   -1.0046159443e-02    4.9499154682e-03   -2.2932297530e-02    2.4506993551e+02    0.0000000000e+00    0.0000000000e+00    0.0000000000e+00    2.0396814575e+01    0.0000000000e+00    0.0000000000e+00    0.0000000000e+00    1.2420975924e+02
    9.2803635736e+02    4.3184921082e+03   -1.3903382123e+05   -1.4002940032e-02    4.4951859949e-02    1.0594934594e-02    2.4422259178e-02    4.5407689435e-03   -1.6642732416e-02    2.4506993551e+02    0.0000000000e+00    0.0000000000e+00    0.0000000000e+00    2.0396814575e+01    0.0000000000e+00    0.0000000000e+00    0.0000000000e+00    1.2407654500e+02
    9.2444529607e+02    4.3017815885e+03   -1.3901711042e+05   -5.0371502863e-02   -5.7393941534e-02   -5.9694216895e-02   -1.5134357517e-02    8.8048855705e-04   -5.6799318640e-03    2.4506993551e+02    0.0000000000e+00    0.0000000000e+00    0.0000000000e+00    2.0396814575e+01    0.0000000000e+00    0.0000000000e+00    0.0000000000e+00    1.2423179333e+02
    9.2222972121e+02    4.2914717095e+03   -1.3900689110e+05   -3.1975631919e-03    2.1923774026e-02    2.2221988022e-02   -1.0651615043e-02    1.6680367261e-02   -2.5263299613e-02    2.4506993551e+02    0.0000000000e+00    0.0000000000e+00    0.0000000000e+00    2.0396814575e+01    0.0000000000e+00    0.0000000000e+00    0.0000000000e+00    1.2412709197e+02
    9.2628559020e+02    4.3103451492e+03   -1.3902573559e+05   -8.8493471393e-03    1.7140797091e-02    5.2400413012e-02    3.4703346763e-02   -4.5397694021e-03    2.4081885536e-03    2.4506993551e+02    0.0000000000e+00    0.0000000000e+00    0.0000000000e+00    2.0396814575e+01    0.0000000000e+00    0.0000000000e+00    0.0000000000e+00    1.2408388228e+02
    9.2634992168e+02    4.3106445071e+03   -1.3902603550e+05    2.4182215982e-02    3.4890601368e-02    3.0292862257e-02    1.6162744123e-02   -7.0146885777e-03    1.0277410009e-02    2.4506993551e+02    0.0000000000e+00    0.0000000000e+00    0.0000000000e+00    2.0396814575e+01    0.0000000000e+00    0.0000000000e+00    0.0000000000e+00    1.2407206722e+02
    9.2234901630e+02    4.2920268332e+03   -1.3900745191e+05   -5.1941564675e-02    6.4165076232e-04   -4.5786765630e-02   -1.3495612011e-02    9.5286034408e-03    2.1393328388e-04    2.4506993551e+02    0.0000000000e+00    0.0000000000e+00    0.0000000000e+00    2.0396814575e+01    0.0000000000e+00    0.0000000000e+00    0.0000000000e+00    1.2419372199e+02
    9.3218892640e+02    4.3378155286e+03   -1.3905337708e+05   -4.1504692664e-02   -1.8284919037e-02   -4.0435619504e-02    6.1237733181e-03   -9.0035725794e-03    1.8667028591e-02    2.4506993551e+02    0.0000000000e+00    0.0000000000e+00    0.0000000000e+00    2.0396814575e+01    0.0000000000e+00    0.0000000000e+00    0.0000000000e+00    1.2414173486e+02
    9.2943236931e+02    4.3249882617e+03   -1.3904049732e+05    2.3195186365e-02    1.8909849914e-02    3.3959588046e-02   -2.6411978849e-03    1.2642936676e-03   -9.6533848359e-03    2.4506993551e+02    0.0000000000e+00    0.0000000000e+00    0.0000000000e+00    2.0396814575e+01    0.0000000000e+00    0.0000000000e+00    0.0000000000e+00    1.2404496761e+02
    9.2865771995e+02    4.3213835353e+03   -1.3903690873e+05   -1.3850248564e-02    1.7813656399e-02    7.5034985230e-05   -1.3578661926e-02   -2.2309650108e-02   -3.7091100079e-03    2.4506993551e+02    0.0000000000e+00    0.0000000000e+00    0.0000000000e+00    2.0396814575e+01    0.0000000000e+00    0.0000000000e+00    0.0000000000e+00    1.2409112296e+02
    9.2270885029e+02    4.2937012721e+03   -1.3900935957e+05    2.2454070664e-03   -3.4471454377e-02   -1.1775159905e-02   -3.1527039873e-04   -1.4764592804e-02   -1.1104307193e-02    2.4506993551e+02    0.0000000000e+00    0.0000000000e+00    0.0000000000e+00    2.0396814575e+01    0.0000000000e+00    0.0000000000e+00    0.0000000000e+00    1.2416381182e+02
    9.3316542786e+02    4.3423595465e+03   -1.3905806488e+05   -1.0729475600e-03    2.5160797714e-02   -1.2154023591e-02   -7.3199333755e-03   -3.0987458755e-02    7.3486735168e-03    2.4506993551e+02    0.0000000000e+00    0.0000000000e+00    0.0000000000e+00    2.0396814575e+01    0.0000000000e+00    0.0000000000e+00    0.0000000000e+00    1.2406708441e+02
    9.2775426199e+02    4.3171794154e+03   -1.3903283118e+05   -2.3365786909e-02   -1.9454904996e-02   -2.8708080253e-02    1.0186882464e-02    1.9449265241e-02   -9.1118060664e-03    2.4506993551e+02    0.0000000000e+00    0.0000000000e+00    0.0000000000e+00    2.0396814575e+01    0.0000000000e+00    0.0000000000e+00    0.0000000000e+00    1.2414742107e+02
    9.2698151213e+02    4.3135835281e+03   -1.3902940462e+05    2.5150077011e-02    5.8943177462e-02    9.9194733463e-02   -7.7950703881e-03    6.1978016814e-02    2.5231950751e-02    2.4506993551e+02    0.0000000000e+00    0.0000000000e+00    0.0000000000e+00    2.0396814575e+01    0.0000000000e+00    0.0000000000e+00    0.0000000000e+00    1.2398501902e+02
    9.2740040863e+02    4.3155328065e+03   -1.3903153695e+05   -2.0086538199e-03    1.7788718259e-02   -4.3614071679e-03    1.9759937916e-02    4.4110536870e-03    3.7556784328e-03    2.4506993551e+02    0.0000000000e+00    0.0000000000e+00    0.0000000000e+00    2.0396814575e+01    0.0000000000e+00    0.0000000000e+00    0.0000000000e+00    1.2409474917e+02
    9.2681209132e+02    4.3127951512e+03   -1.3902874953e+05    5.7238515186e-04    2.3936579835e-02    5.5788934254e-03    2.7139310680e-02   -1.4833438315e-02   -4.1801755906e-02    2.4506993551e+02    0.0000000000e+00    0.0000000000e+00    0.0000000000e+00    2.0396814575e+01    0.0000000000e+00    0.0000000000e+00    0.0000000000e+00    1.2408527556e+02
    9.3060975830e+02    4.3304670827e+03   -1.3904646964e+05   -4.0232112211e-03    6.2371456767e-03   -3.5260943863e-02    4.1576011257e-02   -1.3922837165e-02    1.4235226384e-02    2.4506993551e+02    0.0000000000e+00    0.0000000000e+00    0.0000000000e+00    2.0396814575e+01    0.0000000000e+00    0.0000000000e+00    0.0000000000e+00    1.2409116316e+02
    9.2519350731e+02    4.3052632887e+03   -1.3902125837e+05   -3.4409862059e-02    1.8945088522e-02   -4.9920511751e-02   -2.3172798075e-02    2.4108218872e-02    3.5711706758e-02    2.4506993551e+02    0.0000000000e+00    0.0000000000e+00    0.0000000000e+00    2.0396814575e+01    0.0000000000e+00    0.0000000000e+00    0.0000000000e+00    1.2415980043e+02
    9.2674520122e+02    4.3124838872e+03   -1.3902843290e+05    7.0965220627e-02    6.3378671624e-02    1.1746314565e-01   -1.3513206700e-02    5.0204014064e-03   -6.1465309327e-03    2.4506993551e+02    0.0000000000e+00    0.0000000000e+00    0.0000000000e+00    2.0396814575e+01    0.0000000000e+00    0.0000000000e+00    0.0000000000e+00    1.2398362437e+02
    9.2680665663e+02    4.3127698616e+03   -1.3902883160e+05    6.9649056196e-03   -1.5261238717e-03    4.6006419108e-03   -2.3370541365e-02   -7.3574057867e-03    2.8743948937e-05    2.4506993551e+02    0.0000000000e+00    0.0000000000e+00    0.0000000000e+00    2.0396814575e+01    0.0000000000e+00    0.0000000000e+00    0.0000000000e+00    1.2412877054e+02
    9.1641306613e+02    4.2644046891e+03   -1.3898038363e+05    1.1217205369e-02    1.2809149556e-02    1.4698585062e-02    3.0613886952e-02    2.0885524542e-02   -1.5341175985e-02    2.4506993551e+02    0.0000000000e+00    0.0000000000e+00    0.0000000000e+00    2.0396814575e+01    0.0000000000e+00    0.0000000000e+00    0.0000000000e+00    1.2416786621e+02
    9.2563454575e+02    4.3073156016e+03   -1.3902332794e+05   -2.6728203671e-02    5.2436024765e-03   -6.5553727079e-02    1.9302020362e-02    3.8003436512e-02    4.0898874280e-02    2.4506993551e+02    0.0000000000e+00    0.0000000000e+00    0.0000000000e+00    2.0396814575e+01    0.0000000000e+00    0.0000000000e+00    0.0000000000e+00    1.2416669685e+02
    9.2300371565e+02    4.2950733883e+03   -1.3901102075e+05   -1.6132443982e-02    1.0895126073e-02   -5.3296003964e-02   -1.6368306622e-02   -1.0857478108e-03    2.3375391906e-02    2.4506993551e+02    0.0000000000e+00    0.0000000000e+00    0.0000000000e+00    2.0396814575e+01    0.0000000000e+00    0.0000000000e+00    0.0000000000e+00    1.2417327306e+02
    9.3074443248e+02    4.3310937708e+03   -1.3904719716e+05    6.3221457804e-02    5.8556882031e-02    7.3014532353e-02   -2.6504802787e-02    1.3258742154e-02   -2.9274208361e-02    2.4506993551e+02    0.0000000000e+00    0.0000000000e+00    0.0000000000e+00    2.0396814575e+01    0.0000000000e+00    0.0000000000e+00    0.0000000000e+00    1.2398395040e+02
    9.2881768769e+02    4.3221279236e+03   -1.3903833456e+05   -6.4949159808e-02   -3.2704124217e-02   -5.2887446989e-02   -5.9572341021e-03    3.5124353272e-02   -3.3955118126e-02    2.4506993551e+02    0.0000000000e+00    0.0000000000e+00    0.0000000000e+00    2.0396814575e+01    0.0000000000e+00    0.0000000000e+00    0.0000000000e+00    1.2420310781e+02
    9.2909269148e+02    4.3234076167e+03   -1.3903964883e+05    1.9920564799e-02    2.3139022820e-04    2.3956617558e-02   -2.5671971640e-02    2.4892600932e-02    1.0553936403e-02    2.4506993551e+02    0.0000000000e+00    0.0000000000e+00    0.0000000000e+00    2.0396814575e+01    0.0000000000e+00    0.0000000000e+00    0.0000000000e+00    1.2409276747e+02
    9.2473229253e+02    4.3031170879e+03   -1.3901935491e+05   -7.2672960706e-02   -2.4432617633e-02   -6.3130254859e-03   -8.7426236715e-03   -5.3741722425e-02    1.6869911737e-02    2.4506993551e+02    0.0000000000e+00    0.0000000000e+00    0.0000000000e+00    2.0396814575e+01    0.0000000000e+00    0.0000000000e+00    0.0000000000e+00    1.2418497434e+02
    9.2349773417e+02    4.2973722369e+03   -1.3901371782e+05   -3.9763557447e-02   -2.0996543838e-04   -1.4258571027e-02    5.3030305216e-03   -3.6360049888e-02   -1.9778633549e-02    2.4506993551e+02    0.0000000000e+00    0.0000000000e+00    0.0000000000e+00    2.0396814575e+01    0.0000000000e+00    0.0000000000e+00    0.0000000000e+00    1.2416711743e+02
    9.2891343392e+02    4.3225734658e+03   -1.3903895330e+05   -3.6015091508e-02   -3.6825599999e-02    1.5472978099e-02    8.9046189399e-03    1.0684791607e-02    3.0557951451e-02    2.4506993551e+02    0.0000000000e+00    0.0000000000e+00    0.0000000000e+00    2.0396814575e+01    0.0000000000e+00    0.0000000000e+00    0.0000000000e+00    1.2413999833e+02
    9.2826925082e+02    4.3195758466e+03   -1.3903598660e+05    1.1109624779e-02   -2.5373487816e-03    2.3129619711e-02    1.3768227676e-02    1.4728950698e-02   -9.5621264703e-03    2.4506993551e+02    0.0000000000e+00    0.0000000000e+00    0.0000000000e+00    2.0396814575e+01    0.0000000000e+00    0.0000000000e+00    0.0000000000e+00    1.2409849268e+02
    9.2708240806e+02    4.3140530337e+03   -1.3903053311e+05    1.7595611440e-02    5.0804795187e-02    2.2224981310e-02    2.9179238164e-02    3.3629249087e-02   -1.3464539156e-02    2.4506993551e+02    0.0000000000e+00    0.0000000000e+00    0.0000000000e+00    2.0396814575e+01    0.0000000000e+00    0.0000000000e+00    0.0000000000e+00    1.2406014067e+02
    9.2897682372e+02    4.3228684417e+03   -1.3903914059e+05   -4.1573361537e-02   -7.7308434843e-02   -2.9804552441e-02   -1.3436230465e-02   -2.5640945875e-02    1.5023595807e-02    2.4506993551e+02    0.0000000000e+00    0.0000000000e+00    0.0000000000e+00    2.0396814575e+01    0.0000000000e+00    0.0000000000e+00    0.0000000000e+00    1.2417911956e+02
    9.2768746826e+02    4.3168685998e+03   -1.3903307261e+05    4.1594971520e-02    8.1923761102e-02    5.8158115582e-02   -2.3103654265e-02    2.3876101683e-03   -1.8601741792e-02    2.4506993551e+02    0.0000000000e+00    0.0000000000e+00    0.0000000000e+00    2.0396814575e+01    0.0000000000e+00    0.0000000000e+00    0.0000000000e+00    1.2397844194e+02
    9.2977384578e+02    4.3265772764e+03   -1.3904269357e+05   -7.9463213548e-02   -2.0453250302e-02   -5.8814608241e-02    1.5530259847e-02    3.4039173293e-03   -1.3992177358e-02    2.4506993551e+02    0.0000000000e+00    0.0000000000e+00    0.0000000000e+00    2.0396814575e+01    0.0000000000e+00    0.0000000000e+00    0.0000000000e+00    1.2418521945e+02
    9.3669628388e+02    4.3587899091e+03   -1.3907496275e+05   -4.3865724795e-03    4.6486846588e-02    3.1120604576e-02    1.8578384161e-02   -7.6522062890e-03   -4.2279029890e-03    2.4506993551e+02    0.0000000000e+00    0.0000000000e+00    0.0000000000e+00    2.0396814575e+01    0.0000000000e+00    0.0000000000e+00    0.0000000000e+00    1.2400285733e+02
    9.2230483156e+02    4.2918212254e+03   -1.3900784023e+05   -6.9390839926e-02   -6.8915619054e-02   -6.8452303066e-02   -8.5341626248e-02   -2.1021412067e-04   -1.5304847349e-02    2.4506993551e+02    0.0000000000e+00    0.0000000000e+00    0.0000000000e+00    2.0396814575e+01    0.0000000000e+00    0.0000000000e+00    0.0000000000e+00    1.2425051124e+02
    9.2843373228e+02    4.3203412389e+03   -1.3903659054e+05    4.0534682650e-03    9.4489114954e-02    1.3264938015e-02   -2.8628746674e-02    1.3653141826e-02   -1.1110728467e-02    2.4506993551e+02    0.0000000000e+00    0.0000000000e+00    0.0000000000e+00    2.0396814575e+01    0.0000000000e+00    0.0000000000e+00    0.0000000000e+00    1.2402325003e+02
    9.2626326335e+02    4.3102412542e+03   -1.3902651714e+05   -2.9669111604e-02    4.2307128007e-02    1.7257083080e-02    5.2301373329e-02    2.7782255889e-02    7.4421162393e-03    2.4506993551e+02    0.0000000000e+00    0.0000000000e+00    0.0000000000e+00    2.0396814575e+01    0.0000000000e+00    0.0000000000e+00    0.0000000000e+00    1.2408641187e+02
    9.2550592483e+02    4.3067170815e+03   -1.3902309511e+05   -3.4078268060e-02    3.1762231227e-03   -2.7166538297e-02    4.8483021394e-02    2.3852026397e-02   -1.7655133612e-02    2.4506993551e+02    0.0000000000e+00    0.0000000000e+00    0.0000000000e+00    2.0396814575e+01    0.0000000000e+00    0.0000000000e+00    0.0000000000e+00    1.2414175951e+02
    9.2779133244e+02    4.3173519178e+03   -1.3903373567e+05    3.8223035069e-02    4.4478799449e-02    7.7641111012e-02   -4.4430563528e-02    7.0175560122e-03   -2.7382227133e-02    2.4506993551e+02    0.0000000000e+00    0.0000000000e+00    0.0000000000e+00    2.0396814575e+01    0.0000000000e+00    0.0000000000e+00    0.0000000000e+00    1.2399433003e+02
    9.2441831317e+02    4.3016560272e+03   -1.3901827494e+05   -6.2991693311e-02   -3.0290666066e-02   -1.0250183651e-02    3.6381082890e-03   -2.0592269772e-04    3.9152097411e-03    2.4506993551e+02    0.0000000000e+00    0.0000000000e+00    0.0000000000e+00    2.0396814575e+01    0.0000000000e+00    0.0000000000e+00    0.0000000000e+00    1.2419852169e+02
    9.2403403688e+02    4.2998678493e+03   -1.3901646673e+05   -3.9801176347e-02    1.7342205069e-03   -4.9998765164e-02    5.9533533132e-02   -2.4193681922e-02   -1.2592574470e-02    2.4506993551e+02    0.0000000000e+00    0.0000000000e+00    0.0000000000e+00    2.0396814575e+01    0.0000000000e+00    0.0000000000e+00    0.0000000000e+00    1.2419934258e+02
    9.2812397330e+02    4.3188998172e+03   -1.3903557313e+05   -4.4767138199e-02    5.4173775012e-02    3.5288046048e-03    2.8102028365e-02   -2.1614726497e-02    3.6152740729e-03    2.4506993551e+02    0.0000000000e+00    0.0000000000e+00    0.0000000000e+00    2.0396814575e+01    0.0000000000e+00    0.0000000000e+00    0.0000000000e+00    1.2409965393e+02
    9.1979335146e+02    4.2801343913e+03   -1.3899672508e+05   -3.7394041407e-02    9.9636486938e-03   -2.7904327685e-02   -1.8027079663e-02    2.6020984997e-02   -1.2995199316e-02    2.4506993551e+02    0.0000000000e+00    0.0000000000e+00    0.0000000000e+00    2.0396814575e+01    0.0000000000e+00    0.0000000000e+00    0.0000000000e+00    1.2418991542e+02
    9.2939594972e+02    4.3248187880e+03   -1.3904155947e+05   -3.0326053218e-02   -1.0130822195e-02   -4.5560251000e-02   -2.5144886064e-02    2.0197526872e-02    2.1479501958e-02    2.4506993551e+02    0.0000000000e+00    0.0000000000e+00    0.0000000000e+00    2.0396814575e+01    0.0000000000e+00    0.0000000000e+00    0.0000000000e+00    1.2415837944e+02
    9.2418298911e+02    4.3005609785e+03   -1.3901711303e+05    5.9871994959e-02    6.5967712272e-02    7.6182717131e-02    5.5425843095e-02   -4.9210129613e-03   -6.3935641484e-03    2.4506993551e+02    0.0000000000e+00    0.0000000000e+00    0.0000000000e+00    2.0396814575e+01    0.0000000000e+00    0.0000000000e+00    0.0000000000e+00    1.2401528643e+02
    9.2950747388e+02    4.3253377507e+03   -1.3904198795e+05   -9.1749011921e-02   -4.4789366245e-02   -6.2347244690e-02    3.3854374312e-02    4.1571683121e-03   -6.2005987673e-03    2.4506993551e+02    0.0000000000e+00    0.0000000000e+00    0.0000000000e+00    2.0396814575e+01    0.0000000000e+00    0.0000000000e+00    0.0000000000e+00    1.2421993760e+02
    9.2044866737e+02    4.2831838155e+03   -1.3899982221e+05   -1.8439495348e-03    3.8930313443e-02    3.1841123640e-02   -8.6915493259e-03   -1.7566963064e-02   -1.5752585656e-02    2.4506993551e+02    0.0000000000e+00    0.0000000000e+00    0.0000000000e+00    2.0396814575e+01    0.0000000000e+00    0.0000000000e+00    0.0000000000e+00    1.2413190585e+02
    9.2236947145e+02    4.2921220184e+03   -1.3900883881e+05   -8.2225657528e-02   -3.9627355463e-02   -2.8051104483e-02   -4.4684920882e-02   -5.2431691510e-03   -4.4496696032e-03    2.4506993551e+02    0.0000000000e+00    0.0000000000e+00    0.0000000000e+00    2.0396814575e+01    0.0000000000e+00    0.0000000000e+00    0.0000000000e+00    1.2425922235e+02
    9.1910373105e+02    4.2769253356e+03   -1.3899359297e+05   -4.8368261533e-02    3.1247180750e-02    2.8720168686e-03   -3.0367961886e-02    9.5952142993e-03    6.1515826773e-03    2.4506993551e+02    0.0000000000e+00    0.0000000000e+00    0.0000000000e+00    2.0396814575e+01    0.0000000000e+00    0.0000000000e+00    0.0000000000e+00    1.2417304856e+02
    9.2459335530e+02    4.3024705622e+03   -1.3901922307e+05    2.7260279214e-02    9.9064685225e-02    2.3329745987e-02   -5.3805915767e-03    2.8992469882e-03    2.8927074026e-02    2.4506993551e+02    0.0000000000e+00    0.0000000000e+00    0.0000000000e+00    2.0396814575e+01    0.0000000000e+00    0.0000000000e+00    0.0000000000e+00    1.2405596132e+02
    9.2002197354e+02    4.2811982533e+03   -1.3899794869e+05   -1.9577304929e-02   -1.4195067513e-02   -9.4114823633e-03    1.3301775945e-02   -7.6350724043e-02    2.2163070186e-03    2.4506993551e+02    0.0000000000e+00    0.0000000000e+00    0.0000000000e+00    2.0396814575e+01    0.0000000000e+00    0.0000000000e+00    0.0000000000e+00    1.2418806447e+02
    9.2454729729e+02    4.3022562375e+03   -1.3901896380e+05   -2.8096829660e-02   -1.4611233085e-03    1.2183529488e-02   -2.2982537142e-02    3.9910375030e-03    1.6921417417e-02    2.4506993551e+02    0.0000000000e+00    0.0000000000e+00    0.0000000000e+00    2.0396814575e+01    0.0000000000e+00    0.0000000000e+00    0.0000000000e+00    1.2412720132e+02
    9.1974245443e+02    4.2798975488e+03   -1.3899651925e+05   -5.6802388178e-02   -2.3212391285e-02   -5.3730813057e-02    4.5001576436e-02    4.6544935577e-02   -1.9313724044e-02    2.4506993551e+02    0.0000000000e+00    0.0000000000e+00    0.0000000000e+00    2.0396814575e+01    0.0000000000e+00    0.0000000000e+00    0.0000000000e+00    1.2425611604e+02
    9.2382288184e+02    4.2988852678e+03   -1.3901545352e+05    1.2231826304e-03    3.1826545037e-03    2.2568854383e-02    2.2354989676e-02   -2.1848053556e-02   -9.3428854985e-03    2.4506993551e+02    0.0000000000e+00    0.0000000000e+00    0.0000000000e+00    2.0396814575e+01    0.0000000000e+00    0.0000000000e+00    0.0000000000e+00    1.2414393832e+02
    9.2203041153e+02    4.2905442488e+03   -1.3900707050e+05   -2.1921496177e-02    1.1521075035e-02    1.8499145864e-02    7.8167542272e-03   -3.3702302577e-02    2.6190238291e-02    2.4506993551e+02    0.0000000000e+00    0.0000000000e+00    0.0000000000e+00    2.0396814575e+01    0.0000000000e+00    0.0000000000e+00    0.0000000000e+00    1.2415873753e+02
    9.1743535770e+02    4.2691617851e+03   -1.3898557924e+05   -5.6364304440e-02    8.0946483973e-03   -6.4082242722e-02   -2.0902944527e-02   -3.5417551634e-02   -1.4783248685e-02    2.4506993551e+02    0.0000000000e+00    0.0000000000e+00    0.0000000000e+00    2.0396814575e+01    0.0000000000e+00    0.0000000000e+00    0.0000000000e+00    1.2427319251e+02
    9.2104250639e+02    4.2859471654e+03   -1.3900257798e+05    1.6312600371e-02    1.6940555541e-02    1.2208446617e-03    1.1842789189e-02    2.4783325531e-02    3.4186355526e-02    2.4506993551e+02    0.0000000000e+00    0.0000000000e+00    0.0000000000e+00    2.0396814575e+01    0.0000000000e+00    0.0000000000e+00    0.0000000000e+00    1.2414937421e+02
    9.2927259610e+02    4.3242447786e+03   -1.3904080014e+05   -4.2319642726e-02    1.2828375399e-02    2.2864405657e-02    1.6460335978e-02   -4.7930215789e-02    3.7664818640e-02    2.4506993551e+02    0.0000000000e+00    0.0000000000e+00    0.0000000000e+00    2.0396814575e+01    0.0000000000e+00    0.0000000000e+00    0.0000000000e+00    1.2411339723e+02
    9.2442860407e+02    4.3017039146e+03   -1.3901818672e+05   -1.1509637143e-02    1.6629902537e-02    3.7168098470e-02    3.5302142096e-02   -1.6242588797e-02   -7.0647106914e-03    2.4506993551e+02    0.0000000000e+00    0.0000000000e+00    0.0000000000e+00    2.0396814575e+01    0.0000000000e+00    0.0000000000e+00    0.0000000000e+00    1.2413711349e+02
    9.1810282416e+02    4.2722677503e+03   -1.3898875489e+05    7.0691197511e-03    3.6115884865e-02    3.8683323823e-02    9.3510375576e-03   -3.2745401844e-02    1.1462683054e-02    2.4506993551e+02    0.0000000000e+00    0.0000000000e+00    0.0000000000e+00    2.0396814575e+01    0.0000000000e+00    0.0000000000e+00    0.0000000000e+00    1.2414056355e+02
    9.2093244781e+02    4.2854350226e+03   -1.3900200723e+05   -2.5444230929e-02    2.8393561932e-02    1.5715558422e-02   -2.5871242977e-03   -2.3311723772e-02   -1.8495629572e-02    2.4506993551e+02    0.0000000000e+00    0.0000000000e+00    0.0000000000e+00    2.0396814575e+01    0.0000000000e+00    0.0000000000e+00    0.0000000000e+00    1.2417559997e+02
    9.2078972239e+02    4.2847708691e+03   -1.3900127745e+05   -1.6995903043e-02    1.0184057690e-02   -7.1008427067e-03    9.2067984075e-03    8.8627710626e-03   -1.0615012704e-02    2.4506993551e+02    0.0000000000e+00    0.0000000000e+00    0.0000000000e+00    2.0396814575e+01    0.0000000000e+00    0.0000000000e+00    0.0000000000e+00    1.2418203972e+02
    9.2143984282e+02    4.2877961169e+03   -1.3900427544e+05    1.6548325027e-03    5.3824623762e-02   -1.2060446065e-02    2.7180513131e-02   -3.8524865662e-02   -1.0998791432e-02    2.4506993551e+02    0.0000000000e+00    0.0000000000e+00    0.0000000000e+00    2.0396814575e+01    0.0000000000e+00    0.0000000000e+00    0.0000000000e+00    1.2415754050e+02
    9.2225456720e+02    4.2915873270e+03   -1.3900806268e+05   -6.1599319193e-02   -1.9185440026e-02   -3.8567787346e-02    1.0131974107e-02   -3.6339377511e-02    2.1913410200e-02    2.4506993551e+02    0.0000000000e+00    0.0000000000e+00    0.0000000000e+00    2.0396814575e+01    0.0000000000e+00    0.0000000000e+00    0.0000000000e+00    1.2423245440e+02
    9.2084406177e+02    4.2850237301e+03   -1.3900147956e+05    4.3616355045e-03    2.2283021368e-02    1.8214036143e-02    1.0604853395e-02   -3.9336382111e-02    7.2103695541e-04    2.4506993551e+02    0.0000000000e+00    0.0000000000e+00    0.0000000000e+00    2.0396814575e+01    0.0000000000e+00    0.0000000000e+00    0.0000000000e+00    1.2413406600e+02
    9.1922123389e+02    4.2774721192e+03   -1.3899382812e+05   -1.6811419795e-02   -6.2817260377e-04    3.1967511592e-02   -4.9285951113e-02   -2.0392205436e-02   -5.1919997033e-03    2.4506993551e+02    0.0000000000e+00    0.0000000000e+00    0.0000000000e+00    2.0396814575e+01    0.0000000000e+00    0.0000000000e+00    0.0000000000e+00    1.2417184917e+02
    9.2262637716e+02    4.2933174945e+03   -1.3900948564e+05   -4.1757884382e-02   -5.3782817080e-02   -6.5285986365e-02    1.3904068894e-02    1.0553272136e-02    9.0391941323e-03    2.4506993551e+02    0.0000000000e+00    0.0000000000e+00    0.0000000000e+00    2.0396814575e+01    0.0000000000e+00    0.0000000000e+00    0.0000000000e+00    1.2425164316e+02
    9.2429651754e+02    4.3010892677e+03   -1.3901727359e+05    1.2050906884e-02    2.2062891147e-02    3.6144109416e-02    1.5283703544e-02   -1.5702067101e-02   -1.2051756661e-02    2.4506993551e+02    0.0000000000e+00    0.0000000000e+00    0.0000000000e+00    2.0396814575e+01    0.0000000000e+00    0.0000000000e+00    0.0000000000e+00    1.2408587658e+02
    9.2525085315e+02    4.3055301398e+03   -1.3902194001e+05   -4.7024407031e-02   -8.3603993191e-03    1.5782697541e-02   -6.7224339605e-03   -1.6889634475e-02    9.1628796021e-03    2.4506993551e+02    0.0000000000e+00    0.0000000000e+00    0.0000000000e+00    2.0396814575e+01    0.0000000000e+00    0.0000000000e+00    0.0000000000e+00    1.2415570717e+02
    9.2606079612e+02    4.3092991003e+03   -1.3902570289e+05   -5.9603961218e-03   -6.8107246135e-02   -6.5128033954e-02   -2.2906532368e-02    1.2563578378e-02   -1.1253525329e-02    2.4506993551e+02    0.0000000000e+00    0.0000000000e+00    0.0000000000e+00    2.0396814575e+01    0.0000000000e+00    0.0000000000e+00    0.0000000000e+00    1.2421641939e+02
    9.2827665782e+02    4.3196103140e+03   -1.3903602252e+05   -2.4114644521e-02    6.7546614832e-02    8.0150077598e-02    2.4512440610e-02    1.7628455486e-02   -2.9479675644e-02    2.4506993551e+02    0.0000000000e+00    0.0000000000e+00    0.0000000000e+00    2.0396814575e+01    0.0000000000e+00    0.0000000000e+00    0.0000000000e+00    1.2406290134e+02
    9.1844323765e+02    4.2738518186e+03   -1.3899030386e+05   -4.3117817235e-02   -3.8650236142e-03    5.7023615006e-03   -2.1159467911e-02   -2.1251006623e-03    1.0821878818e-02    2.4506993551e+02    0.0000000000e+00    0.0000000000e+00    0.0000000000e+00    2.0396814575e+01    0.0000000000e+00    0.0000000000e+00    0.0000000000e+00    1.2421810218e+02
    9.2076699464e+02    4.2846651086e+03   -1.3900107035e+05   -1.4927398913e-02   -1.8140964242e-02   -4.7735542841e-02    2.1822530199e-03   -5.3643670990e-03    1.2726570118e-02    2.4506993551e+02    0.0000000000e+00    0.0000000000e+00    0.0000000000e+00    2.0396814575e+01    0.0000000000e+00    0.0000000000e+00    0.0000000000e+00    1.2421584018e+02
    9.3033351082e+02    4.3291816023e+03   -1.3904555646e+05   -1.9618881779e-02   -2.5354219159e-02    1.6947522841e-02    1.0530016864e-02   -7.1804878089e-03   -1.2154824454e-02    2.4506993551e+02    0.0000000000e+00    0.0000000000e+00    0.0000000000e+00    2.0396814575e+01    0.0000000000e+00    0.0000000000e+00    0.0000000000e+00    1.2409928830e+02
    9.2822800674e+02    4.3193839228e+03   -1.3903544570e+05    4.0384591933e-02    6.4480228998e-02    1.0379314358e-01    1.6120509619e-02   -7.1817295258e-03    2.3834232069e-02    2.4506993551e+02    0.0000000000e+00    0.0000000000e+00    0.0000000000e+00    2.0396814575e+01    0.0000000000e+00    0.0000000000e+00    0.0000000000e+00    1.2400098758e+02
    9.2557437091e+02    4.3070355861e+03   -1.3902297607e+05   -5.5481881308e-02   -1.7978562102e-02   -3.2877596422e-02   -1.0643470908e-02    3.7766782276e-02    6.8375326095e-03    2.4506993551e+02    0.0000000000e+00    0.0000000000e+00    0.0000000000e+00    2.0396814575e+01    0.0000000000e+00    0.0000000000e+00    0.0000000000e+00    1.2418897416e+02
    9.2792226362e+02    4.3179611884e+03   -1.3903394785e+05    7.1696434496e-03    1.3577789677e-02   -2.8123613255e-02   -3.3641375456e-02    2.9849012278e-02    3.7825711346e-03    2.4506993551e+02    0.0000000000e+00    0.0000000000e+00    0.0000000000e+00    2.0396814575e+01    0.0000000000e+00    0.0000000000e+00    0.0000000000e+00    1.2410634043e+02
    9.2676622644e+02    4.3125817252e+03   -1.3902857572e+05   -2.5655222205e-02    3.7623083571e-02   -1.1956651542e-02   -4.4517876744e-02   -1.0381899848e-02    5.4726929644e-03    2.4506993551e+02    0.0000000000e+00    0.0000000000e+00    0.0000000000e+00    2.0396814575e+01    0.0000000000e+00    0.0000000000e+00    0.0000000000e+00    1.2411104193e+02
    9.3444605274e+02    4.3483187618e+03   -1.3906445306e+05   -8.6878109345e-02    2.7941285785e-02    2.0264743512e-02   -1.0890845079e-02   -1.9998589578e-02   -4.6006228338e-03    2.4506993551e+02    0.0000000000e+00    0.0000000000e+00    0.0000000000e+00    2.0396814575e+01    0.0000000000e+00    0.0000000000e+00    0.0000000000e+00    1.2407208351e+02
    9.2577983771e+02    4.3079916982e+03   -1.3902389467e+05   -8.7363611120e-03    4.1276055793e-02    4.8480368719e-02    2.7534874676e-02   -4.6140416083e-02   -1.0043720149e-02    2.4506993551e+02    0.0000000000e+00    0.0000000000e+00    0.0000000000e+00    2.0396814575e+01    0.0000000000e+00    0.0000000000e+00    0.0000000000e+00    1.2409107758e+02
    9.2322963377e+02    4.2961246679e+03   -1.3901202564e+05   -3.8467152588e-02    1.4722635195e-03   -6.0273895392e-02    1.1262093356e-02   -1.1550966742e-02   -1.2031723098e-02    2.4506993551e+02    0.0000000000e+00    0.0000000000e+00    0.0000000000e+00    2.0396814575e+01    0.0000000000e+00    0.0000000000e+00    0.0000000000e+00    1.2418779808e+02
    9.2599109492e+02    4.3089747551e+03   -1.3902492826e+05   -1.1140811311e-02    3.0527421713e-03    1.5349358651e-02    9.9044654579e-03    1.8535725670e-02   -5.0031742999e-03    2.4506993551e+02    0.0000000000e+00    0.0000000000e+00    0.0000000000e+00    2.0396814575e+01    0.0000000000e+00    0.0000000000e+00    0.0000000000e+00    1.2410529971e+02
    9.2526320110e+02    4.3055875993e+03   -1.3902144122e+05    5.0714383016e-02    5.6685452162e-02    6.0810486649e-02   -2.9723291148e-03   -4.1117589628e-02    6.7523851780e-03    2.4506993551e+02    0.0000000000e+00    0.0000000000e+00    0.0000000000e+00    2.0396814575e+01    0.0000000000e+00    0.0000000000e+00    0.0000000000e+00    1.2402673919e+02
    9.1903203023e+02    4.2765916855e+03   -1.3899207500e+05   -6.8676493590e-02   -2.0579142124e-02   -9.7456724189e-02    1.5425213477e-03   -1.9539168289e-02   -8.9528841333e-03    2.4506993551e+02    0.0000000000e+00    0.0000000000e+00    0.0000000000e+00    2.0396814575e+01    0.0000000000e+00    0.0000000000e+00    0.0000000000e+00    1.2430239253e+02
    9.2772201522e+02    4.3170293594e+03   -1.3903278012e+05    1.4089553879e-03    4.5609226664e-02    1.5292860935e-02   -2.9706309383e-02   -3.3867922577e-02    5.0261309677e-02    2.4506993551e+02    0.0000000000e+00    0.0000000000e+00    0.0000000000e+00    2.0396814575e+01    0.0000000000e+00    0.0000000000e+00    0.0000000000e+00    1.2409153821e+02
    9.2286519921e+02    4.2944288207e+03   -1.3901012519e+05   -3.2241470091e-02    2.3902759926e-02   -2.5644234642e-02   -9.9544664607e-03   -6.2179222550e-03   -5.6403826591e-03    2.4506993551e+02    0.0000000000e+00    0.0000000000e+00    0.0000000000e+00    2.0396814575e+01    0.0000000000e+00    0.0000000000e+00    0.0000000000e+00    1.2418770119e+02
    9.2776167924e+02    4.3172139306e+03   -1.3903294164e+05   -3.2265120074e-03    4.5490122426e-02    1.5454178721e-02   -4.5481507215e-03   -1.2567341332e-02    6.8699935261e-03    2.4506993551e+02    0.0000000000e+00    0.0000000000e+00    0.0000000000e+00    2.0396814575e+01    0.0000000000e+00    0.0000000000e+00    0.0000000000e+00    1.2408608975e+02
    9.3108395230e+02    4.3326736805e+03   -1.3904836462e+05    1.0806804435e-02    6.8382773343e-02    5.8093093254e-02    2.3591774475e-02   -1.7211891040e-02   -7.6209255335e-03    2.4506993551e+02    0.0000000000e+00    0.0000000000e+00    0.0000000000e+00    2.0396814575e+01    0.0000000000e+00    0.0000000000e+00    0.0000000000e+00    1.2402164133e+02
    9.1335330367e+02    4.2501664969e+03   -1.3896571972e+05   -1.1290978082e-01   -4.8911143925e-02   -7.0004241717e-02    2.8125130961e-02    4.0363514326e-02   -3.8575425774e-02    2.4506993551e+02    0.0000000000e+00    0.0000000000e+00    0.0000000000e+00    2.0396814575e+01    0.0000000000e+00    0.0000000000e+00    0.0000000000e+00    1.2435735820e+02
    9.2064514771e+02    4.2840981103e+03   -1.3899963698e+05   -2.8204498696e-02   -6.1729890332e-03    2.6587678863e-02   -1.9615361374e-02    2.8639140203e-02    4.1468062806e-03    2.4506993551e+02    0.0000000000e+00    0.0000000000e+00    0.0000000000e+00    2.0396814575e+01    0.0000000000e+00    0.0000000000e+00    0.0000000000e+00    1.2414766336e+02
    9.2419356773e+02    4.3006102046e+03   -1.3901624992e+05   -4.1112749082e-02    4.0439705065e-03    1.5604690749e-02    4.2177317150e-02   -1.0918544700e-02    1.8557226840e-02    2.4506993551e+02    0.0000000000e+00    0.0000000000e+00    0.0000000000e+00    2.0396814575e+01    0.0000000000e+00    0.0000000000e+00    0.0000000000e+00    1.2417084556e+02
    9.2688496129e+02    4.3131342418e+03   -1.3902873531e+05    5.9130172042e-03    3.2293828883e-02    4.5179138909e-02    8.2453541654e-03    7.0603273304e-03   -7.4214098016e-03    2.4506993551e+02    0.0000000000e+00    0.0000000000e+00    0.0000000000e+00    2.0396814575e+01    0.0000000000e+00    0.0000000000e+00    0.0000000000e+00    1.2406412153e+02
    9.2116653178e+02    4.2865243008e+03   -1.3900219728e+05   -6.9147020791e-02   -2.3825606857e-02   -1.4968518756e-03   -2.0167921911e-02    5.5501451587e-03   -2.9415556028e-03    2.4506993551e+02    0.0000000000e+00    0.0000000000e+00    0.0000000000e+00    2.0396814575e+01    0.0000000000e+00    0.0000000000e+00    0.0000000000e+00    1.2424067914e+02
    9.1804624273e+02    4.2720044563e+03   -1.3898784416e+05   -1.0808770475e-02    3.0463629805e-02   -2.3462754162e-02   -1.4031719699e-02   -3.7382526502e-02    2.9217917383e-02    2.4506993551e+02    0.0000000000e+00    0.0000000000e+00    0.0000000000e+00    2.0396814575e+01    0.0000000000e+00    0.0000000000e+00    0.0000000000e+00    1.2420508668e+02
    9.3036668398e+02    4.3293359691e+03   -1.3904520751e+05   -4.3639064360e-02    6.5529446732e-04    1.1740295180e-02    1.7319547422e-02   -4.4313508895e-05    1.9960547391e-02    2.4506993551e+02    0.0000000000e+00    0.0000000000e+00    0.0000000000e+00    2.0396814575e+01    0.0000000000e+00    0.0000000000e+00    0.0000000000e+00    1.2412137931e+02
    9.2516064945e+02    4.3051103891e+03   -1.3902098391e+05   -5.5397530617e-03    1.5808943358e-02    1.5744287556e-02    1.4498503980e-02    6.3186159684e-03    1.7291862234e-02    2.4506993551e+02    0.0000000000e+00    0.0000000000e+00    0.0000000000e+00    2.0396814575e+01    0.0000000000e+00    0.0000000000e+00    0.0000000000e+00    1.2411454574e+02
    9.2909566735e+02    4.3234214645e+03   -1.3903933580e+05   -3.9735635180e-02   -2.6662362009e-02   -3.1398620636e-02    7.5142951246e-03    1.9746787917e-02   -1.3348435495e-02    2.4506993551e+02    0.0000000000e+00    0.0000000000e+00    0.0000000000e+00    2.0396814575e+01    0.0000000000e+00    0.0000000000e+00    0.0000000000e+00    1.2416061486e+02
    9.2053794179e+02    4.2835992420e+03   -1.3899934878e+05   -5.5418212319e-02    3.6151340577e-02   -3.5315861376e-02    9.7688469930e-03   -2.6158907796e-02    3.3105148326e-03    2.4506993551e+02    0.0000000000e+00    0.0000000000e+00    0.0000000000e+00    2.0396814575e+01    0.0000000000e+00    0.0000000000e+00    0.0000000000e+00    1.2419785505e+02
    9.2136479230e+02    4.2874468794e+03   -1.3900308550e+05    5.2788026643e-02    7.2488030521e-02    6.7503674334e-02    1.6945139336e-02   -3.3689209931e-02    2.5800173467e-02    2.4506993551e+02    0.0000000000e+00    0.0000000000e+00    0.0000000000e+00    2.0396814575e+01    0.0000000000e+00    0.0000000000e+00    0.0000000000e+00    1.2404543884e+02
    9.2222603297e+02    4.2914545468e+03   -1.3900723399e+05   -2.2204218093e-02   -1.3556702823e-02   -8.3092713629e-02   -1.7672370281e-02   -1.4568647194e-02   -1.1811933187e-02    2.4506993551e+02    0.0000000000e+00    0.0000000000e+00    0.0000000000e+00    2.0396814575e+01    0.0000000000e+00    0.0000000000e+00    0.0000000000e+00    1.2423214036e+02
    9.2437900480e+02    4.3014731110e+03   -1.3901720449e+05   -3.0229045508e-02    5.0617956565e-02   -5.5270943405e-03   -2.8879391715e-02    2.2103327917e-02   -1.2515707925e-02    2.4506993551e+02    0.0000000000e+00    0.0000000000e+00    0.0000000000e+00    2.0396814575e+01    0.0000000000e+00    0.0000000000e+00    0.0000000000e+00    1.2412376157e+02
    9.2008881128e+02    4.2815092737e+03   -1.3899731911e+05   -3.7238048402e-02   -4.5742697578e-03    1.1692378473e-02   -1.0030669168e-02   -2.4791017555e-02   -1.8099354838e-03    2.4506993551e+02    0.0000000000e+00    0.0000000000e+00    0.0000000000e+00    2.0396814575e+01    0.0000000000e+00    0.0000000000e+00    0.0000000000e+00    1.2419346068e+02
    9.2412182865e+02    4.3002763765e+03   -1.3901601460e+05   -1.6983529248e-02   -1.6803097274e-02    5.1737953817e-03    2.5518316151e-02   -1.5879709319e-02   -2.3715475403e-03    2.4506993551e+02    0.0000000000e+00    0.0000000000e+00    0.0000000000e+00    2.0396814575e+01    0.0000000000e+00    0.0000000000e+00    0.0000000000e+00    1.2415694028e+02
    9.2013259007e+02    4.2817129924e+03   -1.3899753580e+05    3.5096829549e-03   -1.2561474209e-02    3.9392897972e-02    3.7444977857e-03    4.7727847015e-03    1.0243370338e-02    2.4506993551e+02    0.0000000000e+00    0.0000000000e+00    0.0000000000e+00    2.0396814575e+01    0.0000000000e+00    0.0000000000e+00    0.0000000000e+00    1.2417606020e+02
    9.2346387283e+02    4.2972146677e+03   -1.3901285202e+05    8.1611390473e-03    9.8744565469e-02    1.1522979636e-01   -8.8900183571e-03    2.1548548041e-03   -6.9155880845e-03    2.4506993551e+02    0.0000000000e+00    0.0000000000e+00    0.0000000000e+00    2.0396814575e+01    0.0000000000e+00    0.0000000000e+00    0.0000000000e+00    1.2403245102e+02
    9.1744676898e+02    4.2692148860e+03   -1.3898490035e+05   -3.8696135968e-02   -7.0374389385e-02   -7.1724563345e-02   -1.2136534132e-02   -2.7458699477e-02    1.8744459258e-03    2.4506993551e+02    0.0000000000e+00    0.0000000000e+00    0.0000000000e+00    2.0396814575e+01    0.0000000000e+00    0.0000000000e+00    0.0000000000e+00    1.2428877584e+02
    9.2136838866e+02    4.2874636146e+03   -1.3900318172e+05   -4.6897470596e-02    2.4395112477e-02    1.6536411035e-03    2.7274304188e-02   -3.1226355200e-02   -2.3502319935e-02    2.4506993551e+02    0.0000000000e+00    0.0000000000e+00    0.0000000000e+00    2.0396814575e+01    0.0000000000e+00    0.0000000000e+00    0.0000000000e+00    1.2416331794e+02
