# dump_thermo 1000
# format_version 1
# num_atoms 34272
# dt_output 2.0000000000e+03 fs
# columns T KE PE sxx syy szz syz sxz sxy ax ay az bx by bz cx cy cz
    5.4659107022e+02    2.4214004577e+03   -1.3538721085e+05   -1.1688434289e-01   -1.4852646152e-01   -1.3443577187e-01    6.8190919552e-03    3.3512537072e-03   -6.0068352434e-03    2.3983876581e+02    0.0000000000e+00    0.0000000000e+00    0.0000000000e+00    1.9783478858e+01    0.0000000000e+00    0.0000000000e+00    0.0000000000e+00    1.1891319868e+02
    6.4936582108e+02    2.8766929832e+03   -1.3483245103e+05    2.0646974026e-02   -1.4441362481e-02    2.1140573938e-02    9.8623563880e-03   -3.2309627948e-03    4.7795246388e-03    2.4034986184e+02    0.0000000000e+00    0.0000000000e+00    0.0000000000e+00    1.9822398317e+01    0.0000000000e+00    0.0000000000e+00    0.0000000000e+00    1.1913921083e+02
    7.4093066571e+02    3.2823255827e+03   -1.3431172775e+05    8.0447852486e-02    4.7767575258e-02    7.2035285445e-02    9.8043453162e-03    7.9656127984e-03    2.5041747774e-02    2.4083784364e+02    0.0000000000e+00    0.0000000000e+00    0.0000000000e+00    1.9873437836e+01    0.0000000000e+00    0.0000000000e+00    0.0000000000e+00    1.1941534474e+02
    8.1326931619e+02    3.6027860713e+03   -1.3384929033e+05   -4.9096599802e-02   -7.0088446295e-02   -5.1126537428e-02    2.2668095600e-03    4.5794652480e-03    2.6174891932e-02    2.4153421540e+02    0.0000000000e+00    0.0000000000e+00    0.0000000000e+00    1.9929576566e+01    0.0000000000e+00    0.0000000000e+00    0.0000000000e+00    1.1974981937e+02
    8.7428260285e+02    3.8730751562e+03   -1.3352679802e+05    7.3714053107e-03   -3.2341345500e-02    3.1437431683e-02    6.4059471079e-03    2.0181161265e-02   -1.6740343351e-02    2.4191655039e+02    0.0000000000e+00    0.0000000000e+00    0.0000000000e+00    1.9962071959e+01    0.0000000000e+00    0.0000000000e+00    0.0000000000e+00    1.1987548522e+02
    9.0649575091e+02    4.0157795210e+03   -1.3328254938e+05   -2.7347520108e-02    1.7603902061e-02   -5.9311338310e-02    1.9301021976e-03   -1.8930962402e-02   -6.1811389234e-04    2.4223650217e+02    0.0000000000e+00    0.0000000000e+00    0.0000000000e+00    1.9962200420e+01    0.0000000000e+00    0.0000000000e+00    0.0000000000e+00    1.2020468307e+02
    9.1841929309e+02    4.0686008569e+03   -1.3316346026e+05   -8.5955193599e-04    3.9356669829e-02   -7.6499667874e-02    1.2955432801e-02    8.1410313403e-03    1.2727146830e-02    2.4239222327e+02    0.0000000000e+00    0.0000000000e+00    0.0000000000e+00    1.9969183594e+01    0.0000000000e+00    0.0000000000e+00    0.0000000000e+00    1.2028248756e+02
    9.2431025091e+02    4.0946978217e+03   -1.3315788887e+05    4.3979881461e-02    3.2744901474e-02    2.1072684376e-02   -1.1791189314e-02    3.8584285630e-03   -1.7408874896e-02    2.4240689821e+02    0.0000000000e+00    0.0000000000e+00    0.0000000000e+00    1.9978015816e+01    0.0000000000e+00    0.0000000000e+00    0.0000000000e+00    1.2016795743e+02
    9.1434522210e+02    4.0505527073e+03   -1.3314155062e+05   -4.4078345099e-02    1.3627982184e-02    3.4147603940e-02    3.0308429629e-04    4.4809927656e-03    2.0054044677e-02    2.4263476189e+02    0.0000000000e+00    0.0000000000e+00    0.0000000000e+00    1.9977598442e+01    0.0000000000e+00    0.0000000000e+00    0.0000000000e+00    1.2012665286e+02
    9.2115619721e+02    4.0807253522e+03   -1.3316878808e+05   -1.5922745803e-02    3.3938647372e-02    1.7557108066e-02   -7.7042865432e-03   -2.0654060129e-03   -3.7587508678e-03    2.4229591952e+02    0.0000000000e+00    0.0000000000e+00    0.0000000000e+00    1.9978302754e+01    0.0000000000e+00    0.0000000000e+00    0.0000000000e+00    1.2023451815e+02
# dump_thermo 1000
# format_version 1
# num_atoms 34272
# dt_output 2.0000000000e+03 fs
# columns T KE PE sxx syy szz syz sxz sxy ax ay az bx by bz cx cy cz
    1.4837901810e+03    3.2221548903e+03   -1.3150482607e+05    1.5798977401e+00    1.6132043831e+00    1.6013213269e+00   -1.7307839598e-02   -2.2205538327e-02    2.4010913599e-02    2.4229591952e+02    0.0000000000e+00    0.0000000000e+00    0.0000000000e+00    1.9978302754e+01    0.0000000000e+00    0.0000000000e+00    0.0000000000e+00    1.2023451815e+02
    1.4789523069e+03    3.2116491060e+03   -1.3083732361e+05    2.3534836854e+00    2.3337365777e+00    2.4836921132e+00   -1.6955898513e-02   -7.6288113156e-03   -6.1374758757e-03    2.4229591952e+02    0.0000000000e+00    0.0000000000e+00    0.0000000000e+00    1.9978302754e+01    0.0000000000e+00    0.0000000000e+00    0.0000000000e+00    1.2023451815e+02
    1.4938759596e+03    3.2440568689e+03   -1.3057382431e+05    2.5972900052e+00    2.7026694128e+00    2.7492447200e+00   -1.4246012373e-02   -4.2020052962e-02   -4.2092120901e-02    2.4229591952e+02    0.0000000000e+00    0.0000000000e+00    0.0000000000e+00    1.9978302754e+01    0.0000000000e+00    0.0000000000e+00    0.0000000000e+00    1.2023451815e+02
    1.4894243294e+03    3.2343898404e+03   -1.3055933067e+05    2.6984913570e+00    2.6942533528e+00    2.7643545674e+00   -9.8547013323e-03    1.0631085143e-02   -2.2214861645e-02    2.4229591952e+02    0.0000000000e+00    0.0000000000e+00    0.0000000000e+00    1.9978302754e+01    0.0000000000e+00    0.0000000000e+00    0.0000000000e+00    1.2023451815e+02
    1.5014499448e+03    3.2605043113e+03   -1.3051170670e+05    2.6829780021e+00    2.7408766877e+00    2.9010570284e+00   -6.0008640615e-02   -2.6181546309e-02    1.1468188274e-02    2.4229591952e+02    0.0000000000e+00    0.0000000000e+00    0.0000000000e+00    1.9978302754e+01    0.0000000000e+00    0.0000000000e+00    0.0000000000e+00    1.2023451815e+02
    1.4961454024e+03    3.2489851238e+03   -1.3057054855e+05    2.6915802127e+00    2.6290919890e+00    2.7896023778e+00   -6.0568723484e-03    1.8279411286e-02   -3.2908379088e-02    2.4229591952e+02    0.0000000000e+00    0.0000000000e+00    0.0000000000e+00    1.9978302754e+01    0.0000000000e+00    0.0000000000e+00    0.0000000000e+00    1.2023451815e+02
    1.5044200842e+03    3.2669541781e+03   -1.3054050353e+05    2.6443243520e+00    2.7446030604e+00    2.8397346777e+00   -4.9054836881e-02   -2.1279495966e-02   -6.9576600479e-03    2.4229591952e+02    0.0000000000e+00    0.0000000000e+00    0.0000000000e+00    1.9978302754e+01    0.0000000000e+00    0.0000000000e+00    0.0000000000e+00    1.2023451815e+02
    1.5098026310e+03    3.2786427577e+03   -1.3056367554e+05    2.6630925143e+00    2.6889669602e+00    2.7835850980e+00   -4.7824883498e-02    3.0199079716e-02   -2.4461663216e-02    2.4229591952e+02    0.0000000000e+00    0.0000000000e+00    0.0000000000e+00    1.9978302754e+01    0.0000000000e+00    0.0000000000e+00    0.0000000000e+00    1.2023451815e+02
    1.4964420431e+03    3.2496293000e+03   -1.3051950937e+05    2.7261430021e+00    2.7431785459e+00    2.8216916645e+00   -3.1095238344e-02    5.3692247776e-03    1.8742650442e-02    2.4229591952e+02    0.0000000000e+00    0.0000000000e+00    0.0000000000e+00    1.9978302754e+01    0.0000000000e+00    0.0000000000e+00    0.0000000000e+00    1.2023451815e+02
    1.5086617678e+03    3.2761652929e+03   -1.3056766542e+05    2.6584741202e+00    2.7061051741e+00    2.7972841403e+00   -3.3047317631e-06   -6.0733055430e-04   -4.1992054686e-02    2.4229591952e+02    0.0000000000e+00    0.0000000000e+00    0.0000000000e+00    1.9978302754e+01    0.0000000000e+00    0.0000000000e+00    0.0000000000e+00    1.2023451815e+02
# dump_thermo 1000
# format_version 1
# num_atoms 34272
# dt_output 2.0000000000e+03 fs
# columns T KE PE sxx syy szz syz sxz sxy ax ay az bx by bz cx cy cz
    9.3095455404e+02    2.0216333868e+03   -1.3190185749e+05    1.1379386127e+00    1.1018893698e+00    1.1811375128e+00    3.1071377088e-03   -2.7595108504e-02   -5.6688350752e-03    2.4229591952e+02    0.0000000000e+00    0.0000000000e+00    0.0000000000e+00    1.9978302754e+01    0.0000000000e+00    0.0000000000e+00    0.0000000000e+00    1.2023451815e+02
    9.2495633324e+02    2.0086078279e+03   -1.3196952922e+05    1.0664085100e+00    9.8737983411e-01    1.1161015151e+00   -1.1665482871e-02   -6.0611379322e-03   -1.4068040726e-02    2.4229591952e+02    0.0000000000e+00    0.0000000000e+00    0.0000000000e+00    1.9978302754e+01    0.0000000000e+00    0.0000000000e+00    0.0000000000e+00    1.2023451815e+02
    9.2090627096e+02    1.9998128323e+03   -1.3202904147e+05    9.3771691638e-01    9.1808590732e-01    1.0964090213e+00   -6.9791963908e-03   -2.5924405025e-03    6.5098214074e-03    2.4229591952e+02    0.0000000000e+00    0.0000000000e+00    0.0000000000e+00    1.9978302754e+01    0.0000000000e+00    0.0000000000e+00    0.0000000000e+00    1.2023451815e+02
    9.2165399315e+02    2.0014365637e+03   -1.3210776785e+05    8.6543507578e-01    8.4306088426e-01    1.0291114840e+00   -2.8116899725e-03   -1.2804128867e-03   -1.1675985981e-03    2.4229591952e+02    0.0000000000e+00    0.0000000000e+00    0.0000000000e+00    1.9978302754e+01    0.0000000000e+00    0.0000000000e+00    0.0000000000e+00    1.2023451815e+02
    9.2616588580e+02    2.0112344564e+03   -1.3216141878e+05    8.0125931467e-01    7.9015328674e-01    9.6856370729e-01    8.2972714255e-04   -2.7982646907e-03    1.1271493389e-02    2.4229591952e+02    0.0000000000e+00    0.0000000000e+00    0.0000000000e+00    1.9978302754e+01    0.0000000000e+00    0.0000000000e+00    0.0000000000e+00    1.2023451815e+02
    9.2014927786e+02    1.9981689685e+03   -1.3221248504e+05    7.1766391531e-01    7.1799963312e-01    9.2014255669e-01   -1.4529734967e-02   -3.9255768859e-03    2.9189026451e-03    2.4229591952e+02    0.0000000000e+00    0.0000000000e+00    0.0000000000e+00    1.9978302754e+01    0.0000000000e+00    0.0000000000e+00    0.0000000000e+00    1.2023451815e+02
    9.2441494066e+02    2.0074321557e+03   -1.3224941325e+05    6.8799842674e-01    6.8179296430e-01    8.8489896655e-01   -1.0234641546e-03    9.0894837404e-03   -1.1317252388e-02    2.4229591952e+02    0.0000000000e+00    0.0000000000e+00    0.0000000000e+00    1.9978302754e+01    0.0000000000e+00    0.0000000000e+00    0.0000000000e+00    1.2023451815e+02
    9.2291957497e+02    2.0041848638e+03   -1.3231436887e+05    6.3689732862e-01    6.0507512366e-01    7.9035786465e-01   -2.9260845278e-02   -1.7917228728e-02   -2.6618343557e-03    2.4229591952e+02    0.0000000000e+00    0.0000000000e+00    0.0000000000e+00    1.9978302754e+01    0.0000000000e+00    0.0000000000e+00    0.0000000000e+00    1.2023451815e+02
    9.1553865417e+02    1.9881566744e+03   -1.3236215880e+05    5.8193090964e-01    5.2643884249e-01    7.5130150626e-01   -1.1143851051e-02    3.3893101909e-02   -1.9258079620e-02    2.4229591952e+02    0.0000000000e+00    0.0000000000e+00    0.0000000000e+00    1.9978302754e+01    0.0000000000e+00    0.0000000000e+00    0.0000000000e+00    1.2023451815e+02
    9.1200074228e+02    1.9804738496e+03   -1.3241477271e+05    5.2786870891e-01    4.6171417384e-01    6.8600397378e-01   -8.2223123785e-03    2.0653830582e-02   -2.4013604318e-02    2.4229591952e+02    0.0000000000e+00    0.0000000000e+00    0.0000000000e+00    1.9978302754e+01    0.0000000000e+00    0.0000000000e+00    0.0000000000e+00    1.2023451815e+02
# dump_thermo 1000
# format_version 1
# num_atoms 34272
# dt_output 2.0000000000e+03 fs
# columns T KE PE sxx syy szz syz sxz sxy ax ay az bx by bz cx cy cz
    8.0138900880e+02    3.5501562657e+03   -1.3288710977e+05   -1.7208720120e-01   -1.8372997019e-01    8.1844423838e-02   -1.9824796106e-04   -8.0500868672e-04    2.3352488689e-02    2.4229591952e+02    0.0000000000e+00    0.0000000000e+00    0.0000000000e+00    1.9978302754e+01    0.0000000000e+00    0.0000000000e+00    0.0000000000e+00    1.2119664053e+02
    8.5764995554e+02    3.7993924673e+03   -1.3236937415e+05   -2.5949126640e-01   -2.7040279413e-01   -7.1058519355e-02   -9.9310564475e-04   -1.0544982007e-02    6.8683104451e-03    2.4229591952e+02    0.0000000000e+00    0.0000000000e+00    0.0000000000e+00    1.9978302754e+01    0.0000000000e+00    0.0000000000e+00    0.0000000000e+00    1.2251105822e+02
    8.9339634218e+02    3.9577490920e+03   -1.3205655135e+05   -2.7106101718e-01   -3.0480474991e-01   -7.6275553870e-02   -1.5279963883e-02   -3.9870300635e-02    3.6278662138e-02    2.4229591952e+02    0.0000000000e+00    0.0000000000e+00    0.0000000000e+00    1.9978302754e+01    0.0000000000e+00    0.0000000000e+00    0.0000000000e+00    1.2323794097e+02
    9.1704708148e+02    4.0625219543e+03   -1.3193011581e+05   -1.7106195907e-01   -1.3210158261e-01   -3.8111745564e-02   -1.1158474484e-02   -9.5073078367e-03    2.0864803675e-03    2.4229591952e+02    0.0000000000e+00    0.0000000000e+00    0.0000000000e+00    1.9978302754e+01    0.0000000000e+00    0.0000000000e+00    0.0000000000e+00    1.2328523687e+02
    9.1627024836e+02    4.0590805808e+03   -1.3188954307e+05   -2.2790601591e-03   -2.8762052837e-02    2.2031747919e-02    2.6850102376e-02    3.2754766193e-02   -2.1038200209e-02    2.4229591952e+02    0.0000000000e+00    0.0000000000e+00    0.0000000000e+00    1.9978302754e+01    0.0000000000e+00    0.0000000000e+00    0.0000000000e+00    1.2309705196e+02
    9.1714293391e+02    4.0629465810e+03   -1.3190347101e+05    7.1198521475e-03    5.4878864695e-02    2.9655981360e-02    2.2768681245e-02   -3.6386860911e-03    6.4079588563e-03    2.4229591952e+02    0.0000000000e+00    0.0000000000e+00    0.0000000000e+00    1.9978302754e+01    0.0000000000e+00    0.0000000000e+00    0.0000000000e+00    1.2297214125e+02
    9.2104122744e+02    4.0802160357e+03   -1.3183861208e+05    3.2510962151e-02    1.5003265706e-02   -2.3939663338e-02   -2.5877659701e-02   -1.9097479946e-02    1.5809290535e-02    2.4229591952e+02    0.0000000000e+00    0.0000000000e+00    0.0000000000e+00    1.9978302754e+01    0.0000000000e+00    0.0000000000e+00    0.0000000000e+00    1.2314570700e+02
    9.1497292884e+02    4.0533334505e+03   -1.3184206081e+05    1.2474504308e-02    2.7212586276e-02    3.1870605792e-02   -3.5807521179e-02   -1.8375100534e-02    3.9127807842e-03    2.4229591952e+02    0.0000000000e+00    0.0000000000e+00    0.0000000000e+00    1.9978302754e+01    0.0000000000e+00    0.0000000000e+00    0.0000000000e+00    1.2313153389e+02
    9.1812124031e+02    4.0672804819e+03   -1.3189455542e+05   -1.6108346423e-02   -1.1162939377e-01   -8.7341056389e-03    2.4961532146e-02   -3.5417070773e-03   -4.6126228825e-03    2.4229591952e+02    0.0000000000e+00    0.0000000000e+00    0.0000000000e+00    1.9978302754e+01    0.0000000000e+00    0.0000000000e+00    0.0000000000e+00    1.2317482567e+02
    9.1199298092e+02    4.0401322702e+03   -1.3191390849e+05   -7.1331878907e-02   -6.1737440841e-02   -1.9256110578e-02    8.7769711061e-03    1.4116200364e-02   -6.0173280738e-03    2.4229591952e+02    0.0000000000e+00    0.0000000000e+00    0.0000000000e+00    1.9978302754e+01    0.0000000000e+00    0.0000000000e+00    0.0000000000e+00    1.2309582812e+02
    9.1977427520e+02    4.0746034326e+03   -1.3187668678e+05   -4.3967481106e-02   -5.1705997048e-02   -5.9797546358e-02    1.3551834719e-02    3.3199352642e-02   -2.2028095108e-02    2.4229591952e+02    0.0000000000e+00    0.0000000000e+00    0.0000000000e+00    1.9978302754e+01    0.0000000000e+00    0.0000000000e+00    0.0000000000e+00    1.2318899812e+02
    9.1683827896e+02    4.0615969584e+03   -1.3194777218e+05    4.9386398579e-02    5.9231916474e-02    2.8898534764e-02    2.0348745143e-02    1.5312965788e-02   -6.0496338717e-03    2.4229591952e+02    0.0000000000e+00    0.0000000000e+00    0.0000000000e+00    1.9978302754e+01    0.0000000000e+00    0.0000000000e+00    0.0000000000e+00    1.2285790586e+02
    9.2078601970e+02    4.0790854644e+03   -1.3192348261e+05    3.6944289872e-02    8.0126425817e-03   -2.1314449292e-02    1.1155311464e-02   -2.7745915149e-02   -1.5648844211e-02    2.4229591952e+02    0.0000000000e+00    0.0000000000e+00    0.0000000000e+00    1.9978302754e+01    0.0000000000e+00    0.0000000000e+00    0.0000000000e+00    1.2296751921e+02
    9.2038763941e+02    4.0773206383e+03   -1.3192240102e+05   -2.7588233955e-02   -1.2024697297e-02   -9.8177404104e-03   -4.6576095459e-03   -2.3081209859e-02   -8.0284131333e-03    2.4229591952e+02    0.0000000000e+00    0.0000000000e+00    0.0000000000e+00    1.9978302754e+01    0.0000000000e+00    0.0000000000e+00    0.0000000000e+00    1.2301683959e+02
    9.1798677418e+02    4.0666847965e+03   -1.3190451333e+05   -7.5573401042e-03    5.1339630633e-02    1.9848302947e-02    1.3979289859e-02    4.2276170951e-02   -1.8777382340e-03    2.4229591952e+02    0.0000000000e+00    0.0000000000e+00    0.0000000000e+00    1.9978302754e+01    0.0000000000e+00    0.0000000000e+00    0.0000000000e+00    1.2300851759e+02
    9.1643664166e+02    4.0598177037e+03   -1.3188682604e+05   -6.6431912948e-02   -2.6607411793e-02   -6.6180735765e-02    3.6818664080e-03   -6.2725161795e-04   -2.2070127942e-02    2.4229591952e+02    0.0000000000e+00    0.0000000000e+00    0.0000000000e+00    1.9978302754e+01    0.0000000000e+00    0.0000000000e+00    0.0000000000e+00    1.2314764559e+02
    9.1971601979e+02    4.0743453609e+03   -1.3193660741e+05   -2.7606716505e-02   -5.7939017587e-02   -2.3054918331e-02   -3.9245436182e-02   -1.4214805598e-02    4.9954014814e-03    2.4229591952e+02    0.0000000000e+00    0.0000000000e+00    0.0000000000e+00    1.9978302754e+01    0.0000000000e+00    0.0000000000e+00    0.0000000000e+00    1.2301055007e+02
    9.2141466657e+02    4.0818703724e+03   -1.3192018642e+05    9.5967597008e-03    2.3360188869e-02    4.3630144930e-02   -2.9897361623e-02    1.5177652933e-02    1.6043240780e-02    2.4229591952e+02    0.0000000000e+00    0.0000000000e+00    0.0000000000e+00    1.9978302754e+01    0.0000000000e+00    0.0000000000e+00    0.0000000000e+00    1.2293725232e+02
    9.1926260834e+02    4.0723367465e+03   -1.3190764434e+05    3.7819012345e-02    4.4019570615e-02    2.1651908219e-02   -9.0163180133e-04    3.2030678471e-02    5.3093772420e-03    2.4229591952e+02    0.0000000000e+00    0.0000000000e+00    0.0000000000e+00    1.9978302754e+01    0.0000000000e+00    0.0000000000e+00    0.0000000000e+00    1.2294761045e+02
    9.2268163118e+02    4.0874830303e+03   -1.3195022892e+05    3.3647526989e-02    2.0054117011e-02    2.7329791262e-02    4.0651687935e-03    5.8924682087e-03   -1.9761758318e-02    2.4229591952e+02    0.0000000000e+00    0.0000000000e+00    0.0000000000e+00    1.9978302754e+01    0.0000000000e+00    0.0000000000e+00    0.0000000000e+00    1.2287539651e+02
    9.2214683564e+02    4.0851138841e+03   -1.3195423752e+05   -1.0296468574e-02    7.7854924559e-03   -1.9927333246e-02   -1.5924416784e-02   -4.6155672905e-02   -7.7705807275e-03    2.4229591952e+02    0.0000000000e+00    0.0000000000e+00    0.0000000000e+00    1.9978302754e+01    0.0000000000e+00    0.0000000000e+00    0.0000000000e+00    1.2294152755e+02
    9.1612893383e+02    4.0584545569e+03   -1.3194852808e+05    3.2162846242e-02    2.7191467830e-02    5.3502996748e-02    1.2929202711e-02    1.4206804524e-02    1.4174864321e-02    2.4229591952e+02    0.0000000000e+00    0.0000000000e+00    0.0000000000e+00    1.9978302754e+01    0.0000000000e+00    0.0000000000e+00    0.0000000000e+00    1.2284659555e+02
    9.1270662318e+02    4.0432937081e+03   -1.3198834446e+05    1.5575681292e-02    1.6123795851e-02   -7.9874207600e-02    1.6011095796e-02   -1.0504864678e-02   -2.8322621617e-02    2.4229591952e+02    0.0000000000e+00    0.0000000000e+00    0.0000000000e+00    1.9978302754e+01    0.0000000000e+00    0.0000000000e+00    0.0000000000e+00    1.2283810324e+02
    9.1728408352e+02    4.0635718743e+03   -1.3202500278e+05   -1.8339685065e-02   -2.5562884546e-02   -9.8018355162e-02   -6.8868830005e-03    1.7135842734e-02   -2.4803188609e-02    2.4229591952e+02    0.0000000000e+00    0.0000000000e+00    0.0000000000e+00    1.9978302754e+01    0.0000000000e+00    0.0000000000e+00    0.0000000000e+00    1.2284938329e+02
    9.1732474796e+02    4.0637520179e+03   -1.3201773850e+05    3.2910529282e-02   -3.2763874298e-02   -1.4755933711e-02   -8.0842827483e-03   -3.1227655236e-02    5.2066930828e-03    2.4229591952e+02    0.0000000000e+00    0.0000000000e+00    0.0000000000e+00    1.9978302754e+01    0.0000000000e+00    0.0000000000e+00    0.0000000000e+00    1.2279038825e+02
# dump_thermo 1000
# format_version 1
# num_atoms 34272
# dt_output 2.0000000000e+03 fs
# columns T KE PE sxx syy szz syz sxz sxy ax ay az bx by bz cx cy cz
    9.1915040187e+02    4.0718396714e+03   -1.3202585804e+05   -5.9817114145e-02    2.2288038472e-03   -2.3121380086e-02   -4.8977289631e-03   -7.1552934825e-03    7.6285191460e-03    2.4229591952e+02    0.0000000000e+00    0.0000000000e+00    0.0000000000e+00    1.9978302754e+01    0.0000000000e+00    0.0000000000e+00    0.0000000000e+00    1.2281433821e+02
    9.1235769287e+02    4.0417479455e+03   -1.3199557118e+05    9.6481109162e-05   -3.4747249059e-02   -6.0144222540e-02    1.2392874544e-03   -2.8117836307e-02   -6.2250949074e-03    2.4229591952e+02    0.0000000000e+00    0.0000000000e+00    0.0000000000e+00    1.9978302754e+01    0.0000000000e+00    0.0000000000e+00    0.0000000000e+00    1.2283790208e+02
    9.1863206869e+02    4.0695434535e+03   -1.3202335814e+05    1.2497324492e-02   -1.3890032210e-03    2.8960099882e-02   -6.7089901429e-03    6.8104903404e-03    8.1114720618e-03    2.4229591952e+02    0.0000000000e+00    0.0000000000e+00    0.0000000000e+00    1.9978302754e+01    0.0000000000e+00    0.0000000000e+00    0.0000000000e+00    1.2271972296e+02
    9.2043158823e+02    4.0775153317e+03   -1.3203120877e+05    4.4408069392e-02    1.8937419159e-02    6.4566356903e-02   -2.3324457928e-02   -4.1560946372e-03    1.0525456004e-02    2.4229591952e+02    0.0000000000e+00    0.0000000000e+00    0.0000000000e+00    1.9978302754e+01    0.0000000000e+00    0.0000000000e+00    0.0000000000e+00    1.2265978239e+02
    9.2000310503e+02    4.0756171496e+03   -1.3202935844e+05   -9.0248698463e-03    4.1685984289e-02   -1.2939491194e-02    2.5134959093e-02   -2.4444536430e-02    1.3762174971e-02    2.4229591952e+02    0.0000000000e+00    0.0000000000e+00    0.0000000000e+00    1.9978302754e+01    0.0000000000e+00    0.0000000000e+00    0.0000000000e+00    1.2273252874e+02
    9.1767513251e+02    4.0653042227e+03   -1.3201903446e+05   -2.7538952254e-02    3.1843832784e-03    4.9270221203e-03    4.3801832368e-02   -8.3919082185e-03    1.1343925829e-02    2.4229591952e+02    0.0000000000e+00    0.0000000000e+00    0.0000000000e+00    1.9978302754e+01    0.0000000000e+00    0.0000000000e+00    0.0000000000e+00    1.2275893813e+02
    9.1628349620e+02    4.0591392687e+03   -1.3201276119e+05    5.0324501076e-02    6.7024296915e-02    8.3111999125e-02    1.1459289247e-03    2.1341858198e-02   -1.5751182900e-02    2.4229591952e+02    0.0000000000e+00    0.0000000000e+00    0.0000000000e+00    1.9978302754e+01    0.0000000000e+00    0.0000000000e+00    0.0000000000e+00    1.2265002623e+02
    9.1741362354e+02    4.0641457370e+03   -1.3201787077e+05    1.5756408574e-03    3.3339994628e-02    1.3775735985e-02    8.0236195507e-05    3.4092149201e-02   -1.3749920971e-02    2.4229591952e+02    0.0000000000e+00    0.0000000000e+00    0.0000000000e+00    1.9978302754e+01    0.0000000000e+00    0.0000000000e+00    0.0000000000e+00    1.2272823075e+02
    9.1197753585e+02    4.0400638485e+03   -1.3199366786e+05    7.8291675002e-03   -1.7643801149e-02   -3.2125590169e-02   -6.2849932153e-03   -5.8464728662e-02    4.8403836131e-02    2.4229591952e+02    0.0000000000e+00    0.0000000000e+00    0.0000000000e+00    1.9978302754e+01    0.0000000000e+00    0.0000000000e+00    0.0000000000e+00    1.2284055263e+02
    9.2011529779e+02    4.0761141639e+03   -1.3202981106e+05   -2.2354890580e-02   -1.1417571766e-03    3.0134161472e-03   -5.5053535687e-03   -3.6834141007e-03   -3.9098701356e-03    2.4229591952e+02    0.0000000000e+00    0.0000000000e+00    0.0000000000e+00    1.9978302754e+01    0.0000000000e+00    0.0000000000e+00    0.0000000000e+00    1.2274122599e+02
    9.1791978176e+02    4.0663880198e+03   -1.3202009700e+05   -2.0932038793e-02    7.2472941167e-02    2.6741827667e-02    1.2002966942e-02   -1.2908337713e-02   -3.9867714973e-02    2.4229591952e+02    0.0000000000e+00    0.0000000000e+00    0.0000000000e+00    1.9978302754e+01    0.0000000000e+00    0.0000000000e+00    0.0000000000e+00    1.2270064996e+02
    9.1455959500e+02    4.0515023801e+03   -1.3200530929e+05    5.0388677822e-02    1.3833387005e-02   -4.8405080147e-02    9.9637677734e-03   -4.3056655760e-02    2.3356260698e-02    2.4229591952e+02    0.0000000000e+00    0.0000000000e+00    0.0000000000e+00    1.9978302754e+01    0.0000000000e+00    0.0000000000e+00    0.0000000000e+00    1.2280193227e+02
    9.1730144543e+02    4.0636487876e+03   -1.3201737061e+05    1.6304079913e-02    3.8405020791e-02   -2.3274755930e-02    1.7050217488e-02   -5.4513864391e-02   -2.0491874075e-02    2.4229591952e+02    0.0000000000e+00    0.0000000000e+00    0.0000000000e+00    1.9978302754e+01    0.0000000000e+00    0.0000000000e+00    0.0000000000e+00    1.2275142838e+02
    9.1689335580e+02    4.0618409490e+03   -1.3201554135e+05    2.3158728080e-02    1.8672892961e-02    3.2500891222e-02   -7.7741955153e-03   -1.5979029182e-03    1.6917875188e-03    2.4229591952e+02    0.0000000000e+00    0.0000000000e+00    0.0000000000e+00    1.9978302754e+01    0.0000000000e+00    0.0000000000e+00    0.0000000000e+00    1.2272202338e+02
    9.1426013161e+02    4.0501757561e+03   -1.3200401093e+05    2.2525386688e-02    7.3948220312e-02   -4.6781875089e-03   -1.0708298189e-02   -2.1675956708e-02    6.0505594588e-03    2.4229591952e+02    0.0000000000e+00    0.0000000000e+00    0.0000000000e+00    1.9978302754e+01    0.0000000000e+00    0.0000000000e+00    0.0000000000e+00    1.2272354303e+02
    9.2124137057e+02    4.0811026705e+03   -1.3203490821e+05    2.6745278201e-02    4.8325568277e-02    2.5725321042e-02    1.4303520733e-02   -4.3676238856e-02   -8.3674535347e-03    2.4229591952e+02    0.0000000000e+00    0.0000000000e+00    0.0000000000e+00    1.9978302754e+01    0.0000000000e+00    0.0000000000e+00    0.0000000000e+00    1.2267609306e+02
    9.1856112211e+02    4.0692291599e+03   -1.3202302835e+05    1.0582205353e-02    2.8994494923e-02    8.6326580939e-02    2.9575976274e-02    4.2500468786e-03    1.0163568752e-02    2.4229591952e+02    0.0000000000e+00    0.0000000000e+00    0.0000000000e+00    1.9978302754e+01    0.0000000000e+00    0.0000000000e+00    0.0000000000e+00    1.2269351381e+02
    9.2096624700e+02    4.0798838720e+03   -1.3203353092e+05   -8.4986746563e-02   -6.9489899936e-02   -9.2074579267e-02   -3.4349200765e-02    2.0334990496e-02    9.4221221381e-03    2.4229591952e+02    0.0000000000e+00    0.0000000000e+00    0.0000000000e+00    1.9978302754e+01    0.0000000000e+00    0.0000000000e+00    0.0000000000e+00    1.2286185608e+02
    9.2311255659e+02    4.0893920315e+03   -1.3204319457e+05    2.1695342908e-02   -2.1385960446e-02   -1.2215018191e-02   -1.0639488216e-02   -2.7072025960e-02   -1.3234524868e-02    2.4229591952e+02    0.0000000000e+00    0.0000000000e+00    0.0000000000e+00    1.9978302754e+01    0.0000000000e+00    0.0000000000e+00    0.0000000000e+00    1.2272532282e+02
    9.2647160309e+02    4.1042726198e+03   -1.3205799688e+05    8.0293266309e-02    8.5599299132e-02    6.6530357031e-02   -3.6284561711e-02    1.5159051175e-02   -2.9766498657e-03    2.4229591952e+02    0.0000000000e+00    0.0000000000e+00    0.0000000000e+00    1.9978302754e+01    0.0000000000e+00    0.0000000000e+00    0.0000000000e+00    1.2255591871e+02
    9.2232559112e+02    4.0859057715e+03   -1.3203971320e+05    1.7031516533e-02   -7.2661997732e-03    1.1485316495e-02    1.6875712125e-02    1.8079564375e-02   -9.8485038854e-03    2.4229591952e+02    0.0000000000e+00    0.0000000000e+00    0.0000000000e+00    1.9978302754e+01    0.0000000000e+00    0.0000000000e+00    0.0000000000e+00    1.2269145962e+02
    9.3030989108e+02    4.1212762498e+03   -1.3207510001e+05    5.6596875091e-02    6.9860101829e-02    5.4460104646e-02    3.9996326132e-03    2.7213009136e-02   -2.0906303317e-02    2.4229591952e+02    0.0000000000e+00    0.0000000000e+00    0.0000000000e+00    1.9978302754e+01    0.0000000000e+00    0.0000000000e+00    0.0000000000e+00    1.2254251603e+02
    9.2070031844e+02    4.0787058076e+03   -1.3203242683e+05   -1.3246613597e-03    2.5228605252e-02   -3.1918060832e-02   -2.3612357661e-02   -2.7832270434e-02    1.3417920558e-02    2.4229591952e+02    0.0000000000e+00    0.0000000000e+00    0.0000000000e+00    1.9978302754e+01    0.0000000000e+00    0.0000000000e+00    0.0000000000e+00    1.2271653693e+02
    9.2460386849e+02    4.0959985487e+03   -1.3204977218e+05    1.8902724278e-02    1.1708093205e-02    2.1363944680e-02   -1.3291514522e-03   -5.0226805449e-02    5.8469193338e-03    2.4229591952e+02    0.0000000000e+00    0.0000000000e+00    0.0000000000e+00    1.9978302754e+01    0.0000000000e+00    0.0000000000e+00    0.0000000000e+00    1.2266772477e+02
    9.2338128878e+02    4.0905825160e+03   -1.3204443261e+05   -1.1171471916e-03   -2.0255748114e-02   -5.8834419619e-05    1.9566803518e-02   -3.4154323525e-02    3.8010627039e-03    2.4229591952e+02    0.0000000000e+00    0.0000000000e+00    0.0000000000e+00    1.9978302754e+01    0.0000000000e+00    0.0000000000e+00    0.0000000000e+00    1.2272404058e+02
    9.2153393240e+02    4.0823987205e+03   -1.3203606948e+05   -5.4301638833e-03    5.1005787214e-02   -4.5564581014e-02   -3.8281723684e-02   -3.7616367778e-04   -8.8271956432e-03    2.4229591952e+02    0.0000000000e+00    0.0000000000e+00    0.0000000000e+00    1.9978302754e+01    0.0000000000e+00    0.0000000000e+00    0.0000000000e+00    1.2270191382e+02
    9.2223583432e+02    4.0855081486e+03   -1.3203933847e+05    4.7605287469e-02    3.2217598702e-02    2.0013030785e-02   -2.4591594085e-02   -1.2378893532e-02   -8.7923597177e-03    2.4229591952e+02    0.0000000000e+00    0.0000000000e+00    0.0000000000e+00    1.9978302754e+01    0.0000000000e+00    0.0000000000e+00    0.0000000000e+00    1.2264899538e+02
    9.3120733120e+02    4.1252519128e+03   -1.3207919159e+05    3.7052096537e-02    5.3700660128e-02    2.3528395240e-02    6.9374298261e-03   -1.4230735112e-03   -2.5923828091e-03    2.4229591952e+02    0.0000000000e+00    0.0000000000e+00    0.0000000000e+00    1.9978302754e+01    0.0000000000e+00    0.0000000000e+00    0.0000000000e+00    1.2259858643e+02
    9.2658217084e+02    4.1047624354e+03   -1.3205870171e+05    4.5086277602e-02    2.3922443974e-02    4.1545432714e-02    1.0076916952e-03   -4.3893346933e-02   -6.3800350327e-03    2.4229591952e+02    0.0000000000e+00    0.0000000000e+00    0.0000000000e+00    1.9978302754e+01    0.0000000000e+00    0.0000000000e+00    0.0000000000e+00    1.2262753654e+02
    9.2162091702e+02    4.0827840627e+03   -1.3203664444e+05    3.2089793851e-02    5.8155455308e-02    5.5855063070e-02    2.2804248102e-02   -1.1591108943e-03   -2.1907509742e-02    2.4229591952e+02    0.0000000000e+00    0.0000000000e+00    0.0000000000e+00    1.9978302754e+01    0.0000000000e+00    0.0000000000e+00    0.0000000000e+00    1.2263773315e+02
    9.2573622901e+02    4.1010149100e+03   -1.3205497428e+05    1.7125373125e-02    2.2462133826e-02    9.8821898318e-03   -1.5891118355e-03    1.2340075415e-02    3.3614768129e-04    2.4229591952e+02    0.0000000000e+00    0.0000000000e+00    0.0000000000e+00    1.9978302754e+01    0.0000000000e+00    0.0000000000e+00    0.0000000000e+00    1.2265591974e+02
    9.2466056450e+02    4.0962497122e+03   -1.3205028395e+05   -3.8540547995e-02    2.6703526740e-03   -8.6149927999e-02    1.4081746725e-02   -4.8943742130e-02    3.7861136309e-02    2.4229591952e+02    0.0000000000e+00    0.0000000000e+00    0.0000000000e+00    1.9978302754e+01    0.0000000000e+00    0.0000000000e+00    0.0000000000e+00    1.2277422000e+02
    9.2675614833e+02    4.1055331563e+03   -1.3205968474e+05    9.4528185482e-02    2.8957649179e-02    2.2228126056e-02    2.4666251139e-02   -1.6901067447e-02   -9.2845826353e-03    2.4229591952e+02    0.0000000000e+00    0.0000000000e+00    0.0000000000e+00    1.9978302754e+01    0.0000000000e+00    0.0000000000e+00    0.0000000000e+00    1.2259163076e+02
    9.2107478272e+02    4.0803646857e+03   -1.3203461312e+05    4.9400978159e-02    8.1051732294e-02   -4.7416208575e-02    3.6718427186e-02    4.3063947189e-02   -1.6878695434e-02    2.4229591952e+02    0.0000000000e+00    0.0000000000e+00    0.0000000000e+00    1.9978302754e+01    0.0000000000e+00    0.0000000000e+00    0.0000000000e+00    1.2268226950e+02
    9.2972990991e+02    4.1187069311e+03   -1.3207293914e+05    7.3298154097e-03    4.7272826857e-02    4.9141374868e-02   -2.4233899997e-03    4.0389965080e-03   -1.3993550420e-02    2.4229591952e+02    0.0000000000e+00    0.0000000000e+00    0.0000000000e+00    1.9978302754e+01    0.0000000000e+00    0.0000000000e+00    0.0000000000e+00    1.2260523671e+02
    9.2006945597e+02    4.0759110845e+03   -1.3203007960e+05    3.0057704193e-02    1.5535740195e-02    1.2424125242e-02   -2.7822059135e-04   -2.3601261302e-04    1.2384326767e-02    2.4229591952e+02    0.0000000000e+00    0.0000000000e+00    0.0000000000e+00    1.9978302754e+01    0.0000000000e+00    0.0000000000e+00    0.0000000000e+00    1.2269002405e+02
    9.2983092720e+02    4.1191544381e+03   -1.3207322771e+05    7.9644141370e-02    9.0580986310e-02    6.6749518200e-02   -2.1967773284e-02   -1.1246536816e-02   -2.4717400297e-02    2.4229591952e+02    0.0000000000e+00    0.0000000000e+00    0.0000000000e+00    1.9978302754e+01    0.0000000000e+00    0.0000000000e+00    0.0000000000e+00    1.2252329307e+02
    9.2407821191e+02    4.0936698881e+03   -1.3204771222e+05   -4.0115908907e-02    4.8537257972e-02   -4.6014802650e-02   -3.2902224054e-02    1.1126715493e-02    2.8552598340e-02    2.4229591952e+02    0.0000000000e+00    0.0000000000e+00    0.0000000000e+00    1.9978302754e+01    0.0000000000e+00    0.0000000000e+00    0.0000000000e+00    1.2273329488e+02
    9.2102668548e+02    4.0801516147e+03   -1.3203416807e+05    6.2226514649e-02    2.2981779365e-02   -3.3282639370e-02   -3.1009418961e-04    3.3280960808e-02   -9.7241230566e-03    2.4229591952e+02    0.0000000000e+00    0.0000000000e+00    0.0000000000e+00    1.9978302754e+01    0.0000000000e+00    0.0000000000e+00    0.0000000000e+00    1.2268745645e+02
    9.2535414203e+02    4.0993222632e+03   -1.3205337396e+05    4.9447062706e-02    8.1540180507e-02    2.8414652430e-02    3.0779952883e-03   -1.6905113256e-02    3.4458416235e-03    2.4229591952e+02    0.0000000000e+00    0.0000000000e+00    0.0000000000e+00    1.9978302754e+01    0.0000000000e+00    0.0000000000e+00    0.0000000000e+00    1.2259215932e+02
    9.2431848923e+02    4.0947343175e+03   -1.3204884211e+05    5.1207203344e-02    8.5401720123e-02    1.7846177559e-02   -3.5549649533e-02   -3.2061645278e-02    1.1711486347e-02    2.4229591952e+02    0.0000000000e+00    0.0000000000e+00    0.0000000000e+00    1.9978302754e+01    0.0000000000e+00    0.0000000000e+00    0.0000000000e+00    1.2261381865e+02
    9.2979395527e+02    4.1189906523e+03   -1.3207296908e+05    1.9906515678e-02    7.3418084494e-02   -6.3137531050e-03   -2.5023788803e-02   -3.1713938386e-02    2.4402706167e-02    2.4229591952e+02    0.0000000000e+00    0.0000000000e+00    0.0000000000e+00    1.9978302754e+01    0.0000000000e+00    0.0000000000e+00    0.0000000000e+00    1.2260763581e+02
    9.1950315713e+02    4.0734023785e+03   -1.3202732443e+05    8.7246500952e-03    3.4508576098e-02    8.7467443334e-03    2.3718381141e-02    3.6728090723e-02   -4.0171449603e-03    2.4229591952e+02    0.0000000000e+00    0.0000000000e+00    0.0000000000e+00    1.9978302754e+01    0.0000000000e+00    0.0000000000e+00    0.0000000000e+00    1.2270280500e+02
    9.1843540219e+02    4.0686722202e+03   -1.3202259512e+05    6.9184861741e-02    4.0640635146e-02   -1.0609807148e-02    1.7357955596e-02   -5.7568908474e-03    2.4770720789e-02    2.4229591952e+02    0.0000000000e+00    0.0000000000e+00    0.0000000000e+00    1.9978302754e+01    0.0000000000e+00    0.0000000000e+00    0.0000000000e+00    1.2266853814e+02
    9.2091174384e+02    4.0796424228e+03   -1.3203373000e+05    4.5923363754e-02    2.1184033168e-03   -3.7765665843e-02   -3.4705695275e-02   -1.6907163052e-02    1.6717101201e-02    2.4229591952e+02    0.0000000000e+00    0.0000000000e+00    0.0000000000e+00    1.9978302754e+01    0.0000000000e+00    0.0000000000e+00    0.0000000000e+00    1.2272467197e+02
    9.3226854869e+02    4.1299531103e+03   -1.3208427151e+05    2.6830994440e-02    4.7657249491e-02   -3.2459586765e-02   -2.8204323289e-02    1.7017853905e-02   -2.7867180100e-02    2.4229591952e+02    0.0000000000e+00    0.0000000000e+00    0.0000000000e+00    1.9978302754e+01    0.0000000000e+00    0.0000000000e+00    0.0000000000e+00    1.2261037754e+02
    9.2116250285e+02    4.0807532862e+03   -1.3203497366e+05    3.8091755580e-02    1.0764682235e-01    3.8541471806e-02    1.5155433305e-02    3.0963820522e-02    2.8513299589e-03    2.4229591952e+02    0.0000000000e+00    0.0000000000e+00    0.0000000000e+00    1.9978302754e+01    0.0000000000e+00    0.0000000000e+00    0.0000000000e+00    1.2260000397e+02
    9.2496099940e+02    4.0975806399e+03   -1.3205181475e+05    2.3476380520e-02    2.4875303076e-02   -3.3786516886e-02    2.6889701633e-02   -2.4267007867e-02    1.8677478339e-02    2.4229591952e+02    0.0000000000e+00    0.0000000000e+00    0.0000000000e+00    1.9978302754e+01    0.0000000000e+00    0.0000000000e+00    0.0000000000e+00    1.2269251077e+02
    9.2597133531e+02    4.1020564317e+03   -1.3205641891e+05    7.5321312898e-02    6.7104893427e-02    3.7246830149e-02   -4.3240730419e-03    3.3240054351e-04   -2.2944215612e-02    2.4229591952e+02    0.0000000000e+00    0.0000000000e+00    0.0000000000e+00    1.9978302754e+01    0.0000000000e+00    0.0000000000e+00    0.0000000000e+00    1.2257496836e+02
    9.2681909295e+02    4.1058120012e+03   -1.3206010496e+05   -5.5080183143e-03    2.5354451419e-02    2.3170843085e-02    2.6747898901e-02    7.9380310638e-03   -3.8240164346e-03    2.4229591952e+02    0.0000000000e+00    0.0000000000e+00    0.0000000000e+00    1.9978302754e+01    0.0000000000e+00    0.0000000000e+00    0.0000000000e+00    1.2262964316e+02
    9.2020372668e+02    4.0765059042e+03   -1.3203070873e+05   -4.2247342768e-03    4.5515831736e-02   -3.6273013272e-02    4.7938016665e-03   -4.0759103123e-02    4.9904766298e-03    2.4229591952e+02    0.0000000000e+00    0.0000000000e+00    0.0000000000e+00    1.9978302754e+01    0.0000000000e+00    0.0000000000e+00    0.0000000000e+00    1.2270969358e+02
    9.2024330882e+02    4.0766812532e+03   -1.3203089889e+05    2.6968195079e-02    2.5686202207e-02    3.4786945037e-02    9.2420386716e-03   -3.0085404870e-02    1.4493290802e-02    2.4229591952e+02    0.0000000000e+00    0.0000000000e+00    0.0000000000e+00    1.9978302754e+01    0.0000000000e+00    0.0000000000e+00    0.0000000000e+00    1.2266669520e+02
    9.2766103825e+02    4.1095418220e+03   -1.3206375535e+05   -3.2278248128e-02    2.7194540795e-02   -5.8027805536e-03    6.3033212600e-03    3.7481319919e-03    2.8893130017e-02    2.4229591952e+02    0.0000000000e+00    0.0000000000e+00    0.0000000000e+00    1.9978302754e+01    0.0000000000e+00    0.0000000000e+00    0.0000000000e+00    1.2267380021e+02
    9.2753675201e+02    4.1089912335e+03   -1.3206326166e+05   -6.6597078538e-03    2.0699772503e-02   -1.1794043686e-03    9.5902399552e-03    5.3433854634e-03   -1.4370922766e-02    2.4229591952e+02    0.0000000000e+00    0.0000000000e+00    0.0000000000e+00    1.9978302754e+01    0.0000000000e+00    0.0000000000e+00    0.0000000000e+00    1.2264260413e+02
    9.2518915878e+02    4.0985913868e+03   -1.3205284684e+05    5.5863731700e-02    1.1882862769e-01    7.9539490442e-03    2.0877435004e-02   -2.5247323791e-02   -2.8725216869e-02    2.4229591952e+02    0.0000000000e+00    0.0000000000e+00    0.0000000000e+00    1.9978302754e+01    0.0000000000e+00    0.0000000000e+00    0.0000000000e+00    1.2258147078e+02
    9.2413237370e+02    4.0939098250e+03   -1.3204826100e+05    4.0257762933e-02    5.2484095033e-02    1.6621322407e-02   -2.6059940519e-02   -8.1070460376e-03    1.6240994175e-02    2.4229591952e+02    0.0000000000e+00    0.0000000000e+00    0.0000000000e+00    1.9978302754e+01    0.0000000000e+00    0.0000000000e+00    0.0000000000e+00    1.2264645186e+02
    9.2454703853e+02    4.0957467917e+03   -1.3205000849e+05   -4.5760064959e-02   -1.7203512597e-02   -9.1441875996e-02   -2.8951717122e-02   -2.7569621965e-03   -2.1608302244e-02    2.4229591952e+02    0.0000000000e+00    0.0000000000e+00    0.0000000000e+00    1.9978302754e+01    0.0000000000e+00    0.0000000000e+00    0.0000000000e+00    1.2278191986e+02
    9.2503266423e+02    4.0978981154e+03   -1.3205224284e+05    4.5728642564e-02    6.4013621099e-03    3.0769289394e-02   -2.3104786164e-03    3.1301636713e-02   -1.8242062709e-02    2.4229591952e+02    0.0000000000e+00    0.0000000000e+00    0.0000000000e+00    1.9978302754e+01    0.0000000000e+00    0.0000000000e+00    0.0000000000e+00    1.2263075866e+02
    9.2463627817e+02    4.0961421237e+03   -1.3205049982e+05   -6.6456947045e-03    2.6011225940e-02    3.3616830091e-02    1.4150342042e-02   -2.0124161166e-02    3.2962182295e-02    2.4229591952e+02    0.0000000000e+00    0.0000000000e+00    0.0000000000e+00    1.9978302754e+01    0.0000000000e+00    0.0000000000e+00    0.0000000000e+00    1.2266492910e+02
    9.2575889052e+02    4.1011153005e+03   -1.3205543468e+05    1.8289523390e-02    3.0246109482e-02   -1.1063326150e-02   -6.4158135965e-03   -4.1261596347e-03   -1.1557775090e-02    2.4229591952e+02    0.0000000000e+00    0.0000000000e+00    0.0000000000e+00    1.9978302754e+01    0.0000000000e+00    0.0000000000e+00    0.0000000000e+00    1.2266513686e+02
    9.3056841196e+02    4.1224214983e+03   -1.3207679396e+05    8.2025765161e-02    6.8398774848e-02    5.5189430166e-02   -7.1148420395e-03    1.3227625135e-02   -1.3212975977e-02    2.4229591952e+02    0.0000000000e+00    0.0000000000e+00    0.0000000000e+00    1.9978302754e+01    0.0000000000e+00    0.0000000000e+00    0.0000000000e+00    1.2252758943e+02
    9.2682169658e+02    4.1058235353e+03   -1.3206034867e+05    4.4102620892e-02    2.6060846858e-02   -4.2586463181e-02    1.8818083399e-02    1.4824995159e-02   -1.6154841570e-02    2.4229591952e+02    0.0000000000e+00    0.0000000000e+00    0.0000000000e+00    1.9978302754e+01    0.0000000000e+00    0.0000000000e+00    0.0000000000e+00    1.2265211473e+02
    9.2911175984e+02    4.1159685240e+03   -1.3207074249e+05    5.6011398768e-02    4.1689558050e-02   -3.1913960356e-02    3.8039197226e-03    1.1198309383e-02   -1.1391635043e-02    2.4229591952e+02    0.0000000000e+00    0.0000000000e+00    0.0000000000e+00    1.9978302754e+01    0.0000000000e+00    0.0000000000e+00    0.0000000000e+00    1.2259449428e+02
    9.3178454266e+02    4.1278089617e+03   -1.3208258839e+05    4.6430142086e-02    6.0414312456e-02   -1.1977115755e-04   -2.8032395878e-02   -1.9103441090e-02    3.0859971567e-02    2.4229591952e+02    0.0000000000e+00    0.0000000000e+00    0.0000000000e+00    1.9978302754e+01    0.0000000000e+00    0.0000000000e+00    0.0000000000e+00    1.2254441151e+02
    9.2876195336e+02    4.1144188800e+03   -1.3206916095e+05    3.5532138003e-02    1.8376889458e-02   -4.1437583991e-02    2.9173170870e-02    2.3652151930e-02    1.1394237639e-02    2.4229591952e+02    0.0000000000e+00    0.0000000000e+00    0.0000000000e+00    1.9978302754e+01    0.0000000000e+00    0.0000000000e+00    0.0000000000e+00    1.2264506327e+02
    9.2902603736e+02    4.1155887731e+03   -1.3207027007e+05   -8.2435461094e-03   -3.5713660990e-02   -8.8022909334e-02    4.0090269820e-02   -1.1553355751e-02    7.3880759634e-03    2.4229591952e+02    0.0000000000e+00    0.0000000000e+00    0.0000000000e+00    1.9978302754e+01    0.0000000000e+00    0.0000000000e+00    0.0000000000e+00    1.2273970240e+02
    9.2312860322e+02    4.0894631181e+03   -1.3204410087e+05    8.7317983051e-02    6.3951412670e-02    8.3445198271e-02   -4.1899163562e-03    2.8697490695e-02   -3.7004992086e-02    2.4229591952e+02    0.0000000000e+00    0.0000000000e+00    0.0000000000e+00    1.9978302754e+01    0.0000000000e+00    0.0000000000e+00    0.0000000000e+00    1.2253732187e+02
    9.2875042185e+02    4.1143677954e+03   -1.3206898824e+05    9.2572256416e-02    4.7876158926e-02    5.7795185703e-03   -3.6833509927e-02    9.5813859367e-03    9.4139586067e-03    2.4229591952e+02    0.0000000000e+00    0.0000000000e+00    0.0000000000e+00    1.9978302754e+01    0.0000000000e+00    0.0000000000e+00    0.0000000000e+00    1.2255663307e+02
    9.2668975401e+02    4.1052390292e+03   -1.3205982551e+05    4.8988649449e-02    2.8790507468e-02    2.2739235910e-02   -2.2960995263e-02   -2.6017693611e-02   -5.9721461683e-03    2.4229591952e+02    0.0000000000e+00    0.0000000000e+00    0.0000000000e+00    1.9978302754e+01    0.0000000000e+00    0.0000000000e+00    0.0000000000e+00    1.2259872177e+02
    9.2071469384e+02    4.0787694906e+03   -1.3203345790e+05    2.8884220784e-02    8.2060989887e-02    1.3670683975e-02    6.1376873203e-03   -9.0867851062e-03   -6.0392478276e-03    2.4229591952e+02    0.0000000000e+00    0.0000000000e+00    0.0000000000e+00    1.9978302754e+01    0.0000000000e+00    0.0000000000e+00    0.0000000000e+00    1.2264832383e+02
    9.1878161907e+02    4.0702059623e+03   -1.3202469272e+05   -9.0977484979e-03    6.5993728256e-02   -4.9374014544e-02    3.3188236142e-02   -1.2213882426e-02   -2.3504033155e-02    2.4229591952e+02    0.0000000000e+00    0.0000000000e+00    0.0000000000e+00    1.9978302754e+01    0.0000000000e+00    0.0000000000e+00    0.0000000000e+00    1.2274025428e+02
    9.2118916907e+02    4.0808714177e+03   -1.3203535246e+05    8.6642857832e-02    3.2638646071e-02    7.3835524122e-02   -1.3609963169e-02    9.8861440239e-03    7.3342899306e-03    2.4229591952e+02    0.0000000000e+00    0.0000000000e+00    0.0000000000e+00    1.9978302754e+01    0.0000000000e+00    0.0000000000e+00    0.0000000000e+00    1.2261249013e+02
    9.2393236656e+02    4.0930237927e+03   -1.3204747045e+05    5.6169989756e-02    4.6721062106e-02    1.9786664152e-02   -9.4309376340e-03   -3.6186265303e-02    1.1874378826e-02    2.4229591952e+02    0.0000000000e+00    0.0000000000e+00    0.0000000000e+00    1.9978302754e+01    0.0000000000e+00    0.0000000000e+00    0.0000000000e+00    1.2259141326e+02
    9.2029084164e+02    4.0768918238e+03   -1.3203123529e+05   -3.4197895984e-02    3.3331349662e-02   -4.3078723726e-02    5.0085519549e-02    3.0577318793e-02   -1.0796511043e-02    2.4229591952e+02    0.0000000000e+00    0.0000000000e+00    0.0000000000e+00    1.9978302754e+01    0.0000000000e+00    0.0000000000e+00    0.0000000000e+00    1.2275757833e+02
    9.1954981250e+02    4.0736090620e+03   -1.3202798406e+05    4.0860111329e-02    8.6698671596e-02    5.3264488422e-02    6.4390299255e-02   -4.0213881745e-03    2.4902664246e-02    2.4229591952e+02    0.0000000000e+00    0.0000000000e+00    0.0000000000e+00    1.9978302754e+01    0.0000000000e+00    0.0000000000e+00    0.0000000000e+00    1.2262605275e+02
    9.2912008401e+02    4.1160054001e+03   -1.3207053205e+05    1.2926396374e-02    5.9096617867e-02    1.3972471034e-02    3.4197466589e-02   -2.7448036367e-02    1.6427271082e-02    2.4229591952e+02    0.0000000000e+00    0.0000000000e+00    0.0000000000e+00    1.9978302754e+01    0.0000000000e+00    0.0000000000e+00    0.0000000000e+00    1.2259075010e+02
    9.2478948322e+02    4.0968208226e+03   -1.3205123293e+05   -2.5385883305e-02   -2.0935067023e-02   -2.7688791624e-02   -8.8364286805e-02    3.3144489176e-02   -2.5661470856e-02    2.4229591952e+02    0.0000000000e+00    0.0000000000e+00    0.0000000000e+00    1.9978302754e+01    0.0000000000e+00    0.0000000000e+00    0.0000000000e+00    1.2271657295e+02
    9.2770756957e+02    4.1097479559e+03   -1.3206409138e+05    5.4877573844e-02    3.1810794531e-02   -2.1274185812e-02   -4.0178967527e-02   -9.9397142314e-04   -1.8715662573e-02    2.4229591952e+02    0.0000000000e+00    0.0000000000e+00    0.0000000000e+00    1.9978302754e+01    0.0000000000e+00    0.0000000000e+00    0.0000000000e+00    1.2263507182e+02
    9.2606982206e+02    4.1024927284e+03   -1.3205667464e+05    5.4455500105e-02    6.0788329363e-02    5.9032435223e-02    1.0242816774e-03   -1.0981624870e-02   -6.3179831911e-03    2.4229591952e+02    0.0000000000e+00    0.0000000000e+00    0.0000000000e+00    1.9978302754e+01    0.0000000000e+00    0.0000000000e+00    0.0000000000e+00    1.2257956827e+02
    9.2866032004e+02    4.1139686440e+03   -1.3206819740e+05   -1.7416362637e-02    3.8802634112e-04   -2.1020009101e-02    6.0547340131e-02   -1.8572988537e-03    4.6559604508e-03    2.4229591952e+02    0.0000000000e+00    0.0000000000e+00    0.0000000000e+00    1.9978302754e+01    0.0000000000e+00    0.0000000000e+00    0.0000000000e+00    1.2268165055e+02
    9.2551409103e+02    4.1000308379e+03   -1.3205422739e+05    3.0267807933e-02   -3.6983775852e-02   -5.5583531793e-02   -4.4212793035e-02    2.5505563625e-02   -9.0392067642e-03    2.4229591952e+02    0.0000000000e+00    0.0000000000e+00    0.0000000000e+00    1.9978302754e+01    0.0000000000e+00    0.0000000000e+00    0.0000000000e+00    1.2272539838e+02
    9.2429157994e+02    4.0946151093e+03   -1.3204883139e+05    1.0866742476e-01    8.9249382265e-02    4.5142074716e-02   -4.8352233742e-02    1.8555408390e-03    2.1608201980e-02    2.4229591952e+02    0.0000000000e+00    0.0000000000e+00    0.0000000000e+00    1.9978302754e+01    0.0000000000e+00    0.0000000000e+00    0.0000000000e+00    1.2252099230e+02
    9.2696734046e+02    4.1064687382e+03   -1.3206068294e+05    8.0891446470e-02    5.4812029806e-02    3.7306317042e-02    2.4655446661e-02    1.3790389840e-02   -4.8161472629e-02    2.4229591952e+02    0.0000000000e+00    0.0000000000e+00    0.0000000000e+00    1.9978302754e+01    0.0000000000e+00    0.0000000000e+00    0.0000000000e+00    1.2255922574e+02
    9.3092706654e+02    4.1240103394e+03   -1.3207831355e+05    3.3193864210e-02    5.2358236982e-02   -1.3060965196e-02    2.8483664233e-02    3.5813583999e-03   -5.3875269858e-03    2.4229591952e+02    0.0000000000e+00    0.0000000000e+00    0.0000000000e+00    1.9978302754e+01    0.0000000000e+00    0.0000000000e+00    0.0000000000e+00    1.2258950943e+02
    9.2885630892e+02    4.1148368755e+03   -1.3206912911e+05    9.3073414175e-02    4.4775067373e-02   -1.1991193735e-02   -1.9002177185e-02    1.0106797023e-02   -1.9714310317e-02    2.4229591952e+02    0.0000000000e+00    0.0000000000e+00    0.0000000000e+00    1.9978302754e+01    0.0000000000e+00    0.0000000000e+00    0.0000000000e+00    1.2255423125e+02
    9.2754257967e+02    4.1090170501e+03   -1.3206339814e+05   -3.3908543861e-02    2.1329643316e-03   -6.9067803454e-02   -1.3491105516e-02   -3.4525626260e-03    2.4235665732e-02    2.4229591952e+02    0.0000000000e+00    0.0000000000e+00    0.0000000000e+00    1.9978302754e+01    0.0000000000e+00    0.0000000000e+00    0.0000000000e+00    1.2273226714e+02
    9.2738513826e+02    4.1083195840e+03   -1.3206267505e+05   -6.0905904705e-03   -2.2633157492e-03   -3.6915188754e-02   -8.3352393114e-03    9.2577817040e-03   -6.8349901178e-03    2.4229591952e+02    0.0000000000e+00    0.0000000000e+00    0.0000000000e+00    1.9978302754e+01    0.0000000000e+00    0.0000000000e+00    0.0000000000e+00    1.2269395713e+02
    9.2336511763e+02    4.0905108778e+03   -1.3204486827e+05   -3.1804571166e-03   -1.8986433401e-02   -8.8848629933e-03    9.7657819393e-03    1.7855870751e-02   -5.3546156689e-03    2.4229591952e+02    0.0000000000e+00    0.0000000000e+00    0.0000000000e+00    1.9978302754e+01    0.0000000000e+00    0.0000000000e+00    0.0000000000e+00    1.2269613230e+02
    9.3042755491e+02    4.1217975010e+03   -1.3207592916e+05    1.0641682725e-01    3.4855683885e-02    7.8448463469e-02   -9.5297097079e-03   -3.5573885591e-02    2.2067253337e-03    2.4229591952e+02    0.0000000000e+00    0.0000000000e+00    0.0000000000e+00    1.9978302754e+01    0.0000000000e+00    0.0000000000e+00    0.0000000000e+00    1.2250625334e+02
    9.2730799258e+02    4.1079778284e+03   -1.3206198687e+05    7.1058082799e-02    3.3642802257e-02    3.6622396789e-02   -4.3020168220e-02    2.1279390044e-02   -1.1953147462e-02    2.4229591952e+02    0.0000000000e+00    0.0000000000e+00    0.0000000000e+00    1.9978302754e+01    0.0000000000e+00    0.0000000000e+00    0.0000000000e+00    1.2257395244e+02
    9.2558646850e+02    4.1003514703e+03   -1.3205434332e+05    1.1777010989e-02    4.8653761918e-02    1.6544448193e-02    7.2466181165e-03   -1.1624546964e-02    2.3782995699e-02    2.4229591952e+02    0.0000000000e+00    0.0000000000e+00    0.0000000000e+00    1.9978302754e+01    0.0000000000e+00    0.0000000000e+00    0.0000000000e+00    1.2263214948e+02
    9.2496385245e+02    4.0975932789e+03   -1.3205148402e+05    5.0981604384e-02    4.4855637338e-02    4.0954391864e-02    3.6913974323e-03    2.0403135495e-03    7.0416135084e-03    2.4229591952e+02    0.0000000000e+00    0.0000000000e+00    0.0000000000e+00    1.9978302754e+01    0.0000000000e+00    0.0000000000e+00    0.0000000000e+00    1.2259245367e+02
    9.2529253141e+02    4.0990493280e+03   -1.3205293027e+05    1.3949377756e-03    9.8055011279e-03   -1.5703398550e-02   -6.6404397590e-03   -3.2828469770e-02    1.8034585106e-02    2.4229591952e+02    0.0000000000e+00    0.0000000000e+00    0.0000000000e+00    1.9978302754e+01    0.0000000000e+00    0.0000000000e+00    0.0000000000e+00    1.2268318677e+02
    9.2637343750e+02    4.1038377459e+03   -1.3205769476e+05    4.3660223511e-02    1.3981259302e-02   -1.7219801599e-03   -2.4338413054e-03    1.3623234199e-03    1.9074121131e-02    2.4229591952e+02    0.0000000000e+00    0.0000000000e+00    0.0000000000e+00    1.9978302754e+01    0.0000000000e+00    0.0000000000e+00    0.0000000000e+00    1.2264426818e+02
    9.2780474777e+02    4.1101784557e+03   -1.3206395073e+05    8.3184870704e-02    2.7242742799e-02    3.2881528290e-02   -1.5021408474e-02    2.6538670210e-02    2.9894165233e-02    2.4229591952e+02    0.0000000000e+00    0.0000000000e+00    0.0000000000e+00    1.9978302754e+01    0.0000000000e+00    0.0000000000e+00    0.0000000000e+00    1.2257325030e+02
    9.2324504507e+02    4.0899789559e+03   -1.3204368805e+05    2.3440098422e-02    2.6470431716e-02   -8.0840781875e-02   -2.4029195726e-02   -2.3620823993e-02   -1.5187730278e-02    2.4229591952e+02    0.0000000000e+00    0.0000000000e+00    0.0000000000e+00    1.9978302754e+01    0.0000000000e+00    0.0000000000e+00    0.0000000000e+00    1.2269757352e+02
    9.2773362652e+02    4.1098633883e+03   -1.3206359525e+05    6.2052812721e-02   -1.1354867084e-02   -3.5390261456e-02   -2.5839658552e-02   -3.4179824307e-02    1.8633559163e-04    2.4229591952e+02    0.0000000000e+00    0.0000000000e+00    0.0000000000e+00    1.9978302754e+01    0.0000000000e+00    0.0000000000e+00    0.0000000000e+00    1.2265193332e+02
    9.2067066634e+02    4.0785744486e+03   -1.3203226142e+05    4.6502748400e-02    1.2462205264e-02   -3.6883710574e-02   -3.0273306657e-03    3.0192872975e-02    7.3513092287e-03    2.4229591952e+02    0.0000000000e+00    0.0000000000e+00    0.0000000000e+00    1.9978302754e+01    0.0000000000e+00    0.0000000000e+00    0.0000000000e+00    1.2269603954e+02
    9.3054458262e+02    4.1223159342e+03   -1.3207607347e+05    7.1116991126e-03   -2.3369952932e-02    6.1019193028e-04    2.7877510784e-04    5.6410058415e-02   -6.2838405996e-03    2.4229591952e+02    0.0000000000e+00    0.0000000000e+00    0.0000000000e+00    1.9978302754e+01    0.0000000000e+00    0.0000000000e+00    0.0000000000e+00    1.2264884353e+02
    9.2350499465e+02    4.0911305335e+03   -1.3204482917e+05    9.7688241240e-03    5.5442883933e-02    2.2889699077e-03   -1.8902903223e-03    3.6510414669e-03    3.2204675607e-03    2.4229591952e+02    0.0000000000e+00    0.0000000000e+00    0.0000000000e+00    1.9978302754e+01    0.0000000000e+00    0.0000000000e+00    0.0000000000e+00    1.2264555543e+02
    9.2443871949e+02    4.0952669380e+03   -1.3204899163e+05   -1.6235513494e-02    2.3667617416e-03   -5.5294213406e-02   -2.3364470527e-02   -3.2404173790e-02    4.0018007312e-02    2.4229591952e+02    0.0000000000e+00    0.0000000000e+00    0.0000000000e+00    1.9978302754e+01    0.0000000000e+00    0.0000000000e+00    0.0000000000e+00    1.2273964485e+02
    9.2676736265e+02    4.1055828358e+03   -1.3205933352e+05    7.1697886787e-02    6.0385198862e-02    8.8599939178e-02   -3.6099599557e-02    1.6070252401e-02   -7.3942020315e-03    2.4229591952e+02    0.0000000000e+00    0.0000000000e+00    0.0000000000e+00    1.9978302754e+01    0.0000000000e+00    0.0000000000e+00    0.0000000000e+00    1.2252847810e+02
    9.2071293983e+02    4.0787617204e+03   -1.3203258935e+05    4.0096005687e-02    4.2306872476e-02    1.6667828617e-03    1.7328828346e-02    2.0096406270e-02   -6.9182803115e-03    2.4229591952e+02    0.0000000000e+00    0.0000000000e+00    0.0000000000e+00    1.9978302754e+01    0.0000000000e+00    0.0000000000e+00    0.0000000000e+00    1.2266319398e+02
    9.3333176937e+02    4.1346631818e+03   -1.3208861748e+05   -8.6663671826e-03   -4.4241749178e-02   -3.5494886544e-02    4.3729393653e-03    3.8907541622e-03   -2.2127697252e-02    2.4229591952e+02    0.0000000000e+00    0.0000000000e+00    0.0000000000e+00    1.9978302754e+01    0.0000000000e+00    0.0000000000e+00    0.0000000000e+00    1.2268760063e+02
    9.2131595127e+02    4.0814330633e+03   -1.3203527591e+05    7.3764373438e-02    4.7343637833e-02    4.2385544512e-02   -3.6450343668e-02   -8.3394019253e-03    6.6906163474e-03    2.4229591952e+02    0.0000000000e+00    0.0000000000e+00    0.0000000000e+00    1.9978302754e+01    0.0000000000e+00    0.0000000000e+00    0.0000000000e+00    1.2263492352e+02
    9.2022590963e+02    4.0766041748e+03   -1.3203049290e+05   -1.3480730009e-02   -2.0846039951e-02   -8.2990101944e-02   -1.6779479851e-02   -1.3811949714e-02    2.7427301546e-04    2.4229591952e+02    0.0000000000e+00    0.0000000000e+00    0.0000000000e+00    1.9978302754e+01    0.0000000000e+00    0.0000000000e+00    0.0000000000e+00    1.2278915092e+02
    9.3071351032e+02    4.1230642845e+03   -1.3207706820e+05    3.0754066204e-02    3.0044252099e-02    4.3668868943e-03    2.3703711242e-02    3.7029743467e-02   -1.2138326483e-02    2.4229591952e+02    0.0000000000e+00    0.0000000000e+00    0.0000000000e+00    1.9978302754e+01    0.0000000000e+00    0.0000000000e+00    0.0000000000e+00    1.2262632427e+02
    9.2059066024e+02    4.0782200213e+03   -1.3203205685e+05    3.3859161627e-02    5.7358554787e-02    2.1503891420e-02    6.0500338487e-03    7.1584963761e-03   -3.3795300385e-02    2.4229591952e+02    0.0000000000e+00    0.0000000000e+00    0.0000000000e+00    1.9978302754e+01    0.0000000000e+00    0.0000000000e+00    0.0000000000e+00    1.2263654740e+02
    9.2353453373e+02    4.0912613918e+03   -1.3204507232e+05    6.1178997782e-03    2.8585392503e-02   -3.7798214931e-03   -3.4650424669e-03   -3.2314975194e-02   -3.2460457577e-03    2.4229591952e+02    0.0000000000e+00    0.0000000000e+00    0.0000000000e+00    1.9978302754e+01    0.0000000000e+00    0.0000000000e+00    0.0000000000e+00    1.2266639309e+02
    9.2694755460e+02    4.1063810868e+03   -1.3206020517e+05    1.3404864457e-02    3.9364014859e-02    4.0574203828e-02    4.7879340906e-03   -3.2812724684e-02    2.0717428881e-02    2.4229591952e+02    0.0000000000e+00    0.0000000000e+00    0.0000000000e+00    1.9978302754e+01    0.0000000000e+00    0.0000000000e+00    0.0000000000e+00    1.2261615554e+02
    9.1919323082e+02    4.0720294038e+03   -1.3202577566e+05    1.9191717879e-02   -3.4160650871e-02   -1.7779574534e-02    1.8663963134e-02    1.3697426800e-02   -7.9033622065e-03    2.4229591952e+02    0.0000000000e+00    0.0000000000e+00    0.0000000000e+00    1.9978302754e+01    0.0000000000e+00    0.0000000000e+00    0.0000000000e+00    1.2274500814e+02
    9.1971006130e+02    4.0743189648e+03   -1.3202824286e+05    3.4245466620e-02    7.4699843076e-02    3.2125161920e-02    3.3812272885e-03    7.0932266852e-03   -2.9420756034e-04    2.4229591952e+02    0.0000000000e+00    0.0000000000e+00    0.0000000000e+00    1.9978302754e+01    0.0000000000e+00    0.0000000000e+00    0.0000000000e+00    1.2267076793e+02
    9.2721217581e+02    4.1075533597e+03   -1.3206140309e+05    4.1403814191e-02    1.5621187741e-02    9.1319518383e-03    1.3149145773e-02    2.4090099042e-02    2.6574000827e-02    2.4229591952e+02    0.0000000000e+00    0.0000000000e+00    0.0000000000e+00    1.9978302754e+01    0.0000000000e+00    0.0000000000e+00    0.0000000000e+00    1.2263931227e+02
    9.2585024754e+02    4.1015200125e+03   -1.3205537834e+05    3.3546772875e-02   -8.5126955032e-03   -6.5147979768e-02   -5.4054640984e-03   -9.6596389043e-03   -3.5233779176e-03    2.4229591952e+02    0.0000000000e+00    0.0000000000e+00    0.0000000000e+00    1.9978302754e+01    0.0000000000e+00    0.0000000000e+00    0.0000000000e+00    1.2271496078e+02
    9.2651358283e+02    4.1044585903e+03   -1.3205830239e+05    4.4237919996e-02    6.9612939358e-02    5.2330826228e-02   -2.7914986912e-02    8.5845234450e-03   -2.0125859727e-02    2.4229591952e+02    0.0000000000e+00    0.0000000000e+00    0.0000000000e+00    1.9978302754e+01    0.0000000000e+00    0.0000000000e+00    0.0000000000e+00    1.2258585201e+02
    9.2086831966e+02    4.0794500536e+03   -1.3203332386e+05    5.9400454986e-02    2.1856010392e-02    4.1114560673e-02    4.5619442661e-03    4.8227832511e-02    2.0094605954e-04    2.4229591952e+02    0.0000000000e+00    0.0000000000e+00    0.0000000000e+00    1.9978302754e+01    0.0000000000e+00    0.0000000000e+00    0.0000000000e+00    1.2265617294e+02
    9.1850785134e+02    4.0689931702e+03   -1.3202279601e+05    1.6703490303e-02    1.4969779494e-02    1.2088693992e-04   -5.7770640357e-03   -3.1224335940e-02   -4.6502885165e-03    2.4229591952e+02    0.0000000000e+00    0.0000000000e+00    0.0000000000e+00    1.9978302754e+01    0.0000000000e+00    0.0000000000e+00    0.0000000000e+00    1.2270349805e+02
    9.2552819760e+02    4.1000933301e+03   -1.3205393633e+05    3.4204825071e-02    6.4250293637e-02    5.3626983330e-02    1.3784896823e-02   -1.2301728603e-02   -5.4005023109e-03    2.4229591952e+02    0.0000000000e+00    0.0000000000e+00    0.0000000000e+00    1.9978302754e+01    0.0000000000e+00    0.0000000000e+00    0.0000000000e+00    1.2259150951e+02
    9.2731846223e+02    4.1080242090e+03   -1.3206182349e+05    3.1806777984e-02    3.9139233873e-02    4.2520172884e-02   -1.4327534206e-03    1.5687366801e-02   -1.6961683970e-02    2.4229591952e+02    0.0000000000e+00    0.0000000000e+00    0.0000000000e+00    1.9978302754e+01    0.0000000000e+00    0.0000000000e+00    0.0000000000e+00    1.2261876471e+02
    9.1683890275e+02    4.0615997218e+03   -1.3201494780e+05   -9.1062501670e-03   -3.3147644644e-02   -9.9725342991e-02   -9.9462307679e-03    3.0748914076e-02   -2.7222403887e-02    2.4229591952e+02    0.0000000000e+00    0.0000000000e+00    0.0000000000e+00    1.9978302754e+01    0.0000000000e+00    0.0000000000e+00    0.0000000000e+00    1.2284023543e+02
    9.2471200243e+02    4.0964775824e+03   -1.3204989327e+05    2.1345082070e-02    2.0164845635e-02    1.8459003943e-02   -3.4028058890e-03    4.0299342382e-02   -3.1081476489e-02    2.4229591952e+02    0.0000000000e+00    0.0000000000e+00    0.0000000000e+00    1.9978302754e+01    0.0000000000e+00    0.0000000000e+00    0.0000000000e+00    1.2269342611e+02
    9.2171293076e+02    4.0831916839e+03   -1.3203650787e+05    1.0946428725e-02    4.6638378824e-02    2.5791065783e-02    3.9193506821e-02   -5.0351137438e-03   -1.2946479658e-02    2.4229591952e+02    0.0000000000e+00    0.0000000000e+00    0.0000000000e+00    1.9978302754e+01    0.0000000000e+00    0.0000000000e+00    0.0000000000e+00    1.2268251962e+02
    9.1639929796e+02    4.0596522710e+03   -1.3201301670e+05    1.1025056567e-02    4.0271386370e-02   -3.7886088166e-02    1.0119311541e-02   -2.1219579363e-02    2.7089233444e-02    2.4229591952e+02    0.0000000000e+00    0.0000000000e+00    0.0000000000e+00    1.9978302754e+01    0.0000000000e+00    0.0000000000e+00    0.0000000000e+00    1.2275444692e+02
    9.1760075321e+02    4.0649747222e+03   -1.3201833340e+05    3.7770603859e-02    9.1971247018e-02    2.7786288986e-03   -1.0392826591e-02    2.9345997105e-02   -1.4682297851e-02    2.4229591952e+02    0.0000000000e+00    0.0000000000e+00    0.0000000000e+00    1.9978302754e+01    0.0000000000e+00    0.0000000000e+00    0.0000000000e+00    1.2268187243e+02
    9.2135352946e+02    4.0815995348e+03   -1.3203500850e+05    3.7541679397e-03   -1.6193183931e-02   -8.3740264954e-02    6.7429971231e-03   -2.0726568136e-02   -6.6377779226e-03    2.4229591952e+02    0.0000000000e+00    0.0000000000e+00    0.0000000000e+00    1.9978302754e+01    0.0000000000e+00    0.0000000000e+00    0.0000000000e+00    1.2279808784e+02
    9.2415045116e+02    4.0939899082e+03   -1.3204736184e+05   -2.4996248768e-03    1.0875096993e-02    5.1848676347e-03    1.4513085869e-02   -2.3167368855e-02    2.0977569772e-04    2.4229591952e+02    0.0000000000e+00    0.0000000000e+00    0.0000000000e+00    1.9978302754e+01    0.0000000000e+00    0.0000000000e+00    0.0000000000e+00    1.2268113437e+02
    9.2588536061e+02    4.1016755635e+03   -1.3205489520e+05    2.9411258997e-02    7.5461667966e-02    2.2044441885e-02    1.7171149622e-02    2.0336985989e-02   -8.8334691464e-03    2.4229591952e+02    0.0000000000e+00    0.0000000000e+00    0.0000000000e+00    1.9978302754e+01    0.0000000000e+00    0.0000000000e+00    0.0000000000e+00    1.2261108069e+02
    9.1701080239e+02    4.0623612378e+03   -1.3201536138e+05   -1.4522850329e-02    6.2115226344e-02   -5.0688585006e-02    1.5702964347e-02    3.8311273826e-02   -4.0254975123e-02    2.4229591952e+02    0.0000000000e+00    0.0000000000e+00    0.0000000000e+00    1.9978302754e+01    0.0000000000e+00    0.0000000000e+00    0.0000000000e+00    1.2275796126e+02
    9.2364286287e+02    4.0917412902e+03   -1.3204467691e+05    9.2615466340e-02    7.7175017325e-02    5.0827409217e-02   -2.3631903508e-02   -1.3128457308e-02   -4.6058571192e-03    2.4229591952e+02    0.0000000000e+00    0.0000000000e+00    0.0000000000e+00    1.9978302754e+01    0.0000000000e+00    0.0000000000e+00    0.0000000000e+00    1.2258023417e+02
    9.2352171768e+02    4.0912046166e+03   -1.3204414752e+05   -6.5805622556e-02   -3.0578380801e-02   -5.5074486592e-02    2.2258461274e-02   -2.9738384923e-02    1.3081837135e-02    2.4229591952e+02    0.0000000000e+00    0.0000000000e+00    0.0000000000e+00    1.9978302754e+01    0.0000000000e+00    0.0000000000e+00    0.0000000000e+00    1.2278459077e+02
    9.2385509154e+02    4.0926814640e+03   -1.3204573415e+05    1.3614738372e-02    2.1395328309e-02   -1.7773996350e-02    2.1507693240e-02    3.1004746302e-03    1.3799613075e-02    2.4229591952e+02    0.0000000000e+00    0.0000000000e+00    0.0000000000e+00    1.9978302754e+01    0.0000000000e+00    0.0000000000e+00    0.0000000000e+00    1.2269507123e+02
    9.2332952978e+02    4.0903532235e+03   -1.3204332458e+05    1.0835794738e-02    7.7045882971e-03   -2.2337187413e-02    9.4844642562e-03    1.2019070091e-03   -9.9056051551e-04    2.4229591952e+02    0.0000000000e+00    0.0000000000e+00    0.0000000000e+00    1.9978302754e+01    0.0000000000e+00    0.0000000000e+00    0.0000000000e+00    1.2270189546e+02
    9.2309086457e+02    4.0892959357e+03   -1.3204234316e+05    2.2432632445e-02    5.7358276396e-02    1.2929448587e-02    1.2701900177e-02    1.1145256000e-02    1.7251595188e-02    2.4229591952e+02    0.0000000000e+00    0.0000000000e+00    0.0000000000e+00    1.9978302754e+01    0.0000000000e+00    0.0000000000e+00    0.0000000000e+00    1.2265360297e+02
    9.2767879426e+02    4.1096204812e+03   -1.3206269034e+05    8.9648371902e-02    1.0888417283e-01    3.9157306354e-02   -1.4447619236e-02    2.7729233133e-03   -1.3738763383e-02    2.4229591952e+02    0.0000000000e+00    0.0000000000e+00    0.0000000000e+00    1.9978302754e+01    0.0000000000e+00    0.0000000000e+00    0.0000000000e+00    1.2252222878e+02
    9.2261528527e+02    4.0871891177e+03   -1.3204023073e+05   -1.7773690896e-02    5.8999494150e-02   -6.0574107578e-02    3.3136578608e-02    1.7168790820e-02    1.0263703470e-02    2.4229591952e+02    0.0000000000e+00    0.0000000000e+00    0.0000000000e+00    1.9978302754e+01    0.0000000000e+00    0.0000000000e+00    0.0000000000e+00    1.2271478373e+02
    9.2231006829e+02    4.0858370053e+03   -1.3203881985e+05    3.7011829176e-02    4.5368991735e-02    7.3401344662e-02    3.5017461585e-02    6.0913304788e-03    2.7866154948e-02    2.4229591952e+02    0.0000000000e+00    0.0000000000e+00    0.0000000000e+00    1.9978302754e+01    0.0000000000e+00    0.0000000000e+00    0.0000000000e+00    1.2261047003e+02
    9.2074020749e+02    4.0788825162e+03   -1.3203178533e+05    9.6106976148e-03    5.7307544886e-02    1.2993780597e-02    2.8027324041e-02    1.9475973087e-02   -1.0160629676e-02    2.4229591952e+02    0.0000000000e+00    0.0000000000e+00    0.0000000000e+00    1.9978302754e+01    0.0000000000e+00    0.0000000000e+00    0.0000000000e+00    1.2267657311e+02
    9.2143632337e+02    4.0819663121e+03   -1.3203477617e+05   -2.1034531125e-02   -1.9640093018e-02   -1.0994576478e-02   -1.4380529367e-02   -2.7271454928e-02    8.8689449531e-03    2.4229591952e+02    0.0000000000e+00    0.0000000000e+00    0.0000000000e+00    1.9978302754e+01    0.0000000000e+00    0.0000000000e+00    0.0000000000e+00    1.2274932898e+02
    9.3103502410e+02    4.1244885918e+03   -1.3207731166e+05    1.1164108389e-02    6.1328981181e-02   -4.1472090106e-03    1.9621173340e-02   -1.0903978505e-02   -2.1783931062e-02    2.4229591952e+02    0.0000000000e+00    0.0000000000e+00    0.0000000000e+00    1.9978302754e+01    0.0000000000e+00    0.0000000000e+00    0.0000000000e+00    1.2261347077e+02
    9.2523375217e+02    4.0987889357e+03   -1.3205156639e+05    1.0346798084e-02   -4.7451274531e-02   -5.5475083016e-02   -6.6791773611e-02    6.5638958799e-02   -9.1367276207e-03    2.4229591952e+02    0.0000000000e+00    0.0000000000e+00    0.0000000000e+00    1.9978302754e+01    0.0000000000e+00    0.0000000000e+00    0.0000000000e+00    1.2274824273e+02
    9.2642155939e+02    4.1040509261e+03   -1.3205702266e+05    1.6877343365e-02    6.5326391043e-02    9.2879681071e-03   -3.6968230570e-03    9.5090051480e-03    6.4253553649e-03    2.4229591952e+02    0.0000000000e+00    0.0000000000e+00    0.0000000000e+00    1.9978302754e+01    0.0000000000e+00    0.0000000000e+00    0.0000000000e+00    1.2262693107e+02
    9.2125824883e+02    4.0811774412e+03   -1.3203407260e+05    6.5785659623e-02    6.4879919989e-02    9.0140644391e-02    2.1023237785e-02   -1.1926298687e-02    1.6384450724e-02    2.4229591952e+02    0.0000000000e+00    0.0000000000e+00    0.0000000000e+00    1.9978302754e+01    0.0000000000e+00    0.0000000000e+00    0.0000000000e+00    1.2258137143e+02
    9.2414097668e+02    4.0939479363e+03   -1.3204689319e+05    1.4993812216e-02    1.1477381782e-02   -6.1498179266e-02   -1.8539836705e-02   -2.9199379426e-03    1.0428440880e-02    2.4229591952e+02    0.0000000000e+00    0.0000000000e+00    0.0000000000e+00    1.9978302754e+01    0.0000000000e+00    0.0000000000e+00    0.0000000000e+00    1.2272177147e+02
    9.2798795220e+02    4.1109900520e+03   -1.3206405645e+05    3.0628025368e-02   -1.5445864718e-02    2.9211599385e-02   -2.2259147503e-02    4.7074735795e-02   -2.1400967264e-02    2.4229591952e+02    0.0000000000e+00    0.0000000000e+00    0.0000000000e+00    1.9978302754e+01    0.0000000000e+00    0.0000000000e+00    0.0000000000e+00    1.2263653976e+02
    9.2556612432e+02    4.1002613456e+03   -1.3205339464e+05   -3.7233352528e-02    3.8642073039e-02   -1.6136052851e-02    2.0076886515e-02    5.7902339222e-02   -4.9027166306e-02    2.4229591952e+02    0.0000000000e+00    0.0000000000e+00    0.0000000000e+00    1.9978302754e+01    0.0000000000e+00    0.0000000000e+00    0.0000000000e+00    1.2271063789e+02
    9.2507193173e+02    4.0980720706e+03   -1.3205112126e+05   -7.4442368551e-03    1.0566619906e-01    5.7054735958e-02    1.1234321583e-02    1.5543558724e-03    4.6341957777e-04    2.4229591952e+02    0.0000000000e+00    0.0000000000e+00    0.0000000000e+00    1.9978302754e+01    0.0000000000e+00    0.0000000000e+00    0.0000000000e+00    1.2261457478e+02
    9.2596980582e+02    4.1020496561e+03   -1.3205513218e+05    3.9430183437e-02   -2.5156843849e-02    1.6595667416e-02   -5.4198264423e-02   -3.4303060248e-02    5.4657690177e-03    2.4229591952e+02    0.0000000000e+00    0.0000000000e+00    0.0000000000e+00    1.9978302754e+01    0.0000000000e+00    0.0000000000e+00    0.0000000000e+00    1.2266778298e+02
    9.2906159689e+02    4.1157463019e+03   -1.3206876083e+05    8.1846739148e-02    7.0367231396e-02    4.3419193026e-02   -2.5435512463e-02    1.2294066173e-02    9.8760077700e-03    2.4229591952e+02    0.0000000000e+00    0.0000000000e+00    0.0000000000e+00    1.9978302754e+01    0.0000000000e+00    0.0000000000e+00    0.0000000000e+00    1.2254819514e+02
    9.3069480141e+02    4.1229814040e+03   -1.3207591180e+05    5.8292240791e-02    3.1099279258e-02    4.0476321167e-02   -5.8280804650e-03   -8.4448067294e-03    1.2737070659e-02    2.4229591952e+02    0.0000000000e+00    0.0000000000e+00    0.0000000000e+00    1.9978302754e+01    0.0000000000e+00    0.0000000000e+00    0.0000000000e+00    1.2256546469e+02
    9.2048158447e+02    4.0777368153e+03   -1.3203063817e+05    3.6899770528e-04   -1.4763855669e-02   -8.3669580459e-03    4.4746284434e-02   -2.3707335519e-02   -1.2663466458e-02    2.4229591952e+02    0.0000000000e+00    0.0000000000e+00    0.0000000000e+00    1.9978302754e+01    0.0000000000e+00    0.0000000000e+00    0.0000000000e+00    1.2275196787e+02
    9.2489578784e+02    4.0972917525e+03   -1.3205025257e+05    2.7540099576e-02    4.4256688038e-02   -1.1060691974e-02    9.2286271037e-03   -2.0860983004e-02    9.7900156235e-04    2.4229591952e+02    0.0000000000e+00    0.0000000000e+00    0.0000000000e+00    1.9978302754e+01    0.0000000000e+00    0.0000000000e+00    0.0000000000e+00    1.2266770587e+02
    9.2789672274e+02    4.1105859052e+03   -1.3206352921e+05    3.4156597102e-02    6.1670118953e-03   -3.1706948260e-02    6.7331527247e-03    1.4208308704e-02    9.9933702671e-03    2.4229591952e+02    0.0000000000e+00    0.0000000000e+00    0.0000000000e+00    1.9978302754e+01    0.0000000000e+00    0.0000000000e+00    0.0000000000e+00    1.2265885128e+02
    9.1888015245e+02    4.0706424655e+03   -1.3202360991e+05    4.9780083978e-02    5.1468550522e-02    1.2712798901e-02   -1.0761672324e-02   -1.6611611384e-02   -1.6018721207e-02    2.4229591952e+02    0.0000000000e+00    0.0000000000e+00    0.0000000000e+00    1.9978302754e+01    0.0000000000e+00    0.0000000000e+00    0.0000000000e+00    1.2270255161e+02
    9.1762878263e+02    4.0650988926e+03   -1.3201803048e+05   -3.1008424660e-02    6.4358133982e-02    1.0410097605e-02    3.2166978223e-02    6.1558708373e-04    1.9195901656e-02    2.4229591952e+02    0.0000000000e+00    0.0000000000e+00    0.0000000000e+00    1.9978302754e+01    0.0000000000e+00    0.0000000000e+00    0.0000000000e+00    1.2269959519e+02
    9.2187954166e+02    4.0839297708e+03   -1.3203693961e+05    3.2214155533e-02    4.0058040367e-02    5.3239290135e-02    1.1535550213e-02   -3.3014059301e-02    8.2353078405e-04    2.4229591952e+02    0.0000000000e+00    0.0000000000e+00    0.0000000000e+00    1.9978302754e+01    0.0000000000e+00    0.0000000000e+00    0.0000000000e+00    1.2264330055e+02
    9.2222305441e+02    4.0854515335e+03   -1.3203851291e+05    6.9107472315e-02    7.4341130761e-02    6.9953001026e-02   -3.3690557698e-02    2.1044182018e-02   -1.1540387009e-02    2.4229591952e+02    0.0000000000e+00    0.0000000000e+00    0.0000000000e+00    1.9978302754e+01    0.0000000000e+00    0.0000000000e+00    0.0000000000e+00    1.2259497240e+02
    9.2125446436e+02    4.0811606760e+03   -1.3203431816e+05    1.8712846241e-03   -1.8981978466e-04   -3.1283734978e-02   -1.0003315739e-02    1.4675650621e-02   -2.6531951921e-02    2.4229591952e+02    0.0000000000e+00    0.0000000000e+00    0.0000000000e+00    1.9978302754e+01    0.0000000000e+00    0.0000000000e+00    0.0000000000e+00    1.2273150786e+02
    9.1635608947e+02    4.0594608572e+03   -1.3201259320e+05    2.1330432162e-02    1.2701263775e-03    3.0880459614e-02    2.9704290023e-02   -3.9647847090e-03   -1.1465560661e-02    2.4229591952e+02    0.0000000000e+00    0.0000000000e+00    0.0000000000e+00    1.9978302754e+01    0.0000000000e+00    0.0000000000e+00    0.0000000000e+00    1.2274450079e+02
    9.1934824680e+02    4.0727161252e+03   -1.3202587189e+05   -1.5179697395e-02   -8.3491670505e-04   -9.8025116257e-03   -1.2680871965e-02    2.2046736868e-02    1.5963723980e-02    2.4229591952e+02    0.0000000000e+00    0.0000000000e+00    0.0000000000e+00    1.9978302754e+01    0.0000000000e+00    0.0000000000e+00    0.0000000000e+00    1.2275207325e+02
    9.2268368733e+02    4.0874921391e+03   -1.3204072058e+05   -5.4749788189e-03    5.9337344323e-02   -3.1283774423e-04   -1.4871706695e-02    2.3533418374e-02   -1.3824275258e-02    2.4229591952e+02    0.0000000000e+00    0.0000000000e+00    0.0000000000e+00    1.9978302754e+01    0.0000000000e+00    0.0000000000e+00    0.0000000000e+00    1.2268772452e+02
    9.1933568009e+02    4.0726604546e+03   -1.3202583294e+05   -6.6935937817e-02   -7.4704438935e-02   -9.4744069676e-02    2.4233134057e-02    1.8258861833e-02    1.9140249211e-02    2.4229591952e+02    0.0000000000e+00    0.0000000000e+00    0.0000000000e+00    1.9978302754e+01    0.0000000000e+00    0.0000000000e+00    0.0000000000e+00    1.2288599196e+02
    9.2213204755e+02    4.0850483728e+03   -1.3203826894e+05   -1.0984382515e-02    2.8450199575e-02    1.9238102888e-02   -2.3591046355e-02    6.3551315082e-03    1.9376967112e-02    2.4229591952e+02    0.0000000000e+00    0.0000000000e+00    0.0000000000e+00    1.9978302754e+01    0.0000000000e+00    0.0000000000e+00    0.0000000000e+00    1.2270203869e+02
    9.2189744232e+02    4.0840090708e+03   -1.3203719463e+05    7.2657068724e-02    9.3227204144e-02    7.8328488086e-02    2.1257548011e-02    4.1023140182e-02    1.6087975624e-02    2.4229591952e+02    0.0000000000e+00    0.0000000000e+00    0.0000000000e+00    1.9978302754e+01    0.0000000000e+00    0.0000000000e+00    0.0000000000e+00    1.2258556269e+02
    9.2291526599e+02    4.0885180334e+03   -1.3204188102e+05   -1.7761028012e-02    2.2734262082e-02    6.8387481416e-03    3.3290218774e-02    2.6995462909e-02   -1.2430609138e-02    2.4229591952e+02    0.0000000000e+00    0.0000000000e+00    0.0000000000e+00    1.9978302754e+01    0.0000000000e+00    0.0000000000e+00    0.0000000000e+00    1.2271424034e+02
    9.1608046478e+02    4.0582398388e+03   -1.3201159502e+05    1.2313662300e-02    3.1175994183e-02    4.7401898600e-02    1.5961325773e-02   -3.7474143800e-03   -4.7991931756e-03    2.4229591952e+02    0.0000000000e+00    0.0000000000e+00    0.0000000000e+00    1.9978302754e+01    0.0000000000e+00    0.0000000000e+00    0.0000000000e+00    1.2270967510e+02
    9.2001188782e+02    4.0756560574e+03   -1.3202907495e+05   -2.7545560040e-02    1.2403507013e-02   -4.5851404317e-02   -3.5351579984e-02   -4.7061917315e-02   -6.8990182215e-03    2.4229591952e+02    0.0000000000e+00    0.0000000000e+00    0.0000000000e+00    1.9978302754e+01    0.0000000000e+00    0.0000000000e+00    0.0000000000e+00    1.2276989578e+02
    9.2435483979e+02    4.0948953506e+03   -1.3204837250e+05    1.3064013823e-02    5.9750528505e-02    3.5589380268e-02   -1.8406759643e-02    2.5639291818e-04   -4.6512611945e-03    2.4229591952e+02    0.0000000000e+00    0.0000000000e+00    0.0000000000e+00    1.9978302754e+01    0.0000000000e+00    0.0000000000e+00    0.0000000000e+00    1.2264378249e+02
    9.2669664421e+02    4.1052695528e+03   -1.3205878093e+05   -2.1201622668e-02    2.0063053857e-02    7.6972265924e-02    3.0864943192e-02    2.5348956988e-02    1.8498728279e-02    2.4229591952e+02    0.0000000000e+00    0.0000000000e+00    0.0000000000e+00    1.9978302754e+01    0.0000000000e+00    0.0000000000e+00    0.0000000000e+00    1.2264528546e+02
    9.1814115349e+02    4.0673686974e+03   -1.3202078687e+05   -5.3796898702e-02    1.9000469393e-02   -2.9952049048e-02    5.3930275994e-02   -3.7224009877e-02    1.6890821667e-02    2.4229591952e+02    0.0000000000e+00    0.0000000000e+00    0.0000000000e+00    1.9978302754e+01    0.0000000000e+00    0.0000000000e+00    0.0000000000e+00    1.2280188115e+02
    9.2458536170e+02    4.0959165636e+03   -1.3204918280e+05    1.1808972372e-02    2.6729965028e-02   -2.3716044813e-02   -1.4539063657e-02   -3.1084048317e-02   -1.3828382973e-02    2.4229591952e+02    0.0000000000e+00    0.0000000000e+00    0.0000000000e+00    1.9978302754e+01    0.0000000000e+00    0.0000000000e+00    0.0000000000e+00    1.2269285408e+02
    9.2496950741e+02    4.0976183305e+03   -1.3205089004e+05    5.2751998731e-02    4.9430560958e-02    8.5110322562e-03   -8.7394458591e-03    1.4641142192e-03    1.9607889228e-02    2.4229591952e+02    0.0000000000e+00    0.0000000000e+00    0.0000000000e+00    1.9978302754e+01    0.0000000000e+00    0.0000000000e+00    0.0000000000e+00    1.2260489029e+02
    9.1914367509e+02    4.0718098718e+03   -1.3202499909e+05    6.6525455375e-02    7.8765054018e-02    3.2528403843e-02    5.8412100448e-03   -3.3679332022e-02    1.3554438737e-02    2.4229591952e+02    0.0000000000e+00    0.0000000000e+00    0.0000000000e+00    1.9978302754e+01    0.0000000000e+00    0.0000000000e+00    0.0000000000e+00    1.2263079247e+02
    9.2052597735e+02    4.0779334759e+03   -1.3203115877e+05    9.9590266482e-03    2.6766248947e-02   -4.2087026834e-02    1.6137759593e-02    5.5280637350e-03    7.5906111230e-03    2.4229591952e+02    0.0000000000e+00    0.0000000000e+00    0.0000000000e+00    1.9978302754e+01    0.0000000000e+00    0.0000000000e+00    0.0000000000e+00    1.2272547615e+02
    9.3156674815e+02    4.1268441313e+03   -1.3208008053e+05    1.7796217402e-02    5.8874386306e-02    8.2013318596e-02    6.0560179574e-03   -9.2817343477e-03    1.6029783727e-02    2.4229591952e+02    0.0000000000e+00    0.0000000000e+00    0.0000000000e+00    1.9978302754e+01    0.0000000000e+00    0.0000000000e+00    0.0000000000e+00    1.2256948706e+02
    9.1735000171e+02    4.0638638921e+03   -1.3201699602e+05    2.0316379265e-02    3.4412211831e-02    4.4724908412e-02    1.6014203991e-02    2.1521278529e-02   -1.6319441130e-02    2.4229591952e+02    0.0000000000e+00    0.0000000000e+00    0.0000000000e+00    1.9978302754e+01    0.0000000000e+00    0.0000000000e+00    0.0000000000e+00    1.2271079151e+02
    9.1627851771e+02    4.0591172140e+03   -1.3201217748e+05    9.9305578518e-03    4.2133131250e-02    4.8967856968e-02    1.7863210029e-02    1.8500712343e-02   -1.4404614148e-02    2.4229591952e+02    0.0000000000e+00    0.0000000000e+00    0.0000000000e+00    1.9978302754e+01    0.0000000000e+00    0.0000000000e+00    0.0000000000e+00    1.2270366692e+02
    9.2429613009e+02    4.0946352664e+03   -1.3204780159e+05   -2.2247597820e-03   -9.5704438690e-03   -9.9279338101e-03    4.2123751644e-03   -9.0645188029e-03    1.2141701071e-02    2.4229591952e+02    0.0000000000e+00    0.0000000000e+00    0.0000000000e+00    1.9978302754e+01    0.0000000000e+00    0.0000000000e+00    0.0000000000e+00    1.2270383004e+02
    9.2418328096e+02    4.0941353444e+03   -1.3204730342e+05   -1.5919344204e-02    2.7634978816e-02    2.4182186501e-02    8.1327952465e-03   -4.3087926223e-02    3.2271613187e-02    2.4229591952e+02    0.0000000000e+00    0.0000000000e+00    0.0000000000e+00    1.9978302754e+01    0.0000000000e+00    0.0000000000e+00    0.0000000000e+00    1.2271560956e+02
    9.3123418044e+02    4.1253708551e+03   -1.3207859860e+05    1.1623175741e-02    2.0008582111e-02    4.9779046652e-02    3.3071599877e-03    1.8402511741e-03   -6.3318548531e-03    2.4229591952e+02    0.0000000000e+00    0.0000000000e+00    0.0000000000e+00    1.9978302754e+01    0.0000000000e+00    0.0000000000e+00    0.0000000000e+00    1.2261102241e+02
    9.1614798318e+02    4.0585389456e+03   -1.3201154713e+05   -2.7857826945e-02   -3.4449364414e-03   -3.4862342142e-02    2.3034709362e-02    6.8545366785e-03   -1.4049585778e-02    2.4229591952e+02    0.0000000000e+00    0.0000000000e+00    0.0000000000e+00    1.9978302754e+01    0.0000000000e+00    0.0000000000e+00    0.0000000000e+00    1.2279382726e+02
    9.2302357226e+02    4.0889978305e+03   -1.3204216070e+05    4.6814336744e-02    9.1869904507e-02    4.2245135743e-02    2.8268392353e-03   -6.2763589643e-03   -8.7418758634e-04    2.4229591952e+02    0.0000000000e+00    0.0000000000e+00    0.0000000000e+00    1.9978302754e+01    0.0000000000e+00    0.0000000000e+00    0.0000000000e+00    1.2259852736e+02
    9.1600720251e+02    4.0579152867e+03   -1.3201090659e+05   -4.9023496604e-02   -2.3666755807e-02   -7.8899330294e-02   -1.8096980442e-02    1.2166096090e-02   -1.7677548473e-02    2.4229591952e+02    0.0000000000e+00    0.0000000000e+00    0.0000000000e+00    1.9978302754e+01    0.0000000000e+00    0.0000000000e+00    0.0000000000e+00    1.2284877593e+02
    9.2276676260e+02    4.0878601628e+03   -1.3204102742e+05    1.4663403687e-02    6.0495839496e-02   -2.1998920729e-02   -1.9515346101e-02   -4.0308607192e-03    7.1391763720e-03    2.4229591952e+02    0.0000000000e+00    0.0000000000e+00    0.0000000000e+00    1.9978302754e+01    0.0000000000e+00    0.0000000000e+00    0.0000000000e+00    1.2270427772e+02
    9.2489479564e+02    4.0972873570e+03   -1.3205045338e+05    3.9920606050e-02   -1.5145276699e-02   -9.3260352427e-03    1.2615866926e-03   -1.8195418864e-02    9.8174623758e-03    2.4229591952e+02    0.0000000000e+00    0.0000000000e+00    0.0000000000e+00    1.9978302754e+01    0.0000000000e+00    0.0000000000e+00    0.0000000000e+00    1.2270049514e+02
    9.2144300333e+02    4.0819959044e+03   -1.3203510816e+05    3.8845575864e-02    4.3651039533e-02    1.2164480624e-02    1.4541113974e-02   -5.3469878397e-03   -8.5034202964e-03    2.4229591952e+02    0.0000000000e+00    0.0000000000e+00    0.0000000000e+00    1.9978302754e+01    0.0000000000e+00    0.0000000000e+00    0.0000000000e+00    1.2267129774e+02
    9.2084069761e+02    4.0793276878e+03   -1.3203246316e+05    5.0710444039e-02    2.6540104653e-02    1.5704782896e-02    4.9623806394e-03    2.4839790064e-03    3.1719412336e-03    2.4229591952e+02    0.0000000000e+00    0.0000000000e+00    0.0000000000e+00    1.9978302754e+01    0.0000000000e+00    0.0000000000e+00    0.0000000000e+00    1.2265331431e+02
    9.1986597655e+02    4.0750096699e+03   -1.3202822755e+05   -9.4080374322e-03    4.1119843855e-02   -4.4524933341e-03   -8.2614228721e-04   -1.5504408580e-02    1.6150835641e-02    2.4229591952e+02    0.0000000000e+00    0.0000000000e+00    0.0000000000e+00    1.9978302754e+01    0.0000000000e+00    0.0000000000e+00    0.0000000000e+00    1.2270869321e+02
    9.1974269077e+02    4.0744635134e+03   -1.3202764798e+05   -2.1575914227e-03    8.3628199512e-03   -5.9659017580e-02   -1.7898891829e-02   -2.8710048353e-02    2.0585468846e-02    2.4229591952e+02    0.0000000000e+00    0.0000000000e+00    0.0000000000e+00    1.9978302754e+01    0.0000000000e+00    0.0000000000e+00    0.0000000000e+00    1.2276299787e+02
    9.2505802211e+02    4.0980104509e+03   -1.3205131188e+05   -1.0325922339e-02   -1.4078329000e-02    5.4926621934e-03   -2.5816583339e-02    8.7159546697e-03   -3.5763904342e-03    2.4229591952e+02    0.0000000000e+00    0.0000000000e+00    0.0000000000e+00    1.9978302754e+01    0.0000000000e+00    0.0000000000e+00    0.0000000000e+00    1.2271058102e+02
    9.2288447343e+02    4.0883816222e+03   -1.3204166065e+05    7.5570000002e-02    3.4932945923e-02    4.9366839223e-02   -3.1290207104e-02    4.2315374416e-02   -2.1663532004e-02    2.4229591952e+02    0.0000000000e+00    0.0000000000e+00    0.0000000000e+00    1.9978302754e+01    0.0000000000e+00    0.0000000000e+00    0.0000000000e+00    1.2262708595e+02
    9.2602689860e+02    4.1023025773e+03   -1.3205558918e+05    1.4353187595e-02   -1.0884348947e-02   -7.2727170795e-02    6.7607408719e-03    4.1206254064e-02   -3.6846719414e-02    2.4229591952e+02    0.0000000000e+00    0.0000000000e+00    0.0000000000e+00    1.9978302754e+01    0.0000000000e+00    0.0000000000e+00    0.0000000000e+00    1.2271493679e+02
    9.2285974624e+02    4.0882720807e+03   -1.3204142439e+05   -2.5199538230e-02   -3.3351000295e-02   -4.6946336947e-02   -2.8518978175e-02   -1.7650937092e-02    9.6427088289e-03    2.4229591952e+02    0.0000000000e+00    0.0000000000e+00    0.0000000000e+00    1.9978302754e+01    0.0000000000e+00    0.0000000000e+00    0.0000000000e+00    1.2276083582e+02
    9.2551858903e+02    4.1000507641e+03   -1.3205309775e+05    5.5012082656e-02    3.4239494749e-02    4.8110724226e-02   -4.1148550311e-02   -7.7231607272e-03   -2.4814204598e-03    2.4229591952e+02    0.0000000000e+00    0.0000000000e+00    0.0000000000e+00    1.9978302754e+01    0.0000000000e+00    0.0000000000e+00    0.0000000000e+00    1.2261247210e+02
    9.2206099578e+02    4.0847336132e+03   -1.3203764602e+05    4.0181786387e-02    2.3165758766e-02   -2.5537940500e-02   -3.5459753808e-02    3.6062068091e-02    7.0213710046e-03    2.4229591952e+02    0.0000000000e+00    0.0000000000e+00    0.0000000000e+00    1.9978302754e+01    0.0000000000e+00    0.0000000000e+00    0.0000000000e+00    1.2267182021e+02
    9.2463186012e+02    4.0961225517e+03   -1.3204913614e+05   -3.5796116545e-03    9.9787765002e-02    2.3238071455e-02   -5.9835245007e-03   -2.2075104076e-02   -3.0930992188e-02    2.4229591952e+02    0.0000000000e+00    0.0000000000e+00    0.0000000000e+00    1.9978302754e+01    0.0000000000e+00    0.0000000000e+00    0.0000000000e+00    1.2261537970e+02
    9.3198133871e+02    4.1286807690e+03   -1.3208173075e+05    2.4955800267e-02    1.2947560338e-02    8.3306939712e-02    5.9047693914e-03   -5.7418502329e-03    3.1558613482e-02    2.4229591952e+02    0.0000000000e+00    0.0000000000e+00    0.0000000000e+00    1.9978302754e+01    0.0000000000e+00    0.0000000000e+00    0.0000000000e+00    1.2258321915e+02
    9.2407950029e+02    4.0936755956e+03   -1.3204672026e+05   -3.1511800552e-02   -1.5846738824e-02   -9.7051901614e-02   -4.1869586839e-02    1.0159062955e-02   -1.0782684356e-02    2.4229591952e+02    0.0000000000e+00    0.0000000000e+00    0.0000000000e+00    1.9978302754e+01    0.0000000000e+00    0.0000000000e+00    0.0000000000e+00    1.2277506352e+02
    9.3043495348e+02    4.1218302767e+03   -1.3207495615e+05    5.3355812215e-03    1.3028551075e-02   -1.7310494910e-02   -3.4919551392e-03    9.8234357326e-03    8.8133844213e-03    2.4229591952e+02    0.0000000000e+00    0.0000000000e+00    0.0000000000e+00    1.9978302754e+01    0.0000000000e+00    0.0000000000e+00    0.0000000000e+00    1.2262487519e+02
    9.2737824466e+02    4.1082890454e+03   -1.3206143201e+05    3.6853986293e-02    4.3910133973e-02   -9.6983433171e-03    9.1008699971e-03   -2.4708263281e-02   -2.7107142088e-03    2.4229591952e+02    0.0000000000e+00    0.0000000000e+00    0.0000000000e+00    1.9978302754e+01    0.0000000000e+00    0.0000000000e+00    0.0000000000e+00    1.2261679841e+02
    9.3021659529e+02    4.1208629491e+03   -1.3207403386e+05    4.8646539190e-02    4.4852093833e-02   -3.7447092917e-02    2.7705673055e-03   -2.0538589964e-02    2.5309696475e-02    2.4229591952e+02    0.0000000000e+00    0.0000000000e+00    0.0000000000e+00    1.9978302754e+01    0.0000000000e+00    0.0000000000e+00    0.0000000000e+00    1.2260337635e+02
