# dump_thermo 1000
# format_version 1
# num_atoms 8192
# dt_output 2.0000000000e+03 fs
# columns T KE PE sxx syy szz syz sxz sxy ax ay az bx by bz cx cy cz
    6.4022715224e+02    6.7793596032e+02   -3.2252581490e+04    9.8357729310e-02    2.2186933729e-02    5.3053101238e-02   -2.9156047397e-02    2.3534551486e-02   -3.2931457471e-03    3.2333798705e+01    0.0000000000e+00    0.0000000000e+00    0.0000000000e+00    3.2359175213e+01    0.0000000000e+00    0.0000000000e+00    0.0000000000e+00    1.2941946835e+02
    7.7045439636e+02    8.1583347294e+02   -3.2052464310e+04    1.4270866036e-01    1.1530033581e-01    6.7540088407e-02   -7.6059066869e-03    1.7016478794e-02   -2.4883176598e-02    3.2463695886e+01    0.0000000000e+00    0.0000000000e+00    0.0000000000e+00    3.2476923302e+01    0.0000000000e+00    0.0000000000e+00    0.0000000000e+00    1.2991098924e+02
    8.5602321430e+02    9.0644221791e+02   -3.1903991432e+04   -1.2020063177e-01   -1.7666302325e-01   -1.2959942188e-01    4.8871582599e-02   -1.7000649863e-02    3.3025565808e-02    3.2568013784e+01    0.0000000000e+00    0.0000000000e+00    0.0000000000e+00    3.2605343220e+01    0.0000000000e+00    0.0000000000e+00    0.0000000000e+00    1.3064380595e+02
    9.1054036272e+02    9.6417037774e+02   -3.1847414236e+04    1.9653521855e-01    8.9891763695e-02    1.7017603586e-01    6.3614496821e-02   -7.8822962751e-03   -1.3797245186e-02    3.2585309161e+01    0.0000000000e+00    0.0000000000e+00    0.0000000000e+00    3.2671929263e+01    0.0000000000e+00    0.0000000000e+00    0.0000000000e+00    1.3027940761e+02
    9.0670472644e+02    9.6010882590e+02   -3.1843696096e+04   -6.7546719166e-02    6.5378250638e-03    5.2554740919e-02   -1.5436452951e-02    5.7425472989e-02   -2.8294395920e-02    3.2672905594e+01    0.0000000000e+00    0.0000000000e+00    0.0000000000e+00    3.2632632208e+01    0.0000000000e+00    0.0000000000e+00    0.0000000000e+00    1.3037996591e+02
# dump_thermo 1000
# format_version 1
# num_atoms 8192
# dt_output 2.0000000000e+03 fs
# columns T KE PE sxx syy szz syz sxz sxy ax ay az bx by bz cx cy cz
    1.6328955355e+03    8.6453581286e+02   -3.1148785172e+04    3.0715480343e+00    2.9241392062e+00    3.1220694160e+00   -8.6091142489e-02    6.2999058935e-02   -4.3261246401e-02    3.2672905594e+01    0.0000000000e+00    0.0000000000e+00    0.0000000000e+00    3.2632632208e+01    0.0000000000e+00    0.0000000000e+00    0.0000000000e+00    1.3037996591e+02
    1.6706960586e+03    8.8454928294e+02   -3.1096510601e+04    3.2319775790e+00    3.3514760251e+00    3.2810934731e+00    2.4407856372e-02    1.1253392226e-01   -3.1472466294e-02    3.2672905594e+01    0.0000000000e+00    0.0000000000e+00    0.0000000000e+00    3.2632632208e+01    0.0000000000e+00    0.0000000000e+00    0.0000000000e+00    1.3037996591e+02
    1.6852671093e+03    8.9226391928e+02   -3.1099410860e+04    3.3564845597e+00    3.2820401903e+00    3.3886181331e+00   -2.4604398252e-02    6.3997785508e-02   -7.9962233294e-02    3.2672905594e+01    0.0000000000e+00    0.0000000000e+00    0.0000000000e+00    3.2632632208e+01    0.0000000000e+00    0.0000000000e+00    0.0000000000e+00    1.3037996591e+02
    1.6643898213e+03    8.8121044843e+02   -3.1091633442e+04    3.2775970236e+00    3.3370428471e+00    3.3482040270e+00    7.1183129474e-02    7.2490053103e-02    3.1044897054e-02    3.2672905594e+01    0.0000000000e+00    0.0000000000e+00    0.0000000000e+00    3.2632632208e+01    0.0000000000e+00    0.0000000000e+00    0.0000000000e+00    1.3037996591e+02
    1.6867055221e+03    8.9302548625e+02   -3.1093669987e+04    3.3438365618e+00    3.2862833781e+00    3.4122757935e+00   -1.2462990290e-01    1.1010000971e-01    8.8128801831e-03    3.2672905594e+01    0.0000000000e+00    0.0000000000e+00    0.0000000000e+00    3.2632632208e+01    0.0000000000e+00    0.0000000000e+00    0.0000000000e+00    1.3037996591e+02
# dump_thermo 1000
# format_version 1
# num_atoms 8192
# dt_output 2.0000000000e+03 fs
# columns T KE PE sxx syy szz syz sxz sxy ax ay az bx by bz cx cy cz
    9.2576138033e+02    4.9014394985e+02   -3.1523283464e+04    1.1522504127e+00    1.2428049675e+00    1.2563394442e+00   -6.3541736499e-02    1.5633746731e-03    1.4432751289e-02    3.2672905594e+01    0.0000000000e+00    0.0000000000e+00    0.0000000000e+00    3.2632632208e+01    0.0000000000e+00    0.0000000000e+00    0.0000000000e+00    1.3037996591e+02
    8.8922466959e+02    4.7079960465e+02   -3.1557551699e+04    1.0488789881e+00    1.0248832889e+00    1.1279640620e+00    1.2143588025e-02    1.1866201908e-01   -4.1719234998e-02    3.2672905594e+01    0.0000000000e+00    0.0000000000e+00    0.0000000000e+00    3.2632632208e+01    0.0000000000e+00    0.0000000000e+00    0.0000000000e+00    1.3037996591e+02
    9.0606907994e+02    4.7971787019e+02   -3.1597495634e+04    9.1884699754e-01    8.1688049640e-01    9.5730643815e-01   -1.1246559585e-02    3.6157408222e-02   -1.7615869399e-02    3.2672905594e+01    0.0000000000e+00    0.0000000000e+00    0.0000000000e+00    3.2632632208e+01    0.0000000000e+00    0.0000000000e+00    0.0000000000e+00    1.3037996591e+02
    9.2637855734e+02    4.9047071394e+02   -3.1617044239e+04    8.1046626237e-01    7.2890876241e-01    8.5136119889e-01   -2.9821127705e-02    1.2616696820e-01   -5.2342907391e-04    3.2672905594e+01    0.0000000000e+00    0.0000000000e+00    0.0000000000e+00    3.2632632208e+01    0.0000000000e+00    0.0000000000e+00    0.0000000000e+00    1.3037996591e+02
    9.1023035078e+02    4.8192105318e+02   -3.1634089075e+04    6.5170260675e-01    6.5703886096e-01    7.9905818549e-01   -6.9616431446e-03    6.1017117501e-02   -1.0452638001e-02    3.2672905594e+01    0.0000000000e+00    0.0000000000e+00    0.0000000000e+00    3.2632632208e+01    0.0000000000e+00    0.0000000000e+00    0.0000000000e+00    1.3037996591e+02
# dump_thermo 1000
# format_version 1
# num_atoms 8192
# dt_output 2.0000000000e+03 fs
# columns T KE PE sxx syy szz syz sxz sxy ax ay az bx by bz cx cy cz
    8.4419967197e+02    8.9392227949e+02   -3.1671155615e+04   -3.4590607718e-01   -3.8849517589e-01   -6.0796650092e-02   -5.0997667418e-03   -3.3925202065e-03   -4.1955954939e-03    3.2672905594e+01    0.0000000000e+00    0.0000000000e+00    0.0000000000e+00    3.2632632208e+01    0.0000000000e+00    0.0000000000e+00    0.0000000000e+00    1.3289674434e+02
    8.8870025756e+02    9.4104390987e+02   -3.1530131416e+04   -5.0432434886e-01   -3.5045699226e-01   -1.4793240777e-01   -3.0736349461e-02    2.1008519717e-02    2.4083459918e-02    3.2672905594e+01    0.0000000000e+00    0.0000000000e+00    0.0000000000e+00    3.2632632208e+01    0.0000000000e+00    0.0000000000e+00    0.0000000000e+00    1.3448841820e+02
# dump_thermo 1000
# format_version 1
# num_atoms 8192
# dt_output 2.0000000000e+03 fs
# columns T KE PE sxx syy szz syz sxz sxy ax ay az bx by bz cx cy cz
    9.2750771484e+02    9.8213709175e+02   -3.1485622406e+04   -2.4570084827e-01   -2.1583123465e-01   -7.5816570538e-02    8.1726808326e-02    1.0785083059e-01   -1.9255798129e-02    3.2672905594e+01    0.0000000000e+00    0.0000000000e+00    0.0000000000e+00    3.2632632208e+01    0.0000000000e+00    0.0000000000e+00    0.0000000000e+00    1.3454077153e+02
    9.0633087817e+02    9.5971295830e+02   -3.1503685829e+04   -1.7398669172e-01   -1.7859897309e-01   -6.6113027328e-02   -2.1442167958e-02   -2.1656974022e-02    1.3304107972e-02    3.2672905594e+01    0.0000000000e+00    0.0000000000e+00    0.0000000000e+00    3.2632632208e+01    0.0000000000e+00    0.0000000000e+00    0.0000000000e+00    1.3424074535e+02
    8.8748240106e+02    9.3975432270e+02   -3.1532830032e+04   -1.3388149488e-01   -2.8625402143e-02   -2.3740953347e-02   -1.2370409498e-02   -1.5733044728e-02    3.7332274141e-03    3.2672905594e+01    0.0000000000e+00    0.0000000000e+00    0.0000000000e+00    3.2632632208e+01    0.0000000000e+00    0.0000000000e+00    0.0000000000e+00    1.3365318200e+02
    9.0896240753e+02    9.6249948239e+02   -3.1502300781e+04   -2.2021250357e-02   -7.0756202108e-02    3.7316809405e-02   -3.3701569705e-02    1.0090895846e-02   -5.7805810673e-02    3.2672905594e+01    0.0000000000e+00    0.0000000000e+00    0.0000000000e+00    3.2632632208e+01    0.0000000000e+00    0.0000000000e+00    0.0000000000e+00    1.3387061440e+02
    9.0690257097e+02    9.6031832330e+02   -3.1471618080e+04    1.5609344693e-03   -1.3432829031e-01   -2.7765346919e-02   -3.6007988673e-02    5.3313352502e-02    6.6412687109e-02    3.2672905594e+01    0.0000000000e+00    0.0000000000e+00    0.0000000000e+00    3.2632632208e+01    0.0000000000e+00    0.0000000000e+00    0.0000000000e+00    1.3423693354e+02
    9.0443083317e+02    9.5770100235e+02   -3.1496546749e+04   -1.0259674435e-01   -6.0592983764e-02    4.1003505711e-03   -6.5141174806e-02   -4.4364487414e-03   -1.4441055425e-02    3.2672905594e+01    0.0000000000e+00    0.0000000000e+00    0.0000000000e+00    3.2632632208e+01    0.0000000000e+00    0.0000000000e+00    0.0000000000e+00    1.3393896950e+02
    8.9531779944e+02    9.4805121906e+02   -3.1506469793e+04   -8.4093243332e-02   -7.3821522612e-02    4.3813420790e-02   -1.5907987037e-05    1.3698818057e-02    8.4802480773e-03    3.2672905594e+01    0.0000000000e+00    0.0000000000e+00    0.0000000000e+00    3.2632632208e+01    0.0000000000e+00    0.0000000000e+00    0.0000000000e+00    1.3375700638e+02
    8.9584204470e+02    9.4860634190e+02   -3.1478231121e+04   -5.4724447314e-02    5.9644495371e-03   -7.8805452645e-02   -6.1722754493e-02    1.7409203204e-02    5.1406015484e-02    3.2672905594e+01    0.0000000000e+00    0.0000000000e+00    0.0000000000e+00    3.2632632208e+01    0.0000000000e+00    0.0000000000e+00    0.0000000000e+00    1.3413992903e+02
    9.1123534386e+02    9.6490629265e+02   -3.1483844082e+04   -1.0419712079e-01   -5.5477237398e-02   -1.7910025189e-01   -5.8695895183e-03    4.1855898436e-02   -1.7996668130e-02    3.2672905594e+01    0.0000000000e+00    0.0000000000e+00    0.0000000000e+00    3.2632632208e+01    0.0000000000e+00    0.0000000000e+00    0.0000000000e+00    1.3420853069e+02
    9.1437223501e+02    9.6822794388e+02   -3.1490652643e+04   -5.1364088146e-02    6.6062502656e-02    6.1474168867e-02    5.5898283453e-02   -5.5447085664e-02   -3.9377629664e-02    3.2672905594e+01    0.0000000000e+00    0.0000000000e+00    0.0000000000e+00    3.2632632208e+01    0.0000000000e+00    0.0000000000e+00    0.0000000000e+00    1.3393656795e+02
    9.2081913711e+02    9.7505456277e+02   -3.1498999197e+04   -7.1803855672e-02   -3.6748796582e-02    9.7871296335e-02   -4.9726493149e-02    6.8374733630e-02   -2.8755580697e-02    3.2672905594e+01    0.0000000000e+00    0.0000000000e+00    0.0000000000e+00    3.2632632208e+01    0.0000000000e+00    0.0000000000e+00    0.0000000000e+00    1.3384833628e+02
    9.0007583629e+02    9.5308950004e+02   -3.1469944481e+04    2.1597060787e-02    4.7434359971e-02    5.0713856799e-02   -6.0397543309e-02   -7.5168942930e-04   -2.6112659582e-02    3.2672905594e+01    0.0000000000e+00    0.0000000000e+00    0.0000000000e+00    3.2632632208e+01    0.0000000000e+00    0.0000000000e+00    0.0000000000e+00    1.3397534712e+02
    9.1734924213e+02    9.7138029407e+02   -3.1505073795e+04   -7.6480687520e-02   -8.9329008465e-02    1.3702566480e-01    3.6614772457e-04   -1.3235354104e-01    1.2267479636e-02    3.2672905594e+01    0.0000000000e+00    0.0000000000e+00    0.0000000000e+00    3.2632632208e+01    0.0000000000e+00    0.0000000000e+00    0.0000000000e+00    1.3385816543e+02
    9.1773274149e+02    9.7178638120e+02   -3.1480368593e+04   -1.0007924469e-02    4.2661801608e-02    7.3559620739e-02   -2.0401874562e-02   -2.7253905505e-02   -3.7268034316e-02    3.2672905594e+01    0.0000000000e+00    0.0000000000e+00    0.0000000000e+00    3.2632632208e+01    0.0000000000e+00    0.0000000000e+00    0.0000000000e+00    1.3397045513e+02
    9.0122231046e+02    9.5430350052e+02   -3.1478865122e+04    3.7046374072e-02    8.6164414063e-02    1.6308157658e-02   -4.5101495558e-02    4.1159797097e-02    1.5181936320e-04    3.2672905594e+01    0.0000000000e+00    0.0000000000e+00    0.0000000000e+00    3.2632632208e+01    0.0000000000e+00    0.0000000000e+00    0.0000000000e+00    1.3391716928e+02
    9.0915458277e+02    9.6270297658e+02   -3.1468489023e+04   -1.1260599518e-01   -1.0451667161e-01   -1.6318201815e-01   -1.3389833877e-01    4.6670496413e-02    4.9007710480e-02    3.2672905594e+01    0.0000000000e+00    0.0000000000e+00    0.0000000000e+00    3.2632632208e+01    0.0000000000e+00    0.0000000000e+00    0.0000000000e+00    1.3431910011e+02
    9.0981820554e+02    9.6340568614e+02   -3.1486955387e+04   -8.9200725768e-02   -1.2370356580e-02    6.3783531845e-02    2.6734251994e-02   -1.1305742600e-01   -9.7712265517e-03    3.2672905594e+01    0.0000000000e+00    0.0000000000e+00    0.0000000000e+00    3.2632632208e+01    0.0000000000e+00    0.0000000000e+00    0.0000000000e+00    1.3396267106e+02
    9.1573423553e+02    9.6967016502e+02   -3.1489145226e+04   -8.2412708959e-02    7.0678558937e-02    1.5473511068e-02    4.6371160740e-02    4.5133852417e-02    5.7608070882e-03    3.2672905594e+01    0.0000000000e+00    0.0000000000e+00    0.0000000000e+00    3.2632632208e+01    0.0000000000e+00    0.0000000000e+00    0.0000000000e+00    1.3394069480e+02
    9.1024850540e+02    9.6386133028e+02   -3.1481032949e+04    2.1240487174e-02    3.6532144734e-02    1.1586784718e-02   -1.7243266219e-02    2.3198169942e-03    5.6581216187e-02    3.2672905594e+01    0.0000000000e+00    0.0000000000e+00    0.0000000000e+00    3.2632632208e+01    0.0000000000e+00    0.0000000000e+00    0.0000000000e+00    1.3394108622e+02
    9.0684768934e+02    9.6026020919e+02   -3.1509148657e+04    1.4393358617e-01    1.2999953411e-03    1.7491784631e-01    1.4601565687e-02   -5.0293485001e-02    1.9712461192e-02    3.2672905594e+01    0.0000000000e+00    0.0000000000e+00    0.0000000000e+00    3.2632632208e+01    0.0000000000e+00    0.0000000000e+00    0.0000000000e+00    1.3351487926e+02
    9.0809757317e+02    9.6158371006e+02   -3.1491321325e+04    5.3321986819e-02    1.0853564559e-01    3.9115517614e-02   -2.0238656393e-02   -3.1475373402e-02    7.2080652114e-02    3.2672905594e+01    0.0000000000e+00    0.0000000000e+00    0.0000000000e+00    3.2632632208e+01    0.0000000000e+00    0.0000000000e+00    0.0000000000e+00    1.3375208775e+02
    9.1486930271e+02    9.6875428843e+02   -3.1490678675e+04   -1.2895985803e-01    4.6684371655e-03   -4.6375702554e-03    6.9500501328e-02   -5.0358244507e-02   -1.6148809185e-02    3.2672905594e+01    0.0000000000e+00    0.0000000000e+00    0.0000000000e+00    3.2632632208e+01    0.0000000000e+00    0.0000000000e+00    0.0000000000e+00    1.3398864111e+02
    9.0582647263e+02    9.5917884372e+02   -3.1498045523e+04   -1.3043659525e-01    3.7706443727e-03   -2.7558186450e-02    2.2766443478e-03   -2.6550955982e-02   -6.8841964321e-02    3.2672905594e+01    0.0000000000e+00    0.0000000000e+00    0.0000000000e+00    3.2632632208e+01    0.0000000000e+00    0.0000000000e+00    0.0000000000e+00    1.3391828820e+02
    9.0443768839e+02    9.5770826133e+02   -3.1495500675e+04    8.4911138961e-02    4.0784196712e-03    7.9948566165e-02   -6.5619261627e-02    7.4261657903e-03   -5.7180074406e-03    3.2672905594e+01    0.0000000000e+00    0.0000000000e+00    0.0000000000e+00    3.2632632208e+01    0.0000000000e+00    0.0000000000e+00    0.0000000000e+00    1.3378577613e+02
    9.1234652311e+02    9.6608291936e+02   -3.1488732332e+04   -1.6159132001e-02   -2.6252987905e-02   -5.1203679251e-02   -3.6945969312e-02    2.3902015721e-02   -2.0728545706e-02    3.2672905594e+01    0.0000000000e+00    0.0000000000e+00    0.0000000000e+00    3.2632632208e+01    0.0000000000e+00    0.0000000000e+00    0.0000000000e+00    1.3401026484e+02
    9.1585237112e+02    9.6979525869e+02   -3.1488530678e+04   -7.7553944757e-02   -3.3981757481e-02   -9.7493529566e-02    5.9954036217e-02    3.5698464558e-02   -3.4239197532e-02    3.2672905594e+01    0.0000000000e+00    0.0000000000e+00    0.0000000000e+00    3.2632632208e+01    0.0000000000e+00    0.0000000000e+00    0.0000000000e+00    1.3406572101e+02
    9.1388077947e+02    9.6770754205e+02   -3.1492713850e+04   -1.2015111172e-01   -1.4167850929e-01   -9.1691624379e-02   -1.7903346684e-02   -1.3258973338e-02    7.0808139550e-02    3.2672905594e+01    0.0000000000e+00    0.0000000000e+00    0.0000000000e+00    3.2632632208e+01    0.0000000000e+00    0.0000000000e+00    0.0000000000e+00    1.3409291325e+02
    9.0722490446e+02    9.6065964194e+02   -3.1476841393e+04   -3.6261580092e-02   -7.2629884977e-02   -1.5808618781e-01    6.6973467417e-02   -2.2136553567e-03   -9.4867534763e-03    3.2672905594e+01    0.0000000000e+00    0.0000000000e+00    0.0000000000e+00    3.2632632208e+01    0.0000000000e+00    0.0000000000e+00    0.0000000000e+00    1.3419006223e+02
    9.0406982334e+02    9.5731872935e+02   -3.1488948219e+04    6.6992735775e-02    1.1795172079e-01    1.0393484287e-01    4.5918412653e-02    1.0636599029e-01    2.3485380277e-02    3.2672905594e+01    0.0000000000e+00    0.0000000000e+00    0.0000000000e+00    3.2632632208e+01    0.0000000000e+00    0.0000000000e+00    0.0000000000e+00    1.3374145226e+02
    9.0994059414e+02    9.6353528333e+02   -3.1515632219e+04   -9.9425465419e-03   -3.8953878214e-02   -5.0859821399e-03   -1.7842155657e-02   -9.6306037374e-02   -2.3088798532e-02    3.2672905594e+01    0.0000000000e+00    0.0000000000e+00    0.0000000000e+00    3.2632632208e+01    0.0000000000e+00    0.0000000000e+00    0.0000000000e+00    1.3368604251e+02
    9.0452662243e+02    9.5780243351e+02   -3.1496129494e+04   -6.1563127351e-02    4.3441193819e-03    6.8235269984e-02   -1.1292184572e-01   -1.0970075296e-01   -3.9269299261e-02    3.2672905594e+01    0.0000000000e+00    0.0000000000e+00    0.0000000000e+00    3.2632632208e+01    0.0000000000e+00    0.0000000000e+00    0.0000000000e+00    1.3378088566e+02
    9.0699864937e+02    9.6042006063e+02   -3.1509433435e+04   -1.2975337670e-01   -8.7055372567e-02    4.5281651965e-02   -2.4506743711e-02    9.3750463867e-03    4.9480207535e-02    3.2672905594e+01    0.0000000000e+00    0.0000000000e+00    0.0000000000e+00    3.2632632208e+01    0.0000000000e+00    0.0000000000e+00    0.0000000000e+00    1.3383888195e+02
    9.0482154854e+02    9.5811473051e+02   -3.1515729193e+04   -3.1931397941e-02   -1.2539497761e-01   -1.1590967905e-01    1.1653370010e-02    4.8396453428e-02   -5.9865430522e-03    3.2672905594e+01    0.0000000000e+00    0.0000000000e+00    0.0000000000e+00    3.2632632208e+01    0.0000000000e+00    0.0000000000e+00    0.0000000000e+00    1.3381446587e+02
    9.1297543843e+02    9.6674887724e+02   -3.1507516161e+04   -1.0563638493e-01    7.2450578148e-03   -1.0733744342e-01   -7.2033770411e-02    8.0011615127e-02   -1.3154085195e-02    3.2672905594e+01    0.0000000000e+00    0.0000000000e+00    0.0000000000e+00    3.2632632208e+01    0.0000000000e+00    0.0000000000e+00    0.0000000000e+00    1.3384399230e+02
    9.0532820355e+02    9.5865122704e+02   -3.1545191113e+04   -5.3664789842e-02    8.3420374891e-03   -2.9291926960e-02    5.9107106107e-02   -1.9036356401e-02    1.9783480521e-02    3.2672905594e+01    0.0000000000e+00    0.0000000000e+00    0.0000000000e+00    3.2632632208e+01    0.0000000000e+00    0.0000000000e+00    0.0000000000e+00    1.3342064727e+02
    9.0686196878e+02    9.6027532967e+02   -3.1540465286e+04    2.8327138049e-02   -7.6320421569e-02   -1.0041851163e-01    8.9820547378e-04    1.2346478517e-03   -4.0641251448e-02    3.2672905594e+01    0.0000000000e+00    0.0000000000e+00    0.0000000000e+00    3.2632632208e+01    0.0000000000e+00    0.0000000000e+00    0.0000000000e+00    1.3348557847e+02
    8.9545717858e+02    9.4819880751e+02   -3.1541482851e+04   -1.0455546955e-02    7.2703677855e-02    1.6149536060e-01   -2.2146123762e-02    4.7521778705e-02   -3.4202761893e-02    3.2672905594e+01    0.0000000000e+00    0.0000000000e+00    0.0000000000e+00    3.2632632208e+01    0.0000000000e+00    0.0000000000e+00    0.0000000000e+00    1.3323850432e+02
    8.9809312370e+02    9.5099000744e+02   -3.1557951040e+04   -1.8609793775e-02    1.7580570982e-02    2.5162749386e-02    1.1646170699e-02   -8.0366989797e-02    2.8223967890e-02    3.2672905594e+01    0.0000000000e+00    0.0000000000e+00    0.0000000000e+00    3.2632632208e+01    0.0000000000e+00    0.0000000000e+00    0.0000000000e+00    1.3315900632e+02
    9.0645809540e+02    9.5984766851e+02   -3.1565625887e+04    8.7905432008e-02   -7.2952974527e-02   -1.3500699206e-02   -8.8292884056e-02    8.5778146253e-03   -5.3321467520e-02    3.2672905594e+01    0.0000000000e+00    0.0000000000e+00    0.0000000000e+00    3.2632632208e+01    0.0000000000e+00    0.0000000000e+00    0.0000000000e+00    1.3312748689e+02
    9.0471118509e+02    9.5799786674e+02   -3.1548381588e+04    1.0781548346e-01    5.1362701395e-02    4.6465885985e-02   -1.1178482442e-02    1.7251595510e-01   -6.8946438961e-03    3.2672905594e+01    0.0000000000e+00    0.0000000000e+00    0.0000000000e+00    3.2632632208e+01    0.0000000000e+00    0.0000000000e+00    0.0000000000e+00    1.3317295431e+02
    9.1804684973e+02    9.7211899013e+02   -3.1579266108e+04   -1.2194647830e-01   -9.0029405223e-03    1.9712130512e-01    5.7653757513e-02   -3.6434047166e-02    1.2226638801e-02    3.2672905594e+01    0.0000000000e+00    0.0000000000e+00    0.0000000000e+00    3.2632632208e+01    0.0000000000e+00    0.0000000000e+00    0.0000000000e+00    1.3302566444e+02
    9.1271251913e+02    9.6647047222e+02   -3.1558669325e+04    7.1377700429e-02    6.3909448719e-02   -9.9032724764e-02    4.4082238687e-02   -9.4459778721e-02   -4.8106174580e-02    3.2672905594e+01    0.0000000000e+00    0.0000000000e+00    0.0000000000e+00    3.2632632208e+01    0.0000000000e+00    0.0000000000e+00    0.0000000000e+00    1.3316455919e+02
    9.0678401032e+02    9.6019277953e+02   -3.1538978596e+04    7.2334995863e-02    2.1469454934e-02    3.6504500869e-02   -5.6143171760e-02    2.3179583810e-02    2.9198828798e-02    3.2672905594e+01    0.0000000000e+00    0.0000000000e+00    0.0000000000e+00    3.2632632208e+01    0.0000000000e+00    0.0000000000e+00    0.0000000000e+00    1.3330592007e+02
    9.1734439362e+02    9.7137515998e+02   -3.1569951618e+04    5.7137860424e-02    9.0424125913e-03    8.0114854852e-02    1.8798579640e-03    1.1805434253e-01    2.4810057732e-02    3.2672905594e+01    0.0000000000e+00    0.0000000000e+00    0.0000000000e+00    3.2632632208e+01    0.0000000000e+00    0.0000000000e+00    0.0000000000e+00    1.3301463538e+02
    9.1571722456e+02    9.6965215212e+02   -3.1552619436e+04    2.6699293917e-02   -1.5549495685e-02    7.7521941639e-02    5.9386130428e-02   -1.0628545836e-01    5.5513497750e-02    3.2672905594e+01    0.0000000000e+00    0.0000000000e+00    0.0000000000e+00    3.2632632208e+01    0.0000000000e+00    0.0000000000e+00    0.0000000000e+00    1.3318628013e+02
    8.9568213731e+02    9.4843701610e+02   -3.1582195906e+04   -2.4047525208e-02   -8.2568958045e-02   -8.9760401621e-02    1.1265516793e-02   -2.2555582657e-02    2.7758413176e-02    3.2672905594e+01    0.0000000000e+00    0.0000000000e+00    0.0000000000e+00    3.2632632208e+01    0.0000000000e+00    0.0000000000e+00    0.0000000000e+00    1.3307579988e+02
    9.1123558006e+02    9.6490654275e+02   -3.1572112333e+04   -1.0890157665e-01   -1.4989710771e-01   -1.2514415382e-01   -3.1338830523e-02    4.9204953636e-02    3.7851302339e-02    3.2672905594e+01    0.0000000000e+00    0.0000000000e+00    0.0000000000e+00    3.2632632208e+01    0.0000000000e+00    0.0000000000e+00    0.0000000000e+00    1.3329678901e+02
    9.2008128932e+02    9.7427325640e+02   -3.1585311611e+04   -1.1284190611e-01   -1.5578639277e-01   -8.2902459422e-02   -5.0158374207e-02    6.6080452649e-03    4.2527382491e-02    3.2672905594e+01    0.0000000000e+00    0.0000000000e+00    0.0000000000e+00    3.2632632208e+01    0.0000000000e+00    0.0000000000e+00    0.0000000000e+00    1.3316426562e+02
    9.1818805346e+02    9.7226851064e+02   -3.1619646061e+04   -7.9555652563e-04   -5.7745407323e-02    1.2075212734e-01    2.0576364300e-02   -4.1126386949e-02    7.9703875954e-03    3.2672905594e+01    0.0000000000e+00    0.0000000000e+00    0.0000000000e+00    3.2632632208e+01    0.0000000000e+00    0.0000000000e+00    0.0000000000e+00    1.3259130714e+02
    9.0073122410e+02    9.5378348960e+02   -3.1610771036e+04   -8.3938144507e-02   -9.7578329840e-03   -2.4328566323e-02    4.4642946224e-03    1.1428786943e-01    3.0571237075e-02    3.2672905594e+01    0.0000000000e+00    0.0000000000e+00    0.0000000000e+00    3.2632632208e+01    0.0000000000e+00    0.0000000000e+00    0.0000000000e+00    1.3278001243e+02
