# dump_thermo 1000
# format_version 1
# num_atoms 8192
# dt_output 2.0000000000e+03 fs
# columns T KE PE sxx syy szz syz sxz sxy ax ay az bx by bz cx cy cz
    5.6606473176e+02    5.9940543944e+02   -3.2341954082e+04   -1.7481783918e-01   -1.3557804324e-01   -1.6808491791e-01    1.0635697196e-02   -1.8375885099e-02   -6.3139647384e-04    3.2328565250e+01    0.0000000000e+00    0.0000000000e+00    0.0000000000e+00    3.2319567167e+01    0.0000000000e+00    0.0000000000e+00    0.0000000000e+00    1.2928160242e+02
    6.8528474326e+02    7.2564740325e+02   -3.2174854986e+04    2.5339805262e-03    3.4127524095e-02   -1.3942747113e-03   -5.4577911739e-04   -9.3612725829e-03   -7.7747048191e-02    3.2398546881e+01    0.0000000000e+00    0.0000000000e+00    0.0000000000e+00    3.2401142291e+01    0.0000000000e+00    0.0000000000e+00    0.0000000000e+00    1.2967117346e+02
    7.6788788780e+02    8.1311579931e+02   -3.2062159662e+04    1.0843587927e-01    1.5635777336e-01    8.1997540389e-02   -9.1979380817e-03   -8.8813187343e-03    2.7686789581e-02    3.2468201851e+01    0.0000000000e+00    0.0000000000e+00    0.0000000000e+00    3.2443353591e+01    0.0000000000e+00    0.0000000000e+00    0.0000000000e+00    1.2991131139e+02
    8.0838264029e+02    8.5599565660e+02   -3.2014631119e+04    1.1966780576e-01    3.9880319102e-02    4.5606371170e-02   -3.4045979562e-02    1.2386648648e-02   -2.4992725991e-02    3.2475134744e+01    0.0000000000e+00    0.0000000000e+00    0.0000000000e+00    3.2525836796e+01    0.0000000000e+00    0.0000000000e+00    0.0000000000e+00    1.3006116970e+02
    7.9928749083e+02    8.4636481095e+02   -3.2016992918e+04    4.2766849800e-02    2.4536752584e-02    4.7913454229e-03   -4.2883868039e-02    3.0190289321e-02   -1.5808105985e-02    3.2468014780e+01    0.0000000000e+00    0.0000000000e+00    0.0000000000e+00    3.2535420916e+01    0.0000000000e+00    0.0000000000e+00    0.0000000000e+00    1.3009963340e+02
# dump_thermo 1000
# format_version 1
# num_atoms 8192
# dt_output 2.0000000000e+03 fs
# columns T KE PE sxx syy szz syz sxz sxy ax ay az bx by bz cx cy cz
    1.6214155714e+03    8.5845775099e+02   -3.1376358244e+04    2.8573082975e+00    2.8940280397e+00    2.8147302967e+00    7.3637727904e-04    1.1512144093e-01   -1.0818958339e-01    3.2468014780e+01    0.0000000000e+00    0.0000000000e+00    0.0000000000e+00    3.2535420916e+01    0.0000000000e+00    0.0000000000e+00    0.0000000000e+00    1.3009963340e+02
    1.6838821250e+03    8.9153063994e+02   -3.1212958467e+04    3.6758167062e+00    3.5858049081e+00    3.6537452871e+00    1.0989518119e-01   -3.3850872201e-02   -1.8917654992e-02    3.2468014780e+01    0.0000000000e+00    0.0000000000e+00    0.0000000000e+00    3.2535420916e+01    0.0000000000e+00    0.0000000000e+00    0.0000000000e+00    1.3009963340e+02
    1.6931288656e+03    8.9642632264e+02   -3.1190062944e+04    3.8158868694e+00    3.5853926968e+00    3.7786137292e+00    7.0141416433e-02   -2.3811401672e-02   -2.5986184640e-02    3.2468014780e+01    0.0000000000e+00    0.0000000000e+00    0.0000000000e+00    3.2535420916e+01    0.0000000000e+00    0.0000000000e+00    0.0000000000e+00    1.3009963340e+02
    1.6859463747e+03    8.9262355604e+02   -3.1194361071e+04    3.7075393995e+00    3.7152747130e+00    3.7386186620e+00   -1.1096470618e-01    1.5115684768e-02    4.8945250758e-02    3.2468014780e+01    0.0000000000e+00    0.0000000000e+00    0.0000000000e+00    3.2535420916e+01    0.0000000000e+00    0.0000000000e+00    0.0000000000e+00    1.3009963340e+02
    1.7300216380e+03    9.1595918452e+02   -3.1179829187e+04    3.9036311051e+00    3.6677464440e+00    3.8712917173e+00   -8.0339684854e-02    1.0642099150e-01    4.8089163876e-02    3.2468014780e+01    0.0000000000e+00    0.0000000000e+00    0.0000000000e+00    3.2535420916e+01    0.0000000000e+00    0.0000000000e+00    0.0000000000e+00    1.3009963340e+02
# dump_thermo 1000
# format_version 1
# num_atoms 8192
# dt_output 2.0000000000e+03 fs
# columns T KE PE sxx syy szz syz sxz sxy ax ay az bx by bz cx cy cz
    8.1801194366e+02    4.3309605867e+02   -3.1711862177e+04    1.1294074689e+00    1.1553501765e+00    1.2882085275e+00   -2.4729654650e-02    2.6165229300e-03    4.9475885132e-02    3.2468014780e+01    0.0000000000e+00    0.0000000000e+00    0.0000000000e+00    3.2535420916e+01    0.0000000000e+00    0.0000000000e+00    0.0000000000e+00    1.3009963340e+02
    8.0192171785e+02    4.2457709579e+02   -3.1752145691e+04    9.9106983145e-01    9.7840648065e-01    1.0311324420e+00   -3.5626590357e-02    8.3706981131e-03   -3.8884287440e-02    3.2468014780e+01    0.0000000000e+00    0.0000000000e+00    0.0000000000e+00    3.2535420916e+01    0.0000000000e+00    0.0000000000e+00    0.0000000000e+00    1.3009963340e+02
    8.0689269946e+02    4.2720897979e+02   -3.1776862703e+04    9.1757672398e-01    8.7172442295e-01    8.8332256653e-01    4.3991352386e-02   -5.9728300852e-03    6.0891145096e-02    3.2468014780e+01    0.0000000000e+00    0.0000000000e+00    0.0000000000e+00    3.2535420916e+01    0.0000000000e+00    0.0000000000e+00    0.0000000000e+00    1.3009963340e+02
    8.1168768119e+02    4.2974768073e+02   -3.1804808323e+04    8.4239533451e-01    6.2995263398e-01    8.0045180069e-01   -7.8561357339e-02    2.9361466622e-02    1.5497511889e-02    3.2468014780e+01    0.0000000000e+00    0.0000000000e+00    0.0000000000e+00    3.2535420916e+01    0.0000000000e+00    0.0000000000e+00    0.0000000000e+00    1.3009963340e+02
    7.9467103255e+02    4.2073822370e+02   -3.1836909967e+04    5.6513965404e-01    5.2134870255e-01    7.4570737067e-01   -4.8385240272e-02    4.2413470792e-02   -2.0868954998e-03    3.2468014780e+01    0.0000000000e+00    0.0000000000e+00    0.0000000000e+00    3.2535420916e+01    0.0000000000e+00    0.0000000000e+00    0.0000000000e+00    1.3009963340e+02
# dump_thermo 1000
# format_version 1
# num_atoms 8192
# dt_output 2.0000000000e+03 fs
# columns T KE PE sxx syy szz syz sxz sxy ax ay az bx by bz cx cy cz
    7.4885882824e+02    7.9296594513e+02   -3.1882609846e+04   -2.1013594667e-01   -3.0815611908e-01    6.4339296632e-03   -5.9564865891e-02    4.2203334936e-02    3.9323497311e-02    3.2468014780e+01    0.0000000000e+00    0.0000000000e+00    0.0000000000e+00    3.2535420916e+01    0.0000000000e+00    0.0000000000e+00    0.0000000000e+00    1.3196785728e+02
    7.9603035583e+02    8.4291583360e+02   -3.1787562634e+04   -3.0483322121e-01   -3.0603379450e-01   -2.0433262170e-01    7.2924676899e-02    1.1404135207e-02    6.8162632909e-02    3.2468014780e+01    0.0000000000e+00    0.0000000000e+00    0.0000000000e+00    3.2535420916e+01    0.0000000000e+00    0.0000000000e+00    0.0000000000e+00    1.3312661012e+02
# dump_thermo 1000
# format_version 1
# num_atoms 8192
# dt_output 2.0000000000e+03 fs
# columns T KE PE sxx syy szz syz sxz sxy ax ay az bx by bz cx cy cz
    8.0517834722e+02    8.5260263352e+02   -3.1788984552e+04   -5.7752107572e-02   -1.8926689405e-01   -1.3844224555e-01   -2.8963572262e-02    4.7579451428e-02    4.1378082000e-02    3.2468014780e+01    0.0000000000e+00    0.0000000000e+00    0.0000000000e+00    3.2535420916e+01    0.0000000000e+00    0.0000000000e+00    0.0000000000e+00    1.3266696609e+02
    8.0487132649e+02    8.5227752954e+02   -3.1825365524e+04   -1.1762141805e-01   -2.3118074603e-01   -9.2232994724e-02   -3.8915488277e-02   -9.2751574972e-02    2.2825798264e-02    3.2468014780e+01    0.0000000000e+00    0.0000000000e+00    0.0000000000e+00    3.2535420916e+01    0.0000000000e+00    0.0000000000e+00    0.0000000000e+00    1.3242914455e+02
    7.9691196223e+02    8.4384936584e+02   -3.1871028982e+04   -8.4640165984e-02   -7.6595109904e-02    3.4463256070e-02    8.2752403460e-02   -2.1662478660e-02    1.8842185665e-02    3.2468014780e+01    0.0000000000e+00    0.0000000000e+00    0.0000000000e+00    3.2535420916e+01    0.0000000000e+00    0.0000000000e+00    0.0000000000e+00    1.3175902124e+02
    8.1650118661e+02    8.6459237805e+02   -3.1883542171e+04    1.1504317656e-02   -1.4811311524e-01   -6.9833990358e-02    1.4936045749e-02    9.6430400016e-02   -1.0358639287e-02    3.2468014780e+01    0.0000000000e+00    0.0000000000e+00    0.0000000000e+00    3.2535420916e+01    0.0000000000e+00    0.0000000000e+00    0.0000000000e+00    1.3165147637e+02
    8.0082378541e+02    8.4799159190e+02   -3.1878851833e+04    6.6957959205e-02   -1.9510857987e-02    5.5872387318e-02    2.0310840413e-02   -6.3524341399e-02    1.3052307571e-02    3.2468014780e+01    0.0000000000e+00    0.0000000000e+00    0.0000000000e+00    3.2535420916e+01    0.0000000000e+00    0.0000000000e+00    0.0000000000e+00    1.3144767373e+02
    7.9490716865e+02    8.4172649170e+02   -3.1904154163e+04   -6.3013393968e-02   -9.8117744247e-02   -1.0807271960e-01   -6.0184920352e-02    1.9195384233e-02    2.6733660639e-03    3.2468014780e+01    0.0000000000e+00    0.0000000000e+00    0.0000000000e+00    3.2535420916e+01    0.0000000000e+00    0.0000000000e+00    0.0000000000e+00    1.3143062958e+02
    8.0396690205e+02    8.5131983532e+02   -3.1911432911e+04   -1.9371501787e-01   -1.7023011665e-01   -9.5341903737e-02   -6.5432707093e-02    9.6010750817e-03   -4.7437361367e-02    3.2468014780e+01    0.0000000000e+00    0.0000000000e+00    0.0000000000e+00    3.2535420916e+01    0.0000000000e+00    0.0000000000e+00    0.0000000000e+00    1.3152696855e+02
    8.0379926447e+02    8.5114232403e+02   -3.1944592354e+04    5.1897963104e-02    7.8281703927e-03   -1.3275149259e-02   -2.5447432998e-02    7.1929126095e-02    4.1261838325e-02    3.2468014780e+01    0.0000000000e+00    0.0000000000e+00    0.0000000000e+00    3.2535420916e+01    0.0000000000e+00    0.0000000000e+00    0.0000000000e+00    1.3087054843e+02
    8.0230978504e+02    8.4956511559e+02   -3.1968160423e+04    1.2871182918e-01    8.8136780756e-02    3.6554353264e-02    1.2682646097e-02   -7.4693352081e-03    2.2843362052e-02    3.2468014780e+01    0.0000000000e+00    0.0000000000e+00    0.0000000000e+00    3.2535420916e+01    0.0000000000e+00    0.0000000000e+00    0.0000000000e+00    1.3040640008e+02
    8.0511604105e+02    8.5253665758e+02   -3.1999479527e+04    7.8790087388e-02    1.1333900435e-01    4.3883164805e-02   -3.4419888965e-02   -2.7506511496e-02    1.0377332201e-02    3.2468014780e+01    0.0000000000e+00    0.0000000000e+00    0.0000000000e+00    3.2535420916e+01    0.0000000000e+00    0.0000000000e+00    0.0000000000e+00    1.3015870340e+02
    8.0617036760e+02    8.5365308302e+02   -3.2010324341e+04    1.9908333151e-01    1.7061931286e-01    1.6961360631e-01   -2.2183231131e-02    3.1826350681e-02    4.9147264117e-02    3.2468014780e+01    0.0000000000e+00    0.0000000000e+00    0.0000000000e+00    3.2535420916e+01    0.0000000000e+00    0.0000000000e+00    0.0000000000e+00    1.2990183171e+02
    8.0243416160e+02    8.4969681782e+02   -3.2009098520e+04    1.2448578776e-01    4.7883881224e-02    8.8973380093e-03   -2.8901054674e-02   -1.6488717900e-02    2.2428427407e-03    3.2468014780e+01    0.0000000000e+00    0.0000000000e+00    0.0000000000e+00    3.2535420916e+01    0.0000000000e+00    0.0000000000e+00    0.0000000000e+00    1.3012173673e+02
    8.0114393509e+02    8.4833059812e+02   -3.1999823538e+04    1.9465193876e-01    1.1271609999e-01    5.5221085334e-02    2.7032006535e-02    1.6646650241e-02   -4.3403408195e-03    3.2468014780e+01    0.0000000000e+00    0.0000000000e+00    0.0000000000e+00    3.2535420916e+01    0.0000000000e+00    0.0000000000e+00    0.0000000000e+00    1.3006378865e+02
    8.0602882219e+02    8.5350320071e+02   -3.1999704329e+04    1.0524212223e-01    7.5387248753e-02    5.0654579132e-02   -5.1707041531e-02    4.7048908296e-03   -1.1399272917e-02    3.2468014780e+01    0.0000000000e+00    0.0000000000e+00    0.0000000000e+00    3.2535420916e+01    0.0000000000e+00    0.0000000000e+00    0.0000000000e+00    1.3015831936e+02
    7.9646329567e+02    8.4337427321e+02   -3.1992456114e+04    1.1937685629e-01    3.0830022146e-02    1.3046491384e-01    1.5312719436e-02   -1.1738708192e-02    2.5137123197e-02    3.2468014780e+01    0.0000000000e+00    0.0000000000e+00    0.0000000000e+00    3.2535420916e+01    0.0000000000e+00    0.0000000000e+00    0.0000000000e+00    1.3017263494e+02
    8.0469011363e+02    8.5208564341e+02   -3.2015416426e+04    1.8867535917e-01    1.1773761966e-01    2.1331791453e-01    3.4518731464e-02    3.5110635703e-02   -1.0543334688e-02    3.2468014780e+01    0.0000000000e+00    0.0000000000e+00    0.0000000000e+00    3.2535420916e+01    0.0000000000e+00    0.0000000000e+00    0.0000000000e+00    1.2989102737e+02
    8.0759428497e+02    8.5516086785e+02   -3.2001267616e+04    5.9603943828e-02    3.2713917075e-02    6.1407544469e-03   -9.4182855038e-03    5.1627468614e-02    2.5846723893e-03    3.2468014780e+01    0.0000000000e+00    0.0000000000e+00    0.0000000000e+00    3.2535420916e+01    0.0000000000e+00    0.0000000000e+00    0.0000000000e+00    1.3022667459e+02
    7.9573121337e+02    8.4259907192e+02   -3.2005445528e+04   -3.4039352738e-02   -1.0113465252e-01   -1.3316075433e-01    4.6406925882e-03    4.0611276126e-02   -1.6506788996e-02    3.2468014780e+01    0.0000000000e+00    0.0000000000e+00    0.0000000000e+00    3.2535420916e+01    0.0000000000e+00    0.0000000000e+00    0.0000000000e+00    1.3040193081e+02
    7.9677859325e+02    8.4370814153e+02   -3.2011326515e+04    3.0132999685e-02   -4.1689158024e-02    1.6286263275e-03    3.4399040215e-03   -1.6590400326e-02   -1.3301426855e-04    3.2468014780e+01    0.0000000000e+00    0.0000000000e+00    0.0000000000e+00    3.2535420916e+01    0.0000000000e+00    0.0000000000e+00    0.0000000000e+00    1.3021556345e+02
    8.0729885486e+02    8.5484803717e+02   -3.2010854382e+04    6.2840059008e-02   -2.5693556437e-03   -4.3444928548e-02    3.4800720675e-02   -3.1158473836e-02   -1.7658838048e-04    3.2468014780e+01    0.0000000000e+00    0.0000000000e+00    0.0000000000e+00    3.2535420916e+01    0.0000000000e+00    0.0000000000e+00    0.0000000000e+00    1.3021245110e+02
    8.1339504516e+02    8.6130328764e+02   -3.2000289577e+04    1.1052504938e-01   -1.0739716690e-02    1.1355712439e-02    1.3081284071e-02    5.5686388114e-02    1.9380469937e-04    3.2468014780e+01    0.0000000000e+00    0.0000000000e+00    0.0000000000e+00    3.2535420916e+01    0.0000000000e+00    0.0000000000e+00    0.0000000000e+00    1.3025125898e+02
    8.0425686221e+02    8.5162687386e+02   -3.2006262129e+04    3.1026665294e-02    5.9284273146e-02   -1.0179385210e-01    3.3291560056e-04    4.5871281278e-03    3.1598097252e-02    3.2468014780e+01    0.0000000000e+00    0.0000000000e+00    0.0000000000e+00    3.2535420916e+01    0.0000000000e+00    0.0000000000e+00    0.0000000000e+00    1.3025283317e+02
    7.9678598262e+02    8.4371596613e+02   -3.2001014711e+04    1.5632832418e-01    7.9011008459e-02    7.5596334090e-02   -3.3368001753e-03   -4.1566977040e-02   -3.5537373452e-02    3.2468014780e+01    0.0000000000e+00    0.0000000000e+00    0.0000000000e+00    3.2535420916e+01    0.0000000000e+00    0.0000000000e+00    0.0000000000e+00    1.3008661177e+02
    7.9318371337e+02    8.3990152644e+02   -3.2000723406e+04    1.0253709132e-01    3.0358435195e-02    6.4557991637e-02   -5.5208225266e-02   -7.6870256964e-03   -7.4343257902e-03    3.2468014780e+01    0.0000000000e+00    0.0000000000e+00    0.0000000000e+00    3.2535420916e+01    0.0000000000e+00    0.0000000000e+00    0.0000000000e+00    1.3017179739e+02
    8.0257294129e+02    8.4984377150e+02   -3.2014706499e+04    1.4908899974e-01    1.0324453914e-01    1.2194375357e-01    1.1641733879e-02   -1.5497242980e-02    1.6317914353e-02    3.2468014780e+01    0.0000000000e+00    0.0000000000e+00    0.0000000000e+00    3.2535420916e+01    0.0000000000e+00    0.0000000000e+00    0.0000000000e+00    1.2998357357e+02
    8.0265047859e+02    8.4992587569e+02   -3.2002254301e+04    6.6714343648e-02    4.2621747991e-02    3.4056052625e-02   -6.3260992711e-03   -1.0480273794e-02   -3.6098166751e-02    3.2468014780e+01    0.0000000000e+00    0.0000000000e+00    0.0000000000e+00    3.2535420916e+01    0.0000000000e+00    0.0000000000e+00    0.0000000000e+00    1.3019579301e+02
    7.9525971878e+02    8.4209980671e+02   -3.1995894022e+04    1.0882588214e-01    5.2529652297e-02    9.1415716829e-02    7.3431509484e-03   -1.4534872831e-02    4.6826685219e-02    3.2468014780e+01    0.0000000000e+00    0.0000000000e+00    0.0000000000e+00    3.2535420916e+01    0.0000000000e+00    0.0000000000e+00    0.0000000000e+00    1.3018096782e+02
    8.0518221864e+02    8.5260673297e+02   -3.2013516901e+04    1.2746560494e-01    3.0930996931e-02    3.9875711230e-02   -3.7469522273e-02    2.2071461214e-02   -1.9441845264e-03    3.2468014780e+01    0.0000000000e+00    0.0000000000e+00    0.0000000000e+00    3.2535420916e+01    0.0000000000e+00    0.0000000000e+00    0.0000000000e+00    1.3007594233e+02
    7.9785329064e+02    8.4484613765e+02   -3.2004165670e+04    5.0551604681e-02   -2.3429221101e-02   -4.8826225866e-02   -5.5666952465e-02    2.1014379885e-02    1.9621020695e-02    3.2468014780e+01    0.0000000000e+00    0.0000000000e+00    0.0000000000e+00    3.2535420916e+01    0.0000000000e+00    0.0000000000e+00    0.0000000000e+00    1.3026387946e+02
    8.0198330901e+02    8.4921941041e+02   -3.2009399815e+04    1.0482216089e-01    7.9883462655e-02    7.4992927482e-02    4.4153665901e-02    6.0248689142e-02   -1.2063111850e-02    3.2468014780e+01    0.0000000000e+00    0.0000000000e+00    0.0000000000e+00    3.2535420916e+01    0.0000000000e+00    0.0000000000e+00    0.0000000000e+00    1.3006438132e+02
    8.0169444578e+02    8.4891353340e+02   -3.2004599863e+04    9.9646797283e-02    4.9184542587e-02    4.2127841243e-03    1.5146540258e-02    3.4196167284e-02   -5.0466231294e-02    3.2468014780e+01    0.0000000000e+00    0.0000000000e+00    0.0000000000e+00    3.2535420916e+01    0.0000000000e+00    0.0000000000e+00    0.0000000000e+00    1.3016475232e+02
    7.9011001448e+02    8.3664678943e+02   -3.2010703804e+04    4.3296426669e-02    3.5483757546e-02    1.1642458247e-02    1.4718237811e-02    3.0651719798e-03   -3.3125277486e-02    3.2468014780e+01    0.0000000000e+00    0.0000000000e+00    0.0000000000e+00    3.2535420916e+01    0.0000000000e+00    0.0000000000e+00    0.0000000000e+00    1.3013746574e+02
    8.0921024849e+02    8.5687201018e+02   -3.2001634157e+04    8.7710115411e-02    3.1233532601e-02   -1.6465792171e-02   -2.5452061997e-02    4.7116337971e-03   -3.4749731315e-02    3.2468014780e+01    0.0000000000e+00    0.0000000000e+00    0.0000000000e+00    3.2535420916e+01    0.0000000000e+00    0.0000000000e+00    0.0000000000e+00    1.3023918397e+02
    8.1254603814e+02    8.6040427487e+02   -3.2008673777e+04    7.9544851952e-02    7.3939362401e-03    5.5025100341e-02    4.6214759585e-02    2.6696550300e-02   -1.7468708668e-03    3.2468014780e+01    0.0000000000e+00    0.0000000000e+00    0.0000000000e+00    3.2535420916e+01    0.0000000000e+00    0.0000000000e+00    0.0000000000e+00    1.3016189060e+02
    8.0017569281e+02    8.4730532723e+02   -3.1991962749e+04    1.3504095729e-01    1.3475148781e-01    1.1553344016e-01    4.3807887811e-02    2.1976758751e-02    3.7562345648e-02    3.2468014780e+01    0.0000000000e+00    0.0000000000e+00    0.0000000000e+00    3.2535420916e+01    0.0000000000e+00    0.0000000000e+00    0.0000000000e+00    1.3011198075e+02
    8.0263703918e+02    8.4991164471e+02   -3.2004073582e+04    1.9011116395e-01    1.7089562218e-01    2.2989664864e-01   -5.0913347055e-02    1.6017484518e-03    1.4508419298e-02    3.2468014780e+01    0.0000000000e+00    0.0000000000e+00    0.0000000000e+00    3.2535420916e+01    0.0000000000e+00    0.0000000000e+00    0.0000000000e+00    1.2991733381e+02
    8.0002873722e+02    8.4714971609e+02   -3.1994422586e+04    1.5507234296e-01    1.9100020113e-02   -6.5962976968e-02    1.5491639940e-02   -3.9694168731e-02    2.2847638532e-02    3.2468014780e+01    0.0000000000e+00    0.0000000000e+00    0.0000000000e+00    3.2535420916e+01    0.0000000000e+00    0.0000000000e+00    0.0000000000e+00    1.3028099532e+02
    7.8818296984e+02    8.3460624358e+02   -3.1986869293e+04    5.1604452084e-02    1.4379039724e-02   -1.0162651996e-02    1.5062280426e-02   -2.3428083682e-02   -3.9067093774e-02    3.2468014780e+01    0.0000000000e+00    0.0000000000e+00    0.0000000000e+00    3.2535420916e+01    0.0000000000e+00    0.0000000000e+00    0.0000000000e+00    1.3033558084e+02
    7.8496660173e+02    8.3120043425e+02   -3.2010281509e+04    1.3291597817e-01    8.8207857070e-02    8.5294845907e-02   -1.8904744689e-02   -2.1364780822e-02    4.2766995722e-02    3.2468014780e+01    0.0000000000e+00    0.0000000000e+00    0.0000000000e+00    3.2535420916e+01    0.0000000000e+00    0.0000000000e+00    0.0000000000e+00    1.3001182758e+02
    7.9331876198e+02    8.4004452929e+02   -3.1990422344e+04    8.6647393360e-03   -2.4916248342e-02   -1.5668048394e-01    4.2312071052e-02    2.0059827370e-02    1.0839896867e-02    3.2468014780e+01    0.0000000000e+00    0.0000000000e+00    0.0000000000e+00    3.2535420916e+01    0.0000000000e+00    0.0000000000e+00    0.0000000000e+00    1.3045037855e+02
    7.9435097955e+02    8.4113754356e+02   -3.2014393461e+04    1.1845201466e-01    9.0739279898e-02    9.3211496009e-02   -3.0240332583e-02    2.6256921473e-03   -9.0346070644e-03    3.2468014780e+01    0.0000000000e+00    0.0000000000e+00    0.0000000000e+00    3.2535420916e+01    0.0000000000e+00    0.0000000000e+00    0.0000000000e+00    1.3000531109e+02
    8.0991374395e+02    8.5761694090e+02   -3.2002747200e+04    1.3257209623e-01    4.8671981867e-02   -1.3870449903e-02   -3.7432729257e-02   -1.3586102002e-02   -7.9326660674e-04    3.2468014780e+01    0.0000000000e+00    0.0000000000e+00    0.0000000000e+00    3.2535420916e+01    0.0000000000e+00    0.0000000000e+00    0.0000000000e+00    1.3021727552e+02
    7.9925757679e+02    8.4633313499e+02   -3.1996946465e+04    1.8064007227e-01    1.2127412806e-01    1.8853959923e-01    1.6410185813e-02    1.8931003430e-02   -3.8119805967e-02    3.2468014780e+01    0.0000000000e+00    0.0000000000e+00    0.0000000000e+00    3.2535420916e+01    0.0000000000e+00    0.0000000000e+00    0.0000000000e+00    1.3000916002e+02
    7.9887027880e+02    8.4592302550e+02   -3.2000885195e+04    1.3295401387e-01    7.2643145063e-02    1.2051916993e-01    1.4476262747e-02    4.9232147074e-03   -7.2908405273e-02    3.2468014780e+01    0.0000000000e+00    0.0000000000e+00    0.0000000000e+00    3.2535420916e+01    0.0000000000e+00    0.0000000000e+00    0.0000000000e+00    1.3009245657e+02
    8.0801796132e+02    8.5560949836e+02   -3.1988056089e+04    1.6837128825e-01    7.6588158501e-02    7.4392296769e-02    5.2952775386e-03    3.7403745256e-02   -2.9608656894e-02    3.2468014780e+01    0.0000000000e+00    0.0000000000e+00    0.0000000000e+00    3.2535420916e+01    0.0000000000e+00    0.0000000000e+00    0.0000000000e+00    1.3020232833e+02
    7.9847134738e+02    8.4550059738e+02   -3.2018822475e+04    1.1358750675e-01    6.0504722251e-02    1.2243441589e-01   -1.9261449511e-02   -2.5755215779e-02   -6.9872868867e-02    3.2468014780e+01    0.0000000000e+00    0.0000000000e+00    0.0000000000e+00    3.2535420916e+01    0.0000000000e+00    0.0000000000e+00    0.0000000000e+00    1.2997642182e+02
    8.0574830317e+02    8.5320615937e+02   -3.2009585804e+04    1.0919438749e-01    1.4412293584e-02    7.4332117062e-02   -3.0277529125e-02   -3.3811873432e-02    3.4323149185e-02    3.2468014780e+01    0.0000000000e+00    0.0000000000e+00    0.0000000000e+00    3.2535420916e+01    0.0000000000e+00    0.0000000000e+00    0.0000000000e+00    1.3010579074e+02
    8.0065128835e+02    8.4780893492e+02   -3.1997343304e+04    2.5497921362e-01    1.7934566465e-01    1.9808915173e-01    2.4597986868e-02   -1.1423026909e-02   -1.4306343116e-02    3.2468014780e+01    0.0000000000e+00    0.0000000000e+00    0.0000000000e+00    3.2535420916e+01    0.0000000000e+00    0.0000000000e+00    0.0000000000e+00    1.2992069878e+02
    8.0454233324e+02    8.5192915889e+02   -3.1999995993e+04    1.0024514707e-01    8.2157106802e-02    3.8920225823e-02    1.2363912766e-02    2.3605014115e-02    2.9609457548e-02    3.2468014780e+01    0.0000000000e+00    0.0000000000e+00    0.0000000000e+00    3.2535420916e+01    0.0000000000e+00    0.0000000000e+00    0.0000000000e+00    1.3016467285e+02
    8.0140811521e+02    8.4861033821e+02   -3.2006313932e+04    7.7888278478e-02    4.8073610564e-02   -2.4672169573e-02   -3.6194657974e-02    1.8971871041e-02   -4.5724256153e-03    3.2468014780e+01    0.0000000000e+00    0.0000000000e+00    0.0000000000e+00    3.2535420916e+01    0.0000000000e+00    0.0000000000e+00    0.0000000000e+00    1.3021492374e+02
