# dump_thermo 1000
# format_version 1
# num_atoms 8192
# dt_output 2.0000000000e+03 fs
# columns T KE PE sxx syy szz syz sxz sxy ax ay az bx by bz cx cy cz
    6.5457515009e+02    6.9312904244e+02   -3.2229663048e+04    1.5576284410e-01    7.1423239392e-02    8.7473988707e-02   -1.2031333674e-02   -4.5810130720e-03    1.1518114817e-02    3.2350757274e+01    0.0000000000e+00    0.0000000000e+00    0.0000000000e+00    3.2367411540e+01    0.0000000000e+00    0.0000000000e+00    0.0000000000e+00    1.2942638996e+02
    7.9160360724e+02    8.3822835347e+02   -3.2026485201e+04    4.7089784237e-02   -1.1287018046e-03    1.1694904981e-02   -2.0103023082e-02   -6.4920243688e-03    1.6578036854e-02    3.2472082478e+01    0.0000000000e+00    0.0000000000e+00    0.0000000000e+00    3.2537120433e+01    0.0000000000e+00    0.0000000000e+00    0.0000000000e+00    1.3001046771e+02
    8.8843588191e+02    9.4076396273e+02   -3.1881295652e+04   -5.4796078184e-02   -9.8251758696e-02   -1.3143308147e-01   -1.5219742133e-02   -9.8632143807e-03   -2.6716397859e-02    3.2574869417e+01    0.0000000000e+00    0.0000000000e+00    0.0000000000e+00    3.2652931705e+01    0.0000000000e+00    0.0000000000e+00    0.0000000000e+00    1.3055275293e+02
    9.3986725036e+02    9.9522459289e+02   -3.1806942741e+04    3.4522626794e-02    6.2674553601e-02    6.8821109206e-02    3.8206868464e-02   -3.2325824587e-02   -6.6677023734e-03    3.2632924840e+01    0.0000000000e+00    0.0000000000e+00    0.0000000000e+00    3.2712719525e+01    0.0000000000e+00    0.0000000000e+00    0.0000000000e+00    1.3044681288e+02
    9.3834970830e+02    9.9361766896e+02   -3.1799900349e+04   -1.0982406792e-01   -8.2362762767e-02   -1.1508136481e-01    1.6375367509e-02   -1.1779900835e-02   -2.9498651894e-02    3.2673612744e+01    0.0000000000e+00    0.0000000000e+00    0.0000000000e+00    3.2666425934e+01    0.0000000000e+00    0.0000000000e+00    0.0000000000e+00    1.3082338939e+02
# dump_thermo 1000
# format_version 1
# num_atoms 8192
# dt_output 2.0000000000e+03 fs
# columns T KE PE sxx syy szz syz sxz sxy ax ay az bx by bz cx cy cz
    1.6612159450e+03    8.7953004104e+02   -3.1133808985e+04    2.8007002039e+00    2.7556742643e+00    2.9388745672e+00   -4.8214292498e-02    3.0009386637e-02   -3.2866459186e-02    3.2673612744e+01    0.0000000000e+00    0.0000000000e+00    0.0000000000e+00    3.2666425934e+01    0.0000000000e+00    0.0000000000e+00    0.0000000000e+00    1.3082338939e+02
    1.7085022762e+03    9.0456576803e+02   -3.1082823635e+04    2.9879323613e+00    3.1324135379e+00    3.1546695319e+00   -8.4349910723e-03    3.9386161906e-02   -1.7560444913e-02    3.2673612744e+01    0.0000000000e+00    0.0000000000e+00    0.0000000000e+00    3.2666425934e+01    0.0000000000e+00    0.0000000000e+00    0.0000000000e+00    1.3082338939e+02
    1.7230343215e+03    9.1225975289e+02   -3.1070358286e+04    3.0599154696e+00    3.1572407196e+00    3.1936707255e+00   -3.9843248993e-02    1.3361079549e-01   -7.7073001630e-02    3.2673612744e+01    0.0000000000e+00    0.0000000000e+00    0.0000000000e+00    3.2666425934e+01    0.0000000000e+00    0.0000000000e+00    0.0000000000e+00    1.3082338939e+02
    1.7194239008e+03    9.1034821729e+02   -3.1084962576e+04    2.9959681107e+00    3.0263991543e+00    3.1827658824e+00    6.1155498749e-02    4.2866383922e-02   -9.4389069123e-04    3.2673612744e+01    0.0000000000e+00    0.0000000000e+00    0.0000000000e+00    3.2666425934e+01    0.0000000000e+00    0.0000000000e+00    0.0000000000e+00    1.3082338939e+02
    1.6919119297e+03    8.9578201643e+02   -3.1087885765e+04    2.9209587584e+00    3.0847193920e+00    3.0846297095e+00    3.9377762504e-02   -2.1138524190e-02   -4.8126600804e-02    3.2673612744e+01    0.0000000000e+00    0.0000000000e+00    0.0000000000e+00    3.2666425934e+01    0.0000000000e+00    0.0000000000e+00    0.0000000000e+00    1.3082338939e+02
# dump_thermo 1000
# format_version 1
# num_atoms 8192
# dt_output 2.0000000000e+03 fs
# columns T KE PE sxx syy szz syz sxz sxy ax ay az bx by bz cx cy cz
    9.3886476447e+02    4.9708153074e+02   -3.1495608316e+04    1.0469566398e+00    1.0497917087e+00    1.0900600511e+00    1.5817991389e-02    4.6285401500e-02    4.1121361359e-02    3.2673612744e+01    0.0000000000e+00    0.0000000000e+00    0.0000000000e+00    3.2666425934e+01    0.0000000000e+00    0.0000000000e+00    0.0000000000e+00    1.3082338939e+02
    9.3888762940e+02    4.9709363657e+02   -3.1513924444e+04    9.0537662779e-01    9.1240176720e-01    1.0210406922e+00    6.2268365820e-02   -2.2954933487e-02    6.4532155663e-02    3.2673612744e+01    0.0000000000e+00    0.0000000000e+00    0.0000000000e+00    3.2666425934e+01    0.0000000000e+00    0.0000000000e+00    0.0000000000e+00    1.3082338939e+02
    9.6821415292e+02    5.1262055136e+02   -3.1546481581e+04    7.4716506572e-01    8.6795270166e-01    8.2830214421e-01   -4.2217661653e-02   -2.8254426066e-02    1.0466229784e-01    3.2673612744e+01    0.0000000000e+00    0.0000000000e+00    0.0000000000e+00    3.2666425934e+01    0.0000000000e+00    0.0000000000e+00    0.0000000000e+00    1.3082338939e+02
    9.4544361861e+02    5.0056470213e+02   -3.1558039492e+04    7.0488257989e-01    7.4714374203e-01    8.0389829347e-01   -1.7811605165e-03    3.2796485730e-02    2.9292578935e-02    3.2673612744e+01    0.0000000000e+00    0.0000000000e+00    0.0000000000e+00    3.2666425934e+01    0.0000000000e+00    0.0000000000e+00    0.0000000000e+00    1.3082338939e+02
    9.3238101467e+02    4.9364871230e+02   -3.1585195244e+04    5.4707477977e-01    5.5070406656e-01    7.2343555868e-01   -4.3413523453e-02   -6.0247773562e-02   -1.0241450232e-03    3.2673612744e+01    0.0000000000e+00    0.0000000000e+00    0.0000000000e+00    3.2666425934e+01    0.0000000000e+00    0.0000000000e+00    0.0000000000e+00    1.3082338939e+02
# dump_thermo 1000
# format_version 1
# num_atoms 8192
# dt_output 2.0000000000e+03 fs
# columns T KE PE sxx syy szz syz sxz sxy ax ay az bx by bz cx cy cz
    8.5731748931e+02    9.0781272457e+02   -3.1617500366e+04   -3.6495541588e-01   -3.3596490393e-01    9.3392090017e-03   -3.1138168614e-02    5.2662827697e-02   -4.7748376717e-04    3.2673612744e+01    0.0000000000e+00    0.0000000000e+00    0.0000000000e+00    3.2666425934e+01    0.0000000000e+00    0.0000000000e+00    0.0000000000e+00    1.3320929062e+02
    9.0535823736e+02    9.5868302981e+02   -3.1471291422e+04   -3.4248553925e-01   -3.7004102098e-01   -1.6702581427e-01    1.2745335745e-01   -8.7234350358e-02    3.8367414836e-02    3.2673612744e+01    0.0000000000e+00    0.0000000000e+00    0.0000000000e+00    3.2666425934e+01    0.0000000000e+00    0.0000000000e+00    0.0000000000e+00    1.3489004950e+02
# dump_thermo 1000
# format_version 1
# num_atoms 8192
# dt_output 2.0000000000e+03 fs
# columns T KE PE sxx syy szz syz sxz sxy ax ay az bx by bz cx cy cz
    9.4896092609e+02    1.0048538780e+03   -3.1445827040e+04   -2.3022417618e-01   -2.8229773691e-01    4.1526159413e-02   -3.2813724446e-02    4.6588642606e-02    1.1389776686e-02    3.2673612744e+01    0.0000000000e+00    0.0000000000e+00    0.0000000000e+00    3.2666425934e+01    0.0000000000e+00    0.0000000000e+00    0.0000000000e+00    1.3475310722e+02
    9.3006934119e+02    9.8484959561e+02   -3.1447472858e+04    5.9833202264e-02   -1.5441315547e-01    5.4604903993e-02    1.0855473685e-02    9.1956294848e-03    1.4624420108e-02    3.2673612744e+01    0.0000000000e+00    0.0000000000e+00    0.0000000000e+00    3.2666425934e+01    0.0000000000e+00    0.0000000000e+00    0.0000000000e+00    1.3436355403e+02
    9.4261130604e+02    9.9813027100e+02   -3.1449511215e+04   -1.0760404908e-02    3.3139580542e-02   -1.5263613841e-01    4.0278400832e-02    3.2197234734e-02   -6.4202009193e-02    3.2673612744e+01    0.0000000000e+00    0.0000000000e+00    0.0000000000e+00    3.2666425934e+01    0.0000000000e+00    0.0000000000e+00    0.0000000000e+00    1.3421297254e+02
    9.4299854711e+02    9.9854032023e+02   -3.1427657930e+04   -1.4385106246e-01   -1.3367872917e-01   -6.9316186414e-02    8.2588051071e-03   -5.4499080131e-02    1.7790791145e-02    3.2673612744e+01    0.0000000000e+00    0.0000000000e+00    0.0000000000e+00    3.2666425934e+01    0.0000000000e+00    0.0000000000e+00    0.0000000000e+00    1.3459816381e+02
    9.2634431978e+02    9.8090517377e+02   -3.1418627321e+04   -3.4355471171e-02   -1.9816234952e-01   -7.6099910415e-02    2.8052779318e-03    3.0608419442e-02    2.2477662573e-02    3.2673612744e+01    0.0000000000e+00    0.0000000000e+00    0.0000000000e+00    3.2666425934e+01    0.0000000000e+00    0.0000000000e+00    0.0000000000e+00    1.3480465358e+02
    9.2151722294e+02    9.7579376523e+02   -3.1421470482e+04   -5.7304938924e-02   -6.3466091336e-02   -2.4416096756e-02   -1.9737815689e-02   -4.7816597160e-02   -2.4633906111e-02    3.2673612744e+01    0.0000000000e+00    0.0000000000e+00    0.0000000000e+00    3.2666425934e+01    0.0000000000e+00    0.0000000000e+00    0.0000000000e+00    1.3464486966e+02
    9.2379743309e+02    9.7820827772e+02   -3.1392754782e+04    5.7484627144e-02    6.8822000535e-02    9.3460479084e-02   -6.2423308921e-02   -5.8335539784e-02   -4.0431556490e-02    3.2673612744e+01    0.0000000000e+00    0.0000000000e+00    0.0000000000e+00    3.2666425934e+01    0.0000000000e+00    0.0000000000e+00    0.0000000000e+00    1.3452553403e+02
    9.3169349266e+02    9.8656940816e+02   -3.1369468519e+04   -1.6335936657e-01   -6.5294029325e-02   -1.8803945723e-01   -4.0430584294e-02    1.1997205099e-01   -8.5172983900e-03    3.2673612744e+01    0.0000000000e+00    0.0000000000e+00    0.0000000000e+00    3.2666425934e+01    0.0000000000e+00    0.0000000000e+00    0.0000000000e+00    1.3522894380e+02
    9.3586685199e+02    9.9098857463e+02   -3.1365265574e+04    1.1872545620e-01   -7.4650647971e-02   -3.2183867845e-03    1.0978671967e-01    2.4937528679e-03    4.9627016292e-02    3.2673612744e+01    0.0000000000e+00    0.0000000000e+00    0.0000000000e+00    3.2666425934e+01    0.0000000000e+00    0.0000000000e+00    0.0000000000e+00    1.3500710586e+02
    9.4863618828e+02    1.0045100134e+03   -3.1380365906e+04   -1.0966493289e-01   -1.0728980660e-01   -5.1728482295e-03    2.2384633550e-02   -5.2672412728e-02    7.1827432570e-02    3.2673612744e+01    0.0000000000e+00    0.0000000000e+00    0.0000000000e+00    3.2666425934e+01    0.0000000000e+00    0.0000000000e+00    0.0000000000e+00    1.3500916640e+02
    9.5122041304e+02    1.0072464467e+03   -3.1382613146e+04    1.6067785224e-02   -1.6516538559e-02    2.2855721406e-02   -2.1836800527e-02    2.5493022748e-02   -4.4703259210e-03    3.2673612744e+01    0.0000000000e+00    0.0000000000e+00    0.0000000000e+00    3.2666425934e+01    0.0000000000e+00    0.0000000000e+00    0.0000000000e+00    1.3481818294e+02
    9.4873783612e+02    1.0046176482e+03   -3.1370385954e+04   -3.3784191259e-02    1.3527663836e-02   -1.9815029932e-02   -3.8776599300e-02   -8.1644957131e-02    5.4951870684e-02    3.2673612744e+01    0.0000000000e+00    0.0000000000e+00    0.0000000000e+00    3.2666425934e+01    0.0000000000e+00    0.0000000000e+00    0.0000000000e+00    1.3501918409e+02
    9.2329576244e+02    9.7767705912e+02   -3.1347311972e+04    4.5190593168e-02    1.0261927037e-01   -2.3633253799e-03   -4.6112374324e-03   -1.4429913365e-02    3.6690559242e-02    3.2673612744e+01    0.0000000000e+00    0.0000000000e+00    0.0000000000e+00    3.2666425934e+01    0.0000000000e+00    0.0000000000e+00    0.0000000000e+00    1.3508257059e+02
    9.4030751220e+02    9.9569078576e+02   -3.1349561117e+04   -2.8849981905e-02   -4.1630521696e-02   -4.0134478981e-02   -3.4198132574e-02   -4.0592347646e-02    2.0222067136e-03    3.2673612744e+01    0.0000000000e+00    0.0000000000e+00    0.0000000000e+00    3.2666425934e+01    0.0000000000e+00    0.0000000000e+00    0.0000000000e+00    1.3527765014e+02
    9.3664822935e+02    9.9181597442e+02   -3.1339116045e+04    7.6541820729e-02    1.4473365640e-01    1.6835219274e-01    3.8136514565e-02   -2.2598732170e-02   -2.5998667124e-02    3.2673612744e+01    0.0000000000e+00    0.0000000000e+00    0.0000000000e+00    3.2666425934e+01    0.0000000000e+00    0.0000000000e+00    0.0000000000e+00    1.3496806158e+02
    9.3677367547e+02    9.9194880921e+02   -3.1324038826e+04    1.3839950648e-01    1.1184663440e-01    1.8531075454e-01   -5.4307684163e-02   -1.1683201466e-02   -2.1789861002e-02    3.2673612744e+01    0.0000000000e+00    0.0000000000e+00    0.0000000000e+00    3.2666425934e+01    0.0000000000e+00    0.0000000000e+00    0.0000000000e+00    1.3511711442e+02
    9.4085010613e+02    9.9626533800e+02   -3.1337868462e+04    1.4508863241e-01    1.1608518399e-01    1.0091152287e-01    2.4443913436e-02   -3.1325270105e-02   -1.5403924626e-02    3.2673612744e+01    0.0000000000e+00    0.0000000000e+00    0.0000000000e+00    3.2666425934e+01    0.0000000000e+00    0.0000000000e+00    0.0000000000e+00    1.3500629318e+02
    9.2899894582e+02    9.8371615491e+02   -3.1340498348e+04    1.6477163756e-02   -4.7325236826e-02   -5.7025845202e-02   -1.7959075418e-02   -2.1294913902e-02    2.7387794430e-02    3.2673612744e+01    0.0000000000e+00    0.0000000000e+00    0.0000000000e+00    3.2666425934e+01    0.0000000000e+00    0.0000000000e+00    0.0000000000e+00    1.3528709578e+02
    9.4581284032e+02    1.0015203728e+03   -3.1350854301e+04   -5.9235043654e-02    5.9843152357e-02    5.4194085196e-02   -9.8966678919e-02    6.3023063834e-02   -6.3879928603e-03    3.2673612744e+01    0.0000000000e+00    0.0000000000e+00    0.0000000000e+00    3.2666425934e+01    0.0000000000e+00    0.0000000000e+00    0.0000000000e+00    1.3512645670e+02
    9.3340775699e+02    9.8838464112e+02   -3.1350357958e+04    2.1021967179e-02   -3.6166473488e-02    8.2537280201e-02    5.9775377106e-02    5.4406771130e-02   -4.4830428704e-02    3.2673612744e+01    0.0000000000e+00    0.0000000000e+00    0.0000000000e+00    3.2666425934e+01    0.0000000000e+00    0.0000000000e+00    0.0000000000e+00    1.3509601969e+02
    9.3804614369e+02    9.9329622467e+02   -3.1331542604e+04   -9.0332118505e-02   -1.0015679752e-01    3.0384673362e-03   -4.5981203120e-02   -5.7172743912e-02   -8.5753009291e-03    3.2673612744e+01    0.0000000000e+00    0.0000000000e+00    0.0000000000e+00    3.2666425934e+01    0.0000000000e+00    0.0000000000e+00    0.0000000000e+00    1.3546155907e+02
    9.4100170149e+02    9.9642586218e+02   -3.1327143047e+04   -9.3850250363e-02   -1.1012504168e-01   -7.9480282626e-02    1.3852779775e-02    6.6051686394e-02    2.8650471202e-02    3.2673612744e+01    0.0000000000e+00    0.0000000000e+00    0.0000000000e+00    3.2666425934e+01    0.0000000000e+00    0.0000000000e+00    0.0000000000e+00    1.3555285789e+02
    9.2420049688e+02    9.7863508161e+02   -3.1351714745e+04   -1.7866162408e-02    2.4996980875e-02    1.0593119583e-01   -5.7650806329e-03    3.5275183804e-02    5.6337524488e-02    3.2673612744e+01    0.0000000000e+00    0.0000000000e+00    0.0000000000e+00    3.2666425934e+01    0.0000000000e+00    0.0000000000e+00    0.0000000000e+00    1.3508756196e+02
    9.3580452054e+02    9.9092257191e+02   -3.1335619711e+04   -7.4257111695e-02    8.3717103286e-02    2.7343864269e-02   -4.8170068943e-02   -4.1173428293e-02    1.3607379231e-02    3.2673612744e+01    0.0000000000e+00    0.0000000000e+00    0.0000000000e+00    3.2666425934e+01    0.0000000000e+00    0.0000000000e+00    0.0000000000e+00    1.3526770166e+02
    9.4284464759e+02    9.9837735616e+02   -3.1331065973e+04    9.9024923226e-03   -4.7222869037e-02   -2.2293297619e-02    3.3941919540e-03   -4.9774605241e-02   -3.9364238768e-02    3.2673612744e+01    0.0000000000e+00    0.0000000000e+00    0.0000000000e+00    3.2666425934e+01    0.0000000000e+00    0.0000000000e+00    0.0000000000e+00    1.3542207241e+02
    9.4574833955e+02    1.0014520730e+03   -3.1325896423e+04    1.1506421467e-02   -6.9155858916e-02   -1.1691667574e-02   -2.5292110450e-02    4.5112480552e-02    1.0256008345e-02    3.2673612744e+01    0.0000000000e+00    0.0000000000e+00    0.0000000000e+00    3.2666425934e+01    0.0000000000e+00    0.0000000000e+00    0.0000000000e+00    1.3539961255e+02
    9.2068375033e+02    9.7491120182e+02   -3.1324282166e+04    1.2240497592e-02    2.7699088877e-02   -2.0291497601e-02    1.3302177898e-02    3.9999721586e-03   -4.0515825498e-02    3.2673612744e+01    0.0000000000e+00    0.0000000000e+00    0.0000000000e+00    3.2666425934e+01    0.0000000000e+00    0.0000000000e+00    0.0000000000e+00    1.3529809044e+02
    9.3680313081e+02    9.9197999944e+02   -3.1349105404e+04    4.4705215779e-02   -1.4899926677e-01   -1.9311158217e-02   -5.4877615081e-02   -6.7403596628e-03    7.4382590464e-02    3.2673612744e+01    0.0000000000e+00    0.0000000000e+00    0.0000000000e+00    3.2666425934e+01    0.0000000000e+00    0.0000000000e+00    0.0000000000e+00    1.3527487421e+02
    9.3702495002e+02    9.9221488360e+02   -3.1347718529e+04   -6.6180618813e-02   -9.6544848798e-02    1.6070916119e-02    5.0763486774e-02    6.6250560339e-02    5.3356340787e-02    3.2673612744e+01    0.0000000000e+00    0.0000000000e+00    0.0000000000e+00    3.2666425934e+01    0.0000000000e+00    0.0000000000e+00    0.0000000000e+00    1.3527926484e+02
    9.3123790348e+02    9.8608698518e+02   -3.1328420769e+04   -1.1014208843e-01   -5.7933917541e-02   -1.5692985661e-01    3.1886288906e-02    1.7026662927e-02   -1.6020454300e-02    3.2673612744e+01    0.0000000000e+00    0.0000000000e+00    0.0000000000e+00    3.2666425934e+01    0.0000000000e+00    0.0000000000e+00    0.0000000000e+00    1.3556632764e+02
    9.3596676382e+02    9.9109437118e+02   -3.1352522257e+04   -6.6409205356e-03    6.5400122442e-03    9.7655953349e-02   -1.2571035187e-02    7.3969167310e-02   -5.6525126409e-02    3.2673612744e+01    0.0000000000e+00    0.0000000000e+00    0.0000000000e+00    3.2666425934e+01    0.0000000000e+00    0.0000000000e+00    0.0000000000e+00    1.3501331373e+02
    9.4773218778e+02    1.0035527681e+03   -3.1341932819e+04   -1.2819128760e-01   -2.7521144109e-02   -5.5228611288e-02   -2.4556780945e-02   -2.8427301308e-02   -1.5949598318e-02    3.2673612744e+01    0.0000000000e+00    0.0000000000e+00    0.0000000000e+00    3.2666425934e+01    0.0000000000e+00    0.0000000000e+00    0.0000000000e+00    1.3536126827e+02
    9.2235198134e+02    9.7667769016e+02   -3.1334059656e+04   -1.4152733200e-01   -6.3347346917e-02   -1.5655037133e-01   -3.0728436184e-02   -1.6732354413e-02    5.8382616387e-02    3.2673612744e+01    0.0000000000e+00    0.0000000000e+00    0.0000000000e+00    3.2666425934e+01    0.0000000000e+00    0.0000000000e+00    0.0000000000e+00    1.3551763541e+02
    9.2443148879e+02    9.7887967874e+02   -3.1342459929e+04   -1.1711364554e-01   -3.0069082035e-02    3.4068657928e-02    1.5745641840e-02    3.0835715438e-02    3.2346185390e-02    3.2673612744e+01    0.0000000000e+00    0.0000000000e+00    0.0000000000e+00    3.2666425934e+01    0.0000000000e+00    0.0000000000e+00    0.0000000000e+00    1.3527603324e+02
    9.1673381856e+02    9.7072862260e+02   -3.1325295420e+04   -6.6247417987e-02   -1.1344839495e-01   -4.3204270869e-02   -1.2341011978e-01    3.8910493922e-02   -3.9730280599e-02    3.2673612744e+01    0.0000000000e+00    0.0000000000e+00    0.0000000000e+00    3.2666425934e+01    0.0000000000e+00    0.0000000000e+00    0.0000000000e+00    1.3552960318e+02
    9.3970018850e+02    9.9504769124e+02   -3.1344619520e+04    6.0517791364e-02    8.9670910387e-02    9.6817667623e-02    1.7070654963e-03    2.7450339989e-02    6.6582268177e-04    3.2673612744e+01    0.0000000000e+00    0.0000000000e+00    0.0000000000e+00    3.2666425934e+01    0.0000000000e+00    0.0000000000e+00    0.0000000000e+00    1.3504420925e+02
    9.5285563317e+02    1.0089779799e+03   -3.1333184748e+04   -6.6729737821e-02   -4.4231596798e-02   -6.3983238239e-02   -4.1204379216e-02    3.5810536480e-02   -1.8363485106e-02    3.2673612744e+01    0.0000000000e+00    0.0000000000e+00    0.0000000000e+00    3.2666425934e+01    0.0000000000e+00    0.0000000000e+00    0.0000000000e+00    1.3547801655e+02
    9.3618689766e+02    9.9132747070e+02   -3.1315824280e+04   -8.2722458912e-02   -1.2746918564e-01   -1.1013019613e-01   -2.5889966955e-02   -1.5447247016e-02   -5.0382039040e-03    3.2673612744e+01    0.0000000000e+00    0.0000000000e+00    0.0000000000e+00    3.2666425934e+01    0.0000000000e+00    0.0000000000e+00    0.0000000000e+00    1.3567655466e+02
    9.3569595613e+02    9.9080761315e+02   -3.1314813196e+04    2.7643608493e-02    9.8801405950e-02    1.2606314802e-02    5.8213282147e-02    5.2429027962e-02   -8.7194993195e-02    3.2673612744e+01    0.0000000000e+00    0.0000000000e+00    0.0000000000e+00    3.2666425934e+01    0.0000000000e+00    0.0000000000e+00    0.0000000000e+00    1.3543194410e+02
    9.3758062737e+02    9.9280328985e+02   -3.1311089319e+04   -6.9880222806e-02   -1.1889117215e-01   -8.1210258368e-02    3.4201658254e-02   -2.5358454302e-02   -2.8122109424e-02    3.2673612744e+01    0.0000000000e+00    0.0000000000e+00    0.0000000000e+00    3.2666425934e+01    0.0000000000e+00    0.0000000000e+00    0.0000000000e+00    1.3569168535e+02
    9.3545311347e+02    9.9055046728e+02   -3.1295800171e+04    5.2419089868e-02    1.6787528104e-02    3.4628457492e-02   -1.2684369864e-02    2.9932087309e-02   -2.8537926808e-02    3.2673612744e+01    0.0000000000e+00    0.0000000000e+00    0.0000000000e+00    3.2666425934e+01    0.0000000000e+00    0.0000000000e+00    0.0000000000e+00    1.3562403426e+02
    9.3843438442e+02    9.9370733243e+02   -3.1308137064e+04   -3.2618748134e-02   -7.3186746201e-02   -2.2781831295e-02   -9.8465503202e-02   -2.4302253815e-02   -3.6666079258e-02    3.2673612744e+01    0.0000000000e+00    0.0000000000e+00    0.0000000000e+00    3.2666425934e+01    0.0000000000e+00    0.0000000000e+00    0.0000000000e+00    1.3564749303e+02
    9.3101636749e+02    9.8585240092e+02   -3.1300453773e+04    1.1753287454e-01    1.3626789205e-01    1.0809810906e-01    4.1776242257e-02    1.2343829815e-01    3.2048846142e-02    3.2673612744e+01    0.0000000000e+00    0.0000000000e+00    0.0000000000e+00    3.2666425934e+01    0.0000000000e+00    0.0000000000e+00    0.0000000000e+00    1.3534066270e+02
    9.3775431909e+02    9.9298721185e+02   -3.1308582859e+04   -6.6072813985e-02   -2.5137775009e-02   -6.4295693365e-03   -2.0938951264e-02   -3.1741264541e-02    1.6781084346e-02    3.2673612744e+01    0.0000000000e+00    0.0000000000e+00    0.0000000000e+00    3.2666425934e+01    0.0000000000e+00    0.0000000000e+00    0.0000000000e+00    1.3564649723e+02
    9.3380335334e+02    9.8880353775e+02   -3.1298721771e+04   -2.5640636450e-02    8.3701911861e-03   -1.1759921398e-01    4.3522402832e-02   -1.8547846119e-03   -4.3954872347e-02    3.2673612744e+01    0.0000000000e+00    0.0000000000e+00    0.0000000000e+00    3.2666425934e+01    0.0000000000e+00    0.0000000000e+00    0.0000000000e+00    1.3579014419e+02
    9.3532467385e+02    9.9041446268e+02   -3.1295866371e+04   -1.2232403908e-01   -1.6978892007e-01   -2.2400116074e-01    3.5523809731e-02    5.0106715109e-02   -4.4518597227e-02    3.2673612744e+01    0.0000000000e+00    0.0000000000e+00    0.0000000000e+00    3.2666425934e+01    0.0000000000e+00    0.0000000000e+00    0.0000000000e+00    1.3598793757e+02
    9.2862106071e+02    9.8331601271e+02   -3.1301084984e+04   -1.7003802846e-02    7.1640405925e-02    1.5126873254e-02    2.8644540155e-02    2.5349777946e-02    3.0238160535e-02    3.2673612744e+01    0.0000000000e+00    0.0000000000e+00    0.0000000000e+00    3.2666425934e+01    0.0000000000e+00    0.0000000000e+00    0.0000000000e+00    1.3561230341e+02
    9.3297120735e+02    9.8792237910e+02   -3.1292054434e+04    9.5733479315e-03    1.6390039539e-02   -2.4714129763e-02    1.1665310422e-01    2.4228203254e-02   -5.5415392498e-02    3.2673612744e+01    0.0000000000e+00    0.0000000000e+00    0.0000000000e+00    3.2666425934e+01    0.0000000000e+00    0.0000000000e+00    0.0000000000e+00    1.3572205608e+02
    9.3685939252e+02    9.9203957491e+02   -3.1289263117e+04   -6.2203504103e-02   -5.5578658665e-03   -5.1212239371e-02   -1.2752520673e-02   -4.5623034601e-02    2.6787940289e-03    3.2673612744e+01    0.0000000000e+00    0.0000000000e+00    0.0000000000e+00    3.2666425934e+01    0.0000000000e+00    0.0000000000e+00    0.0000000000e+00    1.3582732783e+02
    9.4352361907e+02    9.9909631846e+02   -3.1286064072e+04    2.1573969884e-01    2.3681070427e-01    2.7286419027e-01   -7.1428014684e-02    5.0570163198e-02   -1.1054063834e-03    3.2673612744e+01    0.0000000000e+00    0.0000000000e+00    0.0000000000e+00    3.2666425934e+01    0.0000000000e+00    0.0000000000e+00    0.0000000000e+00    1.3535618052e+02
