# dump_thermo 1000
# format_version 1
# num_atoms 8192
# dt_output 2.0000000000e+03 fs
# columns T KE PE sxx syy szz syz sxz sxy ax ay az bx by bz cx cy cz
    6.8883104892e+02    7.2940258316e+02   -3.2197722734e+04    1.2499726491e-01    1.3745628810e-01    1.8625098820e-01    2.5085538727e-02    3.5232435972e-02   -7.1963486829e-03    3.2363773932e+01    0.0000000000e+00    0.0000000000e+00    0.0000000000e+00    3.2386796041e+01    0.0000000000e+00    0.0000000000e+00    0.0000000000e+00    1.2947194964e+02
    8.2998396978e+02    8.7886928512e+02   -3.1980735451e+04   -1.3141609974e-01   -1.5111873391e-01   -1.5542217175e-01    2.6171844938e-02   -5.0509259269e-03    7.1325658885e-04    3.2521923766e+01    0.0000000000e+00    0.0000000000e+00    0.0000000000e+00    3.2591299386e+01    0.0000000000e+00    0.0000000000e+00    0.0000000000e+00    1.3027791348e+02
    9.2950016660e+02    9.8424689715e+02   -3.1820783392e+04    7.6505679692e-02    1.3823906014e-01    9.3230794950e-02    8.5459310247e-02    1.4458224855e-02    1.9280348278e-02    3.2615798610e+01    0.0000000000e+00    0.0000000000e+00    0.0000000000e+00    3.2631052930e+01    0.0000000000e+00    0.0000000000e+00    0.0000000000e+00    1.3064435188e+02
    9.6717737725e+02    1.0241432619e+03   -3.1721778322e+04   -6.2350932305e-02   -3.5162446972e-02   -1.0984187847e-01    6.3854358081e-02   -4.0299639899e-03    1.1452860046e-02    3.2728087741e+01    0.0000000000e+00    0.0000000000e+00    0.0000000000e+00    3.2715419043e+01    0.0000000000e+00    0.0000000000e+00    0.0000000000e+00    1.3100116349e+02
    9.7406400603e+02    1.0314355070e+03   -3.1726804388e+04    1.7253469491e-01    4.0370066789e-01    1.7174834488e-01    3.0246821357e-03    1.9779839854e-02   -1.5255414878e-02    3.2755554291e+01    0.0000000000e+00    0.0000000000e+00    0.0000000000e+00    3.2532422874e+01    0.0000000000e+00    0.0000000000e+00    0.0000000000e+00    1.3098340700e+02
# dump_thermo 1000
# format_version 1
# num_atoms 8192
# dt_output 2.0000000000e+03 fs
# columns T KE PE sxx syy szz syz sxz sxy ax ay az bx by bz cx cy cz
    1.6586708457e+03    8.7818253935e+02   -3.1092714840e+04    2.8520349190e+00    3.1108892683e+00    3.0090673249e+00    3.1896007525e-02    1.0082856001e-01    3.0569807597e-02    3.2755554291e+01    0.0000000000e+00    0.0000000000e+00    0.0000000000e+00    3.2532422874e+01    0.0000000000e+00    0.0000000000e+00    0.0000000000e+00    1.3098340700e+02
    1.7282661391e+03    9.1502973638e+02   -3.1042133289e+04    3.2446477755e+00    3.2799897916e+00    3.2062936623e+00    4.1757520154e-02    4.6901997629e-02    5.3944748822e-02    3.2755554291e+01    0.0000000000e+00    0.0000000000e+00    0.0000000000e+00    3.2532422874e+01    0.0000000000e+00    0.0000000000e+00    0.0000000000e+00    1.3098340700e+02
    1.7387031662e+03    9.2055561573e+02   -3.1031010628e+04    3.2724801745e+00    3.3629240812e+00    3.3473477802e+00    1.3852701937e-01    8.1493089425e-02   -1.0918357986e-02    3.2755554291e+01    0.0000000000e+00    0.0000000000e+00    0.0000000000e+00    3.2532422874e+01    0.0000000000e+00    0.0000000000e+00    0.0000000000e+00    1.3098340700e+02
    1.7111577208e+03    9.0597169197e+02   -3.1029629900e+04    3.2778177895e+00    3.4590270851e+00    3.1926223536e+00    7.8859927514e-02   -2.8568850882e-02   -3.6265964133e-02    3.2755554291e+01    0.0000000000e+00    0.0000000000e+00    0.0000000000e+00    3.2532422874e+01    0.0000000000e+00    0.0000000000e+00    0.0000000000e+00    1.3098340700e+02
    1.7195581238e+03    9.1041928159e+02   -3.1050692652e+04    3.2139407253e+00    3.2862651819e+00    3.2224798441e+00    3.7882573722e-02    2.1711252028e-02    9.3203696887e-02    3.2755554291e+01    0.0000000000e+00    0.0000000000e+00    0.0000000000e+00    3.2532422874e+01    0.0000000000e+00    0.0000000000e+00    0.0000000000e+00    1.3098340700e+02
# dump_thermo 1000
# format_version 1
# num_atoms 8192
# dt_output 2.0000000000e+03 fs
# columns T KE PE sxx syy szz syz sxz sxy ax ay az bx by bz cx cy cz
    9.7126672311e+02    5.1423673329e+02   -3.1423633493e+04    1.3652008448e+00    1.5138791609e+00    1.3614292962e+00    6.6563650852e-02    1.0049072387e-01    7.9035665727e-03    3.2755554291e+01    0.0000000000e+00    0.0000000000e+00    0.0000000000e+00    3.2532422874e+01    0.0000000000e+00    0.0000000000e+00    0.0000000000e+00    1.3098340700e+02
    9.7107740859e+02    5.1413650080e+02   -3.1452179283e+04    1.1375644415e+00    1.3151842731e+00    1.2619196406e+00    4.4003802004e-02    5.3791697167e-02    8.3318022164e-02    3.2755554291e+01    0.0000000000e+00    0.0000000000e+00    0.0000000000e+00    3.2532422874e+01    0.0000000000e+00    0.0000000000e+00    0.0000000000e+00    1.3098340700e+02
    9.7365800154e+02    5.1550279459e+02   -3.1459271677e+04    1.1461412606e+00    1.3098400152e+00    1.2070350693e+00    9.6733677813e-02   -2.4671566781e-02    3.3809393447e-02    3.2755554291e+01    0.0000000000e+00    0.0000000000e+00    0.0000000000e+00    3.2532422874e+01    0.0000000000e+00    0.0000000000e+00    0.0000000000e+00    1.3098340700e+02
    9.7916132784e+02    5.1841652824e+02   -3.1486587244e+04    1.0576609350e+00    1.1881798971e+00    1.0222822121e+00    5.4063735891e-02    3.3465797073e-02    4.6134751922e-02    3.2755554291e+01    0.0000000000e+00    0.0000000000e+00    0.0000000000e+00    3.2532422874e+01    0.0000000000e+00    0.0000000000e+00    0.0000000000e+00    1.3098340700e+02
    9.8505203983e+02    5.2153536308e+02   -3.1490488785e+04    9.8529835656e-01    1.1874967381e+00    1.0519730351e+00    8.3202440499e-02   -3.7603092180e-02    5.4881501971e-02    3.2755554291e+01    0.0000000000e+00    0.0000000000e+00    0.0000000000e+00    3.2532422874e+01    0.0000000000e+00    0.0000000000e+00    0.0000000000e+00    1.3098340700e+02
# dump_thermo 1000
# format_version 1
# num_atoms 8192
# dt_output 2.0000000000e+03 fs
# columns T KE PE sxx syy szz syz sxz sxy ax ay az bx by bz cx cy cz
    9.0077031782e+02    9.5382488591e+02   -3.1519608471e+04   -4.7356306898e-01   -2.9714512666e-01   -1.1567004025e-01   -3.4291565823e-02   -6.2540495271e-02    5.6530575703e-02    3.2755554291e+01    0.0000000000e+00    0.0000000000e+00    0.0000000000e+00    3.2532422874e+01    0.0000000000e+00    0.0000000000e+00    0.0000000000e+00    1.3451018287e+02
    9.4273752981e+02    9.9826392924e+02   -3.1362646523e+04   -3.3795296868e-01   -1.9008098358e-01   -6.1498769268e-02    1.1410177062e-02   -3.6089317636e-02    2.1011615651e-02    3.2755554291e+01    0.0000000000e+00    0.0000000000e+00    0.0000000000e+00    3.2532422874e+01    0.0000000000e+00    0.0000000000e+00    0.0000000000e+00    1.3607923116e+02
# dump_thermo 1000
# format_version 1
# num_atoms 8192
# dt_output 2.0000000000e+03 fs
# columns T KE PE sxx syy szz syz sxz sxy ax ay az bx by bz cx cy cz
    9.8518306306e+02    1.0432094665e+03   -3.1308252840e+04   -3.4228914490e-01   -3.3279224737e-01   -1.8459270897e-01   -6.8343899468e-02    4.8654156464e-03    5.4751448442e-02    3.2755554291e+01    0.0000000000e+00    0.0000000000e+00    0.0000000000e+00    3.2532422874e+01    0.0000000000e+00    0.0000000000e+00    0.0000000000e+00    1.3666982341e+02
    9.7435113755e+02    1.0317395503e+03   -3.1331544100e+04   -7.5788132944e-02   -3.2976848576e-02    4.8324831996e-02   -5.4878116732e-02    1.5312329096e-02    2.5714590465e-02    3.2755554291e+01    0.0000000000e+00    0.0000000000e+00    0.0000000000e+00    3.2532422874e+01    0.0000000000e+00    0.0000000000e+00    0.0000000000e+00    1.3575431674e+02
    9.8667516663e+02    1.0447894537e+03   -3.1324040297e+04    1.1972038979e-01    1.5492514695e-01    1.1031860873e-01    6.7170868071e-02    6.5882958046e-03   -1.0538335116e-02    3.2755554291e+01    0.0000000000e+00    0.0000000000e+00    0.0000000000e+00    3.2532422874e+01    0.0000000000e+00    0.0000000000e+00    0.0000000000e+00    1.3533503645e+02
    9.7697288547e+02    1.0345157168e+03   -3.1290871691e+04   -9.4584192216e-02    3.4118760489e-02    1.1187722293e-02   -3.2479233695e-03    8.0730373567e-02    3.6655790893e-02    3.2755554291e+01    0.0000000000e+00    0.0000000000e+00    0.0000000000e+00    3.2532422874e+01    0.0000000000e+00    0.0000000000e+00    0.0000000000e+00    1.3602243476e+02
    9.7027617825e+02    1.0274245795e+03   -3.1277088039e+04   -1.5622094185e-01    3.9783467573e-02   -3.6060677546e-02   -2.4061018569e-02   -1.9712845873e-02    2.8982050999e-03    3.2755554291e+01    0.0000000000e+00    0.0000000000e+00    0.0000000000e+00    3.2532422874e+01    0.0000000000e+00    0.0000000000e+00    0.0000000000e+00    1.3624871134e+02
    9.9300629630e+02    1.0514934812e+03   -3.1278886757e+04   -3.5281886050e-02   -6.1699142863e-02   -7.1562955770e-02    4.6584033039e-02   -1.6770473598e-02    2.1318313474e-02    3.2755554291e+01    0.0000000000e+00    0.0000000000e+00    0.0000000000e+00    3.2532422874e+01    0.0000000000e+00    0.0000000000e+00    0.0000000000e+00    1.3625999279e+02
    9.7493457723e+02    1.0323573540e+03   -3.1289267403e+04    2.6750109374e-01    2.5962459927e-01    2.0951810054e-01   -4.8565734016e-02    5.0779324271e-02    1.9551191396e-02    3.2755554291e+01    0.0000000000e+00    0.0000000000e+00    0.0000000000e+00    3.2532422874e+01    0.0000000000e+00    0.0000000000e+00    0.0000000000e+00    1.3546587035e+02
    9.8534941883e+02    1.0433856205e+03   -3.1251121450e+04    1.9795499454e-02   -2.4244123831e-02   -7.0375439727e-02   -6.3482666708e-02    5.0470122216e-02   -5.8507366305e-02    3.2755554291e+01    0.0000000000e+00    0.0000000000e+00    0.0000000000e+00    3.2532422874e+01    0.0000000000e+00    0.0000000000e+00    0.0000000000e+00    1.3650563384e+02
    9.7919478383e+02    1.0368684830e+03   -3.1235275801e+04    1.9414506658e-01    3.8488864382e-02    6.1354574452e-02    9.7559297965e-02   -3.9670143072e-02   -4.4435385723e-02    3.2755554291e+01    0.0000000000e+00    0.0000000000e+00    0.0000000000e+00    3.2532422874e+01    0.0000000000e+00    0.0000000000e+00    0.0000000000e+00    1.3636910848e+02
    9.9919961476e+02    1.0580515806e+03   -3.1230878550e+04   -4.4948553847e-02    1.0602916618e-01   -1.4005801532e-02   -2.1684330663e-02   -2.2655944314e-02   -3.5054475565e-02    3.2755554291e+01    0.0000000000e+00    0.0000000000e+00    0.0000000000e+00    3.2532422874e+01    0.0000000000e+00    0.0000000000e+00    0.0000000000e+00    1.3657599581e+02
    9.9460320772e+02    1.0531844493e+03   -3.1210640251e+04    7.7077881656e-02    1.7173850624e-01    2.0637531284e-01   -7.3143093277e-02    2.0586535478e-02   -3.7662958786e-02    3.2755554291e+01    0.0000000000e+00    0.0000000000e+00    0.0000000000e+00    3.2532422874e+01    0.0000000000e+00    0.0000000000e+00    0.0000000000e+00    1.3647993535e+02
    9.8163204551e+02    1.0394492972e+03   -3.1216363033e+04    9.4686900634e-02    1.0121556590e-01    7.7605278951e-02    5.4999778558e-02   -1.1904765708e-02    3.7043107893e-02    3.2755554291e+01    0.0000000000e+00    0.0000000000e+00    0.0000000000e+00    3.2532422874e+01    0.0000000000e+00    0.0000000000e+00    0.0000000000e+00    1.3656637359e+02
    9.6672373938e+02    1.0236629052e+03   -3.1162444918e+04    1.2810820694e-01    2.2370420548e-01    4.1958743818e-02   -8.8848875266e-02    2.4466679234e-02    4.5896665757e-02    3.2755554291e+01    0.0000000000e+00    0.0000000000e+00    0.0000000000e+00    3.2532422874e+01    0.0000000000e+00    0.0000000000e+00    0.0000000000e+00    1.3695796393e+02
    9.7334107286e+02    1.0306699937e+03   -3.1156957729e+04    1.7785513281e-01    4.0861217635e-02    7.1866101818e-02    6.9432795938e-02   -1.3826633967e-02   -1.7963727852e-02    3.2755554291e+01    0.0000000000e+00    0.0000000000e+00    0.0000000000e+00    3.2532422874e+01    0.0000000000e+00    0.0000000000e+00    0.0000000000e+00    1.3711234902e+02
    9.8487321924e+02    1.0428813732e+03   -3.1152655605e+04    8.6297638425e-02    1.7481941929e-01    1.7316260527e-02   -1.4883692190e-02    1.2434897743e-01    2.1041825445e-02    3.2755554291e+01    0.0000000000e+00    0.0000000000e+00    0.0000000000e+00    3.2532422874e+01    0.0000000000e+00    0.0000000000e+00    0.0000000000e+00    1.3714508903e+02
    9.8414878170e+02    1.0421142669e+03   -3.1133723251e+04   -9.7071552021e-02   -4.5829829138e-02   -1.3757828926e-01   -7.7129582561e-03    1.0281742908e-02    1.1047713659e-02    3.2755554291e+01    0.0000000000e+00    0.0000000000e+00    0.0000000000e+00    3.2532422874e+01    0.0000000000e+00    0.0000000000e+00    0.0000000000e+00    1.3770477413e+02
    9.7936475696e+02    1.0370484674e+03   -3.1123028271e+04   -5.4391027843e-02   -3.7781507830e-02   -6.8659680040e-02    6.8619294669e-02   -3.1263627050e-02    5.2257076853e-02    3.2755554291e+01    0.0000000000e+00    0.0000000000e+00    0.0000000000e+00    3.2532422874e+01    0.0000000000e+00    0.0000000000e+00    0.0000000000e+00    1.3778237277e+02
    9.6991807481e+02    1.0270453841e+03   -3.1142613710e+04    1.3017112313e-01    1.3191668527e-01    4.1372765756e-02    7.4130154980e-02   -6.7590217818e-02    3.9513130003e-02    3.2755554291e+01    0.0000000000e+00    0.0000000000e+00    0.0000000000e+00    3.2532422874e+01    0.0000000000e+00    0.0000000000e+00    0.0000000000e+00    1.3723973159e+02
    9.7565089826e+02    1.0331158657e+03   -3.1129720411e+04   -3.2772816990e-02    6.6179795372e-02   -4.2495594542e-02   -9.3812523994e-03    1.8959287180e-02   -1.8746425218e-02    3.2755554291e+01    0.0000000000e+00    0.0000000000e+00    0.0000000000e+00    3.2532422874e+01    0.0000000000e+00    0.0000000000e+00    0.0000000000e+00    1.3761271893e+02
    9.8380671948e+02    1.0417520575e+03   -3.1112105118e+04    2.5752163903e-02    4.8621825708e-02    1.2618248354e-01   -2.6149950564e-02    4.6124779514e-02    1.4962170825e-02    3.2755554291e+01    0.0000000000e+00    0.0000000000e+00    0.0000000000e+00    3.2532422874e+01    0.0000000000e+00    0.0000000000e+00    0.0000000000e+00    1.3764216274e+02
    9.9002964453e+02    1.0483415073e+03   -3.1102270037e+04    1.1312562989e-01    1.2092425174e-01    1.8824540841e-01   -6.0368849630e-03    5.2934316208e-03   -3.8644021757e-02    3.2755554291e+01    0.0000000000e+00    0.0000000000e+00    0.0000000000e+00    3.2532422874e+01    0.0000000000e+00    0.0000000000e+00    0.0000000000e+00    1.3753795136e+02
    9.9576393050e+02    1.0544135376e+03   -3.1085638048e+04    3.4070920918e-02   -1.6886030423e-03    5.3330769297e-02    9.0364759402e-03   -3.4569312914e-02    1.9920070354e-02    3.2755554291e+01    0.0000000000e+00    0.0000000000e+00    0.0000000000e+00    3.2532422874e+01    0.0000000000e+00    0.0000000000e+00    0.0000000000e+00    1.3805704458e+02
    9.9114860390e+02    1.0495263724e+03   -3.1073369949e+04   -1.7984311563e-01   -3.7106615724e-02   -9.7577989172e-02   -3.5891777305e-02   -6.6708417819e-02   -9.2557138968e-02    3.2755554291e+01    0.0000000000e+00    0.0000000000e+00    0.0000000000e+00    3.2532422874e+01    0.0000000000e+00    0.0000000000e+00    0.0000000000e+00    1.3840763344e+02
    9.8670605495e+02    1.0448221613e+03   -3.1045922945e+04    7.2785699129e-02    2.0509474676e-01    5.7117329763e-02   -7.9792087823e-03    5.4314990150e-02    3.9114069225e-02    3.2755554291e+01    0.0000000000e+00    0.0000000000e+00    0.0000000000e+00    3.2532422874e+01    0.0000000000e+00    0.0000000000e+00    0.0000000000e+00    1.3822079635e+02
    9.9653151781e+02    1.0552263351e+03   -3.1068736675e+04   -1.6917526930e-01    1.0463451647e-01    6.1966825153e-02    4.9625469078e-03   -2.4405900880e-02    3.5329473569e-02    3.2755554291e+01    0.0000000000e+00    0.0000000000e+00    0.0000000000e+00    3.2532422874e+01    0.0000000000e+00    0.0000000000e+00    0.0000000000e+00    1.3831242701e+02
    9.7764864706e+02    1.0352312802e+03   -3.1044663334e+04   -3.9531165418e-02    2.0093285911e-02   -6.9042641236e-02    6.5738456433e-02    1.2429007088e-01    4.8474893684e-02    3.2755554291e+01    0.0000000000e+00    0.0000000000e+00    0.0000000000e+00    3.2532422874e+01    0.0000000000e+00    0.0000000000e+00    0.0000000000e+00    1.3850066788e+02
    9.6849808344e+02    1.0255417565e+03   -3.1038994925e+04    6.1917716997e-02    2.5658742217e-02   -6.5430471220e-04   -3.2291449426e-02    3.8168484033e-02   -1.0638186303e-02    3.2755554291e+01    0.0000000000e+00    0.0000000000e+00    0.0000000000e+00    3.2532422874e+01    0.0000000000e+00    0.0000000000e+00    0.0000000000e+00    1.3848000637e+02
    9.7580174668e+02    1.0332755990e+03   -3.1046101246e+04   -5.3192105962e-02    4.0381464561e-03   -3.1842743208e-02    5.2024249763e-02    5.8361563723e-03    1.4767474404e-02    3.2755554291e+01    0.0000000000e+00    0.0000000000e+00    0.0000000000e+00    3.2532422874e+01    0.0000000000e+00    0.0000000000e+00    0.0000000000e+00    1.3853518357e+02
    9.7322198900e+02    1.0305438959e+03   -3.1040445761e+04   -5.0725832236e-02    3.2016489841e-02   -1.0287357133e-03    4.5744727041e-02    3.3703230630e-02   -3.1048164106e-02    3.2755554291e+01    0.0000000000e+00    0.0000000000e+00    0.0000000000e+00    3.2532422874e+01    0.0000000000e+00    0.0000000000e+00    0.0000000000e+00    1.3857043398e+02
    9.7807975258e+02    1.0356877774e+03   -3.1015124485e+04   -2.8559868265e-03    2.9255728732e-02   -6.7533945459e-02    4.4142566389e-02   -3.4859441286e-02   -1.2931120572e-01    3.2755554291e+01    0.0000000000e+00    0.0000000000e+00    0.0000000000e+00    3.2532422874e+01    0.0000000000e+00    0.0000000000e+00    0.0000000000e+00    1.3879929129e+02
    9.8645889346e+02    1.0445604422e+03   -3.0993304644e+04   -5.4509650042e-02   -1.7649913148e-02   -6.3121955707e-02   -4.1312005305e-02   -1.4434402823e-02    2.3707536468e-02    3.2755554291e+01    0.0000000000e+00    0.0000000000e+00    0.0000000000e+00    3.2532422874e+01    0.0000000000e+00    0.0000000000e+00    0.0000000000e+00    1.3916444315e+02
    9.8940141793e+02    1.0476762787e+03   -3.0979884838e+04    4.8236061467e-03    1.3817832294e-01    2.7030178872e-02    5.2917252033e-02    3.2655472726e-04    5.1711889708e-02    3.2755554291e+01    0.0000000000e+00    0.0000000000e+00    0.0000000000e+00    3.2532422874e+01    0.0000000000e+00    0.0000000000e+00    0.0000000000e+00    1.3903248527e+02
    9.6534491547e+02    1.0222028697e+03   -3.0975801773e+04   -4.6555185563e-02    3.4000554836e-02   -3.8673923608e-02    2.3234191753e-02    6.3547917236e-02   -3.3596628528e-02    3.2755554291e+01    0.0000000000e+00    0.0000000000e+00    0.0000000000e+00    3.2532422874e+01    0.0000000000e+00    0.0000000000e+00    0.0000000000e+00    1.3914541891e+02
    9.6743296008e+02    1.0244138983e+03   -3.0955016066e+04    3.1567379702e-02    1.0216267786e-01    3.6701471999e-02   -1.2679571546e-03    9.5824916820e-03   -1.8173767450e-03    3.2755554291e+01    0.0000000000e+00    0.0000000000e+00    0.0000000000e+00    3.2532422874e+01    0.0000000000e+00    0.0000000000e+00    0.0000000000e+00    1.3927174762e+02
    9.8488432657e+02    1.0428931347e+03   -3.0949527409e+04    5.0932653890e-02   -3.1196845289e-02   -2.1145217409e-02    8.6945560006e-02    3.4401470390e-02    4.8494316394e-02    3.2755554291e+01    0.0000000000e+00    0.0000000000e+00    0.0000000000e+00    3.2532422874e+01    0.0000000000e+00    0.0000000000e+00    0.0000000000e+00    1.3941435677e+02
    9.8100348618e+02    1.0387837163e+03   -3.0933607281e+04    7.9286260857e-02    1.6754042974e-01    6.5481389196e-02   -4.9065174478e-02    1.0618586417e-01   -2.2070093750e-02    3.2755554291e+01    0.0000000000e+00    0.0000000000e+00    0.0000000000e+00    3.2532422874e+01    0.0000000000e+00    0.0000000000e+00    0.0000000000e+00    1.3941236204e+02
    9.9039099191e+02    1.0487241377e+03   -3.0923926546e+04    5.3808885527e-02   -7.4828554893e-02    5.8633485649e-03   -3.9551969299e-02   -1.6176106668e-02   -2.9984208315e-02    3.2755554291e+01    0.0000000000e+00    0.0000000000e+00    0.0000000000e+00    3.2532422874e+01    0.0000000000e+00    0.0000000000e+00    0.0000000000e+00    1.3974038618e+02
    9.9232532374e+02    1.0507724000e+03   -3.0934165720e+04    9.6077914167e-02    6.1626149915e-02    7.4512624238e-02   -8.1615409793e-02    5.6888998916e-02   -3.8511781353e-02    3.2755554291e+01    0.0000000000e+00    0.0000000000e+00    0.0000000000e+00    3.2532422874e+01    0.0000000000e+00    0.0000000000e+00    0.0000000000e+00    1.3943510302e+02
    9.8670885019e+02    1.0448251212e+03   -3.0899471455e+04   -1.6942777941e-02    6.6626307753e-03    1.1612970310e-01    2.6197681771e-02   -3.6616751041e-02   -1.9325656871e-02    3.2755554291e+01    0.0000000000e+00    0.0000000000e+00    0.0000000000e+00    3.2532422874e+01    0.0000000000e+00    0.0000000000e+00    0.0000000000e+00    1.3984894969e+02
    9.6984001125e+02    1.0269627227e+03   -3.0902678267e+04   -1.6657555120e-02   -4.3132393832e-02    1.5182471019e-01    1.8221574659e-03    9.5005029630e-02    4.8115256621e-02    3.2755554291e+01    0.0000000000e+00    0.0000000000e+00    0.0000000000e+00    3.2532422874e+01    0.0000000000e+00    0.0000000000e+00    0.0000000000e+00    1.3985832747e+02
    9.8936666267e+02    1.0476394764e+03   -3.0893359440e+04   -2.7522633987e-02   -1.1584372313e-02    9.3293475871e-02    1.9509161607e-02    6.8854355334e-02   -3.7169657620e-02    3.2755554291e+01    0.0000000000e+00    0.0000000000e+00    0.0000000000e+00    3.2532422874e+01    0.0000000000e+00    0.0000000000e+00    0.0000000000e+00    1.3995188358e+02
    9.7819568034e+02    1.0358105332e+03   -3.0911836136e+04    4.8366581393e-02    6.7615501496e-02    1.6694846458e-01   -5.8789356266e-02   -4.2217157578e-02   -2.4663829476e-02    3.2755554291e+01    0.0000000000e+00    0.0000000000e+00    0.0000000000e+00    3.2532422874e+01    0.0000000000e+00    0.0000000000e+00    0.0000000000e+00    1.3961574355e+02
    9.7700753075e+02    1.0345524027e+03   -3.0904356651e+04   -8.3512155313e-03   -1.1412446340e-02    7.5601369274e-03    3.6923959056e-02   -2.5086299153e-02   -8.6506024206e-03    3.2755554291e+01    0.0000000000e+00    0.0000000000e+00    0.0000000000e+00    3.2532422874e+01    0.0000000000e+00    0.0000000000e+00    0.0000000000e+00    1.3995295303e+02
    9.7631420218e+02    1.0338182377e+03   -3.0895798416e+04    1.4167379469e-01    4.2623877314e-02    6.7796408655e-02   -1.4616285838e-02   -6.0295921739e-02   -3.8827561904e-02    3.2755554291e+01    0.0000000000e+00    0.0000000000e+00    0.0000000000e+00    3.2532422874e+01    0.0000000000e+00    0.0000000000e+00    0.0000000000e+00    1.3980050686e+02
    9.8491157728e+02    1.0429219905e+03   -3.0859851597e+04    2.0074365075e-01    5.7899048901e-02    1.8514541545e-02    7.7883744513e-03    4.9009617289e-02   -1.1886223555e-01    3.2755554291e+01    0.0000000000e+00    0.0000000000e+00    0.0000000000e+00    3.2532422874e+01    0.0000000000e+00    0.0000000000e+00    0.0000000000e+00    1.4018544363e+02
    9.8480985846e+02    1.0428142805e+03   -3.0871976221e+04    1.8077364591e-02    9.7908654592e-02   -3.0182727539e-02   -9.6456051119e-03   -1.0635265632e-02    1.9948619853e-02    3.2755554291e+01    0.0000000000e+00    0.0000000000e+00    0.0000000000e+00    3.2532422874e+01    0.0000000000e+00    0.0000000000e+00    0.0000000000e+00    1.4021110268e+02
    9.9192089017e+02    1.0503441456e+03   -3.0881649708e+04   -9.4896455521e-02    5.0007561960e-02   -2.4865571998e-03   -7.3900409844e-02    5.3637686416e-03   -4.3233337744e-02    3.2755554291e+01    0.0000000000e+00    0.0000000000e+00    0.0000000000e+00    3.2532422874e+01    0.0000000000e+00    0.0000000000e+00    0.0000000000e+00    1.4011396851e+02
    9.8943818080e+02    1.0477152069e+03   -3.0875691357e+04    5.2648544536e-02    1.0210194775e-01   -6.2293503258e-02   -2.5307936539e-02   -4.8334103301e-02    5.3815241241e-03    3.2755554291e+01    0.0000000000e+00    0.0000000000e+00    0.0000000000e+00    3.2532422874e+01    0.0000000000e+00    0.0000000000e+00    0.0000000000e+00    1.4014710446e+02
    9.7115657987e+02    1.0283568360e+03   -3.0861086439e+04    1.6830147659e-01    1.3242331979e-01    4.7637855733e-02   -1.5159326329e-03    5.2725431991e-03   -4.4277976697e-02    3.2755554291e+01    0.0000000000e+00    0.0000000000e+00    0.0000000000e+00    3.2532422874e+01    0.0000000000e+00    0.0000000000e+00    0.0000000000e+00    1.4011300536e+02
    9.7482103716e+02    1.0322371266e+03   -3.0865938391e+04   -3.9506618513e-02    1.7764640803e-01   -4.4917270806e-02    3.4066811203e-02    2.1556580380e-02    3.5644757992e-02    3.2755554291e+01    0.0000000000e+00    0.0000000000e+00    0.0000000000e+00    3.2532422874e+01    0.0000000000e+00    0.0000000000e+00    0.0000000000e+00    1.4020885277e+02
