# dump_thermo 500
# format_version 1
# num_atoms 2048
# dt_output 1.0000000000e+03 fs
# columns T KE PE sxx syy szz syz sxz sxy ax ay az bx by bz cx cy cz
    9.4334806832e+02    2.4972760698e+02   -7.9783539677e+03    1.2980187337e+00    1.2818191125e+00    1.3628587037e+00   -1.7781349602e-02   -1.6804240159e-02    1.7850414758e-02    3.2400000000e+01    0.0000000000e+00    0.0000000000e+00    0.0000000000e+00    3.2400000000e+01    0.0000000000e+00    0.0000000000e+00    0.0000000000e+00    3.2400000000e+01
    9.2779197162e+02    2.4560952275e+02   -7.9742339306e+03    1.4041810076e+00    1.3451214378e+00    1.3742276152e+00   -2.8353196226e-02   -3.4016119766e-02   -4.3439328283e-02    3.2400000000e+01    0.0000000000e+00    0.0000000000e+00    0.0000000000e+00    3.2400000000e+01    0.0000000000e+00    0.0000000000e+00    0.0000000000e+00    3.2400000000e+01
    9.2969189707e+02    2.4611248009e+02   -7.9747333164e+03    1.4857735455e+00    1.3009832163e+00    1.3558410746e+00    3.8478510852e-02    3.3227902254e-02   -3.0965667804e-02    3.2400000000e+01    0.0000000000e+00    0.0000000000e+00    0.0000000000e+00    3.2400000000e+01    0.0000000000e+00    0.0000000000e+00    0.0000000000e+00    3.2400000000e+01
    9.3092219230e+02    2.4643816972e+02   -7.9750690498e+03    1.3791440631e+00    1.3737071713e+00    1.3022299751e+00   -2.5966149472e-02   -1.1996229903e-01    1.2712677898e-01    3.2400000000e+01    0.0000000000e+00    0.0000000000e+00    0.0000000000e+00    3.2400000000e+01    0.0000000000e+00    0.0000000000e+00    0.0000000000e+00    3.2400000000e+01
    9.2698917078e+02    2.4539700148e+02   -7.9740312157e+03    1.4260688961e+00    1.3806387484e+00    1.3389449535e+00    2.7407812419e-02   -3.4281384482e-02   -1.2873894801e-01    3.2400000000e+01    0.0000000000e+00    0.0000000000e+00    0.0000000000e+00    3.2400000000e+01    0.0000000000e+00    0.0000000000e+00    0.0000000000e+00    3.2400000000e+01
    9.1774916598e+02    2.4295094327e+02   -7.9715660038e+03    1.4334999315e+00    1.4168860150e+00    1.3180412412e+00    1.2970636241e-01    7.4486540274e-03   -3.0999568186e-02    3.2400000000e+01    0.0000000000e+00    0.0000000000e+00    0.0000000000e+00    3.2400000000e+01    0.0000000000e+00    0.0000000000e+00    0.0000000000e+00    3.2400000000e+01
    9.5292945402e+02    2.5226403717e+02   -7.9809031010e+03    1.3153881592e+00    1.3395755052e+00    1.2197526889e+00    9.4087908316e-02    4.8730679329e-02   -1.4901766852e-02    3.2400000000e+01    0.0000000000e+00    0.0000000000e+00    0.0000000000e+00    3.2400000000e+01    0.0000000000e+00    0.0000000000e+00    0.0000000000e+00    3.2400000000e+01
    9.3254583395e+02    2.4686798790e+02   -7.9754993076e+03    1.2392101134e+00    1.4076933723e+00    1.3911526722e+00   -4.4265273007e-02   -6.6518990860e-02   -9.9171467169e-02    3.2400000000e+01    0.0000000000e+00    0.0000000000e+00    0.0000000000e+00    3.2400000000e+01    0.0000000000e+00    0.0000000000e+00    0.0000000000e+00    3.2400000000e+01
    9.3123954021e+02    2.4652217958e+02   -7.9751445312e+03    1.3629669390e+00    1.2896751756e+00    1.4144942685e+00   -7.9040908097e-02   -1.9387030241e-02   -6.7767562129e-03    3.2400000000e+01    0.0000000000e+00    0.0000000000e+00    0.0000000000e+00    3.2400000000e+01    0.0000000000e+00    0.0000000000e+00    0.0000000000e+00    3.2400000000e+01
    9.2492102929e+02    2.4484951319e+02   -7.9734807911e+03    1.4502108602e+00    1.3386886277e+00    1.3179613508e+00   -6.8257293072e-02    6.8913577201e-02   -2.5070040043e-02    3.2400000000e+01    0.0000000000e+00    0.0000000000e+00    0.0000000000e+00    3.2400000000e+01    0.0000000000e+00    0.0000000000e+00    0.0000000000e+00    3.2400000000e+01
    9.3002406199e+02    2.4620041238e+02   -7.9748171558e+03    1.3093662078e+00    1.3897759758e+00    1.4011123483e+00   -6.6827191898e-02    1.8797124414e-02   -9.1934959911e-02    3.2400000000e+01    0.0000000000e+00    0.0000000000e+00    0.0000000000e+00    3.2400000000e+01    0.0000000000e+00    0.0000000000e+00    0.0000000000e+00    3.2400000000e+01
    9.3569217111e+02    2.4770090130e+02   -7.9763246708e+03    1.2863969511e+00    1.3640037231e+00    1.3797542007e+00    1.3867254366e-01    9.8298612747e-03    8.2323550909e-02    3.2400000000e+01    0.0000000000e+00    0.0000000000e+00    0.0000000000e+00    3.2400000000e+01    0.0000000000e+00    0.0000000000e+00    0.0000000000e+00    3.2400000000e+01
    9.1949451123e+02    2.4341297940e+02   -7.9720279579e+03    1.4125322472e+00    1.4621951455e+00    1.3182986642e+00   -7.6218593207e-02    1.1039132898e-01   -8.8835229649e-03    3.2400000000e+01    0.0000000000e+00    0.0000000000e+00    0.0000000000e+00    3.2400000000e+01    0.0000000000e+00    0.0000000000e+00    0.0000000000e+00    3.2400000000e+01
    9.3656652805e+02    2.4793236525e+02   -7.9765566101e+03    1.3013960836e+00    1.3060728052e+00    1.4212535547e+00   -6.1442003164e-02   -1.7801650687e-02   -1.9621040737e-02    3.2400000000e+01    0.0000000000e+00    0.0000000000e+00    0.0000000000e+00    3.2400000000e+01    0.0000000000e+00    0.0000000000e+00    0.0000000000e+00    3.2400000000e+01
    9.3396469968e+02    2.4724359681e+02   -7.9758702412e+03    1.3279617774e+00    1.2849921830e+00    1.3546593020e+00    2.2611034336e-02    4.5753861313e-03   -1.5935069644e-02    3.2400000000e+01    0.0000000000e+00    0.0000000000e+00    0.0000000000e+00    3.2400000000e+01    0.0000000000e+00    0.0000000000e+00    0.0000000000e+00    3.2400000000e+01
    9.1720736812e+02    2.4280751595e+02   -7.9714295559e+03    1.4471213513e+00    1.3974563101e+00    1.3293287897e+00   -3.0262792430e-03    4.0462865817e-02    2.3434476640e-02    3.2400000000e+01    0.0000000000e+00    0.0000000000e+00    0.0000000000e+00    3.2400000000e+01    0.0000000000e+00    0.0000000000e+00    0.0000000000e+00    3.2400000000e+01
    9.1767905426e+02    2.4293238296e+02   -7.9715489445e+03    1.3310047855e+00    1.4068490147e+00    1.4235147872e+00    3.6528678923e-03   -8.7336002208e-02    2.5189033527e-02    3.2400000000e+01    0.0000000000e+00    0.0000000000e+00    0.0000000000e+00    3.2400000000e+01    0.0000000000e+00    0.0000000000e+00    0.0000000000e+00    3.2400000000e+01
    9.5775098735e+02    2.5354041651e+02   -7.9821727448e+03    1.3164419001e+00    1.1878225634e+00    1.2543885826e+00    2.7100037241e-02   -3.2401808156e-02   -8.7770484777e-02    3.2400000000e+01    0.0000000000e+00    0.0000000000e+00    0.0000000000e+00    3.2400000000e+01    0.0000000000e+00    0.0000000000e+00    0.0000000000e+00    3.2400000000e+01
    9.4230943136e+02    2.4945265404e+02   -7.9780851727e+03    1.3104766514e+00    1.3328361657e+00    1.2831855764e+00   -8.4180164067e-04    1.1763895715e-02    4.4966369020e-02    3.2400000000e+01    0.0000000000e+00    0.0000000000e+00    0.0000000000e+00    3.2400000000e+01    0.0000000000e+00    0.0000000000e+00    0.0000000000e+00    3.2400000000e+01
    9.3295915262e+02    2.4697740359e+02   -7.9756163654e+03    1.3490998779e+00    1.3230965545e+00    1.3193383854e+00    2.4720718884e-02    1.6528524486e-02   -3.6420662796e-02    3.2400000000e+01    0.0000000000e+00    0.0000000000e+00    0.0000000000e+00    3.2400000000e+01    0.0000000000e+00    0.0000000000e+00    0.0000000000e+00    3.2400000000e+01
