
***************************************************************
*                 Welcome to use GPUMD                        *
*     (Graphics Processing Units Molecular Dynamics)          *
*                     version 5.9                             *
*              This is the gpumd executable                   *
***************************************************************


---------------------------------------------------------------
Compiling options:
---------------------------------------------------------------

DEBUG is off: Use different PRNG seeds for different runs.

---------------------------------------------------------------
GPU information:
---------------------------------------------------------------

number of GPUs = 1
Device id:                   0
    Device name:             NVIDIA GeForce RTX 4050 Laptop GPU
    Compute capability:      8.9
    Amount of global memory: 5.99658 GB
    Number of SMs:           20

---------------------------------------------------------------
Started running GPUMD.
---------------------------------------------------------------


---------------------------------------------------------------
Started initializing positions and related parameters.
---------------------------------------------------------------

Number of atoms is 2048.
Use periodic boundary conditions along x.
Use periodic boundary conditions along y.
Use periodic boundary conditions along z.
Box matrix h = [a, b, c] is
    3.2400000000e+01    0.0000000000e+00    0.0000000000e+00
    0.0000000000e+00    3.2400000000e+01    0.0000000000e+00
    0.0000000000e+00    0.0000000000e+00    3.2400000000e+01
Inverse box matrix g = inv(h) is
    3.0864197531e-02    0.0000000000e+00    0.0000000000e+00
    0.0000000000e+00    3.0864197531e-02    0.0000000000e+00
    0.0000000000e+00    0.0000000000e+00    3.0864197531e-02
Do not specify initial velocities here.
Have no grouping method.
Active atom types for this simulation:
    type 0 = Al.
    Atom type indices in run.in refer to the active atom types above.
There is only one atom type.
    2048 atoms of type 0.
Initialized velocities with default T = 300 K.

---------------------------------------------------------------
Finished initializing positions and related parameters.
---------------------------------------------------------------


---------------------------------------------------------------
Started executing the commands in run.in.
---------------------------------------------------------------

Use the NEP4 potential with 1 atom type.
    type 0 (Al with Z = 13).
    has the universal ZBL with inner cutoff 1 A and outer cutoff 2 A.
    radial cutoff = 6 A.
    angular cutoff = 5 A.
    MN_radial = 274.
    enlarged MN_radial = 343.
    enlarged MN_angular = 198.
    n_max_radial = 4.
    n_max_angular = 4.
    basis_size_radial = 8.
    basis_size_angular = 8.
    l_max_3body = 4.
    has_q_222 = 2.
    has_q_1111 = 1.
    has_q_112 = 0.
    has_q_123 = 0.
    has_q_233 = 0.
    has_q_134 = 0.
    ANN = 35-80-1.
    number of neural network parameters = 2961.
    number of descriptor parameters = 90.
    total number of parameters = 3051.
Initialized velocities with input T = 1900 K.
Time step for this run is 1 fs.
Use NVE ensemble for this run.
Dump thermo every 1000 steps.
Run 20000 steps.
    2000 steps completed.
    4000 steps completed.
    6000 steps completed.
    8000 steps completed.
    10000 steps completed.
    12000 steps completed.
    14000 steps completed.
    16000 steps completed.
    18000 steps completed.
    20000 steps completed.

---------------------------------------------------------------
Time used for this run = 17.7467 second.
Speed of this run = 2.30804e+06 atom*step/second.
---------------------------------------------------------------


---------------------------------------------------------------
Finished executing the commands in run.in.
---------------------------------------------------------------


---------------------------------------------------------------
Time used = 18.391580 s.
---------------------------------------------------------------


---------------------------------------------------------------
Finished running GPUMD.
---------------------------------------------------------------

