# dump_thermo 1000
# format_version 1
# num_atoms 2048
# dt_output 1.0000000000e+03 fs
# columns T KE PE sxx syy szz syz sxz sxy ax ay az bx by bz cx cy cz
    9.3188121335e+02    2.4669204636e+02   -7.9756022243e+03    1.3888499413e+00    1.2945205020e+00    1.3668172844e+00    3.0430633141e-02    4.2546123955e-02   -1.4117487569e-01    3.2400000000e+01    0.0000000000e+00    0.0000000000e+00    0.0000000000e+00    3.2400000000e+01    0.0000000000e+00    0.0000000000e+00    0.0000000000e+00    3.2400000000e+01
    9.4346858479e+02    2.4975951068e+02   -7.9786708946e+03    1.3703150429e+00    1.2820514982e+00    1.2711484291e+00    4.3224399433e-02    9.0057552529e-03    7.3017866710e-02    3.2400000000e+01    0.0000000000e+00    0.0000000000e+00    0.0000000000e+00    3.2400000000e+01    0.0000000000e+00    0.0000000000e+00    0.0000000000e+00    3.2400000000e+01
    9.3030007783e+02    2.4627348061e+02   -7.9751837177e+03    1.3613232714e+00    1.3177795931e+00    1.3753097667e+00    9.0038555482e-02    2.3895371450e-02   -1.0847542338e-01    3.2400000000e+01    0.0000000000e+00    0.0000000000e+00    0.0000000000e+00    3.2400000000e+01    0.0000000000e+00    0.0000000000e+00    0.0000000000e+00    3.2400000000e+01
    9.3463354274e+02    2.4742065614e+02   -7.9763297348e+03    1.3805848437e+00    1.3364831871e+00    1.2536694820e+00    1.0265107481e-01    9.1074047010e-02   -2.0043248622e-02    3.2400000000e+01    0.0000000000e+00    0.0000000000e+00    0.0000000000e+00    3.2400000000e+01    0.0000000000e+00    0.0000000000e+00    0.0000000000e+00    3.2400000000e+01
    9.2328103335e+02    2.4441536562e+02   -7.9733243694e+03    1.3555683391e+00    1.5085103527e+00    1.2694864731e+00    4.5566321517e-02    9.0962071061e-03   -3.6674904554e-02    3.2400000000e+01    0.0000000000e+00    0.0000000000e+00    0.0000000000e+00    3.2400000000e+01    0.0000000000e+00    0.0000000000e+00    0.0000000000e+00    3.2400000000e+01
    9.2299057445e+02    2.4433847396e+02   -7.9732460423e+03    1.3541908072e+00    1.4126167768e+00    1.2975205697e+00    1.2240432137e-01   -3.3063619615e-02   -8.5570577572e-02    3.2400000000e+01    0.0000000000e+00    0.0000000000e+00    0.0000000000e+00    3.2400000000e+01    0.0000000000e+00    0.0000000000e+00    0.0000000000e+00    3.2400000000e+01
    9.2079045405e+02    2.4375604758e+02   -7.9726646061e+03    1.3102399712e+00    1.4565832629e+00    1.3765498719e+00   -1.2694647284e-02    1.5478241802e-02    2.2617726983e-02    3.2400000000e+01    0.0000000000e+00    0.0000000000e+00    0.0000000000e+00    3.2400000000e+01    0.0000000000e+00    0.0000000000e+00    0.0000000000e+00    3.2400000000e+01
    9.3988535199e+02    2.4881094017e+02   -7.9777203102e+03    1.2650741665e+00    1.2872347467e+00    1.2918863598e+00   -1.3865246788e-01    9.6119270934e-02   -2.5525900478e-02    3.2400000000e+01    0.0000000000e+00    0.0000000000e+00    0.0000000000e+00    3.2400000000e+01    0.0000000000e+00    0.0000000000e+00    0.0000000000e+00    3.2400000000e+01
    9.2624744652e+02    2.4520064869e+02   -7.9741111126e+03    1.4518860081e+00    1.3032498938e+00    1.3317193499e+00    1.3235808722e-02   -5.7444033559e-02   -6.4679585845e-02    3.2400000000e+01    0.0000000000e+00    0.0000000000e+00    0.0000000000e+00    3.2400000000e+01    0.0000000000e+00    0.0000000000e+00    0.0000000000e+00    3.2400000000e+01
    9.0787888196e+02    2.4033803453e+02   -7.9692471657e+03    1.3369943058e+00    1.4427547075e+00    1.5176934771e+00   -2.3503906690e-02    1.0342819988e-01   -3.4926761036e-02    3.2400000000e+01    0.0000000000e+00    0.0000000000e+00    0.0000000000e+00    3.2400000000e+01    0.0000000000e+00    0.0000000000e+00    0.0000000000e+00    3.2400000000e+01
    9.3581546558e+02    2.4773354040e+02   -7.9766448402e+03    1.3001669635e+00    1.3679859088e+00    1.4277796630e+00   -8.8506446002e-02    8.0194821752e-02    1.2014320517e-01    3.2400000000e+01    0.0000000000e+00    0.0000000000e+00    0.0000000000e+00    3.2400000000e+01    0.0000000000e+00    0.0000000000e+00    0.0000000000e+00    3.2400000000e+01
    9.3746906003e+02    2.4817128782e+02   -7.9770845737e+03    1.2609230823e+00    1.3946674929e+00    1.3385253858e+00    6.1337939381e-02   -8.5473483297e-02    1.2150281025e-01    3.2400000000e+01    0.0000000000e+00    0.0000000000e+00    0.0000000000e+00    3.2400000000e+01    0.0000000000e+00    0.0000000000e+00    0.0000000000e+00    3.2400000000e+01
    9.1986377304e+02    2.4351073215e+02   -7.9724184856e+03    1.4162365168e+00    1.2922786241e+00    1.4189455633e+00   -9.9480167722e-02   -6.0503827913e-02   -4.5439744123e-02    3.2400000000e+01    0.0000000000e+00    0.0000000000e+00    0.0000000000e+00    3.2400000000e+01    0.0000000000e+00    0.0000000000e+00    0.0000000000e+00    3.2400000000e+01
    9.2885234010e+02    2.4589022856e+02   -7.9747989101e+03    1.2829065334e+00    1.3158375090e+00    1.4260924154e+00   -3.8255341070e-02    3.1948069087e-02    3.7281288801e-02    3.2400000000e+01    0.0000000000e+00    0.0000000000e+00    0.0000000000e+00    3.2400000000e+01    0.0000000000e+00    0.0000000000e+00    0.0000000000e+00    3.2400000000e+01
    9.3874257451e+02    2.4850841866e+02   -7.9774207764e+03    1.3714456142e+00    1.2159188110e+00    1.3356522973e+00    1.0778614990e-01   -2.4025203996e-02   -5.2910074793e-02    3.2400000000e+01    0.0000000000e+00    0.0000000000e+00    0.0000000000e+00    3.2400000000e+01    0.0000000000e+00    0.0000000000e+00    0.0000000000e+00    3.2400000000e+01
    9.3421420874e+02    2.4730964804e+02   -7.9762216759e+03    1.3347460458e+00    1.2376038488e+00    1.4480114630e+00    1.0983164884e-02    2.6094084833e-02    6.3485528609e-02    3.2400000000e+01    0.0000000000e+00    0.0000000000e+00    0.0000000000e+00    3.2400000000e+01    0.0000000000e+00    0.0000000000e+00    0.0000000000e+00    3.2400000000e+01
    9.3335485562e+02    2.4708215598e+02   -7.9759938240e+03    1.3284430255e+00    1.3275758380e+00    1.4178655190e+00    7.0516407741e-02   -7.1079184204e-02    7.7600244807e-02    3.2400000000e+01    0.0000000000e+00    0.0000000000e+00    0.0000000000e+00    3.2400000000e+01    0.0000000000e+00    0.0000000000e+00    0.0000000000e+00    3.2400000000e+01
    9.3778327371e+02    2.4825446797e+02   -7.9771654549e+03    1.3632282848e+00    1.3891208889e+00    1.2256550493e+00   -1.1823965813e-02   -5.0494390697e-02   -4.4096335043e-02    3.2400000000e+01    0.0000000000e+00    0.0000000000e+00    0.0000000000e+00    3.2400000000e+01    0.0000000000e+00    0.0000000000e+00    0.0000000000e+00    3.2400000000e+01
    9.4246979078e+02    2.4949510516e+02   -7.9784041615e+03    1.3457331905e+00    1.2380368691e+00    1.3572640980e+00   -2.9340163007e-02   -5.5692079582e-02   -9.9349663254e-02    3.2400000000e+01    0.0000000000e+00    0.0000000000e+00    0.0000000000e+00    3.2400000000e+01    0.0000000000e+00    0.0000000000e+00    0.0000000000e+00    3.2400000000e+01
    9.2852050448e+02    2.4580238345e+02   -7.9747106743e+03    1.2441875331e+00    1.4471199319e+00    1.4105034597e+00   -6.2718900111e-02    1.0521801254e-01    5.3441162306e-02    3.2400000000e+01    0.0000000000e+00    0.0000000000e+00    0.0000000000e+00    3.2400000000e+01    0.0000000000e+00    0.0000000000e+00    0.0000000000e+00    3.2400000000e+01
