r_hom_v[1] = 6.2685e-06,theta_2nd_v[1]= 3.06431,r_het_2nd_v[1] = 6.26849e-06,dTdr_v[1] = 428.111,dTdr_het_v[1] = 428.752,GT_het_v[1]=2.8141e-08,stat_hom_2nd_v[1]=3.00592e+49


r_hom_v[2] = 6.237e-06,theta_2nd_v[2]= 3.06336,r_het_2nd_v[2] = 6.23699e-06,dTdr_v[2] = 460.841,dTdr_het_v[2] = 461.548,GT_het_v[2]=3.16409e-08,stat_hom_2nd_v[2]=3.14393e+49


r_hom_v[3] = 6.2055e-06,theta_2nd_v[3]= 3.06247,r_het_2nd_v[3] = 6.20548e-06,dTdr_v[3] = 494.403,dTdr_het_v[3] = 495.178,GT_het_v[3]=3.53342e-08,stat_hom_2nd_v[3]=3.28536e+49


r_hom_v[4] = 6.174e-06,theta_2nd_v[4]= 3.06164,r_het_2nd_v[4] = 6.17398e-06,dTdr_v[4] = 528.819,dTdr_het_v[4] = 529.667,GT_het_v[4]=3.92194e-08,stat_hom_2nd_v[4]=3.43011e+49


r_hom_v[5] = 6.1425e-06,theta_2nd_v[5]= 3.06084,r_het_2nd_v[5] = 6.14248e-06,dTdr_v[5] = 564.115,dTdr_het_v[5] = 565.037,GT_het_v[5]=4.32949e-08,stat_hom_2nd_v[5]=3.57808e+49


r_hom_v[6] = 6.111e-06,theta_2nd_v[6]= 3.06009,r_het_2nd_v[6] = 6.11098e-06,dTdr_v[6] = 600.314,dTdr_het_v[6] = 601.313,GT_het_v[6]=4.75595e-08,stat_hom_2nd_v[6]=3.72913e+49


r_hom_v[7] = 6.0795e-06,theta_2nd_v[7]= 3.05939,r_het_2nd_v[7] = 6.07948e-06,dTdr_v[7] = 637.441,dTdr_het_v[7] = 638.521,GT_het_v[7]=5.20119e-08,stat_hom_2nd_v[7]=3.88315e+49


r_hom_v[8] = 6.048e-06,theta_2nd_v[8]= 3.05871,r_het_2nd_v[8] = 6.04798e-06,dTdr_v[8] = 675.523,dTdr_het_v[8] = 676.687,GT_het_v[8]=5.66508e-08,stat_hom_2nd_v[8]=4.03997e+49


r_hom_v[9] = 6.0165e-06,theta_2nd_v[9]= 3.05807,r_het_2nd_v[9] = 6.01648e-06,dTdr_v[9] = 714.587,dTdr_het_v[9] = 715.837,GT_het_v[9]=6.14752e-08,stat_hom_2nd_v[9]=4.19946e+49


r_hom_v[10] = 5.985e-06,theta_2nd_v[10]= 3.05746,r_het_2nd_v[10] = 5.98498e-06,dTdr_v[10] = 754.661,dTdr_het_v[10] = 756,GT_het_v[10]=6.6484e-08,stat_hom_2nd_v[10]=4.36143e+49


r_hom_v[11] = 5.9535e-06,theta_2nd_v[11]= 3.05688,r_het_2nd_v[11] = 5.95348e-06,dTdr_v[11] = 795.773,dTdr_het_v[11] = 797.205,GT_het_v[11]=7.16762e-08,stat_hom_2nd_v[11]=4.52572e+49


r_hom_v[12] = 5.922e-06,theta_2nd_v[12]= 3.05633,r_het_2nd_v[12] = 5.92198e-06,dTdr_v[12] = 837.954,dTdr_het_v[12] = 839.481,GT_het_v[12]=7.70508e-08,stat_hom_2nd_v[12]=4.69211e+49


r_hom_v[13] = 5.8905e-06,theta_2nd_v[13]= 3.0558,r_het_2nd_v[13] = 5.89048e-06,dTdr_v[13] = 881.233,dTdr_het_v[13] = 882.859,GT_het_v[13]=8.2607e-08,stat_hom_2nd_v[13]=4.86041e+49


r_hom_v[14] = 5.859e-06,theta_2nd_v[14]= 3.0553,r_het_2nd_v[14] = 5.85898e-06,dTdr_v[14] = 925.643,dTdr_het_v[14] = 927.372,GT_het_v[14]=8.8344e-08,stat_hom_2nd_v[14]=5.03041e+49


r_hom_v[15] = 5.8275e-06,theta_2nd_v[15]= 3.05482,r_het_2nd_v[15] = 5.82748e-06,dTdr_v[15] = 971.217,dTdr_het_v[15] = 973.051,GT_het_v[15]=9.4261e-08,stat_hom_2nd_v[15]=5.20188e+49


r_hom_v[16] = 5.796e-06,theta_2nd_v[16]= 3.05436,r_het_2nd_v[16] = 5.79598e-06,dTdr_v[16] = 1017.99,dTdr_het_v[16] = 1019.93,GT_het_v[16]=1.00358e-07,stat_hom_2nd_v[16]=5.37457e+49


r_hom_v[17] = 5.7645e-06,theta_2nd_v[17]= 3.05392,r_het_2nd_v[17] = 5.76448e-06,dTdr_v[17] = 1065.99,dTdr_het_v[17] = 1068.05,GT_het_v[17]=1.06633e-07,stat_hom_2nd_v[17]=5.54824e+49


r_hom_v[18] = 5.733e-06,theta_2nd_v[18]= 3.05351,r_het_2nd_v[18] = 5.73298e-06,dTdr_v[18] = 1115.27,dTdr_het_v[18] = 1117.44,GT_het_v[18]=1.13086e-07,stat_hom_2nd_v[18]=5.72264e+49


r_hom_v[19] = 5.7015e-06,theta_2nd_v[19]= 3.0531,r_het_2nd_v[19] = 5.70148e-06,dTdr_v[19] = 1165.85,dTdr_het_v[19] = 1168.13,GT_het_v[19]=1.19718e-07,stat_hom_2nd_v[19]=5.8975e+49


r_hom_v[20] = 5.67e-06,theta_2nd_v[20]= 3.05272,r_het_2nd_v[20] = 5.66998e-06,dTdr_v[20] = 1217.77,dTdr_het_v[20] = 1220.18,GT_het_v[20]=1.26527e-07,stat_hom_2nd_v[20]=6.07255e+49


r_hom_v[21] = 5.6385e-06,theta_2nd_v[21]= 3.05235,r_het_2nd_v[21] = 5.63848e-06,dTdr_v[21] = 1271.08,dTdr_het_v[21] = 1273.62,GT_het_v[21]=1.33512e-07,stat_hom_2nd_v[21]=6.24751e+49


r_hom_v[22] = 5.607e-06,theta_2nd_v[22]= 3.052,r_het_2nd_v[22] = 5.60698e-06,dTdr_v[22] = 1325.82,dTdr_het_v[22] = 1328.49,GT_het_v[22]=1.40675e-07,stat_hom_2nd_v[22]=6.42208e+49


r_hom_v[23] = 5.5755e-06,theta_2nd_v[23]= 3.05167,r_het_2nd_v[23] = 5.57548e-06,dTdr_v[23] = 1382.03,dTdr_het_v[23] = 1384.83,GT_het_v[23]=1.48014e-07,stat_hom_2nd_v[23]=6.59598e+49


r_hom_v[24] = 5.544e-06,theta_2nd_v[24]= 3.05134,r_het_2nd_v[24] = 5.54398e-06,dTdr_v[24] = 1439.75,dTdr_het_v[24] = 1442.69,GT_het_v[24]=1.5553e-07,stat_hom_2nd_v[24]=6.76891e+49


r_hom_v[25] = 5.5125e-06,theta_2nd_v[25]= 3.05104,r_het_2nd_v[25] = 5.51248e-06,dTdr_v[25] = 1499.04,dTdr_het_v[25] = 1502.12,GT_het_v[25]=1.63221e-07,stat_hom_2nd_v[25]=6.94056e+49


r_hom_v[26] = 5.481e-06,theta_2nd_v[26]= 3.05074,r_het_2nd_v[26] = 5.48098e-06,dTdr_v[26] = 1559.93,dTdr_het_v[26] = 1563.16,GT_het_v[26]=1.71089e-07,stat_hom_2nd_v[26]=7.11063e+49


r_hom_v[27] = 5.4495e-06,theta_2nd_v[27]= 3.05046,r_het_2nd_v[27] = 5.44948e-06,dTdr_v[27] = 1622.49,dTdr_het_v[27] = 1625.87,GT_het_v[27]=1.79133e-07,stat_hom_2nd_v[27]=7.27882e+49


r_hom_v[28] = 5.418e-06,theta_2nd_v[28]= 3.05019,r_het_2nd_v[28] = 5.41798e-06,dTdr_v[28] = 1686.75,dTdr_het_v[28] = 1690.29,GT_het_v[28]=1.87354e-07,stat_hom_2nd_v[28]=7.44481e+49


r_hom_v[29] = 5.3865e-06,theta_2nd_v[29]= 3.04993,r_het_2nd_v[29] = 5.38648e-06,dTdr_v[29] = 1752.78,dTdr_het_v[29] = 1756.47,GT_het_v[29]=1.95751e-07,stat_hom_2nd_v[29]=7.60829e+49


r_hom_v[30] = 5.355e-06,theta_2nd_v[30]= 3.04968,r_het_2nd_v[30] = 5.35498e-06,dTdr_v[30] = 1820.62,dTdr_het_v[30] = 1824.48,GT_het_v[30]=2.04324e-07,stat_hom_2nd_v[30]=7.76896e+49


r_hom_v[31] = 5.3235e-06,theta_2nd_v[31]= 3.04945,r_het_2nd_v[31] = 5.32348e-06,dTdr_v[31] = 1890.35,dTdr_het_v[31] = 1894.37,GT_het_v[31]=2.13074e-07,stat_hom_2nd_v[31]=7.9265e+49


r_hom_v[32] = 5.292e-06,theta_2nd_v[32]= 3.04922,r_het_2nd_v[32] = 5.29198e-06,dTdr_v[32] = 1962,dTdr_het_v[32] = 1966.2,GT_het_v[32]=2.22002e-07,stat_hom_2nd_v[32]=8.08062e+49


r_hom_v[33] = 5.2605e-06,theta_2nd_v[33]= 3.04901,r_het_2nd_v[33] = 5.26048e-06,dTdr_v[33] = 2035.66,dTdr_het_v[33] = 2040.04,GT_het_v[33]=2.31107e-07,stat_hom_2nd_v[33]=8.23101e+49


r_hom_v[34] = 5.229e-06,theta_2nd_v[34]= 3.0488,r_het_2nd_v[34] = 5.22898e-06,dTdr_v[34] = 2111.37,dTdr_het_v[34] = 2115.93,GT_het_v[34]=2.4039e-07,stat_hom_2nd_v[34]=8.37737e+49


r_hom_v[35] = 5.1975e-06,theta_2nd_v[35]= 3.0486,r_het_2nd_v[35] = 5.19748e-06,dTdr_v[35] = 2189.22,dTdr_het_v[35] = 2193.97,GT_het_v[35]=2.49852e-07,stat_hom_2nd_v[35]=8.51942e+49


r_hom_v[36] = 5.166e-06,theta_2nd_v[36]= 3.04842,r_het_2nd_v[36] = 5.16598e-06,dTdr_v[36] = 2269.25,dTdr_het_v[36] = 2274.2,GT_het_v[36]=2.59492e-07,stat_hom_2nd_v[36]=8.65687e+49


r_hom_v[37] = 5.1345e-06,theta_2nd_v[37]= 3.04824,r_het_2nd_v[37] = 5.13448e-06,dTdr_v[37] = 2351.56,dTdr_het_v[37] = 2356.7,GT_het_v[37]=2.69312e-07,stat_hom_2nd_v[37]=8.78945e+49


r_hom_v[38] = 5.103e-06,theta_2nd_v[38]= 3.04807,r_het_2nd_v[38] = 5.10298e-06,dTdr_v[38] = 2436.21,dTdr_het_v[38] = 2441.55,GT_het_v[38]=2.79313e-07,stat_hom_2nd_v[38]=8.91688e+49


r_hom_v[39] = 5.0715e-06,theta_2nd_v[39]= 3.04791,r_het_2nd_v[39] = 5.07148e-06,dTdr_v[39] = 2523.27,dTdr_het_v[39] = 2528.83,GT_het_v[39]=2.89494e-07,stat_hom_2nd_v[39]=9.03891e+49


r_hom_v[40] = 5.04e-06,theta_2nd_v[40]= 3.04775,r_het_2nd_v[40] = 5.03998e-06,dTdr_v[40] = 2612.84,dTdr_het_v[40] = 2618.61,GT_het_v[40]=2.99858e-07,stat_hom_2nd_v[40]=9.1553e+49


r_hom_v[41] = 5.0085e-06,theta_2nd_v[41]= 3.04761,r_het_2nd_v[41] = 5.00848e-06,dTdr_v[41] = 2704.99,dTdr_het_v[41] = 2710.98,GT_het_v[41]=3.10404e-07,stat_hom_2nd_v[41]=9.2658e+49


r_hom_v[42] = 4.977e-06,theta_2nd_v[42]= 3.04747,r_het_2nd_v[42] = 4.97698e-06,dTdr_v[42] = 2799.8,dTdr_het_v[42] = 2806.03,GT_het_v[42]=3.21134e-07,stat_hom_2nd_v[42]=9.37018e+49


r_hom_v[43] = 4.9455e-06,theta_2nd_v[43]= 3.04734,r_het_2nd_v[43] = 4.94548e-06,dTdr_v[43] = 2897.38,dTdr_het_v[43] = 2903.83,GT_het_v[43]=3.32048e-07,stat_hom_2nd_v[43]=9.46825e+49


r_hom_v[44] = 4.914e-06,theta_2nd_v[44]= 3.04722,r_het_2nd_v[44] = 4.91398e-06,dTdr_v[44] = 2997.8,dTdr_het_v[44] = 3004.5,GT_het_v[44]=3.43149e-07,stat_hom_2nd_v[44]=9.5598e+49


r_hom_v[45] = 4.8825e-06,theta_2nd_v[45]= 3.0471,r_het_2nd_v[45] = 4.88248e-06,dTdr_v[45] = 3101.18,dTdr_het_v[45] = 3108.12,GT_het_v[45]=3.54436e-07,stat_hom_2nd_v[45]=9.64465e+49


r_hom_v[46] = 4.851e-06,theta_2nd_v[46]= 3.04699,r_het_2nd_v[46] = 4.85098e-06,dTdr_v[46] = 3207.6,dTdr_het_v[46] = 3214.8,GT_het_v[46]=3.65911e-07,stat_hom_2nd_v[46]=9.72263e+49


r_hom_v[47] = 4.8195e-06,theta_2nd_v[47]= 3.04689,r_het_2nd_v[47] = 4.81948e-06,dTdr_v[47] = 3317.18,dTdr_het_v[47] = 3324.65,GT_het_v[47]=3.77576e-07,stat_hom_2nd_v[47]=9.79358e+49


r_hom_v[48] = 4.788e-06,theta_2nd_v[48]= 3.0468,r_het_2nd_v[48] = 4.78798e-06,dTdr_v[48] = 3430.03,dTdr_het_v[48] = 3437.76,GT_het_v[48]=3.89431e-07,stat_hom_2nd_v[48]=9.85737e+49


r_hom_v[49] = 4.7565e-06,theta_2nd_v[49]= 3.04671,r_het_2nd_v[49] = 4.75648e-06,dTdr_v[49] = 3546.25,dTdr_het_v[49] = 3554.26,GT_het_v[49]=4.01479e-07,stat_hom_2nd_v[49]=9.91388e+49


r_hom_v[50] = 4.725e-06,theta_2nd_v[50]= 3.04663,r_het_2nd_v[50] = 4.72498e-06,dTdr_v[50] = 3665.97,dTdr_het_v[50] = 3674.27,GT_het_v[50]=4.1372e-07,stat_hom_2nd_v[50]=9.963e+49


r_hom_v[51] = 4.6935e-06,theta_2nd_v[51]= 3.04655,r_het_2nd_v[51] = 4.69348e-06,dTdr_v[51] = 3789.32,dTdr_het_v[51] = 3797.91,GT_het_v[51]=4.26157e-07,stat_hom_2nd_v[51]=1.00046e+50


r_hom_v[52] = 4.662e-06,theta_2nd_v[52]= 3.04648,r_het_2nd_v[52] = 4.66198e-06,dTdr_v[52] = 3916.41,dTdr_het_v[52] = 3925.3,GT_het_v[52]=4.3879e-07,stat_hom_2nd_v[52]=1.00387e+50


r_hom_v[53] = 4.6305e-06,theta_2nd_v[53]= 3.04641,r_het_2nd_v[53] = 4.63048e-06,dTdr_v[53] = 4047.39,dTdr_het_v[53] = 4056.59,GT_het_v[53]=4.51622e-07,stat_hom_2nd_v[53]=1.00653e+50


r_hom_v[54] = 4.599e-06,theta_2nd_v[54]= 3.04636,r_het_2nd_v[54] = 4.59898e-06,dTdr_v[54] = 4182.4,dTdr_het_v[54] = 4191.92,GT_het_v[54]=4.64654e-07,stat_hom_2nd_v[54]=1.00841e+50


r_hom_v[55] = 4.5675e-06,theta_2nd_v[55]= 3.0463,r_het_2nd_v[55] = 4.56748e-06,dTdr_v[55] = 4321.58,dTdr_het_v[55] = 4331.42,GT_het_v[55]=4.77889e-07,stat_hom_2nd_v[55]=1.00954e+50


r_hom_v[56] = 4.536e-06,theta_2nd_v[56]= 3.04626,r_het_2nd_v[56] = 4.53598e-06,dTdr_v[56] = 4465.08,dTdr_het_v[56] = 4475.26,GT_het_v[56]=4.91328e-07,stat_hom_2nd_v[56]=1.00989e+50


r_hom_v[57] = 4.5045e-06,theta_2nd_v[57]= 3.04621,r_het_2nd_v[57] = 4.50448e-06,dTdr_v[57] = 4613.06,dTdr_het_v[57] = 4623.59,GT_het_v[57]=5.04973e-07,stat_hom_2nd_v[57]=1.00949e+50


r_hom_v[58] = 4.473e-06,theta_2nd_v[58]= 3.04618,r_het_2nd_v[58] = 4.47298e-06,dTdr_v[58] = 4765.69,dTdr_het_v[58] = 4776.58,GT_het_v[58]=5.18827e-07,stat_hom_2nd_v[58]=1.00832e+50


r_hom_v[59] = 4.4415e-06,theta_2nd_v[59]= 3.04615,r_het_2nd_v[59] = 4.44148e-06,dTdr_v[59] = 4923.15,dTdr_het_v[59] = 4934.41,GT_het_v[59]=5.32891e-07,stat_hom_2nd_v[59]=1.0064e+50


r_hom_v[60] = 4.41e-06,theta_2nd_v[60]= 3.04612,r_het_2nd_v[60] = 4.40998e-06,dTdr_v[60] = 5085.61,dTdr_het_v[60] = 5097.24,GT_het_v[60]=5.47169e-07,stat_hom_2nd_v[60]=1.00374e+50


r_hom_v[61] = 4.3785e-06,theta_2nd_v[61]= 3.0461,r_het_2nd_v[61] = 4.37848e-06,dTdr_v[61] = 5253.26,dTdr_het_v[61] = 5265.29,GT_het_v[61]=5.61663e-07,stat_hom_2nd_v[61]=1.00033e+50


r_hom_v[62] = 4.347e-06,theta_2nd_v[62]= 3.04608,r_het_2nd_v[62] = 4.34698e-06,dTdr_v[62] = 5426.31,dTdr_het_v[62] = 5438.73,GT_het_v[62]=5.76374e-07,stat_hom_2nd_v[62]=9.96194e+49


r_hom_v[63] = 4.3155e-06,theta_2nd_v[63]= 3.04607,r_het_2nd_v[63] = 4.31548e-06,dTdr_v[63] = 5604.95,dTdr_het_v[63] = 5617.79,GT_het_v[63]=5.91306e-07,stat_hom_2nd_v[63]=9.91342e+49


r_hom_v[64] = 4.284e-06,theta_2nd_v[64]= 3.04607,r_het_2nd_v[64] = 4.28398e-06,dTdr_v[64] = 5789.41,dTdr_het_v[64] = 5802.67,GT_het_v[64]=6.06462e-07,stat_hom_2nd_v[64]=9.85785e+49


r_hom_v[65] = 4.2525e-06,theta_2nd_v[65]= 3.04606,r_het_2nd_v[65] = 4.25248e-06,dTdr_v[65] = 5979.91,dTdr_het_v[65] = 5993.6,GT_het_v[65]=6.21845e-07,stat_hom_2nd_v[65]=9.79539e+49


r_hom_v[66] = 4.221e-06,theta_2nd_v[66]= 3.04607,r_het_2nd_v[66] = 4.22098e-06,dTdr_v[66] = 6176.68,dTdr_het_v[66] = 6190.83,GT_het_v[66]=6.37456e-07,stat_hom_2nd_v[66]=9.72619e+49


r_hom_v[67] = 4.1895e-06,theta_2nd_v[67]= 3.04608,r_het_2nd_v[67] = 4.18948e-06,dTdr_v[67] = 6379.98,dTdr_het_v[67] = 6394.59,GT_het_v[67]=6.53301e-07,stat_hom_2nd_v[67]=9.65043e+49


r_hom_v[68] = 4.158e-06,theta_2nd_v[68]= 3.04609,r_het_2nd_v[68] = 4.15798e-06,dTdr_v[68] = 6590.07,dTdr_het_v[68] = 6605.16,GT_het_v[68]=6.69381e-07,stat_hom_2nd_v[68]=9.5683e+49


r_hom_v[69] = 4.1265e-06,theta_2nd_v[69]= 3.04611,r_het_2nd_v[69] = 4.12648e-06,dTdr_v[69] = 6807.21,dTdr_het_v[69] = 6822.79,GT_het_v[69]=6.857e-07,stat_hom_2nd_v[69]=9.47998e+49


r_hom_v[70] = 4.095e-06,theta_2nd_v[70]= 3.04613,r_het_2nd_v[70] = 4.09498e-06,dTdr_v[70] = 7031.7,dTdr_het_v[70] = 7047.78,GT_het_v[70]=7.02262e-07,stat_hom_2nd_v[70]=9.38569e+49


r_hom_v[71] = 4.0635e-06,theta_2nd_v[71]= 3.04615,r_het_2nd_v[71] = 4.06348e-06,dTdr_v[71] = 7263.83,dTdr_het_v[71] = 7280.43,GT_het_v[71]=7.1907e-07,stat_hom_2nd_v[71]=9.28565e+49


r_hom_v[72] = 4.032e-06,theta_2nd_v[72]= 3.04618,r_het_2nd_v[72] = 4.03198e-06,dTdr_v[72] = 7503.91,dTdr_het_v[72] = 7521.05,GT_het_v[72]=7.36128e-07,stat_hom_2nd_v[72]=9.18008e+49


r_hom_v[73] = 4.0005e-06,theta_2nd_v[73]= 3.04622,r_het_2nd_v[73] = 4.00048e-06,dTdr_v[73] = 7752.28,dTdr_het_v[73] = 7769.97,GT_het_v[73]=7.5344e-07,stat_hom_2nd_v[73]=9.06922e+49


r_hom_v[74] = 3.969e-06,theta_2nd_v[74]= 3.04626,r_het_2nd_v[74] = 3.96898e-06,dTdr_v[74] = 8009.27,dTdr_het_v[74] = 8027.54,GT_het_v[74]=7.7101e-07,stat_hom_2nd_v[74]=8.95331e+49


r_hom_v[75] = 3.9375e-06,theta_2nd_v[75]= 3.0463,r_het_2nd_v[75] = 3.93748e-06,dTdr_v[75] = 8275.26,dTdr_het_v[75] = 8294.11,GT_het_v[75]=7.88843e-07,stat_hom_2nd_v[75]=8.8326e+49


r_hom_v[76] = 3.906e-06,theta_2nd_v[76]= 3.04635,r_het_2nd_v[76] = 3.90598e-06,dTdr_v[76] = 8550.62,dTdr_het_v[76] = 8570.08,GT_het_v[76]=8.06942e-07,stat_hom_2nd_v[76]=8.70736e+49


r_hom_v[77] = 3.8745e-06,theta_2nd_v[77]= 3.0464,r_het_2nd_v[77] = 3.87448e-06,dTdr_v[77] = 8835.75,dTdr_het_v[77] = 8855.84,GT_het_v[77]=8.25312e-07,stat_hom_2nd_v[77]=8.57783e+49




dTdr[73] = 7752.28[K/m],r_hom_v[73] = 4.0005e-06 [m]
dTdr[73.5] = 7902.38[K/m], r_hom_int[73.5] = 3.9821e-06 [m]
dTdr[74] = 8009.27[K/m], r_hom_v[74] = 3.969e-06 [m]


dTdr[73] = 7752.28[K/m],r_hom_2nd_v[73] = 4.0005e-06 [m]
dTdr[73.5] = 7902.38[K/m], r_hom_2nd_int[73.5] = 3.9821e-06 [m]
dTdr[74] = 8009.27[K/m], r_hom_2nd_v[74] = 3.969e-06 [m]


dTdr[73] = 7752.28[K/m],r_het_v[73] = 1.93327e-06 [m]
dTdr[73.5] = 7902.38[K/m], r_het_int[73.5] = 1.93141e-06 [m]
dTdr[74] = 8009.27[K/m], r_het_v[74] = 1.93007e-06 [m]


dTdr[73] = 7752.28[K/m],r_het_2nd_v[73] = 4.00048e-06 [m]
dTdr[73.5] = 7902.38[K/m], r_het_2nd_int[73.5] = 3.98208e-06 [m]
dTdr[74] = 8009.27[K/m], r_het_2nd_v[74] = 3.96898e-06 [m]


dTdr[73] = 7752.28[K/m], theta_v[73] = 0.949796 [rad]
dTdr[73.5] = 7902.38[K/m], theta_int[73.5] = 0.952871 [rad]
dTdr[74] = 8009.27[K/m], theta_v[74] = 0.95506 [rad]


dTdr[73] = 7752.28[K/m], theta_2nd_v[73] = 3.04622 [rad]
dTdr[73.5] = 7902.38[K/m], theta_2nd_int[73.5] = 3.04624 [rad]
dTdr[74] = 8009.27[K/m], theta_2nd_v[74] = 3.04626 [rad]


dTdr[73] = 7752.28[K/m], DT_v[73] = 0.779441 [K]
dTdr[73.5] = 7902.38[K/m], DT_int[73.5] = 0.79083 [K]
dTdr[74] = 8009.27[K/m], DT_v[74] = 0.79894 [K]


dTdr[73] = 7752.28[K/m], GT_hom_2nd_v[73] = 1.55908e-06 [m.K]
dTdr[73.5] = 7902.38[K/m], GT_hom_2nd_int[73.5] = 1.57451e-06 [m.K]
dTdr[74] = 8009.27[K/m], GT_hom_2nd_v[74] = 1.5855e-06 [m.K]


dTdr[73] = 7752.28[K/m], GT_hom_v[73] = 7.53446e-07 [m.K]
dTdr[73.5] = 7902.38[K/m], GT_hom_int[73.5] = 7.63708e-07 [m.K]
dTdr[74] = 8009.27[K/m], GT_hom_v[74] = 7.71016e-07 [m.K]


dTdr[73] = 7752.28[K/m], GT_het_v[73] = 7.5344e-07 [m.K]
dTdr[73.5] = 7902.38[K/m], GT_het_int[73.5] = 7.63702e-07 [m.K]
dTdr[74] = 8009.27[K/m], GT_het_v[74] = 7.7101e-07 [m.K]


dTdr[73] = 7752.28[K/m], GT_het_2nd_v[73] = 1.55909e-06 [m.K]
dTdr[73.5] = 7902.38[K/m], GT_het_2nd_int[73.5] = 1.57452e-06 [m.K]
dTdr[74] = 8009.27[K/m], GT_het_2nd_v[74] = 1.5855e-06 [m.K]


dTdr[73] = 7752.28[K/m], sigma_v[73] = 2.08001 [N.m^-1]
dTdr[73.5] = 7902.38[K/m], sigma_int[73.5] = -2.09008 [N.m^-1]
dTdr[74] = 8009.27[K/m], sigma_v[74] = 2.09724 [N.m^-1]


dTdr[73] = 7752.28[K/m], surface_stress_v[73] = -0.990011 [N.m^-1]
dTdr[73.5] = 7902.38[K/m], surface_stress_int[73.5] = -1.00008 [N.m^-1]
dTdr[74] = 8009.27[K/m], surface_stress_v[74] = -1.00724 [N.m^-1]


dTdr[73] = 7752.28[K/m], gam_hom_v[73] = 1.44385 [J.m^-2]
dTdr[73.5] = 7902.38[K/m], gam_hom_v[73.5] = 1.45814 [J.m^-2]
dTdr[74] = 8009.27[K/m], gam_hom_v[74] = 1.46832 [J.m^-2]


dTdr[73] = 7752.28[K/m], gam_het_v[73] = 0.651809 [J.m^-2]
dTdr[73.5] = 7902.38[K/m], gam_het_v[73.5] = 0.665586 [J.m^-2]
dTdr[74] = 8009.27[K/m], gam_het_v[74] = 0.675397 [J.m^-2]


dTdr[73] = 7752.28[K/m], gam_het_2nd_v[73] = 1.44383 [J.m^-2]
dTdr[73.5] = 7902.38[K/m], gam_het_2nd_v[73.5] = 1.45812 [J.m^-2]
dTdr[74] = 8009.27[K/m], gam_het_2nd_v[74] = 1.46829 [J.m^-2]


dTdr[73] = 7752.28[K/m], dfgamdr_hom_v[73] = -771832 [J.m^-3]
dTdr[73.5] = 7902.38[K/m], dfgamdr_hom_v[73.5] = -777538 [J.m^-3]
dTdr[74] = 8009.27[K/m], dfgamdr_hom_v[74] = -781602 [J.m^-3]


dTdr[73] = 7752.28[K/m], dfgamdr_het_v[73] = -348436 [J.m^-3]
dTdr[73.5] = 7902.38[K/m], dfgamdr_het_v[73.5] = -354912 [J.m^-3]
dTdr[74] = 8009.27[K/m], dfgamdr_het_v[74] = -359524 [J.m^-3]


dTdr[73] = 7752.28[K/m], dDeltaSvhomDTdr_v[73] = 7.07135e+08 [J.m^-4]
dTdr[73.5] = 7902.38[K/m], dDeltaSvhomDTdr_int[73.5] = 1.58703e+09 [J.m^-4]
dTdr[74] = 8009.27[K/m], dDeltaSvhomDTdr_v[74] = 2.21362e+09 [J.m^-4]


dTdr[73] = 7752.28[K/m], dDeltaSvhomDTdr_v[73] = 2.84005e+09 [J.m^-4]
dTdr[73.5] = 7902.38[K/m], dDeltaSvhomDTfthetadr_int[73.5] = 6.35974e+09 [J.m^-4]
dTdr[74] = 8009.27[K/m], dDeltaSvhomDTfthetadr_v[74] = 8.86618e+09 [J.m^-4]


dTdr[73] = 7752.28[K/m], DGc_hom_2nd_expr_v[73] = 9.67921e-11 [J]
dTdr[73.5] = 7902.38[K/m], dDGc_hom_2nd_expr_int[73.5] = 9.68482e-11 [J]
dTdr[74] = 8009.27[K/m], DGc_hom_2nd_expr_v[74] = 9.68882e-11 [J]


dTdr[73] = 7752.28[K/m], DGc_het_2nd_expr_v[73] = 9.67906e-11 [J]
dTdr[73.5] = 7902.38[K/m], dDGc_het_2nd_expr_int[73.5] = 9.68467e-11 [J]
dTdr[74] = 8009.27[K/m], DGc_het_2nd_expr_v[74] = 9.68867e-11 [J]
r_hom_int[73.5] = 3.9821e-06 [m], r_het_int[73.5] = 1.93141e-06 [m],  theta_int[73.5] = 0.952871 [rad], dTdr[73.5] = 7902.38 [K/m],  GT_hom_int[73.5] = 1.57451e-06 [m.K], GT_het_int[73.5] = 1.57452e-06 [m.K], sigma_int[73.5] = -2.09008 [N.m^-1], surface_stress_int[73.5] = -1.00008 [N.m^-1], gam_hom_v[73.5] = 1.45814 [J.m^-2],  dfgamdr_hom_v[73.5] = -777538 [J.m^-3]
925.32K, 7.44e-09 m^2/s
925.31K, 7.43987e-09 m^2/s
925.3K, 7.43973e-09 m^2/s
925.29K, 7.4396e-09 m^2/s
925.28K, 7.43946e-09 m^2/s
925.27K, 7.43933e-09 m^2/s
925.26K, 7.43919e-09 m^2/s
925.25K, 7.43906e-09 m^2/s
925.24K, 7.43892e-09 m^2/s
925.23K, 7.43879e-09 m^2/s
925.22K, 7.43865e-09 m^2/s
925.21K, 7.43852e-09 m^2/s
925.2K, 7.43839e-09 m^2/s
925.19K, 7.43825e-09 m^2/s
925.18K, 7.43812e-09 m^2/s
925.17K, 7.43798e-09 m^2/s
925.16K, 7.43785e-09 m^2/s
925.15K, 7.43771e-09 m^2/s
925.14K, 7.43758e-09 m^2/s
925.13K, 7.43744e-09 m^2/s
925.12K, 7.43731e-09 m^2/s
925.11K, 7.43717e-09 m^2/s
925.1K, 7.43704e-09 m^2/s
925.09K, 7.43691e-09 m^2/s
925.08K, 7.43677e-09 m^2/s
925.07K, 7.43664e-09 m^2/s
925.06K, 7.4365e-09 m^2/s
925.05K, 7.43637e-09 m^2/s
925.04K, 7.43623e-09 m^2/s
925.03K, 7.4361e-09 m^2/s
925.02K, 7.43596e-09 m^2/s
925.01K, 7.43583e-09 m^2/s
925K, 7.4357e-09 m^2/s
924.99K, 7.43556e-09 m^2/s
924.98K, 7.43543e-09 m^2/s
924.97K, 7.43529e-09 m^2/s
924.96K, 7.43516e-09 m^2/s
924.95K, 7.43502e-09 m^2/s
924.94K, 7.43489e-09 m^2/s
924.93K, 7.43475e-09 m^2/s
924.92K, 7.43462e-09 m^2/s
924.91K, 7.43448e-09 m^2/s
924.9K, 7.43435e-09 m^2/s
924.89K, 7.43422e-09 m^2/s
924.88K, 7.43408e-09 m^2/s
924.87K, 7.43395e-09 m^2/s
924.86K, 7.43381e-09 m^2/s
924.85K, 7.43368e-09 m^2/s
924.84K, 7.43354e-09 m^2/s
924.83K, 7.43341e-09 m^2/s
924.82K, 7.43327e-09 m^2/s
924.81K, 7.43314e-09 m^2/s
924.8K, 7.43301e-09 m^2/s
924.79K, 7.43287e-09 m^2/s
924.78K, 7.43274e-09 m^2/s
924.77K, 7.4326e-09 m^2/s
924.76K, 7.43247e-09 m^2/s
924.75K, 7.43233e-09 m^2/s
924.74K, 7.4322e-09 m^2/s
924.73K, 7.43206e-09 m^2/s
924.72K, 7.43193e-09 m^2/s
924.71K, 7.43179e-09 m^2/s
924.7K, 7.43166e-09 m^2/s
924.69K, 7.43153e-09 m^2/s
924.68K, 7.43139e-09 m^2/s
924.67K, 7.43126e-09 m^2/s
924.66K, 7.43112e-09 m^2/s
924.65K, 7.43099e-09 m^2/s
924.64K, 7.43085e-09 m^2/s
924.63K, 7.43072e-09 m^2/s
924.62K, 7.43058e-09 m^2/s
924.61K, 7.43045e-09 m^2/s
924.6K, 7.43032e-09 m^2/s
924.59K, 7.43018e-09 m^2/s
924.58K, 7.43005e-09 m^2/s
924.57K, 7.42991e-09 m^2/s
924.56K, 7.42978e-09 m^2/s
924.55K, 7.42964e-09 m^2/s
924.54K, 7.42951e-09 m^2/s
924.53K, 7.42937e-09 m^2/s
924.52K, 7.42924e-09 m^2/s
924.51K, 7.42911e-09 m^2/s
924.5K, 7.42897e-09 m^2/s
924.49K, 7.42884e-09 m^2/s
924.48K, 7.4287e-09 m^2/s
924.47K, 7.42857e-09 m^2/s
924.46K, 7.42843e-09 m^2/s
924.45K, 7.4283e-09 m^2/s
924.44K, 7.42816e-09 m^2/s
924.43K, 7.42803e-09 m^2/s
924.42K, 7.4279e-09 m^2/s
924.41K, 7.42776e-09 m^2/s
924.4K, 7.42763e-09 m^2/s
924.39K, 7.42749e-09 m^2/s
924.38K, 7.42736e-09 m^2/s
924.37K, 7.42722e-09 m^2/s
924.36K, 7.42709e-09 m^2/s
924.35K, 7.42695e-09 m^2/s
924.34K, 7.42682e-09 m^2/s
924.33K, 7.42669e-09 m^2/s
