
***************************************************************
*                 Welcome to use GPUMD                        *
*     (Graphics Processing Units Molecular Dynamics)          *
*                     version 5.9                             *
*              This is the gpumd executable                   *
***************************************************************


---------------------------------------------------------------
Compiling options:
---------------------------------------------------------------

DEBUG is off: Use different PRNG seeds for different runs.

---------------------------------------------------------------
GPU information:
---------------------------------------------------------------

number of GPUs = 1
Device id:                   0
    Device name:             NVIDIA GeForce RTX 4050 Laptop GPU
    Compute capability:      8.9
    Amount of global memory: 5.99658 GB
    Number of SMs:           20

---------------------------------------------------------------
Started running GPUMD.
---------------------------------------------------------------


---------------------------------------------------------------
Started initializing positions and related parameters.
---------------------------------------------------------------

Number of atoms is 8192.
Use periodic boundary conditions along x.
Use periodic boundary conditions along y.
Use periodic boundary conditions along z.
Box matrix h = [a, b, c] is
    3.2400000000e+01    0.0000000000e+00    0.0000000000e+00
    0.0000000000e+00    3.2400000000e+01    0.0000000000e+00
    0.0000000000e+00    0.0000000000e+00    1.2960000000e+02
Inverse box matrix g = inv(h) is
    3.0864197531e-02    0.0000000000e+00    0.0000000000e+00
    0.0000000000e+00    3.0864197531e-02    0.0000000000e+00
    0.0000000000e+00    0.0000000000e+00    7.7160493827e-03
Do not specify initial velocities here.
Have 1 grouping method(s).
Active atom types for this simulation:
    type 0 = Al.
    Atom type indices in run.in refer to the active atom types above.
There are 2 groups of atoms in grouping method 0.
    4096 atoms in group 0.
    4096 atoms in group 1.
There is only one atom type.
    8192 atoms of type 0.
Initialized velocities with default T = 300 K.

---------------------------------------------------------------
Finished initializing positions and related parameters.
---------------------------------------------------------------


---------------------------------------------------------------
Started executing the commands in run.in.
---------------------------------------------------------------

Use the NEP4 potential with 1 atom type.
    type 0 (Al with Z = 13).
    has the universal ZBL with inner cutoff 1 A and outer cutoff 2 A.
    radial cutoff = 6 A.
    angular cutoff = 5 A.
    MN_radial = 274.
    enlarged MN_radial = 343.
    enlarged MN_angular = 198.
    n_max_radial = 4.
    n_max_angular = 4.
    basis_size_radial = 8.
    basis_size_angular = 8.
    l_max_3body = 4.
    has_q_222 = 2.
    has_q_1111 = 1.
    has_q_112 = 0.
    has_q_123 = 0.
    has_q_233 = 0.
    has_q_134 = 0.
    ANN = 35-80-1.
    number of neural network parameters = 2961.
    number of descriptor parameters = 90.
    total number of parameters = 3051.
Initialized velocities with input T = 925 K.
Time step for this run is 2 fs.
Use Nose-Hoover thermostat and Parrinello-Rahman barostat.
Use NPT ensemble for this run.
Thermostat: t_start is 925.000000, t_stop is 925.000000, t_period is 100.000000 timesteps
xx : p_start is 0.000000, p_stop is 0.000000, p_period is 1000.000000 timesteps
xy will not be changed.
xz will not be changed.
yx will not be changed.
yy : p_start is 0.000000, p_stop is 0.000000, p_period is 1000.000000 timesteps
yz will not be changed.
zx will not be changed.
zy will not be changed.
zz : p_start is 0.000000, p_stop is 0.000000, p_period is 1000.000000 timesteps
Dump thermo every 1000 steps.
Run 5000 steps.
MTTK initializing...
    500 steps completed.
    1000 steps completed.
    1500 steps completed.
    2000 steps completed.
    2500 steps completed.
    3000 steps completed.
    3500 steps completed.
    4000 steps completed.
    4500 steps completed.
    5000 steps completed.

---------------------------------------------------------------
Time used for this run = 10.0177 second.
Speed of this run = 4.08875e+06 atom*step/second.
---------------------------------------------------------------

Group 0 in grouping method 0 will be fixed.
Use NVT ensemble for this run.
    choose the Bussi-Donadio-Parrinello method.
    initial temperature is 1700 K.
    final temperature is 1700 K.
    tau_T is 100 time_step.
Dump thermo every 1000 steps.
Run 5000 steps.
    500 steps completed.
    1000 steps completed.
    1500 steps completed.
    2000 steps completed.
    2500 steps completed.
    3000 steps completed.
    3500 steps completed.
    4000 steps completed.
    4500 steps completed.
    5000 steps completed.

---------------------------------------------------------------
Time used for this run = 9.31722 second.
Speed of this run = 4.39616e+06 atom*step/second.
---------------------------------------------------------------

Group 0 in grouping method 0 will be fixed.
Use NVT ensemble for this run.
    choose the Bussi-Donadio-Parrinello method.
    initial temperature is 925 K.
    final temperature is 925 K.
    tau_T is 100 time_step.
Dump thermo every 1000 steps.
Run 5000 steps.
    500 steps completed.
    1000 steps completed.
    1500 steps completed.
    2000 steps completed.
    2500 steps completed.
    3000 steps completed.
    3500 steps completed.
    4000 steps completed.
    4500 steps completed.
    5000 steps completed.

---------------------------------------------------------------
Time used for this run = 9.44744 second.
Speed of this run = 4.33557e+06 atom*step/second.
---------------------------------------------------------------

Use Nose-Hoover thermostat and Parrinello-Rahman barostat.
Use NPT ensemble for this run.
Thermostat: t_start is 925.000000, t_stop is 925.000000, t_period is 100.000000 timesteps
xx will not be changed.
xy will not be changed.
xz will not be changed.
yx will not be changed.
yy will not be changed.
yz will not be changed.
zx will not be changed.
zy will not be changed.
zz : p_start is 0.000000, p_stop is 0.000000, p_period is 1000.000000 timesteps
Dump thermo every 1000 steps.
Run 2500 steps.
MTTK initializing...
    250 steps completed.
    500 steps completed.
    750 steps completed.
    1000 steps completed.
    1250 steps completed.
    1500 steps completed.
    1750 steps completed.
    2000 steps completed.
    2250 steps completed.
    2500 steps completed.

---------------------------------------------------------------
Time used for this run = 5.20386 second.
Speed of this run = 3.93554e+06 atom*step/second.
---------------------------------------------------------------

Use Nose-Hoover thermostat and Parrinello-Rahman barostat.
Use NPT ensemble for this run.
Thermostat: t_start is 925.000000, t_stop is 925.000000, t_period is 100.000000 timesteps
xx will not be changed.
xy will not be changed.
xz will not be changed.
yx will not be changed.
yy will not be changed.
yz will not be changed.
zx will not be changed.
zy will not be changed.
zz : p_start is 0.000000, p_stop is 0.000000, p_period is 1000.000000 timesteps
Dump extended XYZ.
    every 1000 steps.
    into file prod.xyz.
    for the whole system.
Dump thermo every 1000 steps.
Run 50000 steps.
MTTK initializing...
    5000 steps completed.
    10000 steps completed.
    15000 steps completed.
    20000 steps completed.
    25000 steps completed.
    30000 steps completed.
    35000 steps completed.
    40000 steps completed.
    45000 steps completed.
    50000 steps completed.

---------------------------------------------------------------
Time used for this run = 111.273 second.
Speed of this run = 3.68104e+06 atom*step/second.
---------------------------------------------------------------


---------------------------------------------------------------
Finished executing the commands in run.in.
---------------------------------------------------------------


---------------------------------------------------------------
Time used = 146.032364 s.
---------------------------------------------------------------


---------------------------------------------------------------
Finished running GPUMD.
---------------------------------------------------------------

