# dump_thermo 1000
# format_version 1
# num_atoms 8192
# dt_output 2.0000000000e+03 fs
# columns T KE PE sxx syy szz syz sxz sxy ax ay az bx by bz cx cy cz
    6.4246960032e+02    6.8031048659e+02   -3.2232344671e+04    8.8299906482e-02    1.1153403192e-01    1.1689995434e-01   -1.3712401756e-03   -5.6862705740e-03    1.4435357089e-02    3.2346902156e+01    0.0000000000e+00    0.0000000000e+00    0.0000000000e+00    3.2343947730e+01    0.0000000000e+00    0.0000000000e+00    0.0000000000e+00    1.2947913303e+02
    7.8860664876e+02    8.3505487681e+02   -3.2042928913e+04    5.6669874813e-02    1.7997082853e-03    7.7518120970e-02   -2.6140706455e-02   -6.0229497912e-02   -2.2950105426e-02    3.2503321371e+01    0.0000000000e+00    0.0000000000e+00    0.0000000000e+00    3.2489707200e+01    0.0000000000e+00    0.0000000000e+00    0.0000000000e+00    1.2990730722e+02
    8.7082321105e+02    9.2211392127e+02   -3.1886078026e+04   -4.3116538163e-02   -1.3709121862e-01   -6.7160847590e-03    1.0371351665e-03   -1.8919147305e-02    2.0587089360e-02    3.2618230434e+01    0.0000000000e+00    0.0000000000e+00    0.0000000000e+00    3.2648824299e+01    0.0000000000e+00    0.0000000000e+00    0.0000000000e+00    1.3027716059e+02
    9.3489228031e+02    9.8995660155e+02   -3.1831706383e+04    3.9000733633e-02    4.9020224314e-02    9.6158091527e-02    2.9385388557e-02   -1.8968402763e-02   -1.7959808203e-03    3.2687981103e+01    0.0000000000e+00    0.0000000000e+00    0.0000000000e+00    3.2663062769e+01    0.0000000000e+00    0.0000000000e+00    0.0000000000e+00    1.3019714541e+02
    9.1046127244e+02    9.6408662911e+02   -3.1819066700e+04   -4.0442783545e-02   -4.0794364841e-03    3.3127675981e-02   -3.9504050117e-02   -5.4284529229e-03    6.0310383581e-02    3.2675139257e+01    0.0000000000e+00    0.0000000000e+00    0.0000000000e+00    3.2666289211e+01    0.0000000000e+00    0.0000000000e+00    0.0000000000e+00    1.3044820897e+02
# dump_thermo 1000
# format_version 1
# num_atoms 8192
# dt_output 2.0000000000e+03 fs
# columns T KE PE sxx syy szz syz sxz sxy ax ay az bx by bz cx cy cz
    1.6237944346e+03    8.5971723908e+02   -3.1157834673e+04    2.8237453006e+00    2.9417701846e+00    2.8796455072e+00   -1.8792566079e-02    5.8312719349e-02    2.7251282517e-02    3.2675139257e+01    0.0000000000e+00    0.0000000000e+00    0.0000000000e+00    3.2666289211e+01    0.0000000000e+00    0.0000000000e+00    0.0000000000e+00    1.3044820897e+02
    1.6688692655e+03    8.8358208818e+02   -3.1061209272e+04    3.4401800548e+00    3.2543056136e+00    3.3901134012e+00    2.5935749878e-02    2.9270681987e-02    1.6422955044e-02    3.2675139257e+01    0.0000000000e+00    0.0000000000e+00    0.0000000000e+00    3.2666289211e+01    0.0000000000e+00    0.0000000000e+00    0.0000000000e+00    1.3044820897e+02
    1.7344770856e+03    9.1831811927e+02   -3.1082600029e+04    3.2118820930e+00    3.2528387090e+00    3.3499723649e+00   -2.0464106293e-02    6.5670717429e-02    3.6195078172e-02    3.2675139257e+01    0.0000000000e+00    0.0000000000e+00    0.0000000000e+00    3.2666289211e+01    0.0000000000e+00    0.0000000000e+00    0.0000000000e+00    1.3044820897e+02
    1.6788857378e+03    8.8888530498e+02   -3.1084941481e+04    3.2540144132e+00    3.1361742500e+00    3.3600245531e+00    2.7350448616e-02    3.4518475004e-04    1.6459156189e-02    3.2675139257e+01    0.0000000000e+00    0.0000000000e+00    0.0000000000e+00    3.2666289211e+01    0.0000000000e+00    0.0000000000e+00    0.0000000000e+00    1.3044820897e+02
    1.7081722366e+03    9.0439102870e+02   -3.1085717239e+04    3.2002896987e+00    3.1554812020e+00    3.4507767529e+00   -3.6710414776e-02   -1.1459070370e-03    1.0326030364e-01    3.2675139257e+01    0.0000000000e+00    0.0000000000e+00    0.0000000000e+00    3.2666289211e+01    0.0000000000e+00    0.0000000000e+00    0.0000000000e+00    1.3044820897e+02
# dump_thermo 1000
# format_version 1
# num_atoms 8192
# dt_output 2.0000000000e+03 fs
# columns T KE PE sxx syy szz syz sxz sxy ax ay az bx by bz cx cy cz
    9.1166495495e+02    4.8268060372e+02   -3.1510431784e+04    1.1767094676e+00    1.1100589137e+00    1.2307271964e+00    2.7981607135e-02    2.4501361003e-02    3.4869407387e-02    3.2675139257e+01    0.0000000000e+00    0.0000000000e+00    0.0000000000e+00    3.2666289211e+01    0.0000000000e+00    0.0000000000e+00    0.0000000000e+00    1.3044820897e+02
    9.3118856565e+02    4.9301737070e+02   -3.1520433208e+04    1.1242661792e+00    1.1032998232e+00    1.1840804515e+00   -1.9205774486e-02    1.7683413883e-02    6.9890061830e-03    3.2675139257e+01    0.0000000000e+00    0.0000000000e+00    0.0000000000e+00    3.2666289211e+01    0.0000000000e+00    0.0000000000e+00    0.0000000000e+00    1.3044820897e+02
    9.3137559135e+02    4.9311639137e+02   -3.1556159513e+04    9.3444430108e-01    8.9395347281e-01    1.0574218168e+00   -5.3124384360e-02    2.8521321101e-02    1.6344359746e-02    3.2675139257e+01    0.0000000000e+00    0.0000000000e+00    0.0000000000e+00    3.2666289211e+01    0.0000000000e+00    0.0000000000e+00    0.0000000000e+00    1.3044820897e+02
    9.4358699513e+02    4.9958171366e+02   -3.1573904131e+04    8.6167411444e-01    8.4225398409e-01    9.3915807588e-01    3.5696735673e-02    4.4123243445e-02    6.2654427625e-02    3.2675139257e+01    0.0000000000e+00    0.0000000000e+00    0.0000000000e+00    3.2666289211e+01    0.0000000000e+00    0.0000000000e+00    0.0000000000e+00    1.3044820897e+02
    9.3345015838e+02    4.9421476996e+02   -3.1598900154e+04    7.4021215919e-01    6.4189440379e-01    9.1836006236e-01   -2.9017719403e-02    1.3819640543e-02    4.3112579305e-02    3.2675139257e+01    0.0000000000e+00    0.0000000000e+00    0.0000000000e+00    3.2666289211e+01    0.0000000000e+00    0.0000000000e+00    0.0000000000e+00    1.3044820897e+02
# dump_thermo 1000
# format_version 1
# num_atoms 8192
# dt_output 2.0000000000e+03 fs
# columns T KE PE sxx syy szz syz sxz sxy ax ay az bx by bz cx cy cz
    8.5554500910e+02    9.0593584686e+02   -3.1631452467e+04   -3.9952694235e-01   -3.7218730346e-01   -2.0786842737e-02    2.2223650743e-02    1.6757264215e-02    9.2778120999e-02    3.2675139257e+01    0.0000000000e+00    0.0000000000e+00    0.0000000000e+00    3.2666289211e+01    0.0000000000e+00    0.0000000000e+00    0.0000000000e+00    1.3313922272e+02
    8.8672752484e+02    9.3895498495e+02   -3.1472958908e+04   -3.1512765759e-01   -3.3034544002e-01   -1.1880937619e-01   -7.2007511741e-02   -3.0662728981e-03   -7.4678390376e-03    3.2675139257e+01    0.0000000000e+00    0.0000000000e+00    0.0000000000e+00    3.2666289211e+01    0.0000000000e+00    0.0000000000e+00    0.0000000000e+00    1.3478153171e+02
# dump_thermo 1000
# format_version 1
# num_atoms 8192
# dt_output 2.0000000000e+03 fs
# columns T KE PE sxx syy szz syz sxz sxy ax ay az bx by bz cx cy cz
    9.3538373861e+02    9.9047700630e+02   -3.1455134304e+04   -2.9717129483e-01   -3.3644672769e-01   -1.9611317818e-01    4.2073860424e-02   -6.3121601255e-02   -3.6862815155e-03    3.2675139257e+01    0.0000000000e+00    0.0000000000e+00    0.0000000000e+00    3.2666289211e+01    0.0000000000e+00    0.0000000000e+00    0.0000000000e+00    1.3488090690e+02
    9.3479731127e+02    9.8985603891e+02   -3.1483088781e+04   -1.3995337661e-01   -1.8504983550e-01   -4.2496214732e-02    4.7458727619e-02    6.3578403608e-02   -7.1824137372e-02    3.2675139257e+01    0.0000000000e+00    0.0000000000e+00    0.0000000000e+00    3.2666289211e+01    0.0000000000e+00    0.0000000000e+00    0.0000000000e+00    1.3423148787e+02
    9.2140844622e+02    9.7567858166e+02   -3.1490064997e+04    3.6838875143e-02    1.2096019165e-02    1.8898183161e-02    6.7954408448e-03   -6.6364672167e-03   -6.5621003775e-02    3.2675139257e+01    0.0000000000e+00    0.0000000000e+00    0.0000000000e+00    3.2666289211e+01    0.0000000000e+00    0.0000000000e+00    0.0000000000e+00    1.3372541872e+02
    9.3162137343e+02    9.8649304117e+02   -3.1470735151e+04   -1.5869990520e-01    3.2231072157e-02   -9.7736674090e-02   -1.9833052643e-02   -5.7787886079e-02    9.3541753067e-02    3.2675139257e+01    0.0000000000e+00    0.0000000000e+00    0.0000000000e+00    3.2666289211e+01    0.0000000000e+00    0.0000000000e+00    0.0000000000e+00    1.3414130942e+02
    9.2815053739e+02    9.8281777599e+02   -3.1451723799e+04   -1.6205987470e-01   -1.4374875017e-01   -1.9335956129e-01   -1.5776286789e-02   -2.2125251391e-02    3.0187202940e-02    3.2675139257e+01    0.0000000000e+00    0.0000000000e+00    0.0000000000e+00    3.2666289211e+01    0.0000000000e+00    0.0000000000e+00    0.0000000000e+00    1.3450181432e+02
    9.1944574981e+02    9.7360028418e+02   -3.1472087503e+04    8.0628630919e-02    7.8812748502e-03    6.2863665001e-02   -2.8591409309e-02    3.0391803712e-02   -4.2707955278e-02    3.2675139257e+01    0.0000000000e+00    0.0000000000e+00    0.0000000000e+00    3.2666289211e+01    0.0000000000e+00    0.0000000000e+00    0.0000000000e+00    1.3389237476e+02
    9.2085765300e+02    9.7509534721e+02   -3.1461494337e+04   -1.2821605412e-01   -3.8000739250e-02   -4.0135188542e-02    2.1382866706e-02   -2.0103274853e-02   -5.0527045086e-02    3.2675139257e+01    0.0000000000e+00    0.0000000000e+00    0.0000000000e+00    3.2666289211e+01    0.0000000000e+00    0.0000000000e+00    0.0000000000e+00    1.3414900155e+02
    9.0552290267e+02    9.5885739377e+02   -3.1463057493e+04    9.1442736911e-03   -5.8224310169e-02   -2.6499828230e-02    1.7763976185e-02   -1.1640574408e-02   -5.2677615675e-02    3.2675139257e+01    0.0000000000e+00    0.0000000000e+00    0.0000000000e+00    3.2666289211e+01    0.0000000000e+00    0.0000000000e+00    0.0000000000e+00    1.3403427036e+02
    9.2070583311e+02    9.7493458526e+02   -3.1473210855e+04   -4.2121035735e-02   -4.3936639542e-02    5.9511534604e-02   -2.4105853929e-02   -2.5358098146e-02    1.0035130510e-03    3.2675139257e+01    0.0000000000e+00    0.0000000000e+00    0.0000000000e+00    3.2666289211e+01    0.0000000000e+00    0.0000000000e+00    0.0000000000e+00    1.3395750177e+02
    9.2246166396e+02    9.7679383299e+02   -3.1460828527e+04    6.6823882012e-02    9.3943538297e-02    3.5486632709e-02   -1.9533973762e-02   -5.0899795314e-02    4.8175521182e-03    3.2675139257e+01    0.0000000000e+00    0.0000000000e+00    0.0000000000e+00    3.2666289211e+01    0.0000000000e+00    0.0000000000e+00    0.0000000000e+00    1.3390315574e+02
    9.2791750636e+02    9.8257101963e+02   -3.1486151670e+04    1.7293059811e-02    6.1648163446e-02    3.8110987772e-02   -5.9346051406e-02    5.1653795281e-02    3.7488774597e-02    3.2675139257e+01    0.0000000000e+00    0.0000000000e+00    0.0000000000e+00    3.2666289211e+01    0.0000000000e+00    0.0000000000e+00    0.0000000000e+00    1.3374629074e+02
    9.2204195930e+02    9.7634940810e+02   -3.1485108368e+04   -4.6245188614e-02    7.5510582013e-02    5.7219124752e-02   -2.3627413753e-02    4.0232978822e-02    3.0046679384e-02    3.2675139257e+01    0.0000000000e+00    0.0000000000e+00    0.0000000000e+00    3.2666289211e+01    0.0000000000e+00    0.0000000000e+00    0.0000000000e+00    1.3374062457e+02
    9.2358548088e+02    9.7798384172e+02   -3.1487917437e+04   -4.9656429057e-02   -1.3033815770e-01   -1.2541086546e-01    5.4773978572e-02    3.4104661767e-02    3.5455489925e-02    3.2675139257e+01    0.0000000000e+00    0.0000000000e+00    0.0000000000e+00    3.2666289211e+01    0.0000000000e+00    0.0000000000e+00    0.0000000000e+00    1.3395260777e+02
    9.1849649017e+02    9.7259511400e+02   -3.1494033995e+04   -8.5416498747e-02   -1.7300343463e-01   -1.8925293065e-01    5.2314976061e-03   -2.0476618606e-02   -5.7946603548e-02    3.2675139257e+01    0.0000000000e+00    0.0000000000e+00    0.0000000000e+00    3.2666289211e+01    0.0000000000e+00    0.0000000000e+00    0.0000000000e+00    1.3399877066e+02
    9.1253703806e+02    9.6628465548e+02   -3.1492957146e+04   -7.4354251006e-03   -1.0216916025e-01    1.7672033841e-02    3.8638307075e-02    1.3139657560e-03    5.7772178722e-02    3.2675139257e+01    0.0000000000e+00    0.0000000000e+00    0.0000000000e+00    3.2666289211e+01    0.0000000000e+00    0.0000000000e+00    0.0000000000e+00    1.3371014640e+02
    9.2835717902e+02    9.8303658862e+02   -3.1475039385e+04   -4.9623062059e-03   -5.2042455046e-02    6.7925776538e-02   -1.0034161276e-01   -9.9257079412e-02    1.2035983379e-02    3.2675139257e+01    0.0000000000e+00    0.0000000000e+00    0.0000000000e+00    3.2666289211e+01    0.0000000000e+00    0.0000000000e+00    0.0000000000e+00    1.3390452288e+02
    9.1875322420e+02    9.7286696943e+02   -3.1477434921e+04   -1.5466560774e-02   -4.3687942131e-03    5.0522081708e-02    5.6978945003e-02   -2.5724060129e-02   -8.5571835449e-02    3.2675139257e+01    0.0000000000e+00    0.0000000000e+00    0.0000000000e+00    3.2666289211e+01    0.0000000000e+00    0.0000000000e+00    0.0000000000e+00    1.3378567680e+02
    9.1138950456e+02    9.6506953327e+02   -3.1491785067e+04   -1.2339123105e-01   -7.0074448220e-02   -1.4618723737e-01   -9.5192416549e-03    6.3412647097e-02    5.1708891386e-03    3.2675139257e+01    0.0000000000e+00    0.0000000000e+00    0.0000000000e+00    3.2666289211e+01    0.0000000000e+00    0.0000000000e+00    0.0000000000e+00    1.3390835221e+02
    9.2312801380e+02    9.7749943023e+02   -3.1475070568e+04   -2.7126587862e-02    7.1516229913e-02   -2.2764243767e-02   -7.4810688677e-02   -4.6739166996e-02    6.5972127826e-03    3.2675139257e+01    0.0000000000e+00    0.0000000000e+00    0.0000000000e+00    3.2666289211e+01    0.0000000000e+00    0.0000000000e+00    0.0000000000e+00    1.3385466445e+02
    9.3914863179e+02    9.9446364833e+02   -3.1473050291e+04   -2.8753794230e-02   -1.0624573975e-01   -6.5046830246e-02   -4.2519857193e-03   -8.2421195349e-03   -6.3534497537e-02    3.2675139257e+01    0.0000000000e+00    0.0000000000e+00    0.0000000000e+00    3.2666289211e+01    0.0000000000e+00    0.0000000000e+00    0.0000000000e+00    1.3401937165e+02
    9.2951728913e+02    9.8426502818e+02   -3.1510112221e+04   -1.2120876751e-01   -6.1069928929e-02   -4.1962549595e-02    2.2376026690e-02    3.7446361915e-02   -3.8421177162e-02    3.2675139257e+01    0.0000000000e+00    0.0000000000e+00    0.0000000000e+00    3.2666289211e+01    0.0000000000e+00    0.0000000000e+00    0.0000000000e+00    1.3368897120e+02
    9.4103483241e+02    9.9646094448e+02   -3.1485064133e+04   -1.1806766453e-02   -2.4026200859e-03   -1.2442050309e-02    3.9769544328e-02   -6.5486337885e-02    1.2824269976e-03    3.2675139257e+01    0.0000000000e+00    0.0000000000e+00    0.0000000000e+00    3.2666289211e+01    0.0000000000e+00    0.0000000000e+00    0.0000000000e+00    1.3379118709e+02
    9.3405921068e+02    9.8907446485e+02   -3.1504740416e+04    4.9595457467e-02   -1.7023109616e-02    4.8635540590e-02   -5.8555019073e-02   -8.7292867165e-02    2.6748778384e-02    3.2675139257e+01    0.0000000000e+00    0.0000000000e+00    0.0000000000e+00    3.2666289211e+01    0.0000000000e+00    0.0000000000e+00    0.0000000000e+00    1.3359136884e+02
    9.3190144393e+02    9.8678960757e+02   -3.1473090456e+04   -3.0365828369e-02   -2.7794139119e-02    1.5210550341e-02   -4.0743377365e-03    7.3118961698e-02    2.1804940382e-02    3.2675139257e+01    0.0000000000e+00    0.0000000000e+00    0.0000000000e+00    3.2666289211e+01    0.0000000000e+00    0.0000000000e+00    0.0000000000e+00    1.3390410728e+02
    9.3000752104e+02    9.8478413432e+02   -3.1485938002e+04   -6.7503985198e-02   -3.9095572210e-02    4.3918242862e-02    5.1222069967e-03    1.7668222173e-02   -2.4347548494e-02    3.2675139257e+01    0.0000000000e+00    0.0000000000e+00    0.0000000000e+00    3.2666289211e+01    0.0000000000e+00    0.0000000000e+00    0.0000000000e+00    1.3381414372e+02
    9.2238492840e+02    9.7671257777e+02   -3.1479839680e+04   -1.2112192088e-01   -1.6625107906e-02    3.4949818231e-02    4.5838511641e-02    1.7004551550e-03   -2.2129028438e-02    3.2675139257e+01    0.0000000000e+00    0.0000000000e+00    0.0000000000e+00    3.2666289211e+01    0.0000000000e+00    0.0000000000e+00    0.0000000000e+00    1.3389167084e+02
    9.0982132339e+02    9.6340898763e+02   -3.1490520256e+04    3.7941327458e-02    5.1198045999e-02    1.8635226389e-02   -9.1472458675e-02   -6.6620457632e-02   -2.5948944530e-03    3.2675139257e+01    0.0000000000e+00    0.0000000000e+00    0.0000000000e+00    3.2666289211e+01    0.0000000000e+00    0.0000000000e+00    0.0000000000e+00    1.3363051221e+02
    9.0799367289e+02    9.6147369015e+02   -3.1496821018e+04   -7.3390462489e-02   -1.2854607296e-01   -1.0861566613e-01   -2.9285292972e-02   -7.3637243022e-03    5.9304116888e-03    3.2675139257e+01    0.0000000000e+00    0.0000000000e+00    0.0000000000e+00    3.2666289211e+01    0.0000000000e+00    0.0000000000e+00    0.0000000000e+00    1.3385472113e+02
    9.2410012356e+02    9.7852879640e+02   -3.1488181253e+04   -1.3726178162e-01   -1.7707492151e-01   -8.6176996337e-02    4.9738906472e-02   -1.6239350590e-02    8.7205029579e-04    3.2675139257e+01    0.0000000000e+00    0.0000000000e+00    0.0000000000e+00    3.2666289211e+01    0.0000000000e+00    0.0000000000e+00    0.0000000000e+00    1.3404823008e+02
    9.2450642159e+02    9.7895902501e+02   -3.1491666843e+04    1.1206946234e-01    6.3799904333e-02    8.7092438158e-02    6.8696333127e-03    2.2598884409e-02   -2.8655048858e-03    3.2675139257e+01    0.0000000000e+00    0.0000000000e+00    0.0000000000e+00    3.2666289211e+01    0.0000000000e+00    0.0000000000e+00    0.0000000000e+00    1.3357715331e+02
    9.2196700078e+02    9.7627003458e+02   -3.1507244427e+04   -2.4787418977e-02   -5.1668990928e-03    7.0023205239e-02   -9.7772559856e-02   -5.0511431513e-02   -2.3200364772e-02    3.2675139257e+01    0.0000000000e+00    0.0000000000e+00    0.0000000000e+00    3.2666289211e+01    0.0000000000e+00    0.0000000000e+00    0.0000000000e+00    1.3355532368e+02
    9.3705898736e+02    9.9225092571e+02   -3.1473419809e+04   -6.6061561456e-02    2.0032599199e-02   -4.6059377587e-02    3.1493932633e-02    5.2055584003e-02   -2.9048828794e-02    3.2675139257e+01    0.0000000000e+00    0.0000000000e+00    0.0000000000e+00    3.2666289211e+01    0.0000000000e+00    0.0000000000e+00    0.0000000000e+00    1.3397008339e+02
    9.2472716662e+02    9.7919277173e+02   -3.1483463371e+04   -1.2777668577e-01   -1.1304739906e-01   -6.5544764652e-02    4.6530527642e-02   -8.4675879985e-02    2.7123748242e-02    3.2675139257e+01    0.0000000000e+00    0.0000000000e+00    0.0000000000e+00    3.2666289211e+01    0.0000000000e+00    0.0000000000e+00    0.0000000000e+00    1.3402970439e+02
    9.1456770598e+02    9.6843492793e+02   -3.1470910347e+04   -1.8337497019e-01   -8.1389213415e-02   -1.7936541769e-01   -5.8165007568e-02    5.2207657430e-02   -5.5229356672e-02    3.2675139257e+01    0.0000000000e+00    0.0000000000e+00    0.0000000000e+00    3.2666289211e+01    0.0000000000e+00    0.0000000000e+00    0.0000000000e+00    1.3421180839e+02
    9.3000783013e+02    9.8478446161e+02   -3.1479774071e+04   -1.6614640022e-02   -1.3206622975e-01   -8.2047357824e-02   -4.1833001442e-02    5.7107717321e-02   -1.1561755820e-03    3.2675139257e+01    0.0000000000e+00    0.0000000000e+00    0.0000000000e+00    3.2666289211e+01    0.0000000000e+00    0.0000000000e+00    0.0000000000e+00    1.3398585288e+02
    9.2467823486e+02    9.7914095793e+02   -3.1479641008e+04   -2.4852727997e-02    3.7475578577e-03   -3.9889418253e-02    7.3188638917e-02   -9.8940390195e-02   -2.7652264260e-03    3.2675139257e+01    0.0000000000e+00    0.0000000000e+00    0.0000000000e+00    3.2666289211e+01    0.0000000000e+00    0.0000000000e+00    0.0000000000e+00    1.3388823241e+02
    9.1663052079e+02    9.7061924068e+02   -3.1472996019e+04   -1.3383925323e-02    9.9336810535e-05   -8.7311089547e-02    3.2021079835e-02   -6.1297092562e-02    5.7436894876e-02    3.2675139257e+01    0.0000000000e+00    0.0000000000e+00    0.0000000000e+00    3.2666289211e+01    0.0000000000e+00    0.0000000000e+00    0.0000000000e+00    1.3391432185e+02
    9.2696670483e+02    9.8156421674e+02   -3.1501543644e+04   -2.1159106731e-01   -1.2326777211e-01   -2.0381111277e-01   -3.6526936091e-02   -1.7016924506e-02    4.2164515751e-02    3.2675139257e+01    0.0000000000e+00    0.0000000000e+00    0.0000000000e+00    3.2666289211e+01    0.0000000000e+00    0.0000000000e+00    0.0000000000e+00    1.3397793553e+02
    9.2013024586e+02    9.7432509644e+02   -3.1475156473e+04    7.1608274243e-03    1.7986471644e-02    4.1576272005e-02   -3.0973412540e-03    3.5233302468e-02   -1.4790626603e-02    3.2675139257e+01    0.0000000000e+00    0.0000000000e+00    0.0000000000e+00    3.2666289211e+01    0.0000000000e+00    0.0000000000e+00    0.0000000000e+00    1.3383347479e+02
    9.2649373134e+02    9.8106338553e+02   -3.1477739843e+04    4.8135688259e-02   -1.4003336110e-03   -2.5351681139e-03    2.6163299647e-02   -7.0665485700e-02    2.9780912118e-02    3.2675139257e+01    0.0000000000e+00    0.0000000000e+00    0.0000000000e+00    3.2666289211e+01    0.0000000000e+00    0.0000000000e+00    0.0000000000e+00    1.3384861709e+02
    9.2553096451e+02    9.8004391260e+02   -3.1463899948e+04    1.7754440016e-02   -2.4898961346e-02    1.4154379837e-01    3.6707944779e-02    2.2996947239e-02   -4.7772250938e-02    3.2675139257e+01    0.0000000000e+00    0.0000000000e+00    0.0000000000e+00    3.2666289211e+01    0.0000000000e+00    0.0000000000e+00    0.0000000000e+00    1.3388522383e+02
    9.3591401786e+02    9.9103851852e+02   -3.1462617989e+04   -7.1194778616e-02   -1.1685957702e-01    2.0603568995e-02    3.0071307496e-03    1.1356910482e-02   -6.8915441943e-02    3.2675139257e+01    0.0000000000e+00    0.0000000000e+00    0.0000000000e+00    3.2666289211e+01    0.0000000000e+00    0.0000000000e+00    0.0000000000e+00    1.3410805725e+02
    9.2934666317e+02    9.8408435251e+02   -3.1472117037e+04   -4.2443127757e-02   -6.4586586642e-02   -2.3330126317e-02    2.4380618096e-02   -1.8864783871e-02    1.9114288459e-02    3.2675139257e+01    0.0000000000e+00    0.0000000000e+00    0.0000000000e+00    3.2666289211e+01    0.0000000000e+00    0.0000000000e+00    0.0000000000e+00    1.3393655303e+02
    9.4178954195e+02    9.9726010574e+02   -3.1460514036e+04   -6.8224534273e-02   -1.4403294581e-03   -4.3004387640e-02   -2.5840069716e-02   -4.3520910564e-02   -8.6945269228e-02    3.2675139257e+01    0.0000000000e+00    0.0000000000e+00    0.0000000000e+00    3.2666289211e+01    0.0000000000e+00    0.0000000000e+00    0.0000000000e+00    1.3413712107e+02
    9.2588389091e+02    9.8041762605e+02   -3.1490351692e+04   -5.8505072931e-02   -8.2957524806e-02    4.6449344974e-02    6.4517677414e-02    1.8438060721e-02    2.7983375070e-02    3.2675139257e+01    0.0000000000e+00    0.0000000000e+00    0.0000000000e+00    3.2666289211e+01    0.0000000000e+00    0.0000000000e+00    0.0000000000e+00    1.3378425154e+02
    9.2829657048e+02    9.8297241029e+02   -3.1482315269e+04    4.5059681907e-02    2.6682694758e-02    1.3288267533e-01    1.8604602322e-02   -1.3471338878e-03    1.6782433910e-02    3.2675139257e+01    0.0000000000e+00    0.0000000000e+00    0.0000000000e+00    3.2666289211e+01    0.0000000000e+00    0.0000000000e+00    0.0000000000e+00    1.3368913740e+02
    9.2994637843e+02    9.8471939046e+02   -3.1471365904e+04    3.7773918427e-02    3.2843375041e-02   -3.9980615854e-03    4.4039334763e-03   -1.3420289652e-01    4.6257371692e-02    3.2675139257e+01    0.0000000000e+00    0.0000000000e+00    0.0000000000e+00    3.2666289211e+01    0.0000000000e+00    0.0000000000e+00    0.0000000000e+00    1.3385073300e+02
    9.2829855859e+02    9.8297451550e+02   -3.1505637087e+04    1.3124431118e-02    4.3367030905e-02    1.2461744827e-01    9.8401559248e-02   -1.1109517782e-01    6.0728329001e-02    3.2675139257e+01    0.0000000000e+00    0.0000000000e+00    0.0000000000e+00    3.2666289211e+01    0.0000000000e+00    0.0000000000e+00    0.0000000000e+00    1.3349262920e+02
    9.2533880675e+02    9.7984043691e+02   -3.1494407387e+04   -1.9586418901e-01   -9.6345309664e-02   -1.0139429626e-01    1.1545899545e-02    7.3457864905e-02    4.8417654170e-03    3.2675139257e+01    0.0000000000e+00    0.0000000000e+00    0.0000000000e+00    3.2666289211e+01    0.0000000000e+00    0.0000000000e+00    0.0000000000e+00    1.3395800088e+02
    9.0661267519e+02    9.6001135292e+02   -3.1482300501e+04   -9.4176491810e-02   -1.8870559861e-02   -1.5381146084e-01   -7.2914630227e-02   -1.9307474722e-02    1.1634156121e-01    3.2675139257e+01    0.0000000000e+00    0.0000000000e+00    0.0000000000e+00    3.2666289211e+01    0.0000000000e+00    0.0000000000e+00    0.0000000000e+00    1.3392571466e+02
