# dump_thermo 1000
# format_version 1
# num_atoms 8192
# dt_output 2.0000000000e+03 fs
# columns T KE PE sxx syy szz syz sxz sxy ax ay az bx by bz cx cy cz
    6.3242011196e+02    6.6966909234e+02   -3.2259766371e+04    4.6707068098e-02    7.3040889262e-02    3.7195037422e-03   -6.4535840194e-03    4.3627677032e-03   -3.5761168087e-02    3.2341864270e+01    0.0000000000e+00    0.0000000000e+00    0.0000000000e+00    3.2354781844e+01    0.0000000000e+00    0.0000000000e+00    0.0000000000e+00    1.2937713098e+02
    7.6852852443e+02    8.1379416887e+02   -3.2069711197e+04    4.4434136945e-02    1.5725772607e-01    9.9901586185e-02    1.3277496727e-02   -3.9906789406e-02    2.2931904871e-02    3.2468981824e+01    0.0000000000e+00    0.0000000000e+00    0.0000000000e+00    3.2438063570e+01    0.0000000000e+00    0.0000000000e+00    0.0000000000e+00    1.2991875943e+02
    8.6150754094e+02    9.1224956650e+02   -3.1932945026e+04   -2.4785724669e-01   -1.4339893926e-01   -2.1707887092e-01   -2.1882968340e-02   -2.7318614670e-03   -2.2563599761e-02    3.2601753172e+01    0.0000000000e+00    0.0000000000e+00    0.0000000000e+00    3.2573279565e+01    0.0000000000e+00    0.0000000000e+00    0.0000000000e+00    1.3050760608e+02
    9.0542854868e+02    9.5875748241e+02   -3.1868654509e+04    1.1529415692e-01    7.2651639166e-02    1.1310582771e-01    6.3911485271e-04    1.8230556855e-02   -6.9916331146e-03    3.2567136131e+01    0.0000000000e+00    0.0000000000e+00    0.0000000000e+00    3.2602995777e+01    0.0000000000e+00    0.0000000000e+00    0.0000000000e+00    1.3056989548e+02
    9.0129046763e+02    9.5437567207e+02   -3.1866009842e+04    2.2026241872e-01    1.5420767269e-01    4.6213466879e-02    8.5746421880e-02    2.0753562939e-03   -1.9956607568e-02    3.2510067007e+01    0.0000000000e+00    0.0000000000e+00    0.0000000000e+00    3.2605114890e+01    0.0000000000e+00    0.0000000000e+00    0.0000000000e+00    1.3072046944e+02
# dump_thermo 1000
# format_version 1
# num_atoms 8192
# dt_output 2.0000000000e+03 fs
# columns T KE PE sxx syy szz syz sxz sxy ax ay az bx by bz cx cy cz
    1.6051911264e+03    8.4986772584e+02   -3.1260539860e+04    2.7557484844e+00    2.7029856413e+00    2.8443297219e+00   -5.5530812721e-03   -3.1958174704e-02   -1.3254494727e-03    3.2510067007e+01    0.0000000000e+00    0.0000000000e+00    0.0000000000e+00    3.2605114890e+01    0.0000000000e+00    0.0000000000e+00    0.0000000000e+00    1.3072046944e+02
    1.6656071129e+03    8.8185494294e+02   -3.1118425890e+04    3.5287652338e+00    3.3356736103e+00    3.5175136976e+00    9.6092692782e-02    4.4570783499e-02   -2.5251867077e-02    3.2510067007e+01    0.0000000000e+00    0.0000000000e+00    0.0000000000e+00    3.2605114890e+01    0.0000000000e+00    0.0000000000e+00    0.0000000000e+00    1.3072046944e+02
    1.7054297157e+03    9.0293900221e+02   -3.1099772562e+04    3.6027656344e+00    3.3875340637e+00    3.6185664152e+00    2.4329599275e-02   -3.2638505721e-02    2.8950058075e-02    3.2510067007e+01    0.0000000000e+00    0.0000000000e+00    0.0000000000e+00    3.2605114890e+01    0.0000000000e+00    0.0000000000e+00    0.0000000000e+00    1.3072046944e+02
    1.7005442629e+03    9.0035240139e+02   -3.1148783236e+04    3.3652158761e+00    3.2773078237e+00    3.3463787485e+00   -3.6249034417e-02   -7.9360182445e-02   -3.0049043781e-02    3.2510067007e+01    0.0000000000e+00    0.0000000000e+00    0.0000000000e+00    3.2605114890e+01    0.0000000000e+00    0.0000000000e+00    0.0000000000e+00    1.3072046944e+02
    1.6980735098e+03    8.9904426227e+02   -3.1114878653e+04    3.4638845519e+00    3.4785605996e+00    3.4486312845e+00    9.5057279686e-02   -6.8210791454e-02   -1.6090921101e-02    3.2510067007e+01    0.0000000000e+00    0.0000000000e+00    0.0000000000e+00    3.2605114890e+01    0.0000000000e+00    0.0000000000e+00    0.0000000000e+00    1.3072046944e+02
# dump_thermo 1000
# format_version 1
# num_atoms 8192
# dt_output 2.0000000000e+03 fs
# columns T KE PE sxx syy szz syz sxz sxy ax ay az bx by bz cx cy cz
    9.1856465448e+02    4.8633364656e+02   -3.1570418821e+04    1.3119096374e+00    1.2441589710e+00    1.2060102326e+00    2.6882981738e-02   -1.2814296969e-02    2.6537039601e-02    3.2510067007e+01    0.0000000000e+00    0.0000000000e+00    0.0000000000e+00    3.2605114890e+01    0.0000000000e+00    0.0000000000e+00    0.0000000000e+00    1.3072046944e+02
    8.8377727776e+02    4.6791548547e+02   -3.1604176750e+04    1.1434976067e+00    1.0298642020e+00    1.0852914298e+00   -4.7243869819e-02    1.0867957367e-02    9.3897156532e-04    3.2510067007e+01    0.0000000000e+00    0.0000000000e+00    0.0000000000e+00    3.2605114890e+01    0.0000000000e+00    0.0000000000e+00    0.0000000000e+00    1.3072046944e+02
    8.9308630427e+02    4.7284414541e+02   -3.1643328346e+04    8.8882262679e-01    8.6638775519e-01    9.4815055917e-01    2.6499036497e-02    3.9657011721e-02   -2.3267673495e-02    3.2510067007e+01    0.0000000000e+00    0.0000000000e+00    0.0000000000e+00    3.2605114890e+01    0.0000000000e+00    0.0000000000e+00    0.0000000000e+00    1.3072046944e+02
    9.0296211717e+02    4.7807289014e+02   -3.1674601566e+04    7.7115225333e-01    7.4287668406e-01    7.5492128445e-01    7.7343147271e-02    7.2047016209e-03    7.1820941449e-03    3.2510067007e+01    0.0000000000e+00    0.0000000000e+00    0.0000000000e+00    3.2605114890e+01    0.0000000000e+00    0.0000000000e+00    0.0000000000e+00    1.3072046944e+02
    9.0584894844e+02    4.7960132167e+02   -3.1689185728e+04    7.7443984167e-01    5.9713277528e-01    7.6186412118e-01    8.2959541957e-02    3.1801872266e-02   -8.1986247886e-03    3.2510067007e+01    0.0000000000e+00    0.0000000000e+00    0.0000000000e+00    3.2605114890e+01    0.0000000000e+00    0.0000000000e+00    0.0000000000e+00    1.3072046944e+02
# dump_thermo 1000
# format_version 1
# num_atoms 8192
# dt_output 2.0000000000e+03 fs
# columns T KE PE sxx syy szz syz sxz sxy ax ay az bx by bz cx cy cz
    8.3959119941e+02    8.8904237201e+02   -3.1728224833e+04   -2.2135796815e-01   -2.3825207532e-01   -2.7647675329e-02   -8.3441446590e-02    3.7292045769e-02   -4.9943156078e-02    3.2510067007e+01    0.0000000000e+00    0.0000000000e+00    0.0000000000e+00    3.2605114890e+01    0.0000000000e+00    0.0000000000e+00    0.0000000000e+00    1.3296738890e+02
    8.7993609330e+02    9.3176354415e+02   -3.1591645998e+04   -2.6366170928e-01   -3.1167447111e-01   -7.7199443047e-02    7.1906464683e-02   -8.8044805852e-02    3.2898487899e-03    3.2510067007e+01    0.0000000000e+00    0.0000000000e+00    0.0000000000e+00    3.2605114890e+01    0.0000000000e+00    0.0000000000e+00    0.0000000000e+00    1.3449123552e+02
# dump_thermo 1000
# format_version 1
# num_atoms 8192
# dt_output 2.0000000000e+03 fs
# columns T KE PE sxx syy szz syz sxz sxy ax ay az bx by bz cx cy cz
    9.0984053725e+02    9.6342933317e+02   -3.1566463060e+04   -1.7775103170e-01   -1.9267117900e-01    2.9187828471e-02   -2.5383147122e-02   -5.8758247784e-02    4.7401584452e-02    3.2510067007e+01    0.0000000000e+00    0.0000000000e+00    0.0000000000e+00    3.2605114890e+01    0.0000000000e+00    0.0000000000e+00    0.0000000000e+00    1.3434171059e+02
    8.9704534935e+02    9.4988052012e+02   -3.1568903479e+04    7.7442138837e-02   -8.4338397735e-02   -1.7788449408e-02   -5.3837055394e-02    6.0467930699e-03    3.8144762510e-02    3.2510067007e+01    0.0000000000e+00    0.0000000000e+00    0.0000000000e+00    3.2605114890e+01    0.0000000000e+00    0.0000000000e+00    0.0000000000e+00    1.3416337221e+02
    8.9145315675e+02    9.4395895236e+02   -3.1577102341e+04    1.8936912006e-01    5.2688337263e-02    2.6942156520e-02   -3.4762134358e-02   -6.4996140475e-02    5.0316027795e-02    3.2510067007e+01    0.0000000000e+00    0.0000000000e+00    0.0000000000e+00    3.2605114890e+01    0.0000000000e+00    0.0000000000e+00    0.0000000000e+00    1.3372696843e+02
    8.9652766493e+02    9.4933234455e+02   -3.1574666630e+04    1.0393261740e-01    1.1078653761e-01    5.6680357406e-02    1.5884785940e-01   -7.1256636206e-02    2.5683746940e-02    3.2510067007e+01    0.0000000000e+00    0.0000000000e+00    0.0000000000e+00    3.2605114890e+01    0.0000000000e+00    0.0000000000e+00    0.0000000000e+00    1.3370597270e+02
    8.9950580676e+02    9.5248589627e+02   -3.1547005859e+04   -4.3337109532e-03   -1.1693664632e-01    3.0390970395e-02   -1.6565540842e-02    1.6482245646e-03    5.7616325942e-04    3.2510067007e+01    0.0000000000e+00    0.0000000000e+00    0.0000000000e+00    3.2605114890e+01    0.0000000000e+00    0.0000000000e+00    0.0000000000e+00    1.3425402691e+02
    8.9150211085e+02    9.4401078982e+02   -3.1563229807e+04    2.0741964391e-01   -3.4998810573e-02    4.3723388111e-02   -9.6690676690e-02    3.6404856889e-02   -1.1397914281e-02    3.2510067007e+01    0.0000000000e+00    0.0000000000e+00    0.0000000000e+00    3.2605114890e+01    0.0000000000e+00    0.0000000000e+00    0.0000000000e+00    1.3390292985e+02
    8.8922368871e+02    9.4159817065e+02   -3.1571364597e+04    8.6335154960e-02    6.3650655527e-03   -4.9031941698e-02   -3.3531869883e-03   -1.0073075872e-01    9.1780143595e-02    3.2510067007e+01    0.0000000000e+00    0.0000000000e+00    0.0000000000e+00    3.2605114890e+01    0.0000000000e+00    0.0000000000e+00    0.0000000000e+00    1.3390241216e+02
    9.0587482375e+02    9.5923004269e+02   -3.1555690535e+04    2.6296542118e-02    3.9511056366e-02   -7.1150373149e-02    6.1828682286e-02    5.5231944783e-02   -7.5272006444e-03    3.2510067007e+01    0.0000000000e+00    0.0000000000e+00    0.0000000000e+00    3.2605114890e+01    0.0000000000e+00    0.0000000000e+00    0.0000000000e+00    1.3406879794e+02
    9.0182690356e+02    9.5494370360e+02   -3.1558915258e+04    3.0905845042e-02    6.0249263508e-02    9.4765674053e-02    1.5518728791e-02    7.9194518330e-03   -2.9548872953e-02    3.2510067007e+01    0.0000000000e+00    0.0000000000e+00    0.0000000000e+00    3.2605114890e+01    0.0000000000e+00    0.0000000000e+00    0.0000000000e+00    1.3395778020e+02
    8.8751927332e+02    9.3979336671e+02   -3.1555096102e+04    1.9259878982e-02   -4.4021286404e-02   -1.2650827036e-01   -3.8933284521e-02   -8.2166341295e-03   -1.4684800428e-02    3.2510067007e+01    0.0000000000e+00    0.0000000000e+00    0.0000000000e+00    3.2605114890e+01    0.0000000000e+00    0.0000000000e+00    0.0000000000e+00    1.3416006963e+02
    9.0695895314e+02    9.6037802632e+02   -3.1571742733e+04    3.8217797270e-02    2.9364108945e-02   -1.3878354547e-01    5.9588608732e-02    4.3769649601e-03   -4.3880634363e-03    3.2510067007e+01    0.0000000000e+00    0.0000000000e+00    0.0000000000e+00    3.2605114890e+01    0.0000000000e+00    0.0000000000e+00    0.0000000000e+00    1.3396892074e+02
    9.0068934553e+02    9.5373914442e+02   -3.1592220541e+04    1.1959898561e-01    1.4575169895e-01    4.4383015773e-02   -7.1240471108e-02    6.7778602625e-03   -2.4893850288e-02    3.2510067007e+01    0.0000000000e+00    0.0000000000e+00    0.0000000000e+00    3.2605114890e+01    0.0000000000e+00    0.0000000000e+00    0.0000000000e+00    1.3353990866e+02
    9.0106747817e+02    9.5413954873e+02   -3.1570293352e+04    9.4544335401e-02    3.1081082032e-02   -9.2405920486e-02    7.9233398056e-02   -7.3590486394e-02   -4.1962560944e-02    3.2510067007e+01    0.0000000000e+00    0.0000000000e+00    0.0000000000e+00    3.2605114890e+01    0.0000000000e+00    0.0000000000e+00    0.0000000000e+00    1.3392547204e+02
    9.0866007372e+02    9.6217934139e+02   -3.1591483610e+04    3.7206307495e-02   -3.4999756420e-02   -1.5445233347e-01    8.1889615771e-03   -2.5110246106e-03   -1.8270533554e-02    3.2510067007e+01    0.0000000000e+00    0.0000000000e+00    0.0000000000e+00    3.2605114890e+01    0.0000000000e+00    0.0000000000e+00    0.0000000000e+00    1.3382350846e+02
    8.8701473362e+02    9.3925911007e+02   -3.1577601749e+04    6.0805137423e-02    1.2425400706e-01   -2.9498319437e-02    4.8770323286e-02   -3.4061058915e-02   -7.3900959364e-02    3.2510067007e+01    0.0000000000e+00    0.0000000000e+00    0.0000000000e+00    3.2605114890e+01    0.0000000000e+00    0.0000000000e+00    0.0000000000e+00    1.3370161944e+02
    8.9138646526e+02    9.4388833280e+02   -3.1605033407e+04    1.1404711316e-02   -9.7484115547e-02   -1.1491878550e-01   -8.1075224612e-02   -3.6461555157e-03    5.9819820912e-04    3.2510067007e+01    0.0000000000e+00    0.0000000000e+00    0.0000000000e+00    3.2605114890e+01    0.0000000000e+00    0.0000000000e+00    0.0000000000e+00    1.3369561541e+02
    8.8857760657e+02    9.4091403484e+02   -3.1599243948e+04   -3.3299676691e-03   -7.0806317322e-03   -1.2329187181e-01    7.3436364689e-02    4.0455595084e-03    3.9863651953e-02    3.2510067007e+01    0.0000000000e+00    0.0000000000e+00    0.0000000000e+00    3.2605114890e+01    0.0000000000e+00    0.0000000000e+00    0.0000000000e+00    1.3367578733e+02
    9.1039244779e+02    9.6401375075e+02   -3.1635441086e+04   -1.6132367580e-01   -1.4344287509e-01   -1.0173800929e-01    1.0621939943e-01   -7.9468271763e-02   -5.5516181486e-02    3.2510067007e+01    0.0000000000e+00    0.0000000000e+00    0.0000000000e+00    3.2605114890e+01    0.0000000000e+00    0.0000000000e+00    0.0000000000e+00    1.3359567664e+02
    9.0521537747e+02    9.5853175560e+02   -3.1622702982e+04    1.4171207904e-01    6.0263789909e-02    1.9382613180e-01   -1.1347595304e-01   -1.4062281197e-02   -3.6006653637e-02    3.2510067007e+01    0.0000000000e+00    0.0000000000e+00    0.0000000000e+00    3.2605114890e+01    0.0000000000e+00    0.0000000000e+00    0.0000000000e+00    1.3310905119e+02
    8.8473274382e+02    9.3684271311e+02   -3.1624862881e+04    2.5745034938e-01    1.3511328790e-01    2.0833849053e-01    1.4221786631e-02    1.2189791551e-01   -4.9695936010e-02    3.2510067007e+01    0.0000000000e+00    0.0000000000e+00    0.0000000000e+00    3.2605114890e+01    0.0000000000e+00    0.0000000000e+00    0.0000000000e+00    1.3297073477e+02
    9.1172437811e+02    9.6542413058e+02   -3.1655050413e+04    7.1428401280e-02   -8.4498707404e-02   -4.0628745443e-02   -2.4157988111e-02   -5.4767180641e-02    3.2701788545e-02    3.2510067007e+01    0.0000000000e+00    0.0000000000e+00    0.0000000000e+00    3.2605114890e+01    0.0000000000e+00    0.0000000000e+00    0.0000000000e+00    1.3312927534e+02
    9.0250492760e+02    9.5566166265e+02   -3.1653968615e+04    8.4968978106e-02    2.9026953334e-02   -9.3549423073e-02    8.9376858075e-02   -6.5941113400e-02    1.1101387081e-02    3.2510067007e+01    0.0000000000e+00    0.0000000000e+00    0.0000000000e+00    3.2605114890e+01    0.0000000000e+00    0.0000000000e+00    0.0000000000e+00    1.3303699892e+02
    8.8141391205e+02    9.3332840511e+02   -3.1667782305e+04    2.7339607661e-02   -3.8395074001e-02   -8.1861596518e-02    4.9665886530e-02    5.3080971029e-02   -8.9007887055e-03    3.2510067007e+01    0.0000000000e+00    0.0000000000e+00    0.0000000000e+00    3.2605114890e+01    0.0000000000e+00    0.0000000000e+00    0.0000000000e+00    1.3298400457e+02
    9.0161822997e+02    9.5472273933e+02   -3.1653573160e+04    9.2872753184e-02    5.5604619709e-02   -8.3521758629e-02    1.1601935030e-02    8.4945175248e-02    5.3278699962e-02    3.2510067007e+01    0.0000000000e+00    0.0000000000e+00    0.0000000000e+00    3.2605114890e+01    0.0000000000e+00    0.0000000000e+00    0.0000000000e+00    1.3303757351e+02
    8.8644244165e+02    9.3865311061e+02   -3.1675058929e+04    6.0269460239e-02    3.4388266738e-02   -5.2359811822e-02    9.0703560955e-02   -9.6892135827e-02   -1.1156880027e-02    3.2510067007e+01    0.0000000000e+00    0.0000000000e+00    0.0000000000e+00    3.2605114890e+01    0.0000000000e+00    0.0000000000e+00    0.0000000000e+00    1.3287467260e+02
    8.8102114381e+02    9.3291250317e+02   -3.1665249458e+04    9.5932029603e-02    9.4570830251e-02    9.1054594229e-02    3.4586688527e-02   -6.6624304348e-02   -4.1660976780e-04    3.2510067007e+01    0.0000000000e+00    0.0000000000e+00    0.0000000000e+00    3.2605114890e+01    0.0000000000e+00    0.0000000000e+00    0.0000000000e+00    1.3279451782e+02
    8.9308946645e+02    9.4569163924e+02   -3.1640998213e+04    8.5985658810e-02    2.0233710687e-02   -1.1245339065e-01   -2.9636965687e-02   -1.9375592628e-02   -1.8077609634e-02    3.2510067007e+01    0.0000000000e+00    0.0000000000e+00    0.0000000000e+00    3.2605114890e+01    0.0000000000e+00    0.0000000000e+00    0.0000000000e+00    1.3313644338e+02
    8.9953718268e+02    9.5251912021e+02   -3.1658255957e+04    6.3642643937e-02   -6.5525549545e-02   -1.0840973951e-01   -2.6928554857e-02   -2.7253843086e-02    2.8566941819e-02    3.2510067007e+01    0.0000000000e+00    0.0000000000e+00    0.0000000000e+00    3.2605114890e+01    0.0000000000e+00    0.0000000000e+00    0.0000000000e+00    1.3311320778e+02
    9.0846156763e+02    9.6196914347e+02   -3.1673162931e+04    1.2194618250e-01    4.6634954569e-02    9.4972810494e-02    5.2788001282e-02   -8.7785493707e-02   -4.3471513448e-02    3.2510067007e+01    0.0000000000e+00    0.0000000000e+00    0.0000000000e+00    3.2605114890e+01    0.0000000000e+00    0.0000000000e+00    0.0000000000e+00    1.3274196019e+02
    9.1097575880e+02    9.6463141826e+02   -3.1663865030e+04    1.2438495457e-01    3.5637876813e-02    8.9662972741e-02    4.9824850773e-02    1.2236565289e-01    2.7407840234e-02    3.2510067007e+01    0.0000000000e+00    0.0000000000e+00    0.0000000000e+00    3.2605114890e+01    0.0000000000e+00    0.0000000000e+00    0.0000000000e+00    1.3283754309e+02
    9.1290829856e+02    9.6667778288e+02   -3.1669100174e+04    1.4830220001e-01    3.6613670478e-02    9.1349635160e-02   -5.4146130898e-02    6.0511444085e-02    1.2947706009e-02    3.2510067007e+01    0.0000000000e+00    0.0000000000e+00    0.0000000000e+00    3.2605114890e+01    0.0000000000e+00    0.0000000000e+00    0.0000000000e+00    1.3275051945e+02
    9.0545256869e+02    9.5878291717e+02   -3.1683217165e+04    4.1471779187e-02   -5.7035693478e-02   -1.6391710636e-01   -1.4679635018e-02   -2.9641383027e-02   -2.8241667119e-02    3.2510067007e+01    0.0000000000e+00    0.0000000000e+00    0.0000000000e+00    3.2605114890e+01    0.0000000000e+00    0.0000000000e+00    0.0000000000e+00    1.3296035937e+02
    9.0442934836e+02    9.5769943009e+02   -3.1677468910e+04    9.3260298050e-02   -1.3030955776e-02   -5.2989260357e-02   -3.8915113335e-03   -1.1284179348e-01    3.0337201317e-02    3.2510067007e+01    0.0000000000e+00    0.0000000000e+00    0.0000000000e+00    3.2605114890e+01    0.0000000000e+00    0.0000000000e+00    0.0000000000e+00    1.3285578309e+02
    8.7855802369e+02    9.3030430747e+02   -3.1664766737e+04   -2.8035739048e-02   -1.4854557359e-02   -7.6778745329e-02    1.6850118293e-02    3.4235308827e-02   -1.8599214087e-02    3.2510067007e+01    0.0000000000e+00    0.0000000000e+00    0.0000000000e+00    3.2605114890e+01    0.0000000000e+00    0.0000000000e+00    0.0000000000e+00    1.3301605637e+02
    8.9995698646e+02    9.5296365006e+02   -3.1684136719e+04    3.4853581860e-02    4.6660327336e-02   -1.9658759478e-02   -7.9153677106e-02    5.6562390125e-02   -3.6594136676e-02    3.2510067007e+01    0.0000000000e+00    0.0000000000e+00    0.0000000000e+00    3.2605114890e+01    0.0000000000e+00    0.0000000000e+00    0.0000000000e+00    1.3271714811e+02
    8.8052940500e+02    9.3239180138e+02   -3.1694085999e+04    4.9027506105e-02    5.2445453575e-02   -4.2771711803e-02   -1.1167611592e-02    1.5573249735e-02    3.9296668805e-03    3.2510067007e+01    0.0000000000e+00    0.0000000000e+00    0.0000000000e+00    3.2605114890e+01    0.0000000000e+00    0.0000000000e+00    0.0000000000e+00    1.3260929863e+02
    9.0971594164e+02    9.6329739899e+02   -3.1701042812e+04    3.8410972876e-02    3.5617462249e-02   -1.7091007334e-03    4.7420392451e-03    4.2358830812e-02    1.4768274828e-02    3.2510067007e+01    0.0000000000e+00    0.0000000000e+00    0.0000000000e+00    3.2605114890e+01    0.0000000000e+00    0.0000000000e+00    0.0000000000e+00    1.3258598193e+02
    8.9621769367e+02    9.4900411626e+02   -3.1698972885e+04    3.0267521007e-01    1.7624133425e-01    1.8990722521e-01   -4.5643285963e-03   -8.5669029780e-02   -3.8434905544e-02    3.2510067007e+01    0.0000000000e+00    0.0000000000e+00    0.0000000000e+00    3.2605114890e+01    0.0000000000e+00    0.0000000000e+00    0.0000000000e+00    1.3217114329e+02
    8.9791112089e+02    9.5079728483e+02   -3.1711732759e+04    6.4003111539e-02   -1.8249853279e-02   -1.1610711292e-01    7.1359915346e-03   -6.1392288282e-02   -3.7149565411e-04    3.2510067007e+01    0.0000000000e+00    0.0000000000e+00    0.0000000000e+00    3.2605114890e+01    0.0000000000e+00    0.0000000000e+00    0.0000000000e+00    1.3255243821e+02
    8.9987720284e+02    9.5287916725e+02   -3.1704806742e+04   -3.7796731834e-03   -5.2003187690e-02   -2.6670718726e-01    1.9626737100e-02    5.8183217721e-02   -3.3061209293e-03    3.2510067007e+01    0.0000000000e+00    0.0000000000e+00    0.0000000000e+00    3.2605114890e+01    0.0000000000e+00    0.0000000000e+00    0.0000000000e+00    1.3274780736e+02
    9.0992556834e+02    9.6351937252e+02   -3.1717368860e+04    1.9189534358e-02   -2.9514706691e-02   -1.1847120374e-01   -3.9367284136e-02    1.3422723502e-01   -1.2625063680e-02    3.2510067007e+01    0.0000000000e+00    0.0000000000e+00    0.0000000000e+00    3.2605114890e+01    0.0000000000e+00    0.0000000000e+00    0.0000000000e+00    1.3254704158e+02
    8.9839064204e+02    9.5130504935e+02   -3.1710875582e+04    9.8588481404e-02    7.2822579992e-02    6.8902009096e-02    5.3873518605e-02    6.5016973286e-02   -5.2443081759e-02    3.2510067007e+01    0.0000000000e+00    0.0000000000e+00    0.0000000000e+00    3.2605114890e+01    0.0000000000e+00    0.0000000000e+00    0.0000000000e+00    1.3230034222e+02
    8.9134309280e+02    9.4384240575e+02   -3.1744622236e+04    2.1286586960e-01    1.5362943986e-01    9.7135083424e-02    1.6707518292e-02    3.1091963570e-03   -2.0193203149e-03    3.2510067007e+01    0.0000000000e+00    0.0000000000e+00    0.0000000000e+00    3.2605114890e+01    0.0000000000e+00    0.0000000000e+00    0.0000000000e+00    1.3191470026e+02
    9.0235538142e+02    9.5550330834e+02   -3.1720296307e+04    9.0649112587e-02    1.0307882912e-01   -3.0312813116e-02   -3.8757281338e-02   -4.1659638039e-02   -5.4413886844e-03    3.2510067007e+01    0.0000000000e+00    0.0000000000e+00    0.0000000000e+00    3.2605114890e+01    0.0000000000e+00    0.0000000000e+00    0.0000000000e+00    1.3232622137e+02
    9.0846357841e+02    9.6197127268e+02   -3.1716407574e+04    1.3006708188e-01    9.9252567653e-02    1.7556536613e-02   -3.2845871147e-02    5.1559600919e-02   -2.7625853090e-03    3.2510067007e+01    0.0000000000e+00    0.0000000000e+00    0.0000000000e+00    3.2605114890e+01    0.0000000000e+00    0.0000000000e+00    0.0000000000e+00    1.3230094483e+02
    9.1002961845e+02    9.6362955109e+02   -3.1737481543e+04    1.9102143344e-01    1.0924335575e-01    4.2494282149e-03   -3.9778097331e-02    1.6662406981e-02    1.7980345245e-02    3.2510067007e+01    0.0000000000e+00    0.0000000000e+00    0.0000000000e+00    3.2605114890e+01    0.0000000000e+00    0.0000000000e+00    0.0000000000e+00    1.3205101177e+02
    9.1396336419e+02    9.6779499094e+02   -3.1751429613e+04    2.2860223622e-01    1.3311760879e-01    1.5502542536e-01    2.0447006864e-02   -6.2393246396e-02    4.1661697769e-02    3.2510067007e+01    0.0000000000e+00    0.0000000000e+00    0.0000000000e+00    3.2605114890e+01    0.0000000000e+00    0.0000000000e+00    0.0000000000e+00    1.3181631527e+02
    9.0222976874e+02    9.5537029719e+02   -3.1747225765e+04    2.7789541123e-02    3.3871661635e-02    5.9357815559e-03    3.7711660055e-02   -1.0281678945e-02   -7.7547264879e-02    3.2510067007e+01    0.0000000000e+00    0.0000000000e+00    0.0000000000e+00    3.2605114890e+01    0.0000000000e+00    0.0000000000e+00    0.0000000000e+00    1.3209894692e+02
    9.0340549521e+02    9.5661527290e+02   -3.1784896608e+04    1.9165438402e-01    7.8791000056e-02   -5.8800215652e-02    6.8853398134e-02    2.3374407508e-02   -1.4007531104e-03    3.2510067007e+01    0.0000000000e+00    0.0000000000e+00    0.0000000000e+00    3.2605114890e+01    0.0000000000e+00    0.0000000000e+00    0.0000000000e+00    1.3165796625e+02
    9.0913103597e+02    9.6267804290e+02   -3.1843921906e+04    2.1814208763e-01    1.9010360099e-01    8.0508002931e-02    2.8173453816e-02   -5.9802921891e-02   -1.6814930836e-02    3.2510067007e+01    0.0000000000e+00    0.0000000000e+00    0.0000000000e+00    3.2605114890e+01    0.0000000000e+00    0.0000000000e+00    0.0000000000e+00    1.3092050890e+02
