# dump_thermo 1000
# format_version 1
# num_atoms 8192
# dt_output 2.0000000000e+03 fs
# columns T KE PE sxx syy szz syz sxz sxy ax ay az bx by bz cx cy cz
    6.7139850167e+02    7.1094327443e+02   -3.2209637726e+04    1.7328578641e-01    1.2329461600e-01    1.0288544353e-01   -5.1314637945e-02   -7.0471155496e-03   -2.8334574446e-02    3.2361894596e+01    0.0000000000e+00    0.0000000000e+00    0.0000000000e+00    3.2359046486e+01    0.0000000000e+00    0.0000000000e+00    0.0000000000e+00    1.2950880657e+02
    8.1682206060e+02    8.6493215123e+02   -3.2005214674e+04   -1.2161488024e-01   -7.5155327126e-02   -7.7098379455e-02   -1.5590680734e-02    2.7446179292e-02   -2.0493298979e-02    3.2530520540e+01    0.0000000000e+00    0.0000000000e+00    0.0000000000e+00    3.2533010019e+01    0.0000000000e+00    0.0000000000e+00    0.0000000000e+00    1.3019320316e+02
    9.0510307665e+02    9.5841284037e+02   -3.1841785435e+04    3.6981641947e-02    7.6782294020e-02    1.1963035016e-01   -9.2315544298e-03    1.2880137397e-02   -7.9465069713e-04    3.2619900664e+01    0.0000000000e+00    0.0000000000e+00    0.0000000000e+00    3.2643067714e+01    0.0000000000e+00    0.0000000000e+00    0.0000000000e+00    1.3040304654e+02
    9.5720892864e+02    1.0135876806e+03   -3.1762853043e+04   -8.5533701473e-02   -5.3281649449e-02   -5.5209410444e-03    3.1337447410e-02   -1.2916949287e-02   -6.3084898800e-02    3.2746908345e+01    0.0000000000e+00    0.0000000000e+00    0.0000000000e+00    3.2702576853e+01    0.0000000000e+00    0.0000000000e+00    0.0000000000e+00    1.3059563568e+02
    9.5909049971e+02    1.0155800745e+03   -3.1772256081e+04   -4.3686997017e-02    6.7974841087e-02    1.2470328008e-01   -2.2584777293e-02   -5.8515384591e-03   -2.2638056997e-02    3.2744672876e+01    0.0000000000e+00    0.0000000000e+00    0.0000000000e+00    3.2673994501e+01    0.0000000000e+00    0.0000000000e+00    0.0000000000e+00    1.3047139889e+02
# dump_thermo 1000
# format_version 1
# num_atoms 8192
# dt_output 2.0000000000e+03 fs
# columns T KE PE sxx syy szz syz sxz sxy ax ay az bx by bz cx cy cz
    1.6341704459e+03    8.6521081362e+02   -3.1146510086e+04    2.7006658440e+00    2.7945225721e+00    2.7728113582e+00   -1.3826295215e-02    1.7385396922e-02   -2.2225731876e-02    3.2744672876e+01    0.0000000000e+00    0.0000000000e+00    0.0000000000e+00    3.2673994501e+01    0.0000000000e+00    0.0000000000e+00    0.0000000000e+00    1.3047139889e+02
    1.6908030345e+03    8.9519491240e+02   -3.1054529308e+04    3.1051722082e+00    3.2551481959e+00    3.2524079934e+00    9.1138966322e-03    7.8262240212e-03   -9.5882032603e-02    3.2744672876e+01    0.0000000000e+00    0.0000000000e+00    0.0000000000e+00    3.2673994501e+01    0.0000000000e+00    0.0000000000e+00    0.0000000000e+00    1.3047139889e+02
    1.7127448668e+03    9.0681200569e+02   -3.1059089806e+04    3.2145496531e+00    3.1525853078e+00    3.2042380526e+00   -4.8550368320e-02   -2.6529494327e-02    6.1796157870e-02    3.2744672876e+01    0.0000000000e+00    0.0000000000e+00    0.0000000000e+00    3.2673994501e+01    0.0000000000e+00    0.0000000000e+00    0.0000000000e+00    1.3047139889e+02
    1.7121436279e+03    9.0649368004e+02   -3.1060791292e+04    2.9912470481e+00    3.1212335204e+00    3.4268906234e+00   -1.2601677859e-01   -2.5610611573e-02   -6.8102910928e-02    3.2744672876e+01    0.0000000000e+00    0.0000000000e+00    0.0000000000e+00    3.2673994501e+01    0.0000000000e+00    0.0000000000e+00    0.0000000000e+00    1.3047139889e+02
    1.7216348365e+03    9.1151879621e+02   -3.1048145357e+04    3.2310987944e+00    3.1885425113e+00    3.2784608207e+00   -5.9527995035e-03    1.2764407328e-01    2.4861486779e-02    3.2744672876e+01    0.0000000000e+00    0.0000000000e+00    0.0000000000e+00    3.2673994501e+01    0.0000000000e+00    0.0000000000e+00    0.0000000000e+00    1.3047139889e+02
# dump_thermo 1000
# format_version 1
# num_atoms 8192
# dt_output 2.0000000000e+03 fs
# columns T KE PE sxx syy szz syz sxz sxy ax ay az bx by bz cx cy cz
    9.7838730513e+02    5.1800672226e+02   -3.1455119314e+04    1.0735656701e+00    1.2046545448e+00    1.4514905092e+00    2.3759971224e-02   -7.1310714649e-02   -3.9120681977e-02    3.2744672876e+01    0.0000000000e+00    0.0000000000e+00    0.0000000000e+00    3.2673994501e+01    0.0000000000e+00    0.0000000000e+00    0.0000000000e+00    1.3047139889e+02
    9.8139226955e+02    5.1959769933e+02   -3.1490429464e+04    1.0059855385e+00    1.1150077198e+00    1.1408967703e+00   -6.5722562802e-02    2.3950989533e-03   -8.1047164306e-02    3.2744672876e+01    0.0000000000e+00    0.0000000000e+00    0.0000000000e+00    3.2673994501e+01    0.0000000000e+00    0.0000000000e+00    0.0000000000e+00    1.3047139889e+02
    9.5974251831e+02    5.0813524820e+02   -3.1517162230e+04    8.5316170144e-01    9.8276400316e-01    1.0294205580e+00   -4.0591041595e-02    2.8260320624e-02   -5.0568168287e-02    3.2744672876e+01    0.0000000000e+00    0.0000000000e+00    0.0000000000e+00    3.2673994501e+01    0.0000000000e+00    0.0000000000e+00    0.0000000000e+00    1.3047139889e+02
    9.6127197599e+02    5.0894501889e+02   -3.1527108345e+04    7.8145250509e-01    9.4701950110e-01    1.0419545798e+00   -1.0686043167e-02    2.9991620424e-02   -1.0529655509e-01    3.2744672876e+01    0.0000000000e+00    0.0000000000e+00    0.0000000000e+00    3.2673994501e+01    0.0000000000e+00    0.0000000000e+00    0.0000000000e+00    1.3047139889e+02
    9.6216212361e+02    5.0941630714e+02   -3.1538851141e+04    7.2003006322e-01    8.1412940914e-01    1.0141869800e+00   -1.0932114569e-02   -3.7688803331e-02   -5.2289671979e-02    3.2744672876e+01    0.0000000000e+00    0.0000000000e+00    0.0000000000e+00    3.2673994501e+01    0.0000000000e+00    0.0000000000e+00    0.0000000000e+00    1.3047139889e+02
# dump_thermo 1000
# format_version 1
# num_atoms 8192
# dt_output 2.0000000000e+03 fs
# columns T KE PE sxx syy szz syz sxz sxy ax ay az bx by bz cx cy cz
    8.8348339832e+02    9.3551978227e+02   -3.1567115948e+04   -4.6331619669e-01   -3.6281049823e-01   -1.2580170990e-01   -4.0068045167e-02    1.2740874524e-02    5.0772052798e-02    3.2744672876e+01    0.0000000000e+00    0.0000000000e+00    0.0000000000e+00    3.2673994501e+01    0.0000000000e+00    0.0000000000e+00    0.0000000000e+00    1.3351338295e+02
    9.0811326466e+02    9.6160032577e+02   -3.1398232929e+04   -3.2818681723e-01   -3.0002342700e-01   -4.1274618956e-02    1.0816981858e-01   -4.7490984879e-02    9.8415888800e-02    3.2744672876e+01    0.0000000000e+00    0.0000000000e+00    0.0000000000e+00    3.2673994501e+01    0.0000000000e+00    0.0000000000e+00    0.0000000000e+00    1.3516115366e+02
# dump_thermo 1000
# format_version 1
# num_atoms 8192
# dt_output 2.0000000000e+03 fs
# columns T KE PE sxx syy szz syz sxz sxy ax ay az bx by bz cx cy cz
    9.5066746568e+02    1.0066609313e+03   -3.1380008478e+04   -2.9945996810e-01   -2.2336313794e-01   -6.7105942682e-02    9.8028184492e-03   -2.4108830367e-02   -6.2636141027e-04    3.2744672876e+01    0.0000000000e+00    0.0000000000e+00    0.0000000000e+00    3.2673994501e+01    0.0000000000e+00    0.0000000000e+00    0.0000000000e+00    1.3511718116e+02
    9.5912171887e+02    1.0156131324e+03   -3.1399902769e+04   -1.2468329605e-01   -3.8366543956e-02   -7.6855636777e-02   -5.8726677844e-02    3.6115974329e-03   -2.5838949795e-02    3.2744672876e+01    0.0000000000e+00    0.0000000000e+00    0.0000000000e+00    3.2673994501e+01    0.0000000000e+00    0.0000000000e+00    0.0000000000e+00    1.3461447286e+02
    9.6585259207e+02    1.0227404480e+03   -3.1416515669e+04    1.7293688970e-02    1.4402623391e-01    9.8601166201e-02    2.5394445520e-02    4.5449018096e-02    2.4770257112e-02    3.2744672876e+01    0.0000000000e+00    0.0000000000e+00    0.0000000000e+00    3.2673994501e+01    0.0000000000e+00    0.0000000000e+00    0.0000000000e+00    1.3407044460e+02
    9.5927428759e+02    1.0157746873e+03   -3.1365181139e+04   -6.5295487014e-02    2.9435607342e-02   -3.0128080925e-02   -1.7238065231e-02    5.0056305928e-02    4.4457852642e-02    3.2744672876e+01    0.0000000000e+00    0.0000000000e+00    0.0000000000e+00    3.2673994501e+01    0.0000000000e+00    0.0000000000e+00    0.0000000000e+00    1.3471837809e+02
    9.7654840854e+02    1.0340662386e+03   -3.1355033440e+04   -1.1623517452e-01   -8.8100491521e-02    6.7067233200e-02   -8.6358809208e-02    2.9097018156e-02    1.6757179078e-02    3.2744672876e+01    0.0000000000e+00    0.0000000000e+00    0.0000000000e+00    3.2673994501e+01    0.0000000000e+00    0.0000000000e+00    0.0000000000e+00    1.3500245577e+02
    9.5057328670e+02    1.0065612052e+03   -3.1367175903e+04   -3.8003660723e-02   -1.1219530893e-02   -3.5341295772e-02    5.5565942968e-02    1.2801051778e-02   -3.8921043134e-02    3.2744672876e+01    0.0000000000e+00    0.0000000000e+00    0.0000000000e+00    3.2673994501e+01    0.0000000000e+00    0.0000000000e+00    0.0000000000e+00    1.3471920600e+02
    9.5724637203e+02    1.0136273293e+03   -3.1350782297e+04    6.1901803342e-02    1.8480142525e-05    1.1706091892e-01   -2.2258696665e-02   -3.4445694375e-02    1.2498519739e-02    3.2744672876e+01    0.0000000000e+00    0.0000000000e+00    0.0000000000e+00    3.2673994501e+01    0.0000000000e+00    0.0000000000e+00    0.0000000000e+00    1.3467326600e+02
    9.7686215209e+02    1.0343984613e+03   -3.1333031672e+04    1.4219266419e-02    5.2898702917e-02    4.8766902468e-02    1.9009189536e-02    8.4512306908e-02    3.8237971302e-02    3.2744672876e+01    0.0000000000e+00    0.0000000000e+00    0.0000000000e+00    3.2673994501e+01    0.0000000000e+00    0.0000000000e+00    0.0000000000e+00    1.3495939753e+02
    9.5696437065e+02    1.0133287183e+03   -3.1303410450e+04   -2.0904179981e-02    9.2055625237e-03   -4.5302401383e-02    5.1957085904e-02   -6.4253746969e-03   -6.8391548613e-03    3.2744672876e+01    0.0000000000e+00    0.0000000000e+00    0.0000000000e+00    3.2673994501e+01    0.0000000000e+00    0.0000000000e+00    0.0000000000e+00    1.3527384057e+02
    9.6543694386e+02    1.0223003185e+03   -3.1322133753e+04   -5.8333439473e-03    6.4457866177e-02    7.6956836928e-02    4.8484519543e-02   -6.1415383850e-03   -5.2032052921e-02    3.2744672876e+01    0.0000000000e+00    0.0000000000e+00    0.0000000000e+00    3.2673994501e+01    0.0000000000e+00    0.0000000000e+00    0.0000000000e+00    1.3504490337e+02
    9.5691570129e+02    1.0132771824e+03   -3.1310614145e+04   -1.1804428387e-02   -5.3916480742e-02    1.0148659405e-01   -6.1144274703e-04   -5.8166600846e-02   -2.0507482894e-02    3.2744672876e+01    0.0000000000e+00    0.0000000000e+00    0.0000000000e+00    3.2673994501e+01    0.0000000000e+00    0.0000000000e+00    0.0000000000e+00    1.3517741040e+02
    9.4618798736e+02    1.0019176157e+03   -3.1296800303e+04   -2.7094008020e-02   -9.6925951256e-02   -7.9843575804e-03    4.4562160331e-03    2.1539101492e-02    4.4840341245e-02    3.2744672876e+01    0.0000000000e+00    0.0000000000e+00    0.0000000000e+00    3.2673994501e+01    0.0000000000e+00    0.0000000000e+00    0.0000000000e+00    1.3540798650e+02
    9.4783923458e+02    1.0036661199e+03   -3.1282447010e+04    9.8677826902e-03    4.1112070879e-02   -3.0563406226e-02   -3.7090741216e-02   -1.2451118649e-02   -1.7469025688e-02    3.2744672876e+01    0.0000000000e+00    0.0000000000e+00    0.0000000000e+00    3.2673994501e+01    0.0000000000e+00    0.0000000000e+00    0.0000000000e+00    1.3546657493e+02
    9.6733512562e+02    1.0243103015e+03   -3.1283138021e+04   -8.0953961140e-02   -1.6350124868e-01   -9.3514512622e-02    2.2908297617e-02   -2.4018627237e-03   -3.7647840679e-03    3.2744672876e+01    0.0000000000e+00    0.0000000000e+00    0.0000000000e+00    3.2673994501e+01    0.0000000000e+00    0.0000000000e+00    0.0000000000e+00    1.3576595390e+02
    9.6171196161e+02    1.0183559381e+03   -3.1283836349e+04   -7.4338952891e-02   -1.9680843402e-01   -7.0336672313e-02    9.1011100039e-04    3.2334971911e-02    3.4005105558e-02    3.2744672876e+01    0.0000000000e+00    0.0000000000e+00    0.0000000000e+00    3.2673994501e+01    0.0000000000e+00    0.0000000000e+00    0.0000000000e+00    1.3565508553e+02
    9.5770031469e+02    1.0141080088e+03   -3.1266352907e+04   -4.0046979860e-02   -1.1324974266e-02   -1.5107152531e-01   -4.8746906589e-02   -6.8828492596e-02    5.7837880352e-02    3.2744672876e+01    0.0000000000e+00    0.0000000000e+00    0.0000000000e+00    3.2673994501e+01    0.0000000000e+00    0.0000000000e+00    0.0000000000e+00    1.3578059275e+02
    9.5916141119e+02    1.0156551626e+03   -3.1259663382e+04   -5.5406148439e-02   -8.5923823658e-02    5.2775181602e-02    8.1416688238e-03   -5.2619110222e-03   -6.5153528077e-02    3.2744672876e+01    0.0000000000e+00    0.0000000000e+00    0.0000000000e+00    3.2673994501e+01    0.0000000000e+00    0.0000000000e+00    0.0000000000e+00    1.3585888478e+02
    9.7219395307e+02    1.0294553096e+03   -3.1228452454e+04   -1.3044547741e-02   -3.4125417572e-02   -1.8126948958e-01   -4.9100712401e-02    6.7587492449e-02   -1.6557319162e-02    3.2744672876e+01    0.0000000000e+00    0.0000000000e+00    0.0000000000e+00    3.2673994501e+01    0.0000000000e+00    0.0000000000e+00    0.0000000000e+00    1.3617426817e+02
    9.6388557329e+02    1.0206575736e+03   -3.1216131996e+04   -1.1132483447e-02   -8.1205993740e-03   -9.4798977719e-02    4.6106222122e-02    3.0987155742e-02    2.8183797597e-02    3.2744672876e+01    0.0000000000e+00    0.0000000000e+00    0.0000000000e+00    3.2673994501e+01    0.0000000000e+00    0.0000000000e+00    0.0000000000e+00    1.3619130112e+02
    9.7702698887e+02    1.0345730069e+03   -3.1220148365e+04    3.3955772373e-02    4.8041090678e-02    2.3456445018e-02   -3.8603646059e-02   -4.3485893003e-02   -1.9100964183e-02    3.2744672876e+01    0.0000000000e+00    0.0000000000e+00    0.0000000000e+00    3.2673994501e+01    0.0000000000e+00    0.0000000000e+00    0.0000000000e+00    1.3607007661e+02
    9.4792209032e+02    1.0037538557e+03   -3.1234571016e+04   -1.7785306861e-02   -1.3490366783e-02   -4.5218931008e-02    9.5309485589e-02    7.3066100257e-02    8.4197673244e-03    3.2744672876e+01    0.0000000000e+00    0.0000000000e+00    0.0000000000e+00    3.2673994501e+01    0.0000000000e+00    0.0000000000e+00    0.0000000000e+00    1.3599245382e+02
    9.5938029903e+02    1.0158869427e+03   -3.1196222347e+04   -7.5232178434e-02   -1.6050525619e-02    5.5240155602e-02    5.1403919864e-04   -4.5500206794e-02   -1.1617979580e-01    3.2744672876e+01    0.0000000000e+00    0.0000000000e+00    0.0000000000e+00    3.2673994501e+01    0.0000000000e+00    0.0000000000e+00    0.0000000000e+00    1.3634034875e+02
    9.6744537343e+02    1.0244270428e+03   -3.1199925991e+04    6.8174167535e-02   -9.7843276585e-02    1.1201044315e-02   -1.3364940792e-02    1.1075969039e-01   -1.8708565640e-03    3.2744672876e+01    0.0000000000e+00    0.0000000000e+00    0.0000000000e+00    3.2673994501e+01    0.0000000000e+00    0.0000000000e+00    0.0000000000e+00    1.3629592099e+02
    9.6896755078e+02    1.0260388750e+03   -3.1182290977e+04    1.7741949663e-02    1.8508985719e-03    6.2455536468e-02   -1.3615340124e-02   -7.2843930960e-02    1.0699881905e-01    3.2744672876e+01    0.0000000000e+00    0.0000000000e+00    0.0000000000e+00    3.2673994501e+01    0.0000000000e+00    0.0000000000e+00    0.0000000000e+00    1.3649899995e+02
    9.6834601260e+02    1.0253807288e+03   -3.1163790581e+04    3.1042536590e-02    1.0034518293e-01    2.2361297463e-02   -4.7848437456e-02    1.1579243408e-02   -3.4954581711e-02    3.2744672876e+01    0.0000000000e+00    0.0000000000e+00    0.0000000000e+00    3.2673994501e+01    0.0000000000e+00    0.0000000000e+00    0.0000000000e+00    1.3660053681e+02
    9.4945395501e+02    1.0053759459e+03   -3.1158512785e+04   -7.5753580550e-02   -4.5548227692e-02   -1.8378491371e-02   -6.0812836490e-02   -4.9973779809e-02    3.9664310612e-02    3.2744672876e+01    0.0000000000e+00    0.0000000000e+00    0.0000000000e+00    3.2673994501e+01    0.0000000000e+00    0.0000000000e+00    0.0000000000e+00    1.3682273709e+02
    9.6063715633e+02    1.0172178278e+03   -3.1120774714e+04   -3.0811121578e-02    4.4679770383e-02   -5.3504412994e-02    3.3042309798e-02   -2.5221867935e-02    1.5449386090e-03    3.2744672876e+01    0.0000000000e+00    0.0000000000e+00    0.0000000000e+00    3.2673994501e+01    0.0000000000e+00    0.0000000000e+00    0.0000000000e+00    1.3714260329e+02
    9.7360541426e+02    1.0309499045e+03   -3.1101910391e+04    2.2419261406e-02    2.4348613343e-02    5.0592241885e-03    1.6161446355e-02   -4.8353055983e-02   -9.3550188457e-03    3.2744672876e+01    0.0000000000e+00    0.0000000000e+00    0.0000000000e+00    3.2673994501e+01    0.0000000000e+00    0.0000000000e+00    0.0000000000e+00    1.3723341698e+02
    9.6054183943e+02    1.0171168968e+03   -3.1118876392e+04   -6.0506402539e-02   -8.1466845680e-03   -3.3761956530e-02   -2.2636645588e-02   -2.5419397545e-02    4.2340938214e-03    3.2744672876e+01    0.0000000000e+00    0.0000000000e+00    0.0000000000e+00    3.2673994501e+01    0.0000000000e+00    0.0000000000e+00    0.0000000000e+00    1.3719485474e+02
    9.5249061673e+02    1.0085914643e+03   -3.1101261431e+04   -1.8133980643e-01   -1.5713485530e-01   -6.7766111950e-02   -9.6159399413e-02    1.5465635164e-02   -5.7243880819e-02    3.2744672876e+01    0.0000000000e+00    0.0000000000e+00    0.0000000000e+00    3.2673994501e+01    0.0000000000e+00    0.0000000000e+00    0.0000000000e+00    1.3758580733e+02
    9.5903701725e+02    1.0155234419e+03   -3.1088211411e+04   -7.2548577545e-02    2.2309443304e-02   -1.2821745683e-01    2.9156169983e-02   -5.5676951547e-02   -7.3821796744e-02    3.2744672876e+01    0.0000000000e+00    0.0000000000e+00    0.0000000000e+00    3.2673994501e+01    0.0000000000e+00    0.0000000000e+00    0.0000000000e+00    1.3758853644e+02
    9.5802397068e+02    1.0144507278e+03   -3.1083622076e+04    9.5902311586e-02   -2.6668926317e-02    3.1937573216e-04   -1.0227228069e-01   -9.8678540062e-02   -2.4228879464e-02    3.2744672876e+01    0.0000000000e+00    0.0000000000e+00    0.0000000000e+00    3.2673994501e+01    0.0000000000e+00    0.0000000000e+00    0.0000000000e+00    1.3742771667e+02
    9.5477945512e+02    1.0110151132e+03   -3.1050555256e+04    1.1995110197e-02    1.4284530213e-01    6.0597859266e-02    1.2363559134e-02    2.8096178784e-02    8.6197829290e-02    3.2744672876e+01    0.0000000000e+00    0.0000000000e+00    0.0000000000e+00    3.2673994501e+01    0.0000000000e+00    0.0000000000e+00    0.0000000000e+00    1.3768221557e+02
    9.6133545166e+02    1.0179572521e+03   -3.1077416904e+04   -5.8752426562e-02    1.9650978857e-02    5.8641098374e-02   -4.7413930951e-02    1.1836183584e-02   -1.7830660575e-03    3.2744672876e+01    0.0000000000e+00    0.0000000000e+00    0.0000000000e+00    3.2673994501e+01    0.0000000000e+00    0.0000000000e+00    0.0000000000e+00    1.3752071863e+02
    9.5150877399e+02    1.0075517919e+03   -3.1059751257e+04    7.1154427106e-02    1.2546229069e-01    5.2542414325e-02    1.2458630002e-02    4.9572832276e-03   -4.2678264109e-02    3.2744672876e+01    0.0000000000e+00    0.0000000000e+00    0.0000000000e+00    3.2673994501e+01    0.0000000000e+00    0.0000000000e+00    0.0000000000e+00    1.3759476748e+02
    9.7771692602e+02    1.0353035807e+03   -3.1063567354e+04   -9.8033536900e-02   -9.6481397594e-02   -6.4804710721e-02    3.3028997146e-02   -5.0196549408e-02   -1.7680580173e-02    3.2744672876e+01    0.0000000000e+00    0.0000000000e+00    0.0000000000e+00    3.2673994501e+01    0.0000000000e+00    0.0000000000e+00    0.0000000000e+00    1.3793019444e+02
    9.5261626629e+02    1.0087245145e+03   -3.1040491499e+04    1.6936271152e-02   -1.6796597593e-03   -1.1130356033e-01    2.2999032715e-02    9.0435557538e-02   -3.9489175339e-02    3.2744672876e+01    0.0000000000e+00    0.0000000000e+00    0.0000000000e+00    3.2673994501e+01    0.0000000000e+00    0.0000000000e+00    0.0000000000e+00    1.3802912300e+02
    9.5673730768e+02    1.0130882815e+03   -3.1047649435e+04   -4.0193828219e-02   -1.1822619269e-01   -1.4365192654e-01    1.1589438916e-02    3.4951995069e-02   -5.9726992193e-02    3.2744672876e+01    0.0000000000e+00    0.0000000000e+00    0.0000000000e+00    3.2673994501e+01    0.0000000000e+00    0.0000000000e+00    0.0000000000e+00    1.3811683474e+02
    9.6004939752e+02    1.0165954505e+03   -3.1043005007e+04   -1.4753333637e-02   -8.8544538421e-02   -6.3893772886e-02    3.4326210947e-02   -7.4966652542e-03    5.7115899947e-02    3.2744672876e+01    0.0000000000e+00    0.0000000000e+00    0.0000000000e+00    3.2673994501e+01    0.0000000000e+00    0.0000000000e+00    0.0000000000e+00    1.3802407089e+02
    9.5305167638e+02    1.0091855698e+03   -3.1049564898e+04    1.8839340023e-02    1.3282760049e-01    3.6194683240e-02   -3.1076624048e-02   -1.1272690877e-02    6.2379684728e-02    3.2744672876e+01    0.0000000000e+00    0.0000000000e+00    0.0000000000e+00    3.2673994501e+01    0.0000000000e+00    0.0000000000e+00    0.0000000000e+00    1.3773563610e+02
    9.5170986394e+02    1.0077647258e+03   -3.1050656033e+04   -8.9312517362e-02   -1.6627832554e-02   -1.9301440886e-01    6.2912071591e-03   -1.7464601388e-02    6.7336496414e-02    3.2744672876e+01    0.0000000000e+00    0.0000000000e+00    0.0000000000e+00    3.2673994501e+01    0.0000000000e+00    0.0000000000e+00    0.0000000000e+00    1.3808189624e+02
    9.5748143921e+02    1.0138762418e+03   -3.1035088747e+04   -4.5484835050e-02    2.4358270775e-02    5.6434878494e-02    2.9583180693e-02   -5.2171869515e-03   -2.1042410862e-02    3.2744672876e+01    0.0000000000e+00    0.0000000000e+00    0.0000000000e+00    3.2673994501e+01    0.0000000000e+00    0.0000000000e+00    0.0000000000e+00    1.3795747730e+02
    9.4971685134e+02    1.0056543266e+03   -3.1053790134e+04   -6.1438511009e-03    5.7507139772e-02    3.2367984473e-02    1.7971906434e-03   -2.3943970942e-02   -1.2590303373e-02    3.2744672876e+01    0.0000000000e+00    0.0000000000e+00    0.0000000000e+00    3.2673994501e+01    0.0000000000e+00    0.0000000000e+00    0.0000000000e+00    1.3774909987e+02
    9.4900810888e+02    1.0049038398e+03   -3.1013197012e+04    4.3528797900e-02   -4.7117748363e-02    2.6314691447e-02    5.6908745096e-03    2.7273289197e-02   -2.0115811708e-03    3.2744672876e+01    0.0000000000e+00    0.0000000000e+00    0.0000000000e+00    3.2673994501e+01    0.0000000000e+00    0.0000000000e+00    0.0000000000e+00    1.3822082455e+02
    9.5747316318e+02    1.0138674783e+03   -3.1025168013e+04    4.6831017147e-03   -1.1010516763e-01   -6.0391374743e-02   -1.8699525485e-03    3.6722133593e-03    3.2867494830e-02    3.2744672876e+01    0.0000000000e+00    0.0000000000e+00    0.0000000000e+00    3.2673994501e+01    0.0000000000e+00    0.0000000000e+00    0.0000000000e+00    1.3822394433e+02
    9.4536466773e+02    1.0010458032e+03   -3.1025619600e+04    1.1918590516e-01    7.9377656249e-03   -3.1646137336e-02   -2.7356405469e-02   -9.6726230832e-02    1.5647815100e-01    3.2744672876e+01    0.0000000000e+00    0.0000000000e+00    0.0000000000e+00    3.2673994501e+01    0.0000000000e+00    0.0000000000e+00    0.0000000000e+00    1.3804944264e+02
    9.6578919307e+02    1.0226733149e+03   -3.1014582809e+04   -1.2297330150e-01   -7.6781643617e-02   -9.8637319631e-02   -2.0683832395e-02    3.8670143423e-02    9.4145676015e-03    3.2744672876e+01    0.0000000000e+00    0.0000000000e+00    0.0000000000e+00    3.2673994501e+01    0.0000000000e+00    0.0000000000e+00    0.0000000000e+00    1.3845642227e+02
    9.4435474723e+02    9.9997639932e+02   -3.1020212440e+04   -9.5555158977e-02   -4.2948988884e-02   -1.8658490885e-03    3.4513939598e-02   -8.7537238406e-04   -4.7616050012e-03    3.2744672876e+01    0.0000000000e+00    0.0000000000e+00    0.0000000000e+00    3.2673994501e+01    0.0000000000e+00    0.0000000000e+00    0.0000000000e+00    1.3823133581e+02
    9.6293349120e+02    1.0196494147e+03   -3.0987959629e+04   -9.8301816940e-03    2.2146924446e-02    1.2937803067e-01   -7.7059537098e-02   -1.3816626174e-02    5.7614194170e-02    3.2744672876e+01    0.0000000000e+00    0.0000000000e+00    0.0000000000e+00    3.2673994501e+01    0.0000000000e+00    0.0000000000e+00    0.0000000000e+00    1.3840252243e+02
    9.5534970001e+02    1.0116189450e+03   -3.0992937035e+04    6.9611660950e-02    1.0992226601e-01   -1.7009106111e-03    2.0748685643e-03    1.4062575823e-02    3.3144056722e-02    3.2744672876e+01    0.0000000000e+00    0.0000000000e+00    0.0000000000e+00    3.2673994501e+01    0.0000000000e+00    0.0000000000e+00    0.0000000000e+00    1.3830696306e+02
