# dump_thermo 1000
# format_version 1
# num_atoms 8192
# dt_output 2.0000000000e+03 fs
# columns T KE PE sxx syy szz syz sxz sxy ax ay az bx by bz cx cy cz
    6.5046173151e+02    6.8877334718e+02   -3.2233123726e+04    1.0321015260e-01    1.0289424847e-01    9.3961351534e-02    8.0763971256e-03    1.8369322126e-02   -1.5758949259e-02    3.2347178180e+01    0.0000000000e+00    0.0000000000e+00    0.0000000000e+00    3.2353456808e+01    0.0000000000e+00    0.0000000000e+00    0.0000000000e+00    1.2946767116e+02
    7.9246203981e+02    8.3913734695e+02   -3.2037218891e+04    5.4017365548e-02    3.0946998006e-02   -2.9379160907e-03   -1.4068648958e-02   -4.0497927459e-03    4.3173009465e-02    3.2479714169e+01    0.0000000000e+00    0.0000000000e+00    0.0000000000e+00    3.2455372817e+01    0.0000000000e+00    0.0000000000e+00    0.0000000000e+00    1.3021142853e+02
    8.8128226525e+02    9.3318900443e+02   -3.1885214916e+04   -1.8350003870e-01   -5.1350692189e-02   -6.2701735389e-02    1.0745663404e-03    1.9549740486e-02   -7.0304458038e-03    3.2632925537e+01    0.0000000000e+00    0.0000000000e+00    0.0000000000e+00    3.2565073537e+01    0.0000000000e+00    0.0000000000e+00    0.0000000000e+00    1.3063351548e+02
    9.3379572114e+02    9.8879545602e+02   -3.1816971210e+04    1.2293432109e-01    1.8944746833e-01    9.7051414403e-02    3.4871332008e-02   -5.8479525773e-02   -3.7159385699e-02    3.2586729632e+01    0.0000000000e+00    0.0000000000e+00    0.0000000000e+00    3.2601603596e+01    0.0000000000e+00    0.0000000000e+00    0.0000000000e+00    1.3085541544e+02
    9.3798752347e+02    9.9323415177e+02   -3.1788475239e+04   -4.6025285571e-02   -1.6491618163e-01   -1.6168663916e-01    1.1947960011e-02    4.6258422502e-02   -1.0155641207e-02    3.2573769135e+01    0.0000000000e+00    0.0000000000e+00    0.0000000000e+00    3.2732953659e+01    0.0000000000e+00    0.0000000000e+00    0.0000000000e+00    1.3107701259e+02
# dump_thermo 1000
# format_version 1
# num_atoms 8192
# dt_output 2.0000000000e+03 fs
# columns T KE PE sxx syy szz syz sxz sxy ax ay az bx by bz cx cy cz
    1.7006787869e+03    9.0042362508e+02   -3.1140877159e+04    2.6232730683e+00    2.8248583761e+00    2.7965651366e+00    3.5462122138e-02    4.2387933712e-02    7.8616726788e-02    3.2573769135e+01    0.0000000000e+00    0.0000000000e+00    0.0000000000e+00    3.2732953659e+01    0.0000000000e+00    0.0000000000e+00    0.0000000000e+00    1.3107701259e+02
    1.7100960130e+03    9.0540957126e+02   -3.1080598236e+04    3.1526748067e+00    2.8817584361e+00    3.0333150556e+00    6.4075588587e-02    4.0095524678e-02   -3.7901076433e-02    3.2573769135e+01    0.0000000000e+00    0.0000000000e+00    0.0000000000e+00    3.2732953659e+01    0.0000000000e+00    0.0000000000e+00    0.0000000000e+00    1.3107701259e+02
    1.7153067565e+03    9.0816839704e+02   -3.1070453857e+04    3.0837574821e+00    2.9902821954e+00    3.1648385576e+00    1.1970424389e-01   -4.2240301579e-03   -3.3082310959e-02    3.2573769135e+01    0.0000000000e+00    0.0000000000e+00    0.0000000000e+00    3.2732953659e+01    0.0000000000e+00    0.0000000000e+00    0.0000000000e+00    1.3107701259e+02
    1.6578463166e+03    8.7774599280e+02   -3.1076158144e+04    3.0169083660e+00    2.9718743684e+00    3.0338778617e+00    2.1265991436e-02    2.4273068841e-02    1.3582266725e-02    3.2573769135e+01    0.0000000000e+00    0.0000000000e+00    0.0000000000e+00    3.2732953659e+01    0.0000000000e+00    0.0000000000e+00    0.0000000000e+00    1.3107701259e+02
    1.6903511136e+03    8.9495564305e+02   -3.1087381008e+04    2.9247056509e+00    3.0160806581e+00    3.0704204145e+00    1.2135591304e-01   -5.1786055978e-02    1.6144786045e-03    3.2573769135e+01    0.0000000000e+00    0.0000000000e+00    0.0000000000e+00    3.2732953659e+01    0.0000000000e+00    0.0000000000e+00    0.0000000000e+00    1.3107701259e+02
# dump_thermo 1000
# format_version 1
# num_atoms 8192
# dt_output 2.0000000000e+03 fs
# columns T KE PE sxx syy szz syz sxz sxy ax ay az bx by bz cx cy cz
    9.4232653912e+02    4.9891436578e+02   -3.1471329969e+04    1.1347508809e+00    1.0329475207e+00    1.1244221982e+00    1.3450802912e-01    8.2173230986e-02   -1.7874093591e-02    3.2573769135e+01    0.0000000000e+00    0.0000000000e+00    0.0000000000e+00    3.2732953659e+01    0.0000000000e+00    0.0000000000e+00    0.0000000000e+00    1.3107701259e+02
    9.3966505242e+02    4.9750524284e+02   -3.1499010681e+04    9.7168591135e-01    9.8981395180e-01    9.7538262593e-01    1.3781884476e-01   -2.5748444483e-03   -1.6068447310e-02    3.2573769135e+01    0.0000000000e+00    0.0000000000e+00    0.0000000000e+00    3.2732953659e+01    0.0000000000e+00    0.0000000000e+00    0.0000000000e+00    1.3107701259e+02
    9.2598289955e+02    4.9026123310e+02   -3.1521628040e+04    8.9071539072e-01    7.9742041523e-01    8.1578750299e-01    9.7500047981e-02    7.7714118869e-03    5.8831559326e-03    3.2573769135e+01    0.0000000000e+00    0.0000000000e+00    0.0000000000e+00    3.2732953659e+01    0.0000000000e+00    0.0000000000e+00    0.0000000000e+00    1.3107701259e+02
    9.3927490895e+02    4.9729868155e+02   -3.1548125940e+04    7.9671485118e-01    6.4137258173e-01    8.0694358822e-01    3.6255871576e-02    1.0610057871e-01    2.6655846302e-03    3.2573769135e+01    0.0000000000e+00    0.0000000000e+00    0.0000000000e+00    3.2732953659e+01    0.0000000000e+00    0.0000000000e+00    0.0000000000e+00    1.3107701259e+02
    9.1608712305e+02    4.8502191865e+02   -3.1574878981e+04    6.4840451522e-01    5.3712867753e-01    6.9148903134e-01    4.4035280150e-02    8.1969740529e-03   -1.2847109329e-02    3.2573769135e+01    0.0000000000e+00    0.0000000000e+00    0.0000000000e+00    3.2732953659e+01    0.0000000000e+00    0.0000000000e+00    0.0000000000e+00    1.3107701259e+02
# dump_thermo 1000
# format_version 1
# num_atoms 8192
# dt_output 2.0000000000e+03 fs
# columns T KE PE sxx syy szz syz sxz sxy ax ay az bx by bz cx cy cz
    8.5437735830e+02    9.0469942247e+02   -3.1613295988e+04   -2.3243717112e-01   -3.8989636759e-01   -2.5020582727e-02   -2.7966816906e-02    2.9848161961e-02   -4.3053058098e-02    3.2573769135e+01    0.0000000000e+00    0.0000000000e+00    0.0000000000e+00    3.2732953659e+01    0.0000000000e+00    0.0000000000e+00    0.0000000000e+00    1.3334382386e+02
    9.0670095874e+02    9.6010483628e+02   -3.1473592405e+04   -4.3162606973e-01   -4.5097108946e-01   -8.3785237371e-02   -1.3745209234e-02    3.4598442037e-02   -3.7463795576e-02    3.2573769135e+01    0.0000000000e+00    0.0000000000e+00    0.0000000000e+00    3.2732953659e+01    0.0000000000e+00    0.0000000000e+00    0.0000000000e+00    1.3505928044e+02
# dump_thermo 1000
# format_version 1
# num_atoms 8192
# dt_output 2.0000000000e+03 fs
# columns T KE PE sxx syy szz syz sxz sxy ax ay az bx by bz cx cy cz
    9.2823651828e+02    9.8290882107e+02   -3.1434178665e+04   -1.1408225129e-01   -1.9498800507e-01   -2.1349438033e-03   -2.4458487385e-02   -5.1428293850e-02   -2.0914552860e-02    3.2573769135e+01    0.0000000000e+00    0.0000000000e+00    0.0000000000e+00    3.2732953659e+01    0.0000000000e+00    0.0000000000e+00    0.0000000000e+00    1.3480635376e+02
    9.2450843086e+02    9.7896115263e+02   -3.1458659990e+04   -1.7187377485e-01   -1.1032171772e-01    1.8082797792e-02   -1.4295720423e-02   -7.0962700148e-02    2.4961527820e-02    3.2573769135e+01    0.0000000000e+00    0.0000000000e+00    0.0000000000e+00    3.2732953659e+01    0.0000000000e+00    0.0000000000e+00    0.0000000000e+00    1.3450891296e+02
    9.3170862864e+02    9.8658543564e+02   -3.1460234217e+04    1.7826168451e-01    2.9892473261e-02    6.0891016594e-02    3.8558930089e-02    1.3480721094e-01    6.6684756443e-03    3.2573769135e+01    0.0000000000e+00    0.0000000000e+00    0.0000000000e+00    3.2732953659e+01    0.0000000000e+00    0.0000000000e+00    0.0000000000e+00    1.3396116885e+02
    9.2516178013e+02    9.7965298359e+02   -3.1451274113e+04   -3.7767920096e-02   -2.2240822821e-02    3.1642823669e-02   -2.5816047916e-02    6.7205109958e-03    1.3491029077e-02    3.2573769135e+01    0.0000000000e+00    0.0000000000e+00    0.0000000000e+00    3.2732953659e+01    0.0000000000e+00    0.0000000000e+00    0.0000000000e+00    1.3428774742e+02
    9.3568029874e+02    9.9079103356e+02   -3.1416076042e+04   -1.4418333711e-01   -1.8075404213e-01   -1.0201815945e-01   -1.1012941119e-01    4.5800314255e-02    2.4177831418e-02    3.2573769135e+01    0.0000000000e+00    0.0000000000e+00    0.0000000000e+00    3.2732953659e+01    0.0000000000e+00    0.0000000000e+00    0.0000000000e+00    1.3502123462e+02
    9.1579278756e+02    9.6973216571e+02   -3.1425882341e+04    4.2936099480e-02   -3.4228851442e-02    1.2298751892e-02   -7.6783522511e-02   -5.7466186090e-02   -1.3472386418e-02    3.2573769135e+01    0.0000000000e+00    0.0000000000e+00    0.0000000000e+00    3.2732953659e+01    0.0000000000e+00    0.0000000000e+00    0.0000000000e+00    1.3453580575e+02
    9.1744642774e+02    9.7148320383e+02   -3.1459441164e+04   -2.5448111418e-02   -3.1762175867e-02   -4.7362397528e-02    4.5561229536e-02    4.2600978267e-02    1.4073355895e-02    3.2573769135e+01    0.0000000000e+00    0.0000000000e+00    0.0000000000e+00    3.2732953659e+01    0.0000000000e+00    0.0000000000e+00    0.0000000000e+00    1.3421017518e+02
    9.3506472080e+02    9.9013919862e+02   -3.1453557026e+04   -4.7854481662e-02   -1.7119823376e-01   -2.2393348656e-02   -7.9194132023e-02   -9.6368948754e-04   -2.5296461387e-02    3.2573769135e+01    0.0000000000e+00    0.0000000000e+00    0.0000000000e+00    3.2732953659e+01    0.0000000000e+00    0.0000000000e+00    0.0000000000e+00    1.3447198391e+02
    9.3244409982e+02    9.8736422541e+02   -3.1430544159e+04    3.3422692263e-02   -1.8637707732e-01   -2.9443513419e-02   -1.1542047194e-02    1.4454180175e-02    2.8430673796e-02    3.2573769135e+01    0.0000000000e+00    0.0000000000e+00    0.0000000000e+00    3.2732953659e+01    0.0000000000e+00    0.0000000000e+00    0.0000000000e+00    1.3460623616e+02
    9.2025047964e+02    9.7445241188e+02   -3.1435557928e+04    2.1081065078e-02   -1.5693558179e-02   -4.3058010035e-02    7.8681153082e-02    5.2933426414e-02   -2.1623077529e-02    3.2573769135e+01    0.0000000000e+00    0.0000000000e+00    0.0000000000e+00    3.2732953659e+01    0.0000000000e+00    0.0000000000e+00    0.0000000000e+00    1.3445789877e+02
    9.3218793788e+02    9.8709297576e+02   -3.1411867735e+04    1.1825562743e-01   -4.5575433194e-03   -5.9215294329e-02   -1.5387957469e-02   -1.2204185564e-02    3.3657847518e-02    3.2573769135e+01    0.0000000000e+00    0.0000000000e+00    0.0000000000e+00    3.2732953659e+01    0.0000000000e+00    0.0000000000e+00    0.0000000000e+00    1.3457340475e+02
    9.2977132945e+02    9.8453403125e+02   -3.1430074188e+04   -5.0724533825e-03   -1.0672877788e-01   -1.7484365862e-01    5.6533086706e-02    2.8227491676e-02    4.5818208668e-02    3.2573769135e+01    0.0000000000e+00    0.0000000000e+00    0.0000000000e+00    3.2732953659e+01    0.0000000000e+00    0.0000000000e+00    0.0000000000e+00    1.3469536562e+02
    9.3666671089e+02    9.9183554450e+02   -3.1433417450e+04    6.3839033948e-02   -5.0237744616e-02    2.6363031589e-02    1.1645138569e-01    4.5528836327e-02    3.3862414363e-02    3.2573769135e+01    0.0000000000e+00    0.0000000000e+00    0.0000000000e+00    3.2732953659e+01    0.0000000000e+00    0.0000000000e+00    0.0000000000e+00    1.3446410838e+02
    9.3703883099e+02    9.9222958214e+02   -3.1428999594e+04    1.1025320649e-01    7.4521329305e-02    6.5163854288e-02   -3.4489642290e-02    4.8438318104e-03   -1.6998714994e-02    3.2573769135e+01    0.0000000000e+00    0.0000000000e+00    0.0000000000e+00    3.2732953659e+01    0.0000000000e+00    0.0000000000e+00    0.0000000000e+00    1.3434215084e+02
    9.2873583032e+02    9.8343754214e+02   -3.1453864317e+04   -3.0472052443e-02    3.2147974504e-02    1.6231371741e-02   -3.9588769006e-02    8.6063669554e-03   -7.1604437118e-02    3.2573769135e+01    0.0000000000e+00    0.0000000000e+00    0.0000000000e+00    3.2732953659e+01    0.0000000000e+00    0.0000000000e+00    0.0000000000e+00    1.3427537470e+02
    9.1776484684e+02    9.7182037753e+02   -3.1429845268e+04    8.9872453491e-02    1.7439598825e-02    1.2023095353e-01   -3.0932091582e-02    4.6963946346e-03    1.3751133052e-03    3.2573769135e+01    0.0000000000e+00    0.0000000000e+00    0.0000000000e+00    3.2732953659e+01    0.0000000000e+00    0.0000000000e+00    0.0000000000e+00    1.3431633067e+02
    9.3854897561e+02    9.9382867294e+02   -3.1428697947e+04   -6.8783185252e-02   -4.5800396541e-02   -1.0814441760e-01    5.3921924414e-02   -8.5967137262e-02   -6.9044344546e-03    3.2573769135e+01    0.0000000000e+00    0.0000000000e+00    0.0000000000e+00    3.2732953659e+01    0.0000000000e+00    0.0000000000e+00    0.0000000000e+00    1.3463073616e+02
    9.3471823933e+02    9.8977230971e+02   -3.1426372009e+04   -5.4424949227e-03   -2.1073298164e-02   -8.0972190583e-02    4.4508026258e-02   -1.3989499756e-02    7.8196919397e-02    3.2573769135e+01    0.0000000000e+00    0.0000000000e+00    0.0000000000e+00    3.2732953659e+01    0.0000000000e+00    0.0000000000e+00    0.0000000000e+00    1.3460857523e+02
    9.3160748615e+02    9.8647833594e+02   -3.1460958696e+04    2.0366178674e-02   -2.7138635839e-02   -2.4003230003e-02    3.8679598385e-02   -4.7453059686e-02    3.9009987233e-03    3.2573769135e+01    0.0000000000e+00    0.0000000000e+00    0.0000000000e+00    3.2732953659e+01    0.0000000000e+00    0.0000000000e+00    0.0000000000e+00    1.3428510499e+02
    9.3089267269e+02    9.8572142060e+02   -3.1419096601e+04   -1.2233246146e-02   -1.1282550614e-01   -2.4830201889e-02    7.2310560086e-03   -3.5932251938e-02    4.3206474154e-02    3.2573769135e+01    0.0000000000e+00    0.0000000000e+00    0.0000000000e+00    3.2732953659e+01    0.0000000000e+00    0.0000000000e+00    0.0000000000e+00    1.3468647423e+02
    9.2279919998e+02    9.7715124958e+02   -3.1406734898e+04    1.1928526941e-01    3.4179605761e-02    6.1546998123e-02   -8.3906772619e-03   -2.1291279287e-03   -6.5637877555e-03    3.2573769135e+01    0.0000000000e+00    0.0000000000e+00    0.0000000000e+00    3.2732953659e+01    0.0000000000e+00    0.0000000000e+00    0.0000000000e+00    1.3456791583e+02
    9.1355353516e+02    9.6736102335e+02   -3.1426080257e+04    3.3622294153e-02   -9.7244359037e-02    3.4876485647e-02    1.5561962919e-02    7.3208500670e-02    1.2114801656e-03    3.2573769135e+01    0.0000000000e+00    0.0000000000e+00    0.0000000000e+00    3.2732953659e+01    0.0000000000e+00    0.0000000000e+00    0.0000000000e+00    1.3455812428e+02
    9.1551834796e+02    9.6944156187e+02   -3.1386519176e+04    1.6092398011e-01    2.7724334482e-02    1.6182501115e-01    9.4356464476e-02   -4.3774634566e-03    6.0696667249e-02    3.2573769135e+01    0.0000000000e+00    0.0000000000e+00    0.0000000000e+00    3.2732953659e+01    0.0000000000e+00    0.0000000000e+00    0.0000000000e+00    1.3469615070e+02
    9.3983667738e+02    9.9519221919e+02   -3.1381645050e+04    2.5819797554e-01    9.7848188150e-02    2.9080856056e-02    6.2272140440e-02   -2.0743036965e-02   -9.3469794211e-02    3.2573769135e+01    0.0000000000e+00    0.0000000000e+00    0.0000000000e+00    3.2732953659e+01    0.0000000000e+00    0.0000000000e+00    0.0000000000e+00    1.3473335911e+02
    9.2432323995e+02    9.7876505414e+02   -3.1403193607e+04    1.8017219944e-01    1.1340029625e-01    1.5128562798e-01   -6.6180500542e-02    1.4218402434e-01   -2.1126407905e-03    3.2573769135e+01    0.0000000000e+00    0.0000000000e+00    0.0000000000e+00    3.2732953659e+01    0.0000000000e+00    0.0000000000e+00    0.0000000000e+00    1.3443778583e+02
    9.2556716622e+02    9.8008224656e+02   -3.1406268837e+04   -3.8129365735e-02   -7.8329825987e-02   -9.9510093040e-02    1.2916681596e-01    3.6117687249e-02   -3.6761509984e-02    3.2573769135e+01    0.0000000000e+00    0.0000000000e+00    0.0000000000e+00    3.2732953659e+01    0.0000000000e+00    0.0000000000e+00    0.0000000000e+00    1.3484211304e+02
    9.3037157011e+02    9.8516962555e+02   -3.1395764494e+04    4.1899951158e-03   -3.4867032721e-02   -1.4489011161e-01   -3.6704528462e-02   -3.1462598226e-02   -3.7193098071e-02    3.2573769135e+01    0.0000000000e+00    0.0000000000e+00    0.0000000000e+00    3.2732953659e+01    0.0000000000e+00    0.0000000000e+00    0.0000000000e+00    1.3496274667e+02
    9.3293147154e+02    9.8788030289e+02   -3.1407247881e+04   -1.0343121287e-01   -3.4485427143e-02   -1.3414787370e-01   -9.5871274320e-02    4.6221926976e-02    3.9278083373e-03    3.2573769135e+01    0.0000000000e+00    0.0000000000e+00    0.0000000000e+00    3.2732953659e+01    0.0000000000e+00    0.0000000000e+00    0.0000000000e+00    1.3487640530e+02
    9.3477954800e+02    9.8983722940e+02   -3.1381184187e+04    7.4867525109e-03    6.1891322337e-02    4.5047015058e-02    9.6467655840e-02    3.2600484822e-02    1.6330093550e-02    3.2573769135e+01    0.0000000000e+00    0.0000000000e+00    0.0000000000e+00    3.2732953659e+01    0.0000000000e+00    0.0000000000e+00    0.0000000000e+00    1.3486837424e+02
    9.3024554626e+02    9.8503617901e+02   -3.1397205402e+04    3.3217212761e-02   -5.0831111249e-02    7.1129597986e-02    4.7688296197e-02   -9.7656172693e-02    3.4308641826e-02    3.2573769135e+01    0.0000000000e+00    0.0000000000e+00    0.0000000000e+00    3.2732953659e+01    0.0000000000e+00    0.0000000000e+00    0.0000000000e+00    1.3480781447e+02
    9.2258349840e+02    9.7692284337e+02   -3.1380936083e+04   -2.1677513324e-02   -1.2917721192e-01   -1.3558633599e-01   -8.1516540073e-02    5.9037886300e-02   -3.3622976852e-02    3.2573769135e+01    0.0000000000e+00    0.0000000000e+00    0.0000000000e+00    3.2732953659e+01    0.0000000000e+00    0.0000000000e+00    0.0000000000e+00    1.3515442505e+02
    9.2923310551e+02    9.8396410641e+02   -3.1389100813e+04   -9.7303688580e-02   -4.8960939089e-02   -9.2419093653e-02    2.5241842800e-02   -3.3738327402e-02   -7.4525713010e-02    3.2573769135e+01    0.0000000000e+00    0.0000000000e+00    0.0000000000e+00    3.2732953659e+01    0.0000000000e+00    0.0000000000e+00    0.0000000000e+00    1.3507343214e+02
    9.0924010122e+02    9.6279353200e+02   -3.1390925404e+04    3.4713888800e-02   -4.9542159294e-02   -8.0845108360e-02    5.3926447006e-02    1.0399188019e-01   -4.6493892217e-02    3.2573769135e+01    0.0000000000e+00    0.0000000000e+00    0.0000000000e+00    3.2732953659e+01    0.0000000000e+00    0.0000000000e+00    0.0000000000e+00    1.3488063321e+02
    9.3368983669e+02    9.8868333507e+02   -3.1387614107e+04    3.6386330330e-02    6.0722169937e-02    6.2598027787e-02    5.0128484256e-03    1.5044604455e-02   -2.2601172793e-02    3.2573769135e+01    0.0000000000e+00    0.0000000000e+00    0.0000000000e+00    3.2732953659e+01    0.0000000000e+00    0.0000000000e+00    0.0000000000e+00    1.3483973125e+02
    9.2731394683e+02    9.8193191099e+02   -3.1386243620e+04   -8.2704227766e-02   -1.4589685726e-01   -1.3770623131e-01   -1.9483751892e-03   -8.3694773345e-02   -5.5875515746e-02    3.2573769135e+01    0.0000000000e+00    0.0000000000e+00    0.0000000000e+00    3.2732953659e+01    0.0000000000e+00    0.0000000000e+00    0.0000000000e+00    1.3514592372e+02
    9.2542307397e+02    9.7992966740e+02   -3.1406068987e+04    6.2450413441e-02   -9.1602850651e-02   -1.5085838251e-02   -1.5914868632e-02    4.4287089748e-02    5.7981290616e-03    3.2573769135e+01    0.0000000000e+00    0.0000000000e+00    0.0000000000e+00    3.2732953659e+01    0.0000000000e+00    0.0000000000e+00    0.0000000000e+00    1.3471930301e+02
    9.2816022444e+02    9.8282803359e+02   -3.1409521696e+04    1.1841324544e-01    2.6652651648e-02    1.0748528561e-02   -7.3739345510e-02   -1.8297497519e-02    3.0479054275e-02    3.2573769135e+01    0.0000000000e+00    0.0000000000e+00    0.0000000000e+00    3.2732953659e+01    0.0000000000e+00    0.0000000000e+00    0.0000000000e+00    1.3458267546e+02
    9.4491930358e+02    1.0005742075e+03   -3.1403653330e+04    9.3409893730e-02   -8.3974603827e-02   -9.7513483356e-02    2.1402575890e-02   -7.5853057864e-02   -6.3782133826e-02    3.2573769135e+01    0.0000000000e+00    0.0000000000e+00    0.0000000000e+00    3.2732953659e+01    0.0000000000e+00    0.0000000000e+00    0.0000000000e+00    1.3482182550e+02
    9.1963636091e+02    9.7380212210e+02   -3.1395921051e+04    1.0711461287e-01   -2.3760133438e-02    1.2583246460e-01   -1.1618330944e-02   -3.0990228682e-02    6.1910414076e-02    3.2573769135e+01    0.0000000000e+00    0.0000000000e+00    0.0000000000e+00    3.2732953659e+01    0.0000000000e+00    0.0000000000e+00    0.0000000000e+00    1.3468085797e+02
    9.2259089000e+02    9.7693067032e+02   -3.1425270811e+04    1.3729092180e-02   -1.0872463751e-01   -3.5093843163e-02   -1.2172942922e-01    3.5382692673e-02    1.0090379137e-04    3.2573769135e+01    0.0000000000e+00    0.0000000000e+00    0.0000000000e+00    3.2732953659e+01    0.0000000000e+00    0.0000000000e+00    0.0000000000e+00    1.3462837874e+02
    9.3021736759e+02    9.8500634063e+02   -3.1402909069e+04    2.3901341317e-01    4.9420873367e-02    1.2179610039e-01    3.2852334955e-03   -2.5089828458e-02   -2.6622757128e-04    3.2573769135e+01    0.0000000000e+00    0.0000000000e+00    0.0000000000e+00    3.2732953659e+01    0.0000000000e+00    0.0000000000e+00    0.0000000000e+00    1.3448999372e+02
    9.3038012215e+02    9.8517868129e+02   -3.1388661730e+04    1.0321185528e-01    2.0381193889e-02    1.4807995996e-01    6.4676389896e-02    3.6450832659e-02    8.4768263008e-02    3.2573769135e+01    0.0000000000e+00    0.0000000000e+00    0.0000000000e+00    3.2732953659e+01    0.0000000000e+00    0.0000000000e+00    0.0000000000e+00    1.3475356064e+02
    9.4448787927e+02    1.0001173727e+03   -3.1391847862e+04    1.8597878959e-01    3.2026469578e-02    1.4017590492e-02   -1.7391860687e-02   -2.0856613730e-02    4.8252439662e-02    3.2573769135e+01    0.0000000000e+00    0.0000000000e+00    0.0000000000e+00    3.2732953659e+01    0.0000000000e+00    0.0000000000e+00    0.0000000000e+00    1.3469733539e+02
    9.4210288738e+02    9.9759190694e+02   -3.1360777433e+04    1.1238570486e-01    2.2163833438e-02    1.7660709794e-01    6.1749434922e-03    2.2989619505e-02    7.5408609611e-03    3.2573769135e+01    0.0000000000e+00    0.0000000000e+00    0.0000000000e+00    3.2732953659e+01    0.0000000000e+00    0.0000000000e+00    0.0000000000e+00    1.3495241644e+02
    9.3562032275e+02    9.9072752504e+02   -3.1364293873e+04    8.4947504780e-03    1.7418955587e-02    3.9094361809e-02   -5.5268380152e-02    6.4474816909e-02   -7.4179637274e-02    3.2573769135e+01    0.0000000000e+00    0.0000000000e+00    0.0000000000e+00    3.2732953659e+01    0.0000000000e+00    0.0000000000e+00    0.0000000000e+00    1.3508437268e+02
    9.3460804293e+02    9.8965562284e+02   -3.1401912312e+04    9.0064815836e-02   -8.0284304395e-02    8.4699873542e-02    1.1690290633e-02   -2.4159767660e-02   -5.7963968717e-02    3.2573769135e+01    0.0000000000e+00    0.0000000000e+00    0.0000000000e+00    3.2732953659e+01    0.0000000000e+00    0.0000000000e+00    0.0000000000e+00    1.3470048563e+02
    9.3134051931e+02    9.8619564500e+02   -3.1396071655e+04    1.2993777925e-01    4.1133490218e-03    2.7605684427e-02    3.1557649641e-02    4.3402054000e-02   -1.1327871427e-02    3.2573769135e+01    0.0000000000e+00    0.0000000000e+00    0.0000000000e+00    3.2732953659e+01    0.0000000000e+00    0.0000000000e+00    0.0000000000e+00    1.3473482226e+02
    9.3696755565e+02    9.9215410875e+02   -3.1390359734e+04    9.6686428091e-02   -7.7379905676e-03    1.0546354442e-03   -2.4137574502e-02   -2.0129505049e-02   -1.7083688132e-02    3.2573769135e+01    0.0000000000e+00    0.0000000000e+00    0.0000000000e+00    3.2732953659e+01    0.0000000000e+00    0.0000000000e+00    0.0000000000e+00    1.3484707350e+02
    9.4035469418e+02    9.9574074672e+02   -3.1382943609e+04    5.8520869864e-02    2.0220770729e-02    1.2790611925e-01   -4.8795077820e-02   -2.7816729358e-02    1.8842396589e-02    3.2573769135e+01    0.0000000000e+00    0.0000000000e+00    0.0000000000e+00    3.2732953659e+01    0.0000000000e+00    0.0000000000e+00    0.0000000000e+00    1.3481538409e+02
    9.2029389256e+02    9.7449838178e+02   -3.1392407606e+04    2.8644060934e-02   -1.1637780557e-02   -2.6729466398e-02   -2.4590732854e-03   -1.8426402815e-02   -6.1704874399e-02    3.2573769135e+01    0.0000000000e+00    0.0000000000e+00    0.0000000000e+00    3.2732953659e+01    0.0000000000e+00    0.0000000000e+00    0.0000000000e+00    1.3484844904e+02
