# dump_thermo 1000
# format_version 1
# num_atoms 40320
# dt_output 2.0000000000e+03 fs
# columns T KE PE sxx syy szz syz sxz sxy ax ay az bx by bz cx cy cz
    5.4060242733e+02    2.8174949972e+03   -1.5930642896e+05   -1.4753361926e-01   -1.2924095033e-01   -1.1271110610e-01    3.1359545713e-03   -6.0166782722e-03    1.0264852794e-02    2.4230339816e+02    0.0000000000e+00    0.0000000000e+00    0.0000000000e+00    2.2837547187e+01    0.0000000000e+00    0.0000000000e+00    0.0000000000e+00    1.1990516700e+02
    6.4077344109e+02    3.3395631860e+03   -1.5869303208e+05    3.1557634911e-03    2.1678917681e-02    4.0569379297e-02   -4.3645121910e-03   -1.2069998550e-02    4.8766516033e-04    2.4276068679e+02    0.0000000000e+00    0.0000000000e+00    0.0000000000e+00    2.2880752233e+01    0.0000000000e+00    0.0000000000e+00    0.0000000000e+00    1.2011167855e+02
    7.2213327118e+02    3.7635918301e+03   -1.5806541388e+05    6.6072231970e-02    8.6075410483e-02    4.8607257321e-02   -4.5787211707e-03   -1.5098707786e-02   -1.5133855747e-02    2.4335732256e+02    0.0000000000e+00    0.0000000000e+00    0.0000000000e+00    2.2927944406e+01    0.0000000000e+00    0.0000000000e+00    0.0000000000e+00    1.2041420841e+02
    8.0062524300e+02    4.1726738592e+03   -1.5756692172e+05   -1.0155921916e-01   -5.0903117854e-02   -5.3934732080e-02    7.0797809694e-03    2.2501231048e-02    2.1621061478e-02    2.4406927888e+02    0.0000000000e+00    0.0000000000e+00    0.0000000000e+00    2.2992915674e+01    0.0000000000e+00    0.0000000000e+00    0.0000000000e+00    1.2071424153e+02
    8.6040189275e+02    4.4842159521e+03   -1.5716584902e+05    4.0129841048e-02    9.0927848831e-02    6.0000278672e-02    7.8688931419e-04   -1.3712388584e-02    1.0104834838e-02    2.4445051063e+02    0.0000000000e+00    0.0000000000e+00    0.0000000000e+00    2.3011373348e+01    0.0000000000e+00    0.0000000000e+00    0.0000000000e+00    1.2084366344e+02
    8.9236572333e+02    4.6508040549e+03   -1.5683949922e+05   -4.9740252125e-02   -3.8157821480e-02   -4.7297146097e-02    1.0553431309e-03    8.7508417967e-03   -2.9745950839e-03    2.4470948916e+02    0.0000000000e+00    0.0000000000e+00    0.0000000000e+00    2.3060069349e+01    0.0000000000e+00    0.0000000000e+00    0.0000000000e+00    1.2114872409e+02
    9.1581796388e+02    4.7730317163e+03   -1.5669381275e+05    4.8002301079e-02    3.1377945467e-02    5.1423780857e-02   -2.4718149242e-02   -1.7594775697e-02   -7.6781965783e-03    2.4471703044e+02    0.0000000000e+00    0.0000000000e+00    0.0000000000e+00    2.3078012747e+01    0.0000000000e+00    0.0000000000e+00    0.0000000000e+00    1.2114433785e+02
    9.2208409617e+02    4.8056893506e+03   -1.5668377705e+05    4.9903157275e-02   -2.3207258864e-02    6.3937180658e-02    1.4881279973e-02   -1.8936550764e-02   -5.4227712773e-03    2.4472764856e+02    0.0000000000e+00    0.0000000000e+00    0.0000000000e+00    2.3093008489e+01    0.0000000000e+00    0.0000000000e+00    0.0000000000e+00    1.2110099466e+02
    9.1299828154e+02    4.7583361832e+03   -1.5665437823e+05   -1.2485733621e-02   -2.2202594578e-02   -3.6542102986e-02    1.1589102229e-03   -1.0119895490e-02    1.8707333411e-02    2.4479624704e+02    0.0000000000e+00    0.0000000000e+00    0.0000000000e+00    2.3083354605e+01    0.0000000000e+00    0.0000000000e+00    0.0000000000e+00    1.2124370761e+02
    9.2271925090e+02    4.8089996303e+03   -1.5665452911e+05    2.0296939800e-02    7.6960524230e-03    1.2159174026e-02    2.6891866703e-03   -1.9514114014e-02   -1.4736364866e-03    2.4479489648e+02    0.0000000000e+00    0.0000000000e+00    0.0000000000e+00    2.3090023300e+01    0.0000000000e+00    0.0000000000e+00    0.0000000000e+00    1.2117175694e+02
# dump_thermo 1000
# format_version 1
# num_atoms 40320
# dt_output 2.0000000000e+03 fs
# columns T KE PE sxx syy szz syz sxz sxy ax ay az bx by bz cx cy cz
    1.4776335679e+03    3.8276225502e+03   -1.5469729326e+05    1.5916133689e+00    1.5610935853e+00    1.6357991782e+00   -3.5005813841e-02   -1.3140422577e-02   -1.1074481892e-02    2.4479489648e+02    0.0000000000e+00    0.0000000000e+00    0.0000000000e+00    2.3090023300e+01    0.0000000000e+00    0.0000000000e+00    0.0000000000e+00    1.2117175694e+02
    1.4645080328e+03    3.7936225142e+03   -1.5392326643e+05    2.3344874252e+00    2.3544275051e+00    2.4661499507e+00   -2.2348406591e-02   -5.7110066907e-03   -7.7144685410e-03    2.4479489648e+02    0.0000000000e+00    0.0000000000e+00    0.0000000000e+00    2.3090023300e+01    0.0000000000e+00    0.0000000000e+00    0.0000000000e+00    1.2117175694e+02
    1.4987067888e+03    3.8822100589e+03   -1.5354551124e+05    2.7307244901e+00    2.7092295381e+00    2.8386956456e+00   -1.4068129200e-02   -7.8474226284e-03   -3.1805340324e-02    2.4479489648e+02    0.0000000000e+00    0.0000000000e+00    0.0000000000e+00    2.3090023300e+01    0.0000000000e+00    0.0000000000e+00    0.0000000000e+00    1.2117175694e+02
    1.4998749511e+03    3.8852360353e+03   -1.5351606891e+05    2.7480558880e+00    2.7317009113e+00    2.8340726046e+00    1.5714325020e-02   -3.3854863182e-02    2.2480699831e-02    2.4479489648e+02    0.0000000000e+00    0.0000000000e+00    0.0000000000e+00    2.3090023300e+01    0.0000000000e+00    0.0000000000e+00    0.0000000000e+00    1.2117175694e+02
    1.5098969644e+03    3.9111967911e+03   -1.5347314739e+05    2.8504425079e+00    2.7147480915e+00    2.9073360995e+00   -6.2405936839e-02   -1.6504794258e-02   -6.3691633633e-03    2.4479489648e+02    0.0000000000e+00    0.0000000000e+00    0.0000000000e+00    2.3090023300e+01    0.0000000000e+00    0.0000000000e+00    0.0000000000e+00    1.2117175694e+02
    1.5006893708e+03    3.8873456865e+03   -1.5351371145e+05    2.8033904073e+00    2.7124417044e+00    2.8420945376e+00    5.3923542331e-03   -3.9434514871e-02    8.6499723236e-03    2.4479489648e+02    0.0000000000e+00    0.0000000000e+00    0.0000000000e+00    2.3090023300e+01    0.0000000000e+00    0.0000000000e+00    0.0000000000e+00    1.2117175694e+02
    1.4993210863e+03    3.8838013189e+03   -1.5349541404e+05    2.7912897560e+00    2.7472360591e+00    2.8855662685e+00   -2.5034209737e-02    3.0522298274e-02    5.8591455490e-02    2.4479489648e+02    0.0000000000e+00    0.0000000000e+00    0.0000000000e+00    2.3090023300e+01    0.0000000000e+00    0.0000000000e+00    0.0000000000e+00    1.2117175694e+02
    1.4959928098e+03    3.8751798402e+03   -1.5351669767e+05    2.8008811313e+00    2.6755946392e+00    2.8859255137e+00    1.2849779608e-02   -3.1631679889e-02    1.5046835903e-03    2.4479489648e+02    0.0000000000e+00    0.0000000000e+00    0.0000000000e+00    2.3090023300e+01    0.0000000000e+00    0.0000000000e+00    0.0000000000e+00    1.2117175694e+02
    1.4993005124e+03    3.8837480247e+03   -1.5347867360e+05    2.8489238752e+00    2.7533079683e+00    2.8442907810e+00   -1.5439632581e-02    2.4532369860e-02    3.0435145670e-03    2.4479489648e+02    0.0000000000e+00    0.0000000000e+00    0.0000000000e+00    2.3090023300e+01    0.0000000000e+00    0.0000000000e+00    0.0000000000e+00    1.2117175694e+02
    1.4897927820e+03    3.8591194537e+03   -1.5355576920e+05    2.7403132938e+00    2.6813205321e+00    2.8218752146e+00    1.7883919135e-02    1.6163425624e-02    4.2854201181e-02    2.4479489648e+02    0.0000000000e+00    0.0000000000e+00    0.0000000000e+00    2.3090023300e+01    0.0000000000e+00    0.0000000000e+00    0.0000000000e+00    1.2117175694e+02
# dump_thermo 1000
# format_version 1
# num_atoms 40320
# dt_output 2.0000000000e+03 fs
# columns T KE PE sxx syy szz syz sxz sxy ax ay az bx by bz cx cy cz
    9.3329433882e+02    2.4175807417e+03   -1.5510489839e+05    1.1950707947e+00    1.1662229445e+00    1.2439150374e+00   -1.2010775681e-02   -2.0559569528e-02   -6.9516479264e-03    2.4479489648e+02    0.0000000000e+00    0.0000000000e+00    0.0000000000e+00    2.3090023300e+01    0.0000000000e+00    0.0000000000e+00    0.0000000000e+00    1.2117175694e+02
    9.2343799127e+02    2.3920491221e+03   -1.5522446243e+05    1.0986993479e+00    9.9666211875e-01    1.1363566260e+00   -1.3483575319e-02   -2.1687909357e-02   -1.9274991477e-02    2.4479489648e+02    0.0000000000e+00    0.0000000000e+00    0.0000000000e+00    2.3090023300e+01    0.0000000000e+00    0.0000000000e+00    0.0000000000e+00    1.2117175694e+02
    9.3228017568e+02    2.4149536806e+03   -1.5533757810e+05    9.7466361066e-01    9.0844043115e-01    1.0484469355e+00   -1.4494097692e-02   -2.2730932962e-02    2.8986293430e-02    2.4479489648e+02    0.0000000000e+00    0.0000000000e+00    0.0000000000e+00    2.3090023300e+01    0.0000000000e+00    0.0000000000e+00    0.0000000000e+00    1.2117175694e+02
    9.0989111607e+02    2.3569576583e+03   -1.5538289864e+05    9.1725707867e-01    8.0409767633e-01    1.0405982711e+00   -3.4601843381e-02   -1.7985335486e-02   -1.8753780708e-02    2.4479489648e+02    0.0000000000e+00    0.0000000000e+00    0.0000000000e+00    2.3090023300e+01    0.0000000000e+00    0.0000000000e+00    0.0000000000e+00    1.2117175694e+02
    9.2441540327e+02    2.3945809841e+03   -1.5553087377e+05    7.8389120854e-01    7.0329347307e-01    8.9989647220e-01    4.0690312249e-03   -3.6844035555e-03   -1.0871794172e-02    2.4479489648e+02    0.0000000000e+00    0.0000000000e+00    0.0000000000e+00    2.3090023300e+01    0.0000000000e+00    0.0000000000e+00    0.0000000000e+00    1.2117175694e+02
    9.2148995775e+02    2.3870029881e+03   -1.5562595790e+05    6.8782679547e-01    5.7213821711e-01    8.6597925381e-01   -1.3425966507e-02   -3.2970482153e-02    8.6492493905e-03    2.4479489648e+02    0.0000000000e+00    0.0000000000e+00    0.0000000000e+00    2.3090023300e+01    0.0000000000e+00    0.0000000000e+00    0.0000000000e+00    1.2117175694e+02
    9.2661992569e+02    2.4002915201e+03   -1.5575635811e+05    5.4705390473e-01    4.0186134534e-01    7.7885290751e-01   -4.4975954768e-03   -9.9519420791e-03   -1.2810417224e-02    2.4479489648e+02    0.0000000000e+00    0.0000000000e+00    0.0000000000e+00    2.3090023300e+01    0.0000000000e+00    0.0000000000e+00    0.0000000000e+00    1.2117175694e+02
    9.0794832593e+02    2.3519251065e+03   -1.5583924716e+05    4.8524689525e-01    3.2015214169e-01    6.6349783537e-01    2.3318873800e-02   -2.5482972716e-02   -1.7070739615e-03    2.4479489648e+02    0.0000000000e+00    0.0000000000e+00    0.0000000000e+00    2.3090023300e+01    0.0000000000e+00    0.0000000000e+00    0.0000000000e+00    1.2117175694e+02
    9.2957608508e+02    2.4079490765e+03   -1.5592494685e+05    3.8366386656e-01    2.7008060002e-01    5.7936246027e-01   -5.6049650765e-03   -4.4612728176e-02   -1.4595559090e-03    2.4479489648e+02    0.0000000000e+00    0.0000000000e+00    0.0000000000e+00    2.3090023300e+01    0.0000000000e+00    0.0000000000e+00    0.0000000000e+00    1.2117175694e+02
    9.2698082046e+02    2.4012263723e+03   -1.5601891181e+05    2.9183825352e-01    1.7647987709e-01    4.9017535089e-01   -6.8019506595e-04   -1.7976391008e-02    2.2555367489e-03    2.4479489648e+02    0.0000000000e+00    0.0000000000e+00    0.0000000000e+00    2.3090023300e+01    0.0000000000e+00    0.0000000000e+00    0.0000000000e+00    1.2117175694e+02
# dump_thermo 1000
# format_version 1
# num_atoms 40320
# dt_output 2.0000000000e+03 fs
# columns T KE PE sxx syy szz syz sxz sxy ax ay az bx by bz cx cy cz
    8.0654309116e+02    4.2035163171e+03   -1.5660732710e+05   -1.5754605864e-01   -2.7667479632e-01    1.2694950286e-01    5.8516524041e-03   -7.0767654114e-03    1.7436567987e-02    2.4479489648e+02    0.0000000000e+00    0.0000000000e+00    0.0000000000e+00    2.3090023300e+01    0.0000000000e+00    0.0000000000e+00    0.0000000000e+00    1.2163761102e+02
    8.6484408626e+02    4.5073676387e+03   -1.5606392814e+05   -2.1774961472e-01   -2.9474447456e-01   -2.2767004466e-02   -1.4570772790e-02   -1.2731182446e-02    5.2976142948e-03    2.4479489648e+02    0.0000000000e+00    0.0000000000e+00    0.0000000000e+00    2.3090023300e+01    0.0000000000e+00    0.0000000000e+00    0.0000000000e+00    1.2273988422e+02
    8.9075354312e+02    4.6424017440e+03   -1.5567127123e+05   -2.6460429623e-01   -3.1590744384e-01   -6.3291840193e-02   -1.9838455120e-02   -1.1147421396e-02    2.5854138353e-02    2.4479489648e+02    0.0000000000e+00    0.0000000000e+00    0.0000000000e+00    2.3090023300e+01    0.0000000000e+00    0.0000000000e+00    0.0000000000e+00    1.2351031236e+02
    9.1392064643e+02    4.7631433359e+03   -1.5551734140e+05   -1.3111311139e-01   -1.8910871871e-01   -5.1266620572e-02    2.1787472801e-02   -1.5998001508e-02    1.2855810390e-02    2.4479489648e+02    0.0000000000e+00    0.0000000000e+00    0.0000000000e+00    2.3090023300e+01    0.0000000000e+00    0.0000000000e+00    0.0000000000e+00    1.2361644091e+02
    9.1633947843e+02    4.7757497297e+03   -1.5547684394e+05    2.4401398410e-02   -7.7717856587e-02    2.7944706413e-02    5.0153314016e-03    6.9056581036e-03   -1.0375484649e-02    2.4479489648e+02    0.0000000000e+00    0.0000000000e+00    0.0000000000e+00    2.3090023300e+01    0.0000000000e+00    0.0000000000e+00    0.0000000000e+00    1.2345309626e+02
    9.1513313786e+02    4.7694625613e+03   -1.5549410012e+05    5.4251122548e-03    1.8821513896e-03    1.6321292585e-02   -4.3345697597e-03   -3.1455920332e-02   -2.5434740423e-03    2.4479489648e+02    0.0000000000e+00    0.0000000000e+00    0.0000000000e+00    2.3090023300e+01    0.0000000000e+00    0.0000000000e+00    0.0000000000e+00    1.2335291936e+02
    9.1433550415e+02    4.7653054786e+03   -1.5545927209e+05    2.0641630776e-02    3.1286577374e-02    1.3531056820e-02   -1.3436352828e-02    9.2617308571e-03    1.8771925810e-03    2.4479489648e+02    0.0000000000e+00    0.0000000000e+00    0.0000000000e+00    2.3090023300e+01    0.0000000000e+00    0.0000000000e+00    0.0000000000e+00    1.2336701506e+02
    9.2611161199e+02    4.8266798329e+03   -1.5541074826e+05    3.4208716964e-02    4.7765874906e-03    5.1106646417e-02    1.1085909097e-02    3.1427335333e-03    2.6147104692e-02    2.4479489648e+02    0.0000000000e+00    0.0000000000e+00    0.0000000000e+00    2.3090023300e+01    0.0000000000e+00    0.0000000000e+00    0.0000000000e+00    1.2346198800e+02
    9.1764921705e+02    4.7825757849e+03   -1.5537632410e+05   -5.4350310426e-03   -2.2623401943e-02    2.0640273114e-02    1.1544948587e-02   -1.6244285633e-02    1.5324362048e-02    2.4479489648e+02    0.0000000000e+00    0.0000000000e+00    0.0000000000e+00    2.3090023300e+01    0.0000000000e+00    0.0000000000e+00    0.0000000000e+00    1.2358272466e+02
    9.1848044093e+02    4.7869079318e+03   -1.5537263045e+05    7.0112093782e-03   -3.0776616724e-02    5.0451810836e-02    6.1844168409e-03    3.3306807244e-02    1.1769679748e-02    2.4479489648e+02    0.0000000000e+00    0.0000000000e+00    0.0000000000e+00    2.3090023300e+01    0.0000000000e+00    0.0000000000e+00    0.0000000000e+00    1.2357336216e+02
    9.1689409840e+02    4.7786402809e+03   -1.5542756058e+05    1.8215830665e-02   -2.1790157642e-02    8.2369645184e-02    1.2334713091e-02    4.5090903038e-03   -1.5929888701e-03    2.4479489648e+02    0.0000000000e+00    0.0000000000e+00    0.0000000000e+00    2.3090023300e+01    0.0000000000e+00    0.0000000000e+00    0.0000000000e+00    1.2344705261e+02
    9.1765755679e+02    4.7826192497e+03   -1.5540435588e+05    4.2131365731e-02   -2.9700204422e-02    6.6270685298e-02   -5.2728683297e-03   -3.1047064882e-03    8.1706883435e-03    2.4479489648e+02    0.0000000000e+00    0.0000000000e+00    0.0000000000e+00    2.3090023300e+01    0.0000000000e+00    0.0000000000e+00    0.0000000000e+00    1.2345346770e+02
    9.2577269391e+02    4.8249134701e+03   -1.5541374940e+05    5.0308548159e-02    1.5031114607e-02    3.8144356621e-02   -2.4107386450e-02   -6.9319019498e-03   -4.0404999130e-03    2.4479489648e+02    0.0000000000e+00    0.0000000000e+00    0.0000000000e+00    2.3090023300e+01    0.0000000000e+00    0.0000000000e+00    0.0000000000e+00    1.2345112174e+02
    9.2351335667e+02    4.8131383262e+03   -1.5537800150e+05    1.4619724453e-02   -2.4739188942e-03    1.6103340770e-02    7.6092266552e-03    6.9819791041e-02   -3.1377629494e-02    2.4479489648e+02    0.0000000000e+00    0.0000000000e+00    0.0000000000e+00    2.3090023300e+01    0.0000000000e+00    0.0000000000e+00    0.0000000000e+00    1.2353880382e+02
    9.1989605714e+02    4.7942857965e+03   -1.5538954373e+05    2.8045866499e-02   -2.6990086922e-02   -2.6949137289e-02    1.6334011001e-02    1.2243417726e-02    5.5522225457e-03    2.4479489648e+02    0.0000000000e+00    0.0000000000e+00    0.0000000000e+00    2.3090023300e+01    0.0000000000e+00    0.0000000000e+00    0.0000000000e+00    1.2356172930e+02
    9.2166109229e+02    4.8034847521e+03   -1.5539549706e+05    4.2000783914e-02   -1.5152077846e-02    3.7865214654e-02   -2.4469908391e-03   -4.0538760862e-02    5.7688383946e-03    2.4479489648e+02    0.0000000000e+00    0.0000000000e+00    0.0000000000e+00    2.3090023300e+01    0.0000000000e+00    0.0000000000e+00    0.0000000000e+00    1.2348724879e+02
    9.1496534355e+02    4.7685880561e+03   -1.5541213505e+05    2.6729149089e-02    4.1952175923e-02    3.6531105829e-02   -8.0077084621e-03    1.5928225522e-02    1.2944471434e-03    2.4479489648e+02    0.0000000000e+00    0.0000000000e+00    0.0000000000e+00    2.3090023300e+01    0.0000000000e+00    0.0000000000e+00    0.0000000000e+00    1.2342773226e+02
    9.2181216512e+02    4.8042721088e+03   -1.5541598331e+05    6.1132401840e-02   -4.5243812045e-02    5.3239111422e-02   -1.4755270226e-02   -6.5656149923e-03    2.1180418088e-02    2.4479489648e+02    0.0000000000e+00    0.0000000000e+00    0.0000000000e+00    2.3090023300e+01    0.0000000000e+00    0.0000000000e+00    0.0000000000e+00    1.2345935027e+02
    9.2204885978e+02    4.8055057067e+03   -1.5540828563e+05    4.3434485057e-02    4.5688664749e-02    6.2629877990e-02   -7.8817818750e-03    1.7111733158e-02    5.3370026064e-03    2.4479489648e+02    0.0000000000e+00    0.0000000000e+00    0.0000000000e+00    2.3090023300e+01    0.0000000000e+00    0.0000000000e+00    0.0000000000e+00    1.2343759888e+02
    9.2363205087e+02    4.8137569330e+03   -1.5544228385e+05    3.0493817567e-02   -2.5618910775e-02    9.2682763579e-02    1.7184922168e-02    8.5679453005e-03   -9.5956638398e-03    2.4479489648e+02    0.0000000000e+00    0.0000000000e+00    0.0000000000e+00    2.3090023300e+01    0.0000000000e+00    0.0000000000e+00    0.0000000000e+00    1.2339822561e+02
    9.1780628396e+02    4.7833943813e+03   -1.5542051188e+05    4.0038503443e-03   -8.5017136089e-03   -1.3681584203e-02   -3.4684844836e-02   -7.1116540607e-03   -1.5585913513e-02    2.4479489648e+02    0.0000000000e+00    0.0000000000e+00    0.0000000000e+00    2.3090023300e+01    0.0000000000e+00    0.0000000000e+00    0.0000000000e+00    1.2347362993e+02
    9.1541176329e+02    4.7709146926e+03   -1.5541231853e+05   -1.9018556698e-02   -4.4308105222e-02   -1.6445154995e-02   -1.6123295344e-02    7.3036821239e-03    8.8707313220e-03    2.4479489648e+02    0.0000000000e+00    0.0000000000e+00    0.0000000000e+00    2.3090023300e+01    0.0000000000e+00    0.0000000000e+00    0.0000000000e+00    1.2354029409e+02
    9.1989365699e+02    4.7942732875e+03   -1.5542303959e+05   -5.6675225611e-03   -4.3669174548e-02   -8.9372337350e-02    3.1230538022e-02    1.8205794470e-02   -3.4944481728e-03    2.4479489648e+02    0.0000000000e+00    0.0000000000e+00    0.0000000000e+00    2.3090023300e+01    0.0000000000e+00    0.0000000000e+00    0.0000000000e+00    1.2356990155e+02
    9.1938483518e+02    4.7916214257e+03   -1.5546275594e+05   -8.8789243656e-03   -2.2508718329e-02    4.6769550792e-02    1.5284313844e-02   -2.0152294495e-02   -9.8172772968e-03    2.4479489648e+02    0.0000000000e+00    0.0000000000e+00    0.0000000000e+00    2.3090023300e+01    0.0000000000e+00    0.0000000000e+00    0.0000000000e+00    1.2342330059e+02
    9.2416277459e+02    4.8165229424e+03   -1.5544137461e+05    1.7059908115e-03   -5.1311749949e-02    2.2405940898e-02    6.4946977051e-03   -3.2310825294e-02    9.0529977242e-04    2.4479489648e+02    0.0000000000e+00    0.0000000000e+00    0.0000000000e+00    2.3090023300e+01    0.0000000000e+00    0.0000000000e+00    0.0000000000e+00    1.2349611685e+02
# dump_thermo 1000
# format_version 1
# num_atoms 40320
# dt_output 2.0000000000e+03 fs
# columns T KE PE sxx syy szz syz sxz sxy ax ay az bx by bz cx cy cz
    9.1738959224e+02    4.7812226803e+03   -1.5540610078e+05    1.0907553210e-02   -4.6002666085e-02   -5.9392459311e-02   -7.0581659871e-03    8.8894385177e-03    7.6665948083e-03    2.4479489648e+02    0.0000000000e+00    0.0000000000e+00    0.0000000000e+00    2.3090023300e+01    0.0000000000e+00    0.0000000000e+00    0.0000000000e+00    1.2356871846e+02
    9.1948092879e+02    4.7921222434e+03   -1.5541691748e+05   -3.8727118414e-02   -3.8876936215e-02   -3.5423362629e-02   -1.1528426603e-02    2.7752806262e-02    1.1250225476e-02    2.4479489648e+02    0.0000000000e+00    0.0000000000e+00    0.0000000000e+00    2.3090023300e+01    0.0000000000e+00    0.0000000000e+00    0.0000000000e+00    1.2356352194e+02
    9.1915366357e+02    4.7904166127e+03   -1.5541518958e+05    5.9073678235e-02   -1.0859938219e-02    1.5934685033e-02    6.9064150132e-03    1.2356820110e-04   -7.9438229584e-03    2.4479489648e+02    0.0000000000e+00    0.0000000000e+00    0.0000000000e+00    2.3090023300e+01    0.0000000000e+00    0.0000000000e+00    0.0000000000e+00    1.2344101178e+02
    9.2258168651e+02    4.8082826765e+03   -1.5543294898e+05   -6.2828161272e-02   -5.5239119023e-02   -2.7749261613e-02    6.4737314038e-03   -5.3962682363e-02   -4.5056141348e-02    2.4479489648e+02    0.0000000000e+00    0.0000000000e+00    0.0000000000e+00    2.3090023300e+01    0.0000000000e+00    0.0000000000e+00    0.0000000000e+00    1.2354871814e+02
    9.2573269969e+02    4.8247050295e+03   -1.5544935024e+05    6.7278571635e-02   -6.8642538803e-03    3.2572378088e-03   -1.8117823478e-02   -6.6145228037e-04   -4.3816907251e-03    2.4479489648e+02    0.0000000000e+00    0.0000000000e+00    0.0000000000e+00    2.3090023300e+01    0.0000000000e+00    0.0000000000e+00    0.0000000000e+00    1.2339537337e+02
    9.2215708102e+02    4.8060697308e+03   -1.5543054781e+05   -9.3730436049e-03   -1.9551276076e-02   -7.0271738967e-02    1.1536469020e-02    4.1284844376e-02    1.6360030652e-02    2.4479489648e+02    0.0000000000e+00    0.0000000000e+00    0.0000000000e+00    2.3090023300e+01    0.0000000000e+00    0.0000000000e+00    0.0000000000e+00    1.2351521103e+02
    9.2114622450e+02    4.8008013801e+03   -1.5542532823e+05   -3.6961710342e-02   -1.0073229454e-01   -9.9997640648e-02    3.3165800765e-02    3.8231081106e-03   -2.4820207826e-02    2.4479489648e+02    0.0000000000e+00    0.0000000000e+00    0.0000000000e+00    2.3090023300e+01    0.0000000000e+00    0.0000000000e+00    0.0000000000e+00    1.2362410159e+02
    9.1713956614e+02    4.7799196021e+03   -1.5540478505e+05    8.7877476959e-02   -5.5364543389e-02    6.1697467338e-02    3.4260660488e-02   -2.3408096631e-03    2.3104635361e-02    2.4479489648e+02    0.0000000000e+00    0.0000000000e+00    0.0000000000e+00    2.3090023300e+01    0.0000000000e+00    0.0000000000e+00    0.0000000000e+00    1.2346798632e+02
    9.2260701495e+02    4.8084146825e+03   -1.5543329336e+05   -1.3776831786e-02   -6.5856036713e-03    1.4633505752e-02    2.0423296111e-02    2.3215572384e-03    9.5215386377e-03    2.4479489648e+02    0.0000000000e+00    0.0000000000e+00    0.0000000000e+00    2.3090023300e+01    0.0000000000e+00    0.0000000000e+00    0.0000000000e+00    1.2347068944e+02
    9.1826167948e+02    4.7857677976e+03   -1.5541068620e+05    2.3468715595e-02   -4.5856926659e-02    4.0943696618e-02   -1.4305116556e-02    2.7219010520e-03    1.8802121365e-02    2.4479489648e+02    0.0000000000e+00    0.0000000000e+00    0.0000000000e+00    2.3090023300e+01    0.0000000000e+00    0.0000000000e+00    0.0000000000e+00    1.2349946358e+02
    9.2176076656e+02    4.8040042314e+03   -1.5542893795e+05   -6.2812177347e-02   -9.7090254303e-02   -7.4615325830e-02    2.4600334185e-03   -3.9660134884e-03    1.6250225465e-02    2.4479489648e+02    0.0000000000e+00    0.0000000000e+00    0.0000000000e+00    2.3090023300e+01    0.0000000000e+00    0.0000000000e+00    0.0000000000e+00    1.2362548307e+02
    9.2268085098e+02    4.8087994988e+03   -1.5543367698e+05   -2.7948571446e-02   -3.6509814981e-02    1.4275413557e-02    5.0802311585e-05    2.3862356728e-02    2.0820289594e-02    2.4479489648e+02    0.0000000000e+00    0.0000000000e+00    0.0000000000e+00    2.3090023300e+01    0.0000000000e+00    0.0000000000e+00    0.0000000000e+00    1.2349617828e+02
    9.1867373331e+02    4.7879153270e+03   -1.5541277538e+05   -2.4907082002e-02   -7.6823802295e-03   -2.5873580458e-05    1.6008980453e-02    9.9128787116e-03   -3.1471226202e-02    2.4479489648e+02    0.0000000000e+00    0.0000000000e+00    0.0000000000e+00    2.3090023300e+01    0.0000000000e+00    0.0000000000e+00    0.0000000000e+00    1.2351099649e+02
    9.1518340570e+02    4.7697245456e+03   -1.5539463017e+05    1.1815131887e-02   -6.4964583226e-03    1.1245848243e-02    1.5012430864e-02   -2.5181811890e-02   -1.4301575881e-02    2.4479489648e+02    0.0000000000e+00    0.0000000000e+00    0.0000000000e+00    2.3090023300e+01    0.0000000000e+00    0.0000000000e+00    0.0000000000e+00    1.2352390398e+02
    9.2360074268e+02    4.8135937619e+03   -1.5543843602e+05    1.9764278235e-02    6.1025630164e-04    4.1148330850e-02   -3.6125610362e-02    2.0302650023e-02    9.8436117854e-03    2.4479489648e+02    0.0000000000e+00    0.0000000000e+00    0.0000000000e+00    2.3090023300e+01    0.0000000000e+00    0.0000000000e+00    0.0000000000e+00    1.2343220970e+02
    9.2137432229e+02    4.8019901731e+03   -1.5542665218e+05    3.4971147886e-02   -2.7606131959e-02    2.8410771122e-02    3.3450607915e-03    5.9604777128e-03   -1.2842420466e-02    2.4479489648e+02    0.0000000000e+00    0.0000000000e+00    0.0000000000e+00    2.3090023300e+01    0.0000000000e+00    0.0000000000e+00    0.0000000000e+00    1.2347568844e+02
    9.1808419773e+02    4.7848428037e+03   -1.5540955656e+05    3.5449454042e-02   -5.4859985289e-03    2.0715732103e-02    8.1617586483e-03   -1.0375591362e-02    1.3878514232e-02    2.4479489648e+02    0.0000000000e+00    0.0000000000e+00    0.0000000000e+00    2.3090023300e+01    0.0000000000e+00    0.0000000000e+00    0.0000000000e+00    1.2346544863e+02
    9.2107192384e+02    4.8004141422e+03   -1.5542505387e+05    2.4242475165e-02   -1.9569643222e-02    1.2065810411e-02   -8.1177172906e-03   -1.0718659879e-02   -2.3235824476e-03    2.4479489648e+02    0.0000000000e+00    0.0000000000e+00    0.0000000000e+00    2.3090023300e+01    0.0000000000e+00    0.0000000000e+00    0.0000000000e+00    1.2346784538e+02
    9.2257308577e+02    4.8082378514e+03   -1.5543295796e+05   -1.0829868209e-02   -6.9818825915e-03   -1.6080456141e-04   -1.2132534410e-02    2.0605993070e-02    2.9806351476e-03    2.4479489648e+02    0.0000000000e+00    0.0000000000e+00    0.0000000000e+00    2.3090023300e+01    0.0000000000e+00    0.0000000000e+00    0.0000000000e+00    1.2345845461e+02
    9.2102865144e+02    4.8001886164e+03   -1.5542475857e+05   -1.4439946043e-02   -1.8696127902e-02   -4.7344937649e-02   -1.9398954507e-02    7.1717118425e-04   -8.3032557205e-03    2.4479489648e+02    0.0000000000e+00    0.0000000000e+00    0.0000000000e+00    2.3090023300e+01    0.0000000000e+00    0.0000000000e+00    0.0000000000e+00    1.2349867313e+02
    9.2769540358e+02    4.8349341888e+03   -1.5545953917e+05   -3.7408890842e-02   -8.3531769619e-03   -2.7954387093e-02   -1.2883632359e-02   -9.7023172959e-03   -2.8086792399e-02    2.4479489648e+02    0.0000000000e+00    0.0000000000e+00    0.0000000000e+00    2.3090023300e+01    0.0000000000e+00    0.0000000000e+00    0.0000000000e+00    1.2346408333e+02
    9.3070678239e+02    4.8506287997e+03   -1.5547528580e+05   -2.1358040644e-02   -3.5629280597e-02    5.6835160532e-03   -6.4832381246e-04   -1.2911822188e-02   -2.9915380543e-02    2.4479489648e+02    0.0000000000e+00    0.0000000000e+00    0.0000000000e+00    2.3090023300e+01    0.0000000000e+00    0.0000000000e+00    0.0000000000e+00    1.2342407164e+02
    9.3061139948e+02    4.8501316860e+03   -1.5547469600e+05    1.7295374909e-02   -4.5988172060e-02    5.7769711343e-02   -1.0564407570e-02    2.0519778912e-02    3.7846400091e-03    2.4479489648e+02    0.0000000000e+00    0.0000000000e+00    0.0000000000e+00    2.3090023300e+01    0.0000000000e+00    0.0000000000e+00    0.0000000000e+00    1.2338705619e+02
    9.2189122303e+02    4.8046841403e+03   -1.5542899890e+05   -2.4189793014e-04   -4.9355903214e-02   -6.1593306731e-02   -9.4167303437e-03    4.3728364307e-02    3.6183352328e-03    2.4479489648e+02    0.0000000000e+00    0.0000000000e+00    0.0000000000e+00    2.3090023300e+01    0.0000000000e+00    0.0000000000e+00    0.0000000000e+00    1.2352301225e+02
    9.2571422652e+02    4.8246087516e+03   -1.5544903784e+05   -1.2517663543e-03    2.4479892962e-03    2.4628381844e-02   -4.3936056428e-03    1.7112331788e-02    1.4500150846e-02    2.4479489648e+02    0.0000000000e+00    0.0000000000e+00    0.0000000000e+00    2.3090023300e+01    0.0000000000e+00    0.0000000000e+00    0.0000000000e+00    1.2341275835e+02
    9.2630092021e+02    4.8276664636e+03   -1.5545184790e+05    4.8857839044e-02    6.8770964794e-02    8.2117817865e-02    9.1654218637e-03   -1.1010067173e-02   -3.9041597326e-02    2.4479489648e+02    0.0000000000e+00    0.0000000000e+00    0.0000000000e+00    2.3090023300e+01    0.0000000000e+00    0.0000000000e+00    0.0000000000e+00    1.2331548555e+02
    9.2087190044e+02    4.7993716664e+03   -1.5542365478e+05    2.6953449003e-02   -1.7190050622e-02   -1.0035066499e-02    1.0833859926e-02    4.0842502581e-02   -1.6220669546e-02    2.4479489648e+02    0.0000000000e+00    0.0000000000e+00    0.0000000000e+00    2.3090023300e+01    0.0000000000e+00    0.0000000000e+00    0.0000000000e+00    1.2346723426e+02
    9.1904867277e+02    4.7898694249e+03   -1.5541420646e+05    8.1842299691e-03   -5.5181557155e-02   -3.0729287443e-02    3.4100007145e-02    2.0100275717e-02   -1.2229100529e-04    2.4479489648e+02    0.0000000000e+00    0.0000000000e+00    0.0000000000e+00    2.3090023300e+01    0.0000000000e+00    0.0000000000e+00    0.0000000000e+00    1.2353322920e+02
    9.2347408064e+02    4.8129336286e+03   -1.5543746360e+05    1.9851425006e-02    5.7252856438e-02    2.7747088496e-02    3.9941986462e-03   -3.0565577095e-02    3.7080515239e-02    2.4479489648e+02    0.0000000000e+00    0.0000000000e+00    0.0000000000e+00    2.3090023300e+01    0.0000000000e+00    0.0000000000e+00    0.0000000000e+00    1.2338317803e+02
    9.2206690813e+02    4.8055997705e+03   -1.5543014230e+05   -1.7022166972e-02   -5.1617674284e-02   -3.2183029285e-02   -1.5326418155e-02   -6.9734050756e-03    2.0500900890e-02    2.4479489648e+02    0.0000000000e+00    0.0000000000e+00    0.0000000000e+00    2.3090023300e+01    0.0000000000e+00    0.0000000000e+00    0.0000000000e+00    1.2351125035e+02
    9.2913003129e+02    4.8424111372e+03   -1.5546701741e+05    3.4387767637e-03   -4.1836398843e-04    5.1360310138e-02    8.5022429080e-04    8.3442244535e-05    1.5919938783e-02    2.4479489648e+02    0.0000000000e+00    0.0000000000e+00    0.0000000000e+00    2.3090023300e+01    0.0000000000e+00    0.0000000000e+00    0.0000000000e+00    1.2336785841e+02
    9.2533830751e+02    4.8226495485e+03   -1.5544718275e+05    8.9644845938e-02   -7.2199144180e-03    3.7351237405e-02   -9.9022206340e-03    4.7555716049e-03    4.9288359836e-03    2.4479489648e+02    0.0000000000e+00    0.0000000000e+00    0.0000000000e+00    2.3090023300e+01    0.0000000000e+00    0.0000000000e+00    0.0000000000e+00    1.2337087496e+02
    9.2318831380e+02    4.8114442778e+03   -1.5543598294e+05    5.4796698309e-03   -1.7766856382e-02    5.2788147355e-04    1.9237135064e-02    8.3090725059e-03   -6.5259296773e-03    2.4479489648e+02    0.0000000000e+00    0.0000000000e+00    0.0000000000e+00    2.3090023300e+01    0.0000000000e+00    0.0000000000e+00    0.0000000000e+00    1.2344866226e+02
    9.2016135670e+02    4.7956684766e+03   -1.5542021330e+05    3.4434115259e-02    7.6603611096e-03    3.5207799996e-02   -3.0687785434e-02   -1.8821378456e-02   -7.1014417303e-03    2.4479489648e+02    0.0000000000e+00    0.0000000000e+00    0.0000000000e+00    2.3090023300e+01    0.0000000000e+00    0.0000000000e+00    0.0000000000e+00    1.2343157076e+02
    9.2291784272e+02    4.8100346451e+03   -1.5543445246e+05    7.0740300850e-02    4.0529658188e-02    9.3762602016e-02   -7.6329707946e-03   -2.8209446048e-02   -8.6024724326e-04    2.4479489648e+02    0.0000000000e+00    0.0000000000e+00    0.0000000000e+00    2.3090023300e+01    0.0000000000e+00    0.0000000000e+00    0.0000000000e+00    1.2333958734e+02
    9.2712916316e+02    4.8319830746e+03   -1.5545653588e+05    1.8941227734e-02   -3.0818999330e-02   -1.7413958756e-02   -8.3415709754e-03   -6.4873297986e-03    3.3638761935e-03    2.4479489648e+02    0.0000000000e+00    0.0000000000e+00    0.0000000000e+00    2.3090023300e+01    0.0000000000e+00    0.0000000000e+00    0.0000000000e+00    1.2344550612e+02
    9.2310282351e+02    4.8109987222e+03   -1.5543546610e+05   -4.6296087773e-05    2.9081986155e-02    2.5041593941e-02   -2.8617293035e-02    1.8021937280e-03    1.3638501199e-02    2.4479489648e+02    0.0000000000e+00    0.0000000000e+00    0.0000000000e+00    2.3090023300e+01    0.0000000000e+00    0.0000000000e+00    0.0000000000e+00    1.2340852209e+02
    9.2490773623e+02    4.8204055104e+03   -1.5544485940e+05    1.6374436621e-02    8.2533900420e-03   -6.4721908225e-02   -1.3298643665e-02   -1.0239392624e-02    5.5102728128e-03    2.4479489648e+02    0.0000000000e+00    0.0000000000e+00    0.0000000000e+00    2.3090023300e+01    0.0000000000e+00    0.0000000000e+00    0.0000000000e+00    1.2345837480e+02
    9.2406132494e+02    4.8159942103e+03   -1.5544041724e+05    6.7629630437e-03    1.2217821515e-03    1.8116564418e-02    1.0589912668e-02   -1.0605475825e-02    1.3262042089e-03    2.4479489648e+02    0.0000000000e+00    0.0000000000e+00    0.0000000000e+00    2.3090023300e+01    0.0000000000e+00    0.0000000000e+00    0.0000000000e+00    1.2343682206e+02
    9.2729386367e+02    4.8328414556e+03   -1.5545721000e+05    2.5723951285e-02    1.9201032742e-03    6.0026596657e-02    1.5279228679e-02    9.5933003607e-03    2.2181064246e-03    2.4479489648e+02    0.0000000000e+00    0.0000000000e+00    0.0000000000e+00    2.3090023300e+01    0.0000000000e+00    0.0000000000e+00    0.0000000000e+00    1.2336897518e+02
    9.2077339704e+02    4.7988582894e+03   -1.5542315417e+05    1.1382775641e-02   -4.4496776736e-02    1.0128932508e-02    5.6314772301e-04   -2.7054163243e-03   -7.9700215767e-03    2.4479489648e+02    0.0000000000e+00    0.0000000000e+00    0.0000000000e+00    2.3090023300e+01    0.0000000000e+00    0.0000000000e+00    0.0000000000e+00    1.2346259120e+02
    9.2679938827e+02    4.8302643640e+03   -1.5545466324e+05    3.4249061180e-02    6.6962339583e-03   -7.0254945881e-03   -3.0390420325e-02   -2.3612651326e-02   -5.8328361263e-03    2.4479489648e+02    0.0000000000e+00    0.0000000000e+00    0.0000000000e+00    2.3090023300e+01    0.0000000000e+00    0.0000000000e+00    0.0000000000e+00    1.2340456855e+02
    9.2247956673e+02    4.8077504518e+03   -1.5543173544e+05    7.9992582472e-02    4.9599088269e-03    5.1551130441e-02    4.7089395265e-03    3.9234131488e-02    1.4871148543e-02    2.4479489648e+02    0.0000000000e+00    0.0000000000e+00    0.0000000000e+00    2.3090023300e+01    0.0000000000e+00    0.0000000000e+00    0.0000000000e+00    1.2335361611e+02
    9.2425180594e+02    4.8169869533e+03   -1.5544122182e+05    5.2225834404e-03    1.0455414977e-03   -3.3491157757e-02   -5.5077333925e-03   -4.2105474024e-02    6.0703556961e-03    2.4479489648e+02    0.0000000000e+00    0.0000000000e+00    0.0000000000e+00    2.3090023300e+01    0.0000000000e+00    0.0000000000e+00    0.0000000000e+00    1.2346669680e+02
    9.2228268589e+02    4.8067243544e+03   -1.5543089906e+05    2.0120150258e-02    2.2221937600e-02    6.0277214249e-05    8.7705290448e-03   -3.5058296171e-02    1.5052269383e-03    2.4479489648e+02    0.0000000000e+00    0.0000000000e+00    0.0000000000e+00    2.3090023300e+01    0.0000000000e+00    0.0000000000e+00    0.0000000000e+00    1.2343376182e+02
    9.2178592731e+02    4.8041353633e+03   -1.5542834313e+05   -1.0368166720e-02   -1.2448096222e-02    4.0192849513e-02   -2.0576486533e-02    1.6978796320e-02    2.0587525330e-03    2.4479489648e+02    0.0000000000e+00    0.0000000000e+00    0.0000000000e+00    2.3090023300e+01    0.0000000000e+00    0.0000000000e+00    0.0000000000e+00    1.2344215963e+02
    9.2109116205e+02    4.8005144073e+03   -1.5542482644e+05   -3.2739404963e-02   -9.8951108168e-03   -2.3909118970e-02    1.4229366010e-02    1.4687017739e-02   -2.8136865425e-03    2.4479489648e+02    0.0000000000e+00    0.0000000000e+00    0.0000000000e+00    2.3090023300e+01    0.0000000000e+00    0.0000000000e+00    0.0000000000e+00    1.2350333303e+02
    9.2501983414e+02    4.8209897389e+03   -1.5544531849e+05    3.0643968834e-02   -3.4969258923e-02    2.5261691709e-02    8.7973767173e-03   -1.3274973366e-02    5.9501802662e-03    2.4479489648e+02    0.0000000000e+00    0.0000000000e+00    0.0000000000e+00    2.3090023300e+01    0.0000000000e+00    0.0000000000e+00    0.0000000000e+00    1.2343081310e+02
    9.2623926928e+02    4.8273451532e+03   -1.5545167294e+05    2.1032790898e-02   -2.4061821907e-02   -3.1065228495e-02    1.5914534465e-02   -3.7723455393e-02    2.4865324569e-03    2.4479489648e+02    0.0000000000e+00    0.0000000000e+00    0.0000000000e+00    2.3090023300e+01    0.0000000000e+00    0.0000000000e+00    0.0000000000e+00    1.2345028179e+02
    9.2496734486e+02    4.8207161769e+03   -1.5544499158e+05    5.6456974408e-02   -1.2955401270e-02    4.5122145259e-03   -2.1967460290e-02    4.1014112136e-02    1.2744717389e-02    2.4479489648e+02    0.0000000000e+00    0.0000000000e+00    0.0000000000e+00    2.3090023300e+01    0.0000000000e+00    0.0000000000e+00    0.0000000000e+00    1.2339869183e+02
    9.2283887171e+02    4.8096230664e+03   -1.5543396646e+05    1.4340189226e-02   -7.9602499502e-04   -1.0929351748e-02   -2.7007294041e-03    1.8952593844e-02    1.2429712278e-02    2.4479489648e+02    0.0000000000e+00    0.0000000000e+00    0.0000000000e+00    2.3090023300e+01    0.0000000000e+00    0.0000000000e+00    0.0000000000e+00    1.2345351396e+02
    9.2813056624e+02    4.8372021562e+03   -1.5546156688e+05   -1.5543039794e-02   -3.5720919609e-02   -3.2002015139e-02    4.9381294540e-02   -1.9813771533e-02    8.3880130038e-03    2.4479489648e+02    0.0000000000e+00    0.0000000000e+00    0.0000000000e+00    2.3090023300e+01    0.0000000000e+00    0.0000000000e+00    0.0000000000e+00    1.2346913360e+02
    9.2052805922e+02    4.7975796454e+03   -1.5542179531e+05   -2.5691435510e-02   -1.1279023667e-02   -3.7051834519e-02    3.2297125843e-03    1.2164389545e-02    2.1086341753e-02    2.4479489648e+02    0.0000000000e+00    0.0000000000e+00    0.0000000000e+00    2.3090023300e+01    0.0000000000e+00    0.0000000000e+00    0.0000000000e+00    1.2350086141e+02
    9.2187852694e+02    4.8046179712e+03   -1.5542883199e+05   -1.2360298301e-02   -5.7796452058e-02   -2.6818041106e-03   -2.2526662865e-02    2.3213066279e-05   -2.2544539528e-02    2.4479489648e+02    0.0000000000e+00    0.0000000000e+00    0.0000000000e+00    2.3090023300e+01    0.0000000000e+00    0.0000000000e+00    0.0000000000e+00    1.2350619784e+02
    9.2260451242e+02    4.8084016399e+03   -1.5543232572e+05    6.0435349515e-02    5.3484715724e-02    7.5961194253e-02   -3.0627291798e-02   -1.9848195874e-02   -2.3975269073e-02    2.4479489648e+02    0.0000000000e+00    0.0000000000e+00    0.0000000000e+00    2.3090023300e+01    0.0000000000e+00    0.0000000000e+00    0.0000000000e+00    1.2335005300e+02
    9.2078061430e+02    4.7988959041e+03   -1.5542280204e+05    2.5356056216e-02    2.8307782148e-02   -2.8901714564e-02   -1.5234282565e-02    3.3668828091e-02   -3.2966362460e-02    2.4479489648e+02    0.0000000000e+00    0.0000000000e+00    0.0000000000e+00    2.3090023300e+01    0.0000000000e+00    0.0000000000e+00    0.0000000000e+00    1.2346792063e+02
    9.2257458344e+02    4.8082456570e+03   -1.5543215792e+05   -2.2977764907e-03    2.0354197084e-03   -4.8526497823e-02    3.8486389605e-03    1.8432756717e-02   -3.6128441758e-03    2.4479489648e+02    0.0000000000e+00    0.0000000000e+00    0.0000000000e+00    2.3090023300e+01    0.0000000000e+00    0.0000000000e+00    0.0000000000e+00    1.2348109311e+02
    9.2234044348e+02    4.8070253736e+03   -1.5543086763e+05    2.7762341344e-02   -5.9593046537e-04   -2.8691599192e-03    3.0636278359e-02   -6.3188271720e-04    4.6969849266e-03    2.4479489648e+02    0.0000000000e+00    0.0000000000e+00    0.0000000000e+00    2.3090023300e+01    0.0000000000e+00    0.0000000000e+00    0.0000000000e+00    1.2346050400e+02
    9.2088783489e+02    4.7994547131e+03   -1.5542330367e+05   -2.5232713696e-02   -1.4548198998e-02   -4.9888425921e-02   -1.0033135746e-02   -7.6705477837e-03    1.4372034095e-02    2.4479489648e+02    0.0000000000e+00    0.0000000000e+00    0.0000000000e+00    2.3090023300e+01    0.0000000000e+00    0.0000000000e+00    0.0000000000e+00    1.2353399595e+02
    9.2420521741e+02    4.8167441446e+03   -1.5544064169e+05    1.7099792735e-02   -3.6065229750e-03    3.7533421773e-02   -1.5123849035e-02    9.9183967476e-04   -1.8935440185e-02    2.4479489648e+02    0.0000000000e+00    0.0000000000e+00    0.0000000000e+00    2.3090023300e+01    0.0000000000e+00    0.0000000000e+00    0.0000000000e+00    1.2344039985e+02
    9.2015542677e+02    4.7956375711e+03   -1.5541950533e+05    4.8764082251e-02   -1.2322194384e-02   -1.4913493799e-03   -1.5404519090e-02   -2.1878310284e-03   -1.5274062355e-02    2.4479489648e+02    0.0000000000e+00    0.0000000000e+00    0.0000000000e+00    2.3090023300e+01    0.0000000000e+00    0.0000000000e+00    0.0000000000e+00    1.2346988086e+02
    9.2508155995e+02    4.8213114395e+03   -1.5544525268e+05   -4.9708216068e-02   -6.1466603172e-02   -4.6778380092e-02    2.5206885984e-02   -3.5693774080e-02   -2.3951898376e-02    2.4479489648e+02    0.0000000000e+00    0.0000000000e+00    0.0000000000e+00    2.3090023300e+01    0.0000000000e+00    0.0000000000e+00    0.0000000000e+00    1.2355167713e+02
    9.2378781028e+02    4.8145687150e+03   -1.5543846502e+05   -3.9035045004e-02   -3.1405868453e-02   -3.6775560961e-02    2.6105818065e-03   -1.4713648777e-03    4.6978682421e-03    2.4479489648e+02    0.0000000000e+00    0.0000000000e+00    0.0000000000e+00    2.3090023300e+01    0.0000000000e+00    0.0000000000e+00    0.0000000000e+00    1.2353899717e+02
    9.2213269127e+02    4.8059426171e+03   -1.5542972327e+05    3.0860319851e-02    2.9551666376e-02   -2.2534007153e-04   -7.9547105520e-03   -7.3138156994e-03   -9.7763836517e-03    2.4479489648e+02    0.0000000000e+00    0.0000000000e+00    0.0000000000e+00    2.3090023300e+01    0.0000000000e+00    0.0000000000e+00    0.0000000000e+00    1.2342222909e+02
    9.2306098040e+02    4.8107806456e+03   -1.5543462663e+05    9.4509190589e-02    6.8487647666e-02    1.1227498167e-01   -3.3574840832e-02   -1.3855082550e-02   -8.1142061022e-03    2.4479489648e+02    0.0000000000e+00    0.0000000000e+00    0.0000000000e+00    2.3090023300e+01    0.0000000000e+00    0.0000000000e+00    0.0000000000e+00    1.2329721389e+02
    9.2493438316e+02    4.8205443881e+03   -1.5544483943e+05    1.7544638375e-02    2.9308698403e-02    4.8500918682e-02   -3.1520515057e-02   -1.5102307495e-03    7.2159525734e-03    2.4479489648e+02    0.0000000000e+00    0.0000000000e+00    0.0000000000e+00    2.3090023300e+01    0.0000000000e+00    0.0000000000e+00    0.0000000000e+00    1.2339497818e+02
    9.2483205881e+02    4.8200110972e+03   -1.5544431822e+05   -9.8044894845e-03   -4.1236674044e-02   -3.3054237174e-02   -2.7348953958e-02    4.8902311547e-02   -7.6656458489e-03    2.4479489648e+02    0.0000000000e+00    0.0000000000e+00    0.0000000000e+00    2.3090023300e+01    0.0000000000e+00    0.0000000000e+00    0.0000000000e+00    1.2350650300e+02
    9.2476206030e+02    4.8196462811e+03   -1.5544394370e+05   -5.3968654397e-02   -7.1691178797e-02   -2.8909973876e-02   -8.9472237376e-03   -8.0738677822e-03    1.6076519517e-04    2.4479489648e+02    0.0000000000e+00    0.0000000000e+00    0.0000000000e+00    2.3090023300e+01    0.0000000000e+00    0.0000000000e+00    0.0000000000e+00    1.2353114893e+02
    9.2637184859e+02    4.8280361259e+03   -1.5545242095e+05    3.6956311781e-02    1.4566643700e-02    4.2666234883e-02    1.2547358122e-02    1.9174816265e-02    1.0607613832e-02    2.4479489648e+02    0.0000000000e+00    0.0000000000e+00    0.0000000000e+00    2.3090023300e+01    0.0000000000e+00    0.0000000000e+00    0.0000000000e+00    1.2337242465e+02
    9.2459115460e+02    4.8187555601e+03   -1.5544323397e+05   -2.6803999478e-04   -5.5547497318e-02   -7.0781851408e-02    4.4063770410e-03   -9.0845842412e-03    2.9274758422e-02    2.4479489648e+02    0.0000000000e+00    0.0000000000e+00    0.0000000000e+00    2.3090023300e+01    0.0000000000e+00    0.0000000000e+00    0.0000000000e+00    1.2351504442e+02
    9.3015554578e+02    4.8477558818e+03   -1.5547227164e+05   -1.6171821551e-02   -2.0691359722e-02   -4.9383884518e-02   -7.3628632268e-03    1.8919409180e-02    2.0838250677e-03    2.4479489648e+02    0.0000000000e+00    0.0000000000e+00    0.0000000000e+00    2.3090023300e+01    0.0000000000e+00    0.0000000000e+00    0.0000000000e+00    1.2344977617e+02
    9.2418284802e+02    4.8166275605e+03   -1.5544110404e+05    1.4027223670e-02    1.2119910144e-02    7.8969757699e-03   -8.8480296787e-03   -2.1255904814e-02   -1.7883674328e-02    2.4479489648e+02    0.0000000000e+00    0.0000000000e+00    0.0000000000e+00    2.3090023300e+01    0.0000000000e+00    0.0000000000e+00    0.0000000000e+00    1.2342126436e+02
    9.2577736999e+02    4.8249378408e+03   -1.5544944252e+05    4.0377705544e-02   -9.3790156899e-03    4.7913252461e-02    2.1448383821e-02   -5.0499935833e-02   -4.0945362625e-03    2.4479489648e+02    0.0000000000e+00    0.0000000000e+00    0.0000000000e+00    2.3090023300e+01    0.0000000000e+00    0.0000000000e+00    0.0000000000e+00    1.2339162156e+02
    9.2431917676e+02    4.8173380744e+03   -1.5544184120e+05   -7.2341414478e-03   -1.4812709157e-02   -2.5820199061e-02    1.2574758109e-02    2.3989021267e-02    9.1950836910e-03    2.4479489648e+02    0.0000000000e+00    0.0000000000e+00    0.0000000000e+00    2.3090023300e+01    0.0000000000e+00    0.0000000000e+00    0.0000000000e+00    1.2346553647e+02
    9.2599886414e+02    4.8260922171e+03   -1.5545048322e+05   -4.4757047669e-02   -8.4809551500e-02   -5.5698724167e-02   -2.7875823721e-02    3.4038753276e-02   -3.9136060067e-02    2.4479489648e+02    0.0000000000e+00    0.0000000000e+00    0.0000000000e+00    2.3090023300e+01    0.0000000000e+00    0.0000000000e+00    0.0000000000e+00    1.2353105311e+02
    9.2718488164e+02    4.8322734664e+03   -1.5545653728e+05    1.1393879793e-02    5.2902529467e-02    4.6093916975e-02   -1.1582075226e-02    1.4511740485e-03   -1.8594060920e-02    2.4479489648e+02    0.0000000000e+00    0.0000000000e+00    0.0000000000e+00    2.3090023300e+01    0.0000000000e+00    0.0000000000e+00    0.0000000000e+00    1.2334197924e+02
    9.3357851472e+02    4.8655956054e+03   -1.5548988435e+05    1.1715373808e-02   -4.0209961825e-02   -4.7276212943e-02    5.9385875974e-03   -1.1614180296e-02   -2.0553563097e-03    2.4479489648e+02    0.0000000000e+00    0.0000000000e+00    0.0000000000e+00    2.3090023300e+01    0.0000000000e+00    0.0000000000e+00    0.0000000000e+00    1.2342179709e+02
    9.2750539301e+02    4.8339438976e+03   -1.5545797873e+05   -2.0295346743e-02   -1.0038570212e-02   -2.2660777767e-02   -1.9145714850e-02    5.6294305219e-03   -4.0867027493e-03    2.4479489648e+02    0.0000000000e+00    0.0000000000e+00    0.0000000000e+00    2.3090023300e+01    0.0000000000e+00    0.0000000000e+00    0.0000000000e+00    1.2343011786e+02
    9.2948182784e+02    4.8442446195e+03   -1.5546821446e+05   -1.1608892420e-02    2.1615533291e-03    2.9562218380e-02   -1.8703664581e-02    1.3698211907e-02   -1.2942624585e-02    2.4479489648e+02    0.0000000000e+00    0.0000000000e+00    0.0000000000e+00    2.3090023300e+01    0.0000000000e+00    0.0000000000e+00    0.0000000000e+00    1.2337693342e+02
    9.1900676483e+02    4.7896510104e+03   -1.5541349446e+05   -4.8205681336e-02   -3.7323069278e-02   -3.6966219147e-02   -3.6781533413e-02   -1.5625903531e-02   -7.2209120627e-03    2.4479489648e+02    0.0000000000e+00    0.0000000000e+00    0.0000000000e+00    2.3090023300e+01    0.0000000000e+00    0.0000000000e+00    0.0000000000e+00    1.2353877092e+02
    9.2542532800e+02    4.8231030792e+03   -1.5544720298e+05    5.4122098697e-03    1.4393379098e-02   -8.9211798419e-04    8.5404015391e-03    1.6911112544e-02   -1.4841459721e-03    2.4479489648e+02    0.0000000000e+00    0.0000000000e+00    0.0000000000e+00    2.3090023300e+01    0.0000000000e+00    0.0000000000e+00    0.0000000000e+00    1.2340718960e+02
    9.2810477908e+02    4.8370677594e+03   -1.5546117876e+05    4.0725659085e-02   -3.7867079214e-02   -7.3199138952e-03    2.9281180186e-02    4.6989994144e-02    1.5777977367e-02    2.4479489648e+02    0.0000000000e+00    0.0000000000e+00    0.0000000000e+00    2.3090023300e+01    0.0000000000e+00    0.0000000000e+00    0.0000000000e+00    1.2341270857e+02
    9.2030716243e+02    4.7964283823e+03   -1.5542047546e+05   -1.8653367962e-02    5.5701960756e-03   -3.5125576229e-02    9.1774583730e-05    2.4967855552e-02    3.0745479350e-03    2.4479489648e+02    0.0000000000e+00    0.0000000000e+00    0.0000000000e+00    2.3090023300e+01    0.0000000000e+00    0.0000000000e+00    0.0000000000e+00    1.2349122759e+02
    9.2630924779e+02    4.8277098651e+03   -1.5545167103e+05    2.3839206093e-02   -8.7665797682e-04    4.0797013774e-02   -1.9932942802e-02   -1.6192209283e-02    6.8977122188e-03    2.4479489648e+02    0.0000000000e+00    0.0000000000e+00    0.0000000000e+00    2.3090023300e+01    0.0000000000e+00    0.0000000000e+00    0.0000000000e+00    1.2339329958e+02
    9.2491235057e+02    4.8204295593e+03   -1.5544437622e+05   -1.0986359104e-02   -1.1774780645e-02    2.8292123996e-02   -5.2159587982e-03   -1.5241194409e-02   -2.8247650949e-02    2.4479489648e+02    0.0000000000e+00    0.0000000000e+00    0.0000000000e+00    2.3090023300e+01    0.0000000000e+00    0.0000000000e+00    0.0000000000e+00    1.2343411583e+02
    9.2823159994e+02    4.8377287205e+03   -1.5546159284e+05    9.5269486901e-03    3.0456715729e-02    3.1848237404e-02   -2.0171572755e-02    3.5209363315e-03    3.0115536879e-03    2.4479489648e+02    0.0000000000e+00    0.0000000000e+00    0.0000000000e+00    2.3090023300e+01    0.0000000000e+00    0.0000000000e+00    0.0000000000e+00    1.2336103669e+02
    9.2718778197e+02    4.8322885823e+03   -1.5545619329e+05    7.3370924642e-03   -1.2440288524e-02   -1.0672089948e-02   -1.7286048089e-02   -6.8337375761e-03    4.3844477211e-03    2.4479489648e+02    0.0000000000e+00    0.0000000000e+00    0.0000000000e+00    2.3090023300e+01    0.0000000000e+00    0.0000000000e+00    0.0000000000e+00    1.2341951872e+02
    9.2038424966e+02    4.7968301432e+03   -1.5542068425e+05    2.9104833826e-02   -2.6321222590e-03   -1.2612418027e-02   -1.9075223811e-03    3.2708596387e-02   -9.3942512084e-03    2.4479489648e+02    0.0000000000e+00    0.0000000000e+00    0.0000000000e+00    2.3090023300e+01    0.0000000000e+00    0.0000000000e+00    0.0000000000e+00    1.2344976677e+02
    9.2760682771e+02    4.8344725519e+03   -1.5545835090e+05    2.3299201665e-02   -8.8809054152e-04    7.1881946935e-03    2.0897107271e-02    2.5587634847e-03   -4.5648823302e-03    2.4479489648e+02    0.0000000000e+00    0.0000000000e+00    0.0000000000e+00    2.3090023300e+01    0.0000000000e+00    0.0000000000e+00    0.0000000000e+00    1.2339710778e+02
    9.3123780552e+02    4.8533963697e+03   -1.5547724628e+05    3.4361468613e-02    2.0119928194e-03   -1.8504605845e-02   -2.5797824293e-02    7.1683271857e-03   -1.3740469129e-02    2.4479489648e+02    0.0000000000e+00    0.0000000000e+00    0.0000000000e+00    2.3090023300e+01    0.0000000000e+00    0.0000000000e+00    0.0000000000e+00    1.2336899339e+02
    9.2370048391e+02    4.8141135902e+03   -1.5543793203e+05    6.3331997581e-02    1.9135051148e-02    1.0674375655e-02   -2.7072287998e-02   -2.7370814950e-02    3.0602829665e-03    2.4479489648e+02    0.0000000000e+00    0.0000000000e+00    0.0000000000e+00    2.3090023300e+01    0.0000000000e+00    0.0000000000e+00    0.0000000000e+00    1.2338222818e+02
    9.2344872524e+02    4.8128014822e+03   -1.5543646949e+05    5.5023976462e-02   -4.3924054119e-03    5.1634079843e-02    9.1617433395e-03    1.6164364269e-04   -1.2187060242e-02    2.4479489648e+02    0.0000000000e+00    0.0000000000e+00    0.0000000000e+00    2.3090023300e+01    0.0000000000e+00    0.0000000000e+00    0.0000000000e+00    1.2339475092e+02
    9.2306866204e+02    4.8108206805e+03   -1.5543459551e+05    3.8520397993e-02   -1.6487376902e-02   -1.0486876217e-02    2.2011114527e-02   -5.3446954315e-02   -2.8156107608e-02    2.4479489648e+02    0.0000000000e+00    0.0000000000e+00    0.0000000000e+00    2.3090023300e+01    0.0000000000e+00    0.0000000000e+00    0.0000000000e+00    1.2345720395e+02
    9.2505231374e+02    4.8211590151e+03   -1.5544491080e+05    4.0389881266e-02    1.2277758353e-04    2.1981174768e-02    1.3087569669e-02   -2.4671739677e-02    2.3358575919e-02    2.4479489648e+02    0.0000000000e+00    0.0000000000e+00    0.0000000000e+00    2.3090023300e+01    0.0000000000e+00    0.0000000000e+00    0.0000000000e+00    1.2340498618e+02
    9.2480488929e+02    4.8198694960e+03   -1.5544355345e+05    2.9873371581e-02    2.1621442963e-02   -1.7354907266e-02    8.9960584970e-03   -3.4507752484e-02    6.1714504804e-03    2.4479489648e+02    0.0000000000e+00    0.0000000000e+00    0.0000000000e+00    2.3090023300e+01    0.0000000000e+00    0.0000000000e+00    0.0000000000e+00    1.2341085239e+02
    9.2368101269e+02    4.8140121107e+03   -1.5543780383e+05    3.3157844135e-03   -6.7841951600e-02   -4.4328447605e-02   -2.9291061731e-02    1.9692881295e-02    8.2673528112e-03    2.4479489648e+02    0.0000000000e+00    0.0000000000e+00    0.0000000000e+00    2.3090023300e+01    0.0000000000e+00    0.0000000000e+00    0.0000000000e+00    1.2351337789e+02
    9.2692880209e+02    4.8309388389e+03   -1.5545474109e+05    8.0017505174e-03    2.2871510202e-02    5.7949794802e-02   -1.0275885280e-03    2.6432681756e-02   -1.6523113978e-02    2.4479489648e+02    0.0000000000e+00    0.0000000000e+00    0.0000000000e+00    2.3090023300e+01    0.0000000000e+00    0.0000000000e+00    0.0000000000e+00    1.2337179723e+02
    9.2498659766e+02    4.8208165180e+03   -1.5544457888e+05    4.3665838162e-02   -2.5424262912e-02   -2.1783462392e-03    4.2902699249e-02   -3.6196129431e-02    3.9165502634e-04    2.4479489648e+02    0.0000000000e+00    0.0000000000e+00    0.0000000000e+00    2.3090023300e+01    0.0000000000e+00    0.0000000000e+00    0.0000000000e+00    1.2341469999e+02
    9.2519756217e+02    4.8219160163e+03   -1.5544574638e+05    8.2389577568e-03   -4.0739850146e-02    7.7450354556e-03    2.0118875122e-02    8.0386461187e-03    1.8035537836e-02    2.4479489648e+02    0.0000000000e+00    0.0000000000e+00    0.0000000000e+00    2.3090023300e+01    0.0000000000e+00    0.0000000000e+00    0.0000000000e+00    1.2345084840e+02
    9.2570621326e+02    4.8245669883e+03   -1.5544842023e+05    3.0807678241e-02   -2.7532590789e-02    5.0330087425e-05   -1.5200271595e-02    2.3705493229e-02    5.8727975038e-03    2.4479489648e+02    0.0000000000e+00    0.0000000000e+00    0.0000000000e+00    2.3090023300e+01    0.0000000000e+00    0.0000000000e+00    0.0000000000e+00    1.2343993756e+02
    9.2327114051e+02    4.8118759515e+03   -1.5543575990e+05    1.6971605087e-03    2.7812640484e-02   -1.4201384602e-03   -3.5333329624e-03    2.4821997413e-02    1.1834068271e-02    2.4479489648e+02    0.0000000000e+00    0.0000000000e+00    0.0000000000e+00    2.3090023300e+01    0.0000000000e+00    0.0000000000e+00    0.0000000000e+00    1.2343330308e+02
    9.2562734060e+02    4.8241559223e+03   -1.5544806954e+05    8.3837077286e-03   -2.4247867209e-02   -3.2318442314e-02    1.1646547685e-02    3.5642223963e-03    1.9569497734e-02    2.4479489648e+02    0.0000000000e+00    0.0000000000e+00    0.0000000000e+00    2.3090023300e+01    0.0000000000e+00    0.0000000000e+00    0.0000000000e+00    1.2347194328e+02
    9.2415888740e+02    4.8165026833e+03   -1.5544042539e+05   -6.1764767559e-03   -5.0813997826e-02    2.2726524811e-02    1.3255034101e-02   -3.3127675192e-02   -1.3940356355e-02    2.4479489648e+02    0.0000000000e+00    0.0000000000e+00    0.0000000000e+00    2.3090023300e+01    0.0000000000e+00    0.0000000000e+00    0.0000000000e+00    1.2345612904e+02
    9.2105967460e+02    4.8003503020e+03   -1.5542427713e+05    2.4013607268e-02   -2.8289436783e-02   -7.8395050483e-03   -1.1904933637e-02    1.6474108539e-02   -1.3044187653e-02    2.4479489648e+02    0.0000000000e+00    0.0000000000e+00    0.0000000000e+00    2.3090023300e+01    0.0000000000e+00    0.0000000000e+00    0.0000000000e+00    1.2347972754e+02
    9.2852032886e+02    4.8392335089e+03   -1.5546302623e+05    4.1375143644e-02   -1.4607882603e-02   -1.9259096887e-02   -3.0054213282e-03    2.1875418134e-02   -1.1617932779e-02    2.4479489648e+02    0.0000000000e+00    0.0000000000e+00    0.0000000000e+00    2.3090023300e+01    0.0000000000e+00    0.0000000000e+00    0.0000000000e+00    1.2340336931e+02
    9.2673584909e+02    4.8299332125e+03   -1.5545371920e+05    6.5192557618e-03   -6.9205196481e-03   -4.1883282094e-02    1.8282544696e-02    3.3740765969e-02   -1.0171206341e-02    2.4479489648e+02    0.0000000000e+00    0.0000000000e+00    0.0000000000e+00    2.3090023300e+01    0.0000000000e+00    0.0000000000e+00    0.0000000000e+00    1.2344973361e+02
    9.3142930548e+02    4.8543944232e+03   -1.5547824330e+05    7.9255170699e-02    6.9236261532e-02    8.2976591624e-02    1.1698637539e-02   -1.5014821542e-02    7.5289701626e-04    2.4479489648e+02    0.0000000000e+00    0.0000000000e+00    0.0000000000e+00    2.3090023300e+01    0.0000000000e+00    0.0000000000e+00    0.0000000000e+00    1.2324415523e+02
    9.2138733108e+02    4.8020579719e+03   -1.5542582948e+05    1.4278639117e-02   -3.8565976235e-02   -6.5423718122e-03   -2.6269195875e-02   -1.5731718463e-02   -2.7318132013e-02    2.4479489648e+02    0.0000000000e+00    0.0000000000e+00    0.0000000000e+00    2.3090023300e+01    0.0000000000e+00    0.0000000000e+00    0.0000000000e+00    1.2349002430e+02
    9.2464503187e+02    4.8190363560e+03   -1.5544288738e+05    8.8838794095e-02    1.9377091573e-02    1.1361752471e-01   -3.6966304477e-02    2.4640305733e-02    1.2408610735e-02    2.4479489648e+02    0.0000000000e+00    0.0000000000e+00    0.0000000000e+00    2.3090023300e+01    0.0000000000e+00    0.0000000000e+00    0.0000000000e+00    1.2332705919e+02
    9.1809822850e+02    4.7849159288e+03   -1.5540893617e+05    1.1243543028e-03   -5.0087228518e-04    2.8247818986e-03    1.4888166769e-03    1.3668634658e-02    1.4885836785e-02    2.4479489648e+02    0.0000000000e+00    0.0000000000e+00    0.0000000000e+00    2.3090023300e+01    0.0000000000e+00    0.0000000000e+00    0.0000000000e+00    1.2346701019e+02
    9.2648021416e+02    4.8286009023e+03   -1.5545266720e+05    3.6673553210e-02    1.7604842502e-02   -1.5357164691e-02    3.3988185330e-02    1.9485847377e-02    2.3179272435e-02    2.4479489648e+02    0.0000000000e+00    0.0000000000e+00    0.0000000000e+00    2.3090023300e+01    0.0000000000e+00    0.0000000000e+00    0.0000000000e+00    1.2340748345e+02
    9.2983565035e+02    4.8460886607e+03   -1.5547013470e+05    1.3495149416e-02   -3.0279473956e-02   -2.2950454202e-02   -1.3687073106e-03   -3.1620350777e-02    7.0155547609e-03    2.4479489648e+02    0.0000000000e+00    0.0000000000e+00    0.0000000000e+00    2.3090023300e+01    0.0000000000e+00    0.0000000000e+00    0.0000000000e+00    1.2342674877e+02
    9.2493676363e+02    4.8205567946e+03   -1.5544450312e+05   -3.8927457963e-02   -7.1970166298e-02   -1.0503920981e-01   -1.1234013543e-03   -1.2326890673e-02   -2.9075368448e-02    2.4479489648e+02    0.0000000000e+00    0.0000000000e+00    0.0000000000e+00    2.3090023300e+01    0.0000000000e+00    0.0000000000e+00    0.0000000000e+00    1.2355668941e+02
    9.2473818497e+02    4.8195218485e+03   -1.5544328746e+05    5.0614049451e-02   -5.1097517736e-02   -1.4222295451e-03   -2.7390730872e-02    2.2399181623e-02   -2.5727661607e-02    2.4479489648e+02    0.0000000000e+00    0.0000000000e+00    0.0000000000e+00    2.3090023300e+01    0.0000000000e+00    0.0000000000e+00    0.0000000000e+00    1.2343998071e+02
    9.2442833658e+02    4.8179069902e+03   -1.5544157991e+05   -2.8633456244e-02   -5.4116372080e-02   -2.2160608242e-02    1.5708228703e-04   -1.0191777016e-02   -1.4210793673e-02    2.4479489648e+02    0.0000000000e+00    0.0000000000e+00    0.0000000000e+00    2.3090023300e+01    0.0000000000e+00    0.0000000000e+00    0.0000000000e+00    1.2351112381e+02
    9.2366491938e+02    4.8139282361e+03   -1.5543754318e+05    4.2199667640e-02   -8.7611211892e-03    5.4124678191e-02    2.1477745170e-02   -4.3874328439e-02   -3.7645030728e-02    2.4479489648e+02    0.0000000000e+00    0.0000000000e+00    0.0000000000e+00    2.3090023300e+01    0.0000000000e+00    0.0000000000e+00    0.0000000000e+00    1.2339316083e+02
    9.1981475088e+02    4.7938620470e+03   -1.5541744865e+05    4.5023782917e-02   -4.1899232942e-02    2.7971859430e-02    6.5277385410e-03    7.4954292843e-03    5.0836478603e-03    2.4479489648e+02    0.0000000000e+00    0.0000000000e+00    0.0000000000e+00    2.3090023300e+01    0.0000000000e+00    0.0000000000e+00    0.0000000000e+00    1.2345736880e+02
    9.2035513044e+02    4.7966783805e+03   -1.5542015508e+05    2.5445029711e-02   -2.4793562341e-03    1.1302133287e-02   -3.6154174059e-03    1.7993597172e-03    4.9168460521e-03    2.4479489648e+02    0.0000000000e+00    0.0000000000e+00    0.0000000000e+00    2.3090023300e+01    0.0000000000e+00    0.0000000000e+00    0.0000000000e+00    1.2342879127e+02
    9.2456746489e+02    4.8186320948e+03   -1.5544215746e+05    5.8890416971e-02    1.6041136588e-02   -4.3135978507e-03   -2.7610521757e-02    3.7343149328e-03    1.5475507737e-02    2.4479489648e+02    0.0000000000e+00    0.0000000000e+00    0.0000000000e+00    2.3090023300e+01    0.0000000000e+00    0.0000000000e+00    0.0000000000e+00    1.2338542882e+02
    9.2646409837e+02    4.8285169105e+03   -1.5545199341e+05   -4.1327147041e-02   -5.8085198359e-02   -6.3599797307e-02   -1.0442315644e-03   -9.4517113898e-05    1.2820571679e-02    2.4479489648e+02    0.0000000000e+00    0.0000000000e+00    0.0000000000e+00    2.3090023300e+01    0.0000000000e+00    0.0000000000e+00    0.0000000000e+00    1.2353778932e+02
    9.2855096691e+02    4.8393931873e+03   -1.5546282232e+05    7.5392093752e-02    2.9580989249e-02    6.9163195326e-03   -2.2536915628e-02   -6.0597915962e-02   -1.5052997325e-03    2.4479489648e+02    0.0000000000e+00    0.0000000000e+00    0.0000000000e+00    2.3090023300e+01    0.0000000000e+00    0.0000000000e+00    0.0000000000e+00    1.2334236065e+02
    9.2949494653e+02    4.8443129911e+03   -1.5546765467e+05    4.0625841237e-02   -3.0666084689e-02    6.6052298300e-02    6.6063347113e-03    2.7651353846e-04   -2.5748238486e-03    2.4479489648e+02    0.0000000000e+00    0.0000000000e+00    0.0000000000e+00    2.3090023300e+01    0.0000000000e+00    0.0000000000e+00    0.0000000000e+00    1.2333850997e+02
    9.2473616836e+02    4.8195113383e+03   -1.5544282714e+05   -9.9867421498e-03    2.9413453025e-02   -2.6174643867e-02   -2.2533933882e-02   -1.4147002814e-02    5.7267679576e-03    2.4479489648e+02    0.0000000000e+00    0.0000000000e+00    0.0000000000e+00    2.3090023300e+01    0.0000000000e+00    0.0000000000e+00    0.0000000000e+00    1.2343916623e+02
    9.2941333684e+02    4.8438876602e+03   -1.5546709531e+05    5.4406682839e-02    2.8289884419e-02    2.7255763383e-02    1.1309532511e-02    2.0904306719e-03   -2.8082615746e-02    2.4479489648e+02    0.0000000000e+00    0.0000000000e+00    0.0000000000e+00    2.3090023300e+01    0.0000000000e+00    0.0000000000e+00    0.0000000000e+00    1.2331410935e+02
    9.2284978105e+02    4.8096799233e+03   -1.5543289696e+05   -2.3046491276e-02   -5.5641062560e-02   -5.4998092193e-02   -2.1270024182e-02    3.2678224559e-02   -2.1167315198e-02    2.4479489648e+02    0.0000000000e+00    0.0000000000e+00    0.0000000000e+00    2.3090023300e+01    0.0000000000e+00    0.0000000000e+00    0.0000000000e+00    1.2352176716e+02
    9.3004421682e+02    4.8471756610e+03   -1.5547038966e+05    3.6351597847e-02    2.3367312589e-02   -2.6193091460e-02    2.9581874294e-02    1.9568660635e-02    6.6844969670e-03    2.4479489648e+02    0.0000000000e+00    0.0000000000e+00    0.0000000000e+00    2.3090023300e+01    0.0000000000e+00    0.0000000000e+00    0.0000000000e+00    1.2336423089e+02
    9.3403363442e+02    4.8679675842e+03   -1.5549118595e+05   -1.9643962326e-02   -5.3775256090e-02    8.2582615422e-03    6.7221490799e-03   -1.5820580487e-02    9.8635227289e-03    2.4479489648e+02    0.0000000000e+00    0.0000000000e+00    0.0000000000e+00    2.3090023300e+01    0.0000000000e+00    0.0000000000e+00    0.0000000000e+00    1.2340367911e+02
    9.3651484384e+02    4.8808990746e+03   -1.5550413420e+05   -1.8232168520e-02   -1.6205280321e-03    1.8857447321e-02    2.7311577044e-02   -2.1247799192e-03    2.9535442651e-02    2.4479489648e+02    0.0000000000e+00    0.0000000000e+00    0.0000000000e+00    2.3090023300e+01    0.0000000000e+00    0.0000000000e+00    0.0000000000e+00    1.2335592869e+02
    9.2920291319e+02    4.8427909808e+03   -1.5546593632e+05    4.6940569617e-02    2.5566445980e-02    9.6529217175e-02   -1.1332286430e-02    4.2996364218e-02   -4.0373747422e-02    2.4479489648e+02    0.0000000000e+00    0.0000000000e+00    0.0000000000e+00    2.3090023300e+01    0.0000000000e+00    0.0000000000e+00    0.0000000000e+00    1.2328697581e+02
    9.2227109470e+02    4.8066639438e+03   -1.5542985840e+05    8.2858592501e-03   -1.7802736985e-03   -3.4059988383e-02   -4.9630407585e-03    3.8650214887e-03    2.1707486763e-02    2.4479489648e+02    0.0000000000e+00    0.0000000000e+00    0.0000000000e+00    2.3090023300e+01    0.0000000000e+00    0.0000000000e+00    0.0000000000e+00    1.2345797430e+02
    9.3137509627e+02    4.8541118973e+03   -1.5547747786e+05    6.2418269834e-02    2.8809855481e-02   -3.0035295243e-02   -2.1721670927e-02   -2.1454606142e-02    7.2302812590e-04    2.4479489648e+02    0.0000000000e+00    0.0000000000e+00    0.0000000000e+00    2.3090023300e+01    0.0000000000e+00    0.0000000000e+00    0.0000000000e+00    1.2335202003e+02
    9.2640147804e+02    4.8281905478e+03   -1.5545144728e+05    6.9383960277e-02   -1.1791637949e-02    1.3714688848e-02   -5.7810334072e-03    2.4278538261e-02    2.8520446753e-02    2.4479489648e+02    0.0000000000e+00    0.0000000000e+00    0.0000000000e+00    2.3090023300e+01    0.0000000000e+00    0.0000000000e+00    0.0000000000e+00    1.2336022025e+02
    9.3071070046e+02    4.8506492198e+03   -1.5547390632e+05    8.0034780192e-02    1.2870070351e-02    5.2576661432e-02    3.5906634789e-02    8.1138841640e-02   -3.1816657539e-02    2.4479489648e+02    0.0000000000e+00    0.0000000000e+00    0.0000000000e+00    2.3090023300e+01    0.0000000000e+00    0.0000000000e+00    0.0000000000e+00    1.2328663999e+02
    9.2503653814e+02    4.8210767963e+03   -1.5544429200e+05    2.6582043109e-02   -1.8265182727e-02   -7.5018435765e-02    3.2727541998e-02    2.4360613009e-04   -6.2668645823e-03    2.4479489648e+02    0.0000000000e+00    0.0000000000e+00    0.0000000000e+00    2.3090023300e+01    0.0000000000e+00    0.0000000000e+00    0.0000000000e+00    1.2345040601e+02
    9.3345658317e+02    4.8649601263e+03   -1.5548814192e+05   -5.6356673630e-02   -3.0351201316e-02   -7.7794066075e-02    8.5305795941e-03   -3.2066220405e-02   -1.7912794466e-02    2.4479489648e+02    0.0000000000e+00    0.0000000000e+00    0.0000000000e+00    2.3090023300e+01    0.0000000000e+00    0.0000000000e+00    0.0000000000e+00    1.2345252515e+02
    9.2982936198e+02    4.8460558872e+03   -1.5546922614e+05    4.1197267116e-02    5.4712631174e-02    2.7072511728e-02   -1.1840991279e-02   -1.8046504529e-02    1.2239741770e-02    2.4479489648e+02    0.0000000000e+00    0.0000000000e+00    0.0000000000e+00    2.3090023300e+01    0.0000000000e+00    0.0000000000e+00    0.0000000000e+00    1.2330616896e+02
    9.2924238291e+02    4.8429966878e+03   -1.5546621717e+05    3.6338898218e-02    4.6111573309e-03   -2.0952105531e-02   -2.5632973886e-03    4.0641406638e-02   -1.6207031208e-02    2.4479489648e+02    0.0000000000e+00    0.0000000000e+00    0.0000000000e+00    2.3090023300e+01    0.0000000000e+00    0.0000000000e+00    0.0000000000e+00    1.2337644274e+02
    9.3067183655e+02    4.8504466701e+03   -1.5547370211e+05    6.1137488872e-03   -3.1752665849e-02    4.4277151675e-03    1.0927797396e-02    1.1515374927e-02   -5.8035146328e-05    2.4479489648e+02    0.0000000000e+00    0.0000000000e+00    0.0000000000e+00    2.3090023300e+01    0.0000000000e+00    0.0000000000e+00    0.0000000000e+00    1.2338147639e+02
    9.3309249083e+02    4.8630625611e+03   -1.5548630663e+05    1.0416611049e-02    2.3799565598e-02   -2.2521125338e-02   -2.1707689533e-02   -3.6322681112e-02   -2.4210576365e-02    2.4479489648e+02    0.0000000000e+00    0.0000000000e+00    0.0000000000e+00    2.3090023300e+01    0.0000000000e+00    0.0000000000e+00    0.0000000000e+00    1.2338062913e+02
    9.2922473994e+02    4.8429047368e+03   -1.5546617066e+05    3.3952923274e-02    3.7136505184e-02    2.0189999050e-02    5.0233236281e-03   -2.3660998868e-02   -1.0587346235e-02    2.4479489648e+02    0.0000000000e+00    0.0000000000e+00    0.0000000000e+00    2.3090023300e+01    0.0000000000e+00    0.0000000000e+00    0.0000000000e+00    1.2333101981e+02
    9.3026861896e+02    4.8483451931e+03   -1.5547167762e+05   -2.4876945653e-02   -5.8329763531e-02   -6.6215685722e-02   -1.2326480115e-02   -1.2876740137e-02   -7.4958545848e-03    2.4479489648e+02    0.0000000000e+00    0.0000000000e+00    0.0000000000e+00    2.3090023300e+01    0.0000000000e+00    0.0000000000e+00    0.0000000000e+00    1.2346754867e+02
    9.2749696196e+02    4.8338999570e+03   -1.5545734341e+05    1.3271854139e-02   -2.9025657208e-02   -1.1785111231e-02   -1.5754209791e-02   -3.2423350495e-02   -1.8358206837e-02    2.4479489648e+02    0.0000000000e+00    0.0000000000e+00    0.0000000000e+00    2.3090023300e+01    0.0000000000e+00    0.0000000000e+00    0.0000000000e+00    1.2342076802e+02
    9.2303190700e+02    4.8106291217e+03   -1.5543404404e+05   -6.7682089606e-03    3.7456352899e-02   -1.2621975373e-02   -3.1624890303e-03   -3.0111604626e-02   -1.9641154893e-02    2.4479489648e+02    0.0000000000e+00    0.0000000000e+00    0.0000000000e+00    2.3090023300e+01    0.0000000000e+00    0.0000000000e+00    0.0000000000e+00    1.2342528633e+02
    9.3213163726e+02    4.8580548143e+03   -1.5548154064e+05   -4.7311697692e-02   -7.2909388583e-02   -1.0638177230e-01    1.1468109003e-02    2.2671526532e-02    1.2180248185e-02    2.4479489648e+02    0.0000000000e+00    0.0000000000e+00    0.0000000000e+00    2.3090023300e+01    0.0000000000e+00    0.0000000000e+00    0.0000000000e+00    1.2352402606e+02
    9.2239578165e+02    4.8073137833e+03   -1.5543071427e+05   -2.3725721161e-02   -2.9842554320e-02   -5.1372220627e-02    1.1305282821e-02    2.5798569232e-02    1.7179112000e-02    2.4479489648e+02    0.0000000000e+00    0.0000000000e+00    0.0000000000e+00    2.3090023300e+01    0.0000000000e+00    0.0000000000e+00    0.0000000000e+00    1.2349466929e+02
    9.3192947814e+02    4.8570012076e+03   -1.5548062527e+05    9.1524938949e-02    6.1386472829e-03    5.3039746198e-02    2.2109892017e-02   -7.4890469757e-03   -5.0396949999e-03    2.4479489648e+02    0.0000000000e+00    0.0000000000e+00    0.0000000000e+00    2.3090023300e+01    0.0000000000e+00    0.0000000000e+00    0.0000000000e+00    1.2330190328e+02
    9.2638717658e+02    4.8281160119e+03   -1.5545191437e+05    4.1427986774e-02   -8.9904979710e-03    3.6075554620e-02    2.6765360792e-03    1.2644511495e-03   -1.7254393676e-03    2.4479489648e+02    0.0000000000e+00    0.0000000000e+00    0.0000000000e+00    2.3090023300e+01    0.0000000000e+00    0.0000000000e+00    0.0000000000e+00    1.2337605738e+02
    9.3099580885e+02    4.8521351389e+03   -1.5547592526e+05    6.6143000062e-03   -6.1848939340e-02   -8.6268941160e-02   -3.6423368696e-03    1.1972963423e-02    2.8653841426e-02    2.4479489648e+02    0.0000000000e+00    0.0000000000e+00    0.0000000000e+00    2.3090023300e+01    0.0000000000e+00    0.0000000000e+00    0.0000000000e+00    1.2347131445e+02
    9.2626962893e+02    4.8275033807e+03   -1.5545126586e+05    5.6965383178e-02    1.2896076459e-02    8.3001656274e-02   -3.2643609427e-02    4.0934086982e-02    4.4906606686e-04    2.4479489648e+02    0.0000000000e+00    0.0000000000e+00    0.0000000000e+00    2.3090023300e+01    0.0000000000e+00    0.0000000000e+00    0.0000000000e+00    1.2333584799e+02
    9.2543382789e+02    4.8231473787e+03   -1.5544688391e+05   -2.6248852913e-02    9.6340584914e-03   -6.0749765226e-02   -2.7792437048e-02    2.5610066826e-02    4.8582765404e-02    2.4479489648e+02    0.0000000000e+00    0.0000000000e+00    0.0000000000e+00    2.3090023300e+01    0.0000000000e+00    0.0000000000e+00    0.0000000000e+00    1.2346972915e+02
    9.3172877212e+02    4.8559551742e+03   -1.5547955920e+05    1.5739832873e-02    1.4213669212e-02   -2.9788290010e-02    1.2642843716e-02    3.5702876971e-03   -2.2041209399e-02    2.4479489648e+02    0.0000000000e+00    0.0000000000e+00    0.0000000000e+00    2.3090023300e+01    0.0000000000e+00    0.0000000000e+00    0.0000000000e+00    1.2337933631e+02
    9.2807418126e+02    4.8369082907e+03   -1.5546037029e+05    7.0902720158e-02    4.5140851827e-02    6.6160651187e-02    3.1879947864e-02   -4.9309939174e-02   -1.6641685010e-02    2.4479489648e+02    0.0000000000e+00    0.0000000000e+00    0.0000000000e+00    2.3090023300e+01    0.0000000000e+00    0.0000000000e+00    0.0000000000e+00    1.2330593702e+02
    9.2549091798e+02    4.8234449191e+03   -1.5544710858e+05    1.8938866213e-02   -4.0097239269e-02   -2.2125722266e-02   -1.1293662835e-02   -7.8027878070e-03   -1.8641613132e-02    2.4479489648e+02    0.0000000000e+00    0.0000000000e+00    0.0000000000e+00    2.3090023300e+01    0.0000000000e+00    0.0000000000e+00    0.0000000000e+00    1.2343686949e+02
    9.3131604183e+02    4.8538041192e+03   -1.5547756036e+05    9.6505305629e-03   -3.6567980859e-02    1.4004884646e-02   -1.7038134232e-02    1.3042052423e-02   -3.0275503726e-02    2.4479489648e+02    0.0000000000e+00    0.0000000000e+00    0.0000000000e+00    2.3090023300e+01    0.0000000000e+00    0.0000000000e+00    0.0000000000e+00    1.2338702919e+02
    9.2346968832e+02    4.8129107369e+03   -1.5543659072e+05    1.5234010618e-02    5.5671347382e-04    3.4010594679e-02    1.0093163077e-02   -3.6519787221e-03    8.7054029896e-04    2.4479489648e+02    0.0000000000e+00    0.0000000000e+00    0.0000000000e+00    2.3090023300e+01    0.0000000000e+00    0.0000000000e+00    0.0000000000e+00    1.2340980512e+02
    9.2604218611e+02    4.8263180012e+03   -1.5544995192e+05    8.5681270802e-02   -1.4233947607e-03    3.3438644208e-02   -7.2286392765e-04    2.3357458561e-02    2.6661575705e-02    2.4479489648e+02    0.0000000000e+00    0.0000000000e+00    0.0000000000e+00    2.3090023300e+01    0.0000000000e+00    0.0000000000e+00    0.0000000000e+00    1.2335627498e+02
    9.2470483414e+02    4.8193480316e+03   -1.5544298050e+05   -5.9412084535e-02    9.0368290884e-03   -5.5939501948e-02    1.2309282060e-02    3.0769102969e-02    1.4774894992e-02    2.4479489648e+02    0.0000000000e+00    0.0000000000e+00    0.0000000000e+00    2.3090023300e+01    0.0000000000e+00    0.0000000000e+00    0.0000000000e+00    1.2349091653e+02
    9.2828733171e+02    4.8380191816e+03   -1.5546161235e+05    4.0652894584e-02    1.9723251791e-02    1.4152991579e-02    3.1096423939e-03   -4.7446572129e-02   -1.7689177077e-03    2.4479489648e+02    0.0000000000e+00    0.0000000000e+00    0.0000000000e+00    2.3090023300e+01    0.0000000000e+00    0.0000000000e+00    0.0000000000e+00    1.2334640364e+02
    9.2692987051e+02    4.8309444073e+03   -1.5545444291e+05   -2.6819184313e-03    1.1907661892e-02   -4.0504249995e-03   -2.5402526935e-02    3.4903879474e-02   -3.7004636275e-03    2.4479489648e+02    0.0000000000e+00    0.0000000000e+00    0.0000000000e+00    2.3090023300e+01    0.0000000000e+00    0.0000000000e+00    0.0000000000e+00    1.2340755227e+02
    9.3521984112e+02    4.8741498195e+03   -1.5549764003e+05   -6.2647775759e-02   -3.7116623673e-02   -1.9847796522e-02    4.2613537076e-03    2.4942559044e-02   -3.9076381092e-02    2.4479489648e+02    0.0000000000e+00    0.0000000000e+00    0.0000000000e+00    2.3090023300e+01    0.0000000000e+00    0.0000000000e+00    0.0000000000e+00    1.2340629348e+02
    9.3312303429e+02    4.8632217466e+03   -1.5548686987e+05    3.3374222883e-02    1.9488915233e-02    2.4764848625e-02    5.7005023555e-03    2.4231363812e-02   -3.0856488048e-02    2.4479489648e+02    0.0000000000e+00    0.0000000000e+00    0.0000000000e+00    2.3090023300e+01    0.0000000000e+00    0.0000000000e+00    0.0000000000e+00    1.2332120897e+02
    9.2863729721e+02    4.8398431209e+03   -1.5546336148e+05    3.6310918423e-02    3.3529594876e-02   -1.8591335951e-02   -2.2673566277e-02   -1.1803736175e-02    4.5534141939e-03    2.4479489648e+02    0.0000000000e+00    0.0000000000e+00    0.0000000000e+00    2.3090023300e+01    0.0000000000e+00    0.0000000000e+00    0.0000000000e+00    1.2336247283e+02
    9.2760952200e+02    4.8344865939e+03   -1.5545798165e+05    1.0548805255e-03   -1.2946248908e-02   -4.4881105374e-02    1.3030854158e-02    1.0527375952e-02    7.0266224765e-03    2.4479489648e+02    0.0000000000e+00    0.0000000000e+00    0.0000000000e+00    2.3090023300e+01    0.0000000000e+00    0.0000000000e+00    0.0000000000e+00    1.2345047503e+02
    9.3113768735e+02    4.8528745768e+03   -1.5547662514e+05    7.1633914887e-02   -3.0989235001e-02    4.6180745103e-02   -2.5142672277e-02    1.8931639515e-02   -6.2550304377e-03    2.4479489648e+02    0.0000000000e+00    0.0000000000e+00    0.0000000000e+00    2.3090023300e+01    0.0000000000e+00    0.0000000000e+00    0.0000000000e+00    1.2335216277e+02
    9.2851149000e+02    4.8391874428e+03   -1.5546288408e+05   -2.4404637324e-02   -5.8451267222e-05   -5.4509768052e-02   -5.2775532744e-03   -4.4689976162e-02    3.3700888293e-02    2.4479489648e+02    0.0000000000e+00    0.0000000000e+00    0.0000000000e+00    2.3090023300e+01    0.0000000000e+00    0.0000000000e+00    0.0000000000e+00    1.2344952383e+02
    9.3181317586e+02    4.8563950670e+03   -1.5548012503e+05    4.1159684862e-02    2.3401976744e-02    6.7638691920e-02   -3.6568174635e-02    8.6860495639e-03    3.8131577489e-03    2.4479489648e+02    0.0000000000e+00    0.0000000000e+00    0.0000000000e+00    2.3090023300e+01    0.0000000000e+00    0.0000000000e+00    0.0000000000e+00    1.2328431203e+02
    9.2609904073e+02    4.8266143144e+03   -1.5545024607e+05    7.2892967343e-03    4.0359451150e-02   -6.1387874440e-04   -4.7989436777e-03    6.0609625659e-03    1.1844556101e-02    2.4479489648e+02    0.0000000000e+00    0.0000000000e+00    0.0000000000e+00    2.3090023300e+01    0.0000000000e+00    0.0000000000e+00    0.0000000000e+00    1.2339058770e+02
    9.2750625937e+02    4.8339484129e+03   -1.5545755192e+05    3.5793160557e-02   -1.4708747639e-02   -8.4177092017e-03   -2.2024831953e-02    4.9963063436e-03    1.5787515291e-02    2.4479489648e+02    0.0000000000e+00    0.0000000000e+00    0.0000000000e+00    2.3090023300e+01    0.0000000000e+00    0.0000000000e+00    0.0000000000e+00    1.2339010942e+02
    9.3038287015e+02    4.8489406439e+03   -1.5547259531e+05    1.4558064262e-02    1.9349826781e-02    2.2249225889e-02    2.2983110354e-02    4.4176956573e-03   -4.7243515760e-03    2.4479489648e+02    0.0000000000e+00    0.0000000000e+00    0.0000000000e+00    2.3090023300e+01    0.0000000000e+00    0.0000000000e+00    0.0000000000e+00    1.2335757517e+02
    9.2282701910e+02    4.8095612933e+03   -1.5543319940e+05   -1.6646069270e-02   -4.4714047327e-02   -1.0424789813e-02   -8.7758109104e-04   -3.0907818999e-03   -2.9123589528e-02    2.4479489648e+02    0.0000000000e+00    0.0000000000e+00    0.0000000000e+00    2.3090023300e+01    0.0000000000e+00    0.0000000000e+00    0.0000000000e+00    1.2349475312e+02
    9.2440720252e+02    4.8177968444e+03   -1.5544143418e+05    2.1990707958e-02    2.7883523283e-03   -1.2991915977e-03   -1.6559982512e-02   -3.1851854253e-03    2.6248355392e-03    2.4479489648e+02    0.0000000000e+00    0.0000000000e+00    0.0000000000e+00    2.3090023300e+01    0.0000000000e+00    0.0000000000e+00    0.0000000000e+00    1.2340538740e+02
    9.2348299225e+02    4.8129800739e+03   -1.5543658279e+05    9.5521399208e-03    3.5404252804e-02    6.9632701655e-02    1.2985929580e-02    3.8094831762e-03   -4.5453343108e-03    2.4479489648e+02    0.0000000000e+00    0.0000000000e+00    0.0000000000e+00    2.3090023300e+01    0.0000000000e+00    0.0000000000e+00    0.0000000000e+00    1.2336634352e+02
    9.3196666775e+02    4.8571950313e+03   -1.5548089447e+05   -8.2039380656e-03    1.9899918974e-02   -5.0522225050e-02    1.5004050332e-02   -2.2655608110e-02    2.1711986005e-02    2.4479489648e+02    0.0000000000e+00    0.0000000000e+00    0.0000000000e+00    2.3090023300e+01    0.0000000000e+00    0.0000000000e+00    0.0000000000e+00    1.2341103650e+02
    9.2746332017e+02    4.8337246238e+03   -1.5545718131e+05   -7.5678110662e-03   -5.8184534746e-02   -3.1390121335e-02   -4.5514269771e-02   -1.5878158588e-02   -1.3918532220e-03    2.4479489648e+02    0.0000000000e+00    0.0000000000e+00    0.0000000000e+00    2.3090023300e+01    0.0000000000e+00    0.0000000000e+00    0.0000000000e+00    1.2348490840e+02
    9.3108908439e+02    4.8526212695e+03   -1.5547604754e+05    4.1533762325e-02    2.5118701094e-02    3.6989955655e-02    1.2689315454e-02    1.9617196787e-02   -2.4635475893e-02    2.4479489648e+02    0.0000000000e+00    0.0000000000e+00    0.0000000000e+00    2.3090023300e+01    0.0000000000e+00    0.0000000000e+00    0.0000000000e+00    1.2332574449e+02
    9.2522734876e+02    4.8220712572e+03   -1.5544555330e+05   -9.1689685412e-03   -3.3009519534e-02   -1.5645078654e-02   -1.4025662379e-02   -2.1883334399e-02    4.5468474659e-03    2.4479489648e+02    0.0000000000e+00    0.0000000000e+00    0.0000000000e+00    2.3090023300e+01    0.0000000000e+00    0.0000000000e+00    0.0000000000e+00    1.2347980734e+02
    9.2253287028e+02    4.8080282576e+03   -1.5543160184e+05    9.5301787755e-03   -1.9231709367e-02    1.6623188395e-02   -1.1687837191e-02    1.2569435100e-02    1.9149767093e-02    2.4479489648e+02    0.0000000000e+00    0.0000000000e+00    0.0000000000e+00    2.3090023300e+01    0.0000000000e+00    0.0000000000e+00    0.0000000000e+00    1.2345911285e+02
    9.2392933459e+02    4.8153063071e+03   -1.5543887562e+05    2.8760674873e-02    4.0177759318e-02    4.4833022032e-02    3.4474776974e-02    1.9516026139e-02    7.9504523049e-03    2.4479489648e+02    0.0000000000e+00    0.0000000000e+00    0.0000000000e+00    2.3090023300e+01    0.0000000000e+00    0.0000000000e+00    0.0000000000e+00    1.2338405777e+02
    9.2805123273e+02    4.8367886882e+03   -1.5546046041e+05    1.1211005716e-02   -1.8568694743e-02    7.8121809845e-03   -5.6892784178e-03   -1.6748829742e-02   -2.6983113900e-02    2.4479489648e+02    0.0000000000e+00    0.0000000000e+00    0.0000000000e+00    2.3090023300e+01    0.0000000000e+00    0.0000000000e+00    0.0000000000e+00    1.2341727225e+02
    9.2792201253e+02    4.8361152224e+03   -1.5545971902e+05   -9.1389819220e-03    1.3329428187e-02    2.6652796032e-02    2.0847468599e-02   -3.6340102452e-03   -5.9879438414e-03    2.4479489648e+02    0.0000000000e+00    0.0000000000e+00    0.0000000000e+00    2.3090023300e+01    0.0000000000e+00    0.0000000000e+00    0.0000000000e+00    1.2342488027e+02
    9.2449469807e+02    4.8182528510e+03   -1.5544187533e+05    4.8454579358e-03   -8.5766340441e-02   -9.3679556829e-03   -4.6988765165e-03    7.5509270241e-03   -1.1171419122e-02    2.4479489648e+02    0.0000000000e+00    0.0000000000e+00    0.0000000000e+00    2.3090023300e+01    0.0000000000e+00    0.0000000000e+00    0.0000000000e+00    1.2350619675e+02
    9.2368291690e+02    4.8140220350e+03   -1.5543754824e+05    4.0647768850e-02    1.2289745756e-02   -3.0648987142e-02   -4.8767147597e-03   -7.1186950130e-03    2.9815111848e-02    2.4479489648e+02    0.0000000000e+00    0.0000000000e+00    0.0000000000e+00    2.3090023300e+01    0.0000000000e+00    0.0000000000e+00    0.0000000000e+00    1.2344148736e+02
    9.2679816485e+02    4.8302579878e+03   -1.5545385606e+05   -1.4750718430e-02   -1.0259874209e-01   -5.0744517306e-02   -2.4673904850e-02   -9.3542443640e-03   -3.9677495651e-02    2.4479489648e+02    0.0000000000e+00    0.0000000000e+00    0.0000000000e+00    2.3090023300e+01    0.0000000000e+00    0.0000000000e+00    0.0000000000e+00    1.2351876166e+02
    9.1996566912e+02    4.7946485981e+03   -1.5541811691e+05    1.8913816835e-02    5.5408135055e-02    7.0038474195e-02    1.7582723091e-02   -4.3341861200e-02    1.6303101711e-03    2.4479489648e+02    0.0000000000e+00    0.0000000000e+00    0.0000000000e+00    2.3090023300e+01    0.0000000000e+00    0.0000000000e+00    0.0000000000e+00    1.2338591165e+02
    9.2524246403e+02    4.8221500344e+03   -1.5544568639e+05    1.5666947878e-02   -1.1387072945e-02    3.5354453700e-02    3.8889293562e-04    1.6055956493e-02   -7.9786867456e-03    2.4479489648e+02    0.0000000000e+00    0.0000000000e+00    0.0000000000e+00    2.3090023300e+01    0.0000000000e+00    0.0000000000e+00    0.0000000000e+00    1.2341036420e+02
    9.2090077369e+02    4.7995221471e+03   -1.5542300890e+05    1.1219168012e-02   -1.8540649129e-02    5.7864014935e-02    1.3989161527e-02   -4.4936128906e-03   -6.4356191389e-03    2.4479489648e+02    0.0000000000e+00    0.0000000000e+00    0.0000000000e+00    2.3090023300e+01    0.0000000000e+00    0.0000000000e+00    0.0000000000e+00    1.2345033012e+02
    9.2091985136e+02    4.7996215755e+03   -1.5542313401e+05    1.5518705577e-02   -2.8485774179e-02   -1.5773520890e-02   -2.7974935700e-02   -3.4535880884e-04    1.9319790472e-03    2.4479489648e+02    0.0000000000e+00    0.0000000000e+00    0.0000000000e+00    2.3090023300e+01    0.0000000000e+00    0.0000000000e+00    0.0000000000e+00    1.2348832245e+02
    9.2818473147e+02    4.8374844528e+03   -1.5546102541e+05    8.9253150259e-02    5.5009227579e-02    1.0190458476e-01   -9.8871639625e-03    7.9161161682e-03   -1.7023435557e-02    2.4479489648e+02    0.0000000000e+00    0.0000000000e+00    0.0000000000e+00    2.3090023300e+01    0.0000000000e+00    0.0000000000e+00    0.0000000000e+00    1.2326476585e+02
    9.2318820222e+02    4.8114436963e+03   -1.5543510104e+05    2.2065069168e-02   -2.3200152639e-02   -3.0026805074e-03   -3.0786773880e-03    6.9419896914e-03    4.3106803774e-03    2.4479489648e+02    0.0000000000e+00    0.0000000000e+00    0.0000000000e+00    2.3090023300e+01    0.0000000000e+00    0.0000000000e+00    0.0000000000e+00    1.2346399092e+02
    9.3228173962e+02    4.8588371131e+03   -1.5548252629e+05    2.1547878731e-02   -2.3677418923e-02   -1.7082514752e-02    1.9773517254e-02    1.7461023678e-03   -3.7195691858e-03    2.4479489648e+02    0.0000000000e+00    0.0000000000e+00    0.0000000000e+00    2.3090023300e+01    0.0000000000e+00    0.0000000000e+00    0.0000000000e+00    1.2339598067e+02
    9.2541271451e+02    4.8230373406e+03   -1.5544670567e+05    1.0580905916e-02    1.6184517540e-02   -2.2264240149e-02   -1.6445702738e-02    3.4404348326e-03   -9.8929953377e-03    2.4479489648e+02    0.0000000000e+00    0.0000000000e+00    0.0000000000e+00    2.3090023300e+01    0.0000000000e+00    0.0000000000e+00    0.0000000000e+00    1.2342433202e+02
    9.2324253870e+02    4.8117268855e+03   -1.5543523204e+05    1.1940579817e-02   -3.4294793339e-02   -7.3879756109e-02   -2.2441747907e-02    9.4199377311e-03   -7.2065620445e-04    2.4479489648e+02    0.0000000000e+00    0.0000000000e+00    0.0000000000e+00    2.3090023300e+01    0.0000000000e+00    0.0000000000e+00    0.0000000000e+00    1.2351139262e+02
    9.2524110478e+02    4.8221429503e+03   -1.5544573954e+05    2.7964383029e-02    3.8534297206e-03    2.2919780026e-03   -2.3873808618e-02   -2.3577422826e-02    2.5591391697e-02    2.4479489648e+02    0.0000000000e+00    0.0000000000e+00    0.0000000000e+00    2.3090023300e+01    0.0000000000e+00    0.0000000000e+00    0.0000000000e+00    1.2341513166e+02
    9.2636105033e+02    4.8279798479e+03   -1.5545161897e+05    2.5966438291e-02   -2.3226747960e-02    8.7233461721e-03   -6.3163227845e-03   -1.1447774486e-02   -2.5520007196e-02    2.4479489648e+02    0.0000000000e+00    0.0000000000e+00    0.0000000000e+00    2.3090023300e+01    0.0000000000e+00    0.0000000000e+00    0.0000000000e+00    1.2342630884e+02
    9.3077634846e+02    4.8509913620e+03   -1.5547462824e+05    1.7629613088e-02    1.8747248181e-03   -5.8394721905e-02    2.6763163570e-03    2.6257448572e-02   -1.8245225885e-03    2.4479489648e+02    0.0000000000e+00    0.0000000000e+00    0.0000000000e+00    2.3090023300e+01    0.0000000000e+00    0.0000000000e+00    0.0000000000e+00    1.2341258317e+02
    9.2934566171e+02    4.8435349531e+03   -1.5546712307e+05   -2.8089748985e-02   -8.4801273586e-02   -1.0940003705e-01    2.8365798011e-02   -5.4068140066e-03    4.2245239056e-02    2.4479489648e+02    0.0000000000e+00    0.0000000000e+00    0.0000000000e+00    2.3090023300e+01    0.0000000000e+00    0.0000000000e+00    0.0000000000e+00    1.2352804337e+02
    9.2917797307e+02    4.8426609986e+03   -1.5546625622e+05    4.4049844557e-02    3.2056655876e-02    7.7175002967e-02   -3.9501020190e-03    9.0393507720e-03   -7.2869640532e-03    2.4479489648e+02    0.0000000000e+00    0.0000000000e+00    0.0000000000e+00    2.3090023300e+01    0.0000000000e+00    0.0000000000e+00    0.0000000000e+00    1.2331854950e+02
    9.2475231443e+02    4.8195954879e+03   -1.5544315170e+05    4.7851293589e-02    1.5927783106e-02    3.6497681796e-03   -1.5218262230e-02    2.2142004387e-02    2.3302208742e-02    2.4479489648e+02    0.0000000000e+00    0.0000000000e+00    0.0000000000e+00    2.3090023300e+01    0.0000000000e+00    0.0000000000e+00    0.0000000000e+00    1.2340461546e+02
    9.2570260710e+02    4.8245481938e+03   -1.5544809591e+05    1.7708287331e-02   -1.4646190187e-02   -3.3857961425e-02    1.0530803353e-02    2.3836352282e-03    1.5270209733e-02    2.4479489648e+02    0.0000000000e+00    0.0000000000e+00    0.0000000000e+00    2.3090023300e+01    0.0000000000e+00    0.0000000000e+00    0.0000000000e+00    1.2344135806e+02
    9.2778744004e+02    4.8354138616e+03   -1.5545898547e+05   -1.3112314548e-02   -3.7033221575e-02   -2.5617927659e-03    3.4020999251e-02   -6.4175903113e-03   -1.2511345439e-02    2.4479489648e+02    0.0000000000e+00    0.0000000000e+00    0.0000000000e+00    2.3090023300e+01    0.0000000000e+00    0.0000000000e+00    0.0000000000e+00    1.2343865376e+02
