# dump_thermo 1000
# format_version 1
# num_atoms 8192
# dt_output 2.0000000000e+03 fs
# columns T KE PE sxx syy szz syz sxz sxy ax ay az bx by bz cx cy cz
    6.4644526168e+02    6.8452031086e+02   -3.2244149364e+04    7.2065725839e-02    5.4937128078e-02    6.5955967892e-02    2.6702993267e-02   -1.9212755942e-03    3.4239089492e-02    3.2353982049e+01    0.0000000000e+00    0.0000000000e+00    0.0000000000e+00    3.2356625912e+01    0.0000000000e+00    0.0000000000e+00    0.0000000000e+00    1.2939758734e+02
    7.8879213620e+02    8.3525128930e+02   -3.2052711826e+04    3.5307064521e-02    5.0772771899e-02    2.2327631958e-02   -5.4615031372e-02   -3.6824643806e-02    3.0445907852e-02    3.2493570790e+01    0.0000000000e+00    0.0000000000e+00    0.0000000000e+00    3.2459135149e+01    0.0000000000e+00    0.0000000000e+00    0.0000000000e+00    1.3000984521e+02
    8.6851239667e+02    9.1966700198e+02   -3.1894900871e+04   -1.8810868490e-01   -5.8641953873e-02   -5.1520010848e-02   -2.5607909114e-03    4.6001949499e-02   -1.4673734410e-03    3.2670289093e+01    0.0000000000e+00    0.0000000000e+00    0.0000000000e+00    3.2575614730e+01    0.0000000000e+00    0.0000000000e+00    0.0000000000e+00    1.3035804727e+02
    9.2529299100e+02    9.7979192266e+02   -3.1834490955e+04    2.9078155871e-02    1.3336577277e-01    8.8943592492e-02   -4.3877046800e-02    1.5532979188e-02    1.4716233830e-02    3.2689965421e+01    0.0000000000e+00    0.0000000000e+00    0.0000000000e+00    3.2564286434e+01    0.0000000000e+00    0.0000000000e+00    0.0000000000e+00    1.3053446984e+02
    9.3019316988e+02    9.8498071770e+02   -3.1822846905e+04   -4.3700329412e-02   -6.1573833859e-02    1.3873212775e-02   -9.2403949642e-03   -1.9277495175e-02   -1.0811760843e-02    3.2657112756e+01    0.0000000000e+00    0.0000000000e+00    0.0000000000e+00    3.2616308039e+01    0.0000000000e+00    0.0000000000e+00    0.0000000000e+00    1.3073990074e+02
# dump_thermo 1000
# format_version 1
# num_atoms 8192
# dt_output 2.0000000000e+03 fs
# columns T KE PE sxx syy szz syz sxz sxy ax ay az bx by bz cx cy cz
    1.6108766718e+03    8.5287793529e+02   -3.1178780067e+04    2.7680760796e+00    2.7765808990e+00    2.7709099693e+00    1.6507682009e-02   -2.3769561390e-02   -1.2835424864e-01    3.2657112756e+01    0.0000000000e+00    0.0000000000e+00    0.0000000000e+00    3.2616308039e+01    0.0000000000e+00    0.0000000000e+00    0.0000000000e+00    1.3073990074e+02
    1.6908298315e+03    8.9520910005e+02   -3.1075039015e+04    3.2752348446e+00    3.2179048584e+00    3.3001825079e+00   -1.6435616768e-02   -1.4124679086e-01   -5.4739755265e-02    3.2657112756e+01    0.0000000000e+00    0.0000000000e+00    0.0000000000e+00    3.2616308039e+01    0.0000000000e+00    0.0000000000e+00    0.0000000000e+00    1.3073990074e+02
    1.7208841493e+03    9.1112134521e+02   -3.1089984474e+04    3.2757216943e+00    3.0993426876e+00    3.2800622285e+00   -4.4435487997e-02   -2.0792012977e-02   -4.6427683702e-03    3.2657112756e+01    0.0000000000e+00    0.0000000000e+00    0.0000000000e+00    3.2616308039e+01    0.0000000000e+00    0.0000000000e+00    0.0000000000e+00    1.3073990074e+02
    1.6791807588e+03    8.8904150372e+02   -3.1071348667e+04    3.1724356427e+00    3.3675516545e+00    3.2922278434e+00   -5.5328990215e-02   -4.5985742012e-03    2.8919915403e-02    3.2657112756e+01    0.0000000000e+00    0.0000000000e+00    0.0000000000e+00    3.2616308039e+01    0.0000000000e+00    0.0000000000e+00    0.0000000000e+00    1.3073990074e+02
    1.6925779543e+03    8.9613464290e+02   -3.1055462336e+04    3.3111928465e+00    3.3002767157e+00    3.4572709722e+00   -9.2129468995e-02    1.3550615964e-02    5.1186602692e-02    3.2657112756e+01    0.0000000000e+00    0.0000000000e+00    0.0000000000e+00    3.2616308039e+01    0.0000000000e+00    0.0000000000e+00    0.0000000000e+00    1.3073990074e+02
# dump_thermo 1000
# format_version 1
# num_atoms 8192
# dt_output 2.0000000000e+03 fs
# columns T KE PE sxx syy szz syz sxz sxy ax ay az bx by bz cx cy cz
    9.2475098457e+02    4.8960899627e+02   -3.1520540577e+04    1.1728157376e+00    1.0115127196e+00    1.1481551985e+00   -3.1895580235e-02   -7.8095285259e-02    1.1529634021e-02    3.2657112756e+01    0.0000000000e+00    0.0000000000e+00    0.0000000000e+00    3.2616308039e+01    0.0000000000e+00    0.0000000000e+00    0.0000000000e+00    1.3073990074e+02
    9.1330312181e+02    4.8354793044e+02   -3.1549720364e+04    1.0384119375e+00    8.5971289462e-01    1.0373104822e+00   -9.3445730794e-02   -1.1008478636e-01   -4.4797593525e-02    3.2657112756e+01    0.0000000000e+00    0.0000000000e+00    0.0000000000e+00    3.2616308039e+01    0.0000000000e+00    0.0000000000e+00    0.0000000000e+00    1.3073990074e+02
    9.1647025119e+02    4.8522476567e+02   -3.1577818365e+04    8.6743351246e-01    7.0043389077e-01    9.6138909630e-01   -6.0423723895e-02   -8.3648681917e-02    8.4676148347e-03    3.2657112756e+01    0.0000000000e+00    0.0000000000e+00    0.0000000000e+00    3.2616308039e+01    0.0000000000e+00    0.0000000000e+00    0.0000000000e+00    1.3073990074e+02
    9.2489988644e+02    4.8968783230e+02   -3.1594521852e+04    7.9489492311e-01    7.1756603197e-01    8.2406888012e-01   -4.6507602836e-02   -9.2916228635e-03    4.7238687745e-02    3.2657112756e+01    0.0000000000e+00    0.0000000000e+00    0.0000000000e+00    3.2616308039e+01    0.0000000000e+00    0.0000000000e+00    0.0000000000e+00    1.3073990074e+02
    9.3116680833e+02    4.9300585130e+02   -3.1617386818e+04    6.6027013355e-01    5.9367997758e-01    7.5115468824e-01    2.2100343739e-02   -1.3559607835e-02    4.0462249079e-02    3.2657112756e+01    0.0000000000e+00    0.0000000000e+00    0.0000000000e+00    3.2616308039e+01    0.0000000000e+00    0.0000000000e+00    0.0000000000e+00    1.3073990074e+02
# dump_thermo 1000
# format_version 1
# num_atoms 8192
# dt_output 2.0000000000e+03 fs
# columns T KE PE sxx syy szz syz sxz sxy ax ay az bx by bz cx cy cz
    8.4986560649e+02    8.9992193249e+02   -3.1649399246e+04   -3.4628218131e-01   -3.2128234870e-01   -9.9594860328e-02    9.8456801927e-02   -2.8924608790e-02   -5.2755947638e-02    3.2657112756e+01    0.0000000000e+00    0.0000000000e+00    0.0000000000e+00    3.2616308039e+01    0.0000000000e+00    0.0000000000e+00    0.0000000000e+00    1.3315943502e+02
    8.9948291681e+02    9.5246165813e+02   -3.1519132746e+04   -2.9583829731e-01   -3.9839055815e-01   -1.4208736097e-01    5.2951836709e-03   -4.0143509085e-02    5.3223091384e-02    3.2657112756e+01    0.0000000000e+00    0.0000000000e+00    0.0000000000e+00    3.2616308039e+01    0.0000000000e+00    0.0000000000e+00    0.0000000000e+00    1.3467024605e+02
# dump_thermo 1000
# format_version 1
# num_atoms 8192
# dt_output 2.0000000000e+03 fs
# columns T KE PE sxx syy szz syz sxz sxy ax ay az bx by bz cx cy cz
    9.1946983563e+02    9.7362578864e+02   -3.1467784002e+04   -1.5882368655e-01   -1.4956780331e-01   -5.1451769691e-02   -1.5849451491e-02   -4.0278976225e-02    5.1694181618e-02    3.2657112756e+01    0.0000000000e+00    0.0000000000e+00    0.0000000000e+00    3.2616308039e+01    0.0000000000e+00    0.0000000000e+00    0.0000000000e+00    1.3461522550e+02
    9.0317248869e+02    9.5636854250e+02   -3.1512757908e+04   -2.1717460037e-01   -1.9567166172e-01   -8.2325057888e-02   -8.1176915755e-03   -4.4498609108e-03   -1.2599105669e-02    3.2657112756e+01    0.0000000000e+00    0.0000000000e+00    0.0000000000e+00    3.2616308039e+01    0.0000000000e+00    0.0000000000e+00    0.0000000000e+00    1.3430556853e+02
    9.1365180029e+02    9.6746507621e+02   -3.1527894276e+04    9.1130859226e-03    1.2171073068e-02    8.2968908110e-02   -3.8303619586e-02    1.3737979001e-02    2.9614096897e-02    3.2657112756e+01    0.0000000000e+00    0.0000000000e+00    0.0000000000e+00    3.2616308039e+01    0.0000000000e+00    0.0000000000e+00    0.0000000000e+00    1.3359108276e+02
    9.3143981074e+02    9.8630078460e+02   -3.1509199137e+04    5.4933788906e-02    1.2186722995e-02    4.8483291804e-02   -8.8835663315e-03   -6.4633393640e-03    2.7229662371e-02    3.2657112756e+01    0.0000000000e+00    0.0000000000e+00    0.0000000000e+00    3.2616308039e+01    0.0000000000e+00    0.0000000000e+00    0.0000000000e+00    1.3382037866e+02
    9.2007636147e+02    9.7426803830e+02   -3.1499019987e+04   -1.0291130773e-01   -6.8257097393e-02    1.2704206789e-01    1.4053819671e-02   -1.5974710447e-02   -1.7672490020e-02    3.2657112756e+01    0.0000000000e+00    0.0000000000e+00    0.0000000000e+00    3.2616308039e+01    0.0000000000e+00    0.0000000000e+00    0.0000000000e+00    1.3402399075e+02
    9.1752665458e+02    9.7156815595e+02   -3.1494899385e+04   -1.2012138420e-01   -1.3651497956e-01   -1.2055783603e-01   -2.3761142360e-02   -4.3263653853e-02   -1.1680930835e-02    3.2657112756e+01    0.0000000000e+00    0.0000000000e+00    0.0000000000e+00    3.2616308039e+01    0.0000000000e+00    0.0000000000e+00    0.0000000000e+00    1.3425119045e+02
    9.2675437798e+02    9.8133938403e+02   -3.1486393250e+04   -5.7547387813e-02   -1.5568879704e-01   -2.3152219088e-01   -1.9007759241e-02    5.3260377676e-02    3.3392310603e-02    3.2657112756e+01    0.0000000000e+00    0.0000000000e+00    0.0000000000e+00    3.2616308039e+01    0.0000000000e+00    0.0000000000e+00    0.0000000000e+00    1.3437237175e+02
    9.0093892478e+02    9.5400342366e+02   -3.1509326117e+04    8.7987456149e-03    3.7274575214e-02    5.0938232426e-02    3.7792493424e-02    6.4894120318e-02    3.5838492886e-02    3.2657112756e+01    0.0000000000e+00    0.0000000000e+00    0.0000000000e+00    3.2616308039e+01    0.0000000000e+00    0.0000000000e+00    0.0000000000e+00    1.3376257243e+02
    9.1958071548e+02    9.7374319921e+02   -3.1504204035e+04   -7.2008319509e-02   -1.1456853158e-02   -5.1279804196e-02    2.6720040293e-02    1.3909384005e-02   -3.8689427827e-02    3.2657112756e+01    0.0000000000e+00    0.0000000000e+00    0.0000000000e+00    3.2616308039e+01    0.0000000000e+00    0.0000000000e+00    0.0000000000e+00    1.3400292085e+02
    9.2110602597e+02    9.7535834913e+02   -3.1517188293e+04   -1.7850672048e-01   -6.2780515359e-02   -1.0444421588e-01   -3.4868307471e-02    2.7927304178e-02    2.6101126035e-02    3.2657112756e+01    0.0000000000e+00    0.0000000000e+00    0.0000000000e+00    3.2616308039e+01    0.0000000000e+00    0.0000000000e+00    0.0000000000e+00    1.3404946730e+02
    9.1776106784e+02    9.7181637595e+02   -3.1512380804e+04   -1.0743511767e-02   -5.9436513452e-02   -3.3177849459e-02   -7.4509076519e-02    2.5740104848e-02    6.3067723464e-04    3.2657112756e+01    0.0000000000e+00    0.0000000000e+00    0.0000000000e+00    3.2616308039e+01    0.0000000000e+00    0.0000000000e+00    0.0000000000e+00    1.3390109672e+02
    9.3242636271e+02    9.8734544360e+02   -3.1496156900e+04    4.3611114619e-02    1.0774535752e-01   -1.4659151445e-02   -1.2167097282e-01   -2.5425881756e-02   -3.3896810727e-02    3.2657112756e+01    0.0000000000e+00    0.0000000000e+00    0.0000000000e+00    3.2616308039e+01    0.0000000000e+00    0.0000000000e+00    0.0000000000e+00    1.3390415444e+02
    9.3326046650e+02    9.8822867536e+02   -3.1470728296e+04    1.4423667134e-01    1.1744410230e-01    7.8487922296e-02   -4.2165531289e-02    7.0461850068e-03   -4.9661134226e-02    3.2657112756e+01    0.0000000000e+00    0.0000000000e+00    0.0000000000e+00    3.2616308039e+01    0.0000000000e+00    0.0000000000e+00    0.0000000000e+00    1.3398398461e+02
    9.1919498052e+02    9.7333474480e+02   -3.1489211454e+04   -1.6547463349e-02    1.8403941052e-01    6.0659332438e-02    4.6557450699e-02    7.4879640303e-02    8.0083530260e-02    3.2657112756e+01    0.0000000000e+00    0.0000000000e+00    0.0000000000e+00    3.2616308039e+01    0.0000000000e+00    0.0000000000e+00    0.0000000000e+00    1.3388699176e+02
    9.2783498886e+02    9.8248364192e+02   -3.1491952482e+04    3.9648233451e-02   -3.0419818104e-02    1.7902709631e-02   -8.9047098111e-03   -1.4335680571e-02    3.6076416210e-02    3.2657112756e+01    0.0000000000e+00    0.0000000000e+00    0.0000000000e+00    3.2616308039e+01    0.0000000000e+00    0.0000000000e+00    0.0000000000e+00    1.3400504619e+02
    9.2058597883e+02    9.7480767167e+02   -3.1499952488e+04    8.5372783207e-02    1.9951727271e-03    6.5078759706e-02    2.1491409059e-02   -1.0740628846e-02    2.4146777766e-02    3.2657112756e+01    0.0000000000e+00    0.0000000000e+00    0.0000000000e+00    3.2616308039e+01    0.0000000000e+00    0.0000000000e+00    0.0000000000e+00    1.3382850267e+02
    9.1783569313e+02    9.7189539660e+02   -3.1533689938e+04    1.2631849981e-01    2.0254663244e-02    7.2572746914e-02   -5.7158075008e-02    2.2191708881e-02    5.6553009572e-02    3.2657112756e+01    0.0000000000e+00    0.0000000000e+00    0.0000000000e+00    3.2616308039e+01    0.0000000000e+00    0.0000000000e+00    0.0000000000e+00    1.3352090988e+02
    9.2340674240e+02    9.7779457570e+02   -3.1519855211e+04    1.7536385990e-02   -1.8920955430e-02   -1.6176346585e-01   -1.0918813920e-01    9.7527072181e-03    7.2475725841e-02    3.2657112756e+01    0.0000000000e+00    0.0000000000e+00    0.0000000000e+00    3.2616308039e+01    0.0000000000e+00    0.0000000000e+00    0.0000000000e+00    1.3387127525e+02
    9.2352061158e+02    9.7791515168e+02   -3.1483024878e+04   -3.5996239337e-02   -3.0368276409e-02   -8.9799237871e-02    3.4372507220e-02   -2.5995687033e-02   -6.5051855020e-03    3.2657112756e+01    0.0000000000e+00    0.0000000000e+00    0.0000000000e+00    3.2616308039e+01    0.0000000000e+00    0.0000000000e+00    0.0000000000e+00    1.3420083691e+02
    9.1789238100e+02    9.7195542333e+02   -3.1513745770e+04   -4.1259539955e-02    5.4102020833e-02   -3.7884386314e-02    7.3966005201e-02   -1.1125915916e-01   -9.2389969241e-03    3.2657112756e+01    0.0000000000e+00    0.0000000000e+00    0.0000000000e+00    3.2616308039e+01    0.0000000000e+00    0.0000000000e+00    0.0000000000e+00    1.3376069476e+02
    9.2360188981e+02    9.7800121712e+02   -3.1511664953e+04    1.0842624773e-01    1.6747757866e-01    1.7711519438e-01   -1.1000921500e-01    3.0652646490e-02   -1.1821041235e-02    3.2657112756e+01    0.0000000000e+00    0.0000000000e+00    0.0000000000e+00    3.2616308039e+01    0.0000000000e+00    0.0000000000e+00    0.0000000000e+00    1.3350486064e+02
    9.2058883898e+02    9.7481070028e+02   -3.1519019358e+04    8.3314937215e-03    5.4788722262e-02    2.9362757863e-02   -1.3382097431e-01    1.6027927256e-01   -6.9849618556e-02    3.2657112756e+01    0.0000000000e+00    0.0000000000e+00    0.0000000000e+00    3.2616308039e+01    0.0000000000e+00    0.0000000000e+00    0.0000000000e+00    1.3362343617e+02
    9.1576218240e+02    9.6969975794e+02   -3.1517796976e+04    8.8220005378e-02    1.3156154446e-01   -1.2024248708e-02   -5.4962008574e-02   -3.6735878983e-02    3.1210348963e-02    3.2657112756e+01    0.0000000000e+00    0.0000000000e+00    0.0000000000e+00    3.2616308039e+01    0.0000000000e+00    0.0000000000e+00    0.0000000000e+00    1.3355992007e+02
    9.1164166510e+02    9.6533654585e+02   -3.1526106163e+04    1.0160298152e-01    4.2500240530e-02   -5.8412344620e-02    2.3320608969e-02   -1.9906987828e-02   -3.0379181412e-02    3.2657112756e+01    0.0000000000e+00    0.0000000000e+00    0.0000000000e+00    3.2616308039e+01    0.0000000000e+00    0.0000000000e+00    0.0000000000e+00    1.3364727710e+02
    9.1191565766e+02    9.6562667633e+02   -3.1529880175e+04   -1.3292882440e-01   -1.0189094906e-01   -3.8204542328e-02   -9.3864566128e-02    1.8773355684e-03    5.8862825761e-02    3.2657112756e+01    0.0000000000e+00    0.0000000000e+00    0.0000000000e+00    3.2616308039e+01    0.0000000000e+00    0.0000000000e+00    0.0000000000e+00    1.3381606970e+02
    9.2398950664e+02    9.7841166423e+02   -3.1550769655e+04    3.8319875966e-03   -3.5067967504e-02    1.8518504593e-02   -5.4980552304e-03    8.5410718844e-02   -5.9706325533e-02    3.2657112756e+01    0.0000000000e+00    0.0000000000e+00    0.0000000000e+00    3.2616308039e+01    0.0000000000e+00    0.0000000000e+00    0.0000000000e+00    1.3345405709e+02
    9.1742670365e+02    9.7146231800e+02   -3.1531421951e+04   -7.9686029239e-02   -9.0109990305e-02   -1.1985711585e-01    9.0252339932e-02   -1.1302961133e-02    3.8453702030e-02    3.2657112756e+01    0.0000000000e+00    0.0000000000e+00    0.0000000000e+00    3.2616308039e+01    0.0000000000e+00    0.0000000000e+00    0.0000000000e+00    1.3379602046e+02
    9.2007592388e+02    9.7426757494e+02   -3.1554101547e+04   -4.5074878699e-02    2.1028024756e-02    3.9868305605e-02   -5.7612578786e-03   -6.2301366641e-02    6.0389948115e-03    3.2657112756e+01    0.0000000000e+00    0.0000000000e+00    0.0000000000e+00    3.2616308039e+01    0.0000000000e+00    0.0000000000e+00    0.0000000000e+00    1.3344393594e+02
    9.0811022342e+02    9.6159710540e+02   -3.1535469265e+04   -9.2259348751e-02   -1.1971241699e-01   -1.9728750206e-01    9.8870722107e-02    2.7696799195e-02   -1.1693185451e-02    3.2657112756e+01    0.0000000000e+00    0.0000000000e+00    0.0000000000e+00    3.2616308039e+01    0.0000000000e+00    0.0000000000e+00    0.0000000000e+00    1.3382409811e+02
    9.1248573372e+02    9.6623032935e+02   -3.1541871292e+04    4.9932703387e-02    2.8877113606e-02    4.2236842536e-02    3.2162335757e-04    4.0784124457e-02    1.1009540964e-02    3.2657112756e+01    0.0000000000e+00    0.0000000000e+00    0.0000000000e+00    3.2616308039e+01    0.0000000000e+00    0.0000000000e+00    0.0000000000e+00    1.3338227406e+02
    9.0896068508e+02    9.6249765849e+02   -3.1554871683e+04    7.1886517186e-02   -1.2020542980e-01    3.7185230381e-02   -2.4360411980e-02   -6.7069538281e-02    7.0976496037e-02    3.2657112756e+01    0.0000000000e+00    0.0000000000e+00    0.0000000000e+00    3.2616308039e+01    0.0000000000e+00    0.0000000000e+00    0.0000000000e+00    1.3337638145e+02
    9.1713543854e+02    9.7115389763e+02   -3.1553721554e+04   -9.5473356777e-03   -5.2918060904e-02   -5.1151046415e-02    8.7147868604e-02    3.7927236249e-04    5.1365629558e-03    3.2657112756e+01    0.0000000000e+00    0.0000000000e+00    0.0000000000e+00    3.2616308039e+01    0.0000000000e+00    0.0000000000e+00    0.0000000000e+00    1.3351653226e+02
    9.1418136514e+02    9.6802583195e+02   -3.1561846828e+04    7.8111697057e-02    3.5619134610e-02   -2.2669744675e-02    1.3559173366e-02    1.3451837016e-02    3.0838488257e-02    3.2657112756e+01    0.0000000000e+00    0.0000000000e+00    0.0000000000e+00    3.2616308039e+01    0.0000000000e+00    0.0000000000e+00    0.0000000000e+00    1.3325258270e+02
    9.2265659667e+02    9.7700024706e+02   -3.1544213230e+04   -1.2025018686e-01   -1.2110857809e-01   -1.0105287977e-01   -2.6372080703e-02    1.0060916256e-01   -3.0442931532e-02    3.2657112756e+01    0.0000000000e+00    0.0000000000e+00    0.0000000000e+00    3.2616308039e+01    0.0000000000e+00    0.0000000000e+00    0.0000000000e+00    1.3371188411e+02
    9.2634851060e+02    9.8090961143e+02   -3.1545505886e+04    4.0932727698e-02    7.7907064260e-02   -8.6268364334e-04   -6.2036679674e-02   -2.3118850311e-02   -6.1466212653e-03    3.2657112756e+01    0.0000000000e+00    0.0000000000e+00    0.0000000000e+00    3.2616308039e+01    0.0000000000e+00    0.0000000000e+00    0.0000000000e+00    1.3343420321e+02
    9.2385715054e+02    9.7827151248e+02   -3.1548250437e+04   -2.3329202316e-01   -1.7308679099e-01   -2.8093448392e-01    4.4949647008e-02    9.3055143105e-02    8.1234304854e-02    3.2657112756e+01    0.0000000000e+00    0.0000000000e+00    0.0000000000e+00    3.2616308039e+01    0.0000000000e+00    0.0000000000e+00    0.0000000000e+00    1.3386977928e+02
    9.1002219462e+02    9.6362168999e+02   -3.1564322271e+04   -5.1351582530e-02    5.6225131767e-02    1.6786832533e-01    3.4248949465e-02    2.9095364574e-02    8.8782938059e-03    3.2657112756e+01    0.0000000000e+00    0.0000000000e+00    0.0000000000e+00    3.2616308039e+01    0.0000000000e+00    0.0000000000e+00    0.0000000000e+00    1.3317258745e+02
    9.1905411577e+02    9.7318558325e+02   -3.1533004105e+04    1.0064903889e-01    6.7670907001e-02   -2.5488854980e-02    7.4950607630e-04   -3.3071820715e-02    1.2323337069e-02    3.2657112756e+01    0.0000000000e+00    0.0000000000e+00    0.0000000000e+00    3.2616308039e+01    0.0000000000e+00    0.0000000000e+00    0.0000000000e+00    1.3350592378e+02
    9.1551139156e+02    9.6943419574e+02   -3.1532481049e+04   -1.2958279121e-02    5.4772248819e-02   -8.0806682216e-02    2.5790554815e-02   -2.3882121349e-03    7.1185778779e-02    3.2657112756e+01    0.0000000000e+00    0.0000000000e+00    0.0000000000e+00    3.2616308039e+01    0.0000000000e+00    0.0000000000e+00    0.0000000000e+00    1.3357648447e+02
    9.2299687755e+02    9.7736057017e+02   -3.1574563654e+04    5.8052623990e-02    1.9718267408e-02   -3.4064766186e-02   -1.3929579059e-02   -7.5752988699e-02   -4.0947806896e-03    3.2657112756e+01    0.0000000000e+00    0.0000000000e+00    0.0000000000e+00    3.2616308039e+01    0.0000000000e+00    0.0000000000e+00    0.0000000000e+00    1.3315917933e+02
    9.1907169749e+02    9.7320420052e+02   -3.1552343195e+04   -9.3243761566e-02   -1.3174107083e-01   -1.4536040739e-01   -3.7561429973e-02   -1.3012233767e-02    1.2488119801e-02    3.2657112756e+01    0.0000000000e+00    0.0000000000e+00    0.0000000000e+00    3.2616308039e+01    0.0000000000e+00    0.0000000000e+00    0.0000000000e+00    1.3360136162e+02
    9.1303365037e+02    9.6681051780e+02   -3.1563350994e+04    2.3820946868e-02    2.9935378465e-02   -1.7989331848e-02   -4.3626198396e-02   -1.3111317436e-02   -2.0244928144e-02    3.2657112756e+01    0.0000000000e+00    0.0000000000e+00    0.0000000000e+00    3.2616308039e+01    0.0000000000e+00    0.0000000000e+00    0.0000000000e+00    1.3329972037e+02
    9.2507875217e+02    9.7956506536e+02   -3.1553137623e+04   -8.6802152084e-02   -9.2469424608e-02   -8.9497647362e-03   -2.2731370702e-03   -9.2367166623e-03   -6.6883127848e-02    3.2657112756e+01    0.0000000000e+00    0.0000000000e+00    0.0000000000e+00    3.2616308039e+01    0.0000000000e+00    0.0000000000e+00    0.0000000000e+00    1.3351237663e+02
    9.3258284073e+02    9.8751113804e+02   -3.1557049208e+04    3.5572936802e-02   -6.3855750026e-03    9.8567845110e-02   -3.8271073348e-02   -6.7234317439e-02    2.5136825266e-02    3.2657112756e+01    0.0000000000e+00    0.0000000000e+00    0.0000000000e+00    3.2616308039e+01    0.0000000000e+00    0.0000000000e+00    0.0000000000e+00    1.3329640006e+02
    9.1400726897e+02    9.6784148167e+02   -3.1542287085e+04    1.9809517504e-01    2.2488281163e-01    2.6360458432e-01    1.4546657804e-02   -1.9523062653e-02   -7.9071526401e-03    3.2657112756e+01    0.0000000000e+00    0.0000000000e+00    0.0000000000e+00    3.2616308039e+01    0.0000000000e+00    0.0000000000e+00    0.0000000000e+00    1.3304084890e+02
    9.1651838409e+02    9.7050049923e+02   -3.1549577164e+04   -1.5609710791e-02    5.5466494086e-02    8.9448478030e-02   -8.4187468136e-02   -7.4502591344e-02    2.1203730238e-02    3.2657112756e+01    0.0000000000e+00    0.0000000000e+00    0.0000000000e+00    3.2616308039e+01    0.0000000000e+00    0.0000000000e+00    0.0000000000e+00    1.3333366315e+02
    9.2681589482e+02    9.8140452416e+02   -3.1548353422e+04   -8.0714548491e-02   -8.5385464501e-02   -3.6243034950e-02   -1.1199682289e-01   -3.0675289038e-02   -1.6475586441e-02    3.2657112756e+01    0.0000000000e+00    0.0000000000e+00    0.0000000000e+00    3.2616308039e+01    0.0000000000e+00    0.0000000000e+00    0.0000000000e+00    1.3358593565e+02
    9.0609700828e+02    9.5946531368e+02   -3.1544188396e+04   -1.2638751607e-01    2.9820965897e-02   -1.2903235894e-01    2.1268946981e-02   -1.1708928735e-01    4.5329666693e-03    3.2657112756e+01    0.0000000000e+00    0.0000000000e+00    0.0000000000e+00    3.2616308039e+01    0.0000000000e+00    0.0000000000e+00    0.0000000000e+00    1.3355494568e+02
    9.1409003136e+02    9.6792911869e+02   -3.1571697800e+04    3.0606942098e-02    9.9485360686e-02    6.6475832937e-02    6.8466728553e-02    6.7035395924e-02   -8.9365003043e-04    3.2657112756e+01    0.0000000000e+00    0.0000000000e+00    0.0000000000e+00    3.2616308039e+01    0.0000000000e+00    0.0000000000e+00    0.0000000000e+00    1.3309479563e+02
    9.2490680106e+02    9.7938298648e+02   -3.1554193073e+04   -1.0898282121e-01   -2.6962101020e-02   -1.0820256575e-01   -8.2832108106e-03    8.9198280519e-03   -5.3451780525e-02    3.2657112756e+01    0.0000000000e+00    0.0000000000e+00    0.0000000000e+00    3.2616308039e+01    0.0000000000e+00    0.0000000000e+00    0.0000000000e+00    1.3352652049e+02
