# dump_thermo 1000
# format_version 1
# num_atoms 8192
# dt_output 2.0000000000e+03 fs
# columns T KE PE sxx syy szz syz sxz sxy ax ay az bx by bz cx cy cz
    6.9378044834e+02    7.3464349779e+02   -3.2172617706e+04    1.8888416612e-01    2.2964073253e-01    1.7375183580e-01   -2.0803015642e-03   -4.0087508155e-02   -3.5217178558e-02    3.2376909136e+01    0.0000000000e+00    0.0000000000e+00    0.0000000000e+00    3.2374291453e+01    0.0000000000e+00    0.0000000000e+00    0.0000000000e+00    1.2958233267e+02
    8.3561666591e+02    8.8483374203e+02   -3.1948369907e+04   -1.7170613357e-01   -9.5446605517e-02   -1.6185059050e-01   -1.7002398716e-02    4.3063482645e-03    3.5062889018e-03    3.2587864413e+01    0.0000000000e+00    0.0000000000e+00    0.0000000000e+00    3.2570901840e+01    0.0000000000e+00    0.0000000000e+00    0.0000000000e+00    1.3034185309e+02
    9.4849382334e+02    1.0043592633e+03   -3.1794660164e+04    8.7224680558e-02    1.8796989542e-01    1.1693607743e-01    3.2200483966e-03   -2.6612758964e-02   -1.8435066075e-02    3.2696389544e+01    0.0000000000e+00    0.0000000000e+00    0.0000000000e+00    3.2605344267e+01    0.0000000000e+00    0.0000000000e+00    0.0000000000e+00    1.3060129993e+02
    9.9149473062e+02    1.0498928857e+03   -3.1694011917e+04   -1.7141656655e-01   -4.6062206661e-02   -1.8790045641e-01    1.4546421210e-02   -3.6743409478e-02    3.2959430385e-02    3.2790249705e+01    0.0000000000e+00    0.0000000000e+00    0.0000000000e+00    3.2686184035e+01    0.0000000000e+00    0.0000000000e+00    0.0000000000e+00    1.3124430322e+02
    9.9754245247e+02    1.0562968130e+03   -3.1680157728e+04    2.1460622961e-01    3.5479884682e-01    2.9820346390e-01   -3.1662779443e-03   -1.8777573666e-02   -8.0761259522e-03    3.2738439375e+01    0.0000000000e+00    0.0000000000e+00    0.0000000000e+00    3.2648613455e+01    0.0000000000e+00    0.0000000000e+00    0.0000000000e+00    1.3092548375e+02
# dump_thermo 1000
# format_version 1
# num_atoms 8192
# dt_output 2.0000000000e+03 fs
# columns T KE PE sxx syy szz syz sxz sxy ax ay az bx by bz cx cy cz
    1.6202417322e+03    8.5783626235e+02   -3.1044609047e+04    2.9278413694e+00    2.9918253344e+00    3.1606726579e+00    8.8742851465e-02   -7.7256879251e-02    6.4182164506e-02    3.2738439375e+01    0.0000000000e+00    0.0000000000e+00    0.0000000000e+00    3.2648613455e+01    0.0000000000e+00    0.0000000000e+00    0.0000000000e+00    1.3092548375e+02
    1.7053598319e+03    9.0290200227e+02   -3.0994476044e+04    3.2513037708e+00    3.3050172481e+00    3.3307249732e+00    6.2265406046e-02   -4.6902134852e-02   -2.2249855136e-02    3.2738439375e+01    0.0000000000e+00    0.0000000000e+00    0.0000000000e+00    3.2648613455e+01    0.0000000000e+00    0.0000000000e+00    0.0000000000e+00    1.3092548375e+02
    1.7281067904e+03    9.1494536932e+02   -3.1003168356e+04    3.1985144769e+00    3.2587259703e+00    3.3360192491e+00    2.9267491374e-02    4.7728585761e-02   -9.4474899624e-02    3.2738439375e+01    0.0000000000e+00    0.0000000000e+00    0.0000000000e+00    3.2648613455e+01    0.0000000000e+00    0.0000000000e+00    0.0000000000e+00    1.3092548375e+02
    1.6942232940e+03    8.9700576724e+02   -3.1008081182e+04    3.1887530727e+00    3.2450911426e+00    3.2855667221e+00    1.5673308001e-03    1.1401681784e-01   -8.4229372072e-03    3.2738439375e+01    0.0000000000e+00    0.0000000000e+00    0.0000000000e+00    3.2648613455e+01    0.0000000000e+00    0.0000000000e+00    0.0000000000e+00    1.3092548375e+02
    1.7134099279e+03    9.0716412200e+02   -3.1004380615e+04    3.1775826520e+00    3.3212086838e+00    3.2710461939e+00    7.0928794551e-02    6.5223751809e-03   -4.6249098863e-02    3.2738439375e+01    0.0000000000e+00    0.0000000000e+00    0.0000000000e+00    3.2648613455e+01    0.0000000000e+00    0.0000000000e+00    0.0000000000e+00    1.3092548375e+02
# dump_thermo 1000
# format_version 1
# num_atoms 8192
# dt_output 2.0000000000e+03 fs
# columns T KE PE sxx syy szz syz sxz sxy ax ay az bx by bz cx cy cz
    1.0065003163e+03    5.3289114347e+02   -3.1377665743e+04    1.4264477842e+00    1.3966884488e+00    1.3962609560e+00   -1.9214377389e-02   -3.7021824597e-02   -2.7883191058e-02    3.2738439375e+01    0.0000000000e+00    0.0000000000e+00    0.0000000000e+00    3.2648613455e+01    0.0000000000e+00    0.0000000000e+00    0.0000000000e+00    1.3092548375e+02
    1.0014110647e+03    5.3019664147e+02   -3.1402382839e+04    1.2405894292e+00    1.2423763474e+00    1.4453814620e+00   -5.3746158838e-02    5.0147027096e-03   -9.6654769537e-02    3.2738439375e+01    0.0000000000e+00    0.0000000000e+00    0.0000000000e+00    3.2648613455e+01    0.0000000000e+00    0.0000000000e+00    0.0000000000e+00    1.3092548375e+02
    1.0081277280e+03    5.3375277590e+02   -3.1406863014e+04    1.2772754691e+00    1.2648070480e+00    1.3598114248e+00    6.9140826024e-02    4.7290448273e-02   -8.0328833437e-03    3.2738439375e+01    0.0000000000e+00    0.0000000000e+00    0.0000000000e+00    3.2648613455e+01    0.0000000000e+00    0.0000000000e+00    0.0000000000e+00    1.3092548375e+02
    1.0035566974e+03    5.3133264579e+02   -3.1408005415e+04    1.2868863344e+00    1.2373439324e+00    1.2744564952e+00   -3.2227349240e-02    6.7655924728e-02   -6.3599283542e-02    3.2738439375e+01    0.0000000000e+00    0.0000000000e+00    0.0000000000e+00    3.2648613455e+01    0.0000000000e+00    0.0000000000e+00    0.0000000000e+00    1.3092548375e+02
    9.8620851342e+02    5.2214765750e+02   -3.1440864319e+04    1.1716836583e+00    1.0939687557e+00    1.1341741823e+00   -6.6663643951e-02   -3.4923717378e-02    2.1610957182e-02    3.2738439375e+01    0.0000000000e+00    0.0000000000e+00    0.0000000000e+00    3.2648613455e+01    0.0000000000e+00    0.0000000000e+00    0.0000000000e+00    1.3092548375e+02
# dump_thermo 1000
# format_version 1
# num_atoms 8192
# dt_output 2.0000000000e+03 fs
# columns T KE PE sxx syy szz syz sxz sxy ax ay az bx by bz cx cy cz
    9.1143294833e+02    9.6511553585e+02   -3.1468591358e+04   -4.1098406325e-01   -3.6924578518e-01   -1.1902542339e-01    5.2439400832e-02   -1.9007431152e-02    2.7238784563e-02    3.2738439375e+01    0.0000000000e+00    0.0000000000e+00    0.0000000000e+00    3.2648613455e+01    0.0000000000e+00    0.0000000000e+00    0.0000000000e+00    1.3460999055e+02
    9.6564634091e+02    1.0225220489e+03   -3.1318756138e+04   -3.8280644502e-01   -2.8962501366e-01   -5.1650746892e-02   -7.5825938552e-02    5.2933138574e-02   -9.7329670199e-03    3.2738439375e+01    0.0000000000e+00    0.0000000000e+00    0.0000000000e+00    3.2648613455e+01    0.0000000000e+00    0.0000000000e+00    0.0000000000e+00    1.3617100951e+02
# dump_thermo 1000
# format_version 1
# num_atoms 8192
# dt_output 2.0000000000e+03 fs
# columns T KE PE sxx syy szz syz sxz sxy ax ay az bx by bz cx cy cz
    1.0008206602e+03    1.0597681042e+03   -3.1259570354e+04   -2.2370152828e-01   -1.6081963981e-01   -1.0194662964e-01   -1.2933664597e-02    1.2378972223e-02   -4.0457141937e-03    3.2738439375e+01    0.0000000000e+00    0.0000000000e+00    0.0000000000e+00    3.2648613455e+01    0.0000000000e+00    0.0000000000e+00    0.0000000000e+00    1.3647137628e+02
    1.0006365111e+03    1.0595731089e+03   -3.1305637108e+04    1.8808122685e-02   -2.9888557822e-02    3.9145091638e-02   -1.0631487001e-02   -2.7030484139e-02   -4.9444670805e-02    3.2738439375e+01    0.0000000000e+00    0.0000000000e+00    0.0000000000e+00    3.2648613455e+01    0.0000000000e+00    0.0000000000e+00    0.0000000000e+00    1.3554874429e+02
    9.9251286952e+02    1.0509709921e+03   -3.1272523273e+04    2.0843365093e-01    2.0157124882e-01    1.2166019014e-01   -3.5998857088e-02    5.2724948143e-02   -1.4222864856e-02    3.2738439375e+01    0.0000000000e+00    0.0000000000e+00    0.0000000000e+00    3.2648613455e+01    0.0000000000e+00    0.0000000000e+00    0.0000000000e+00    1.3540919193e+02
    1.0040049518e+03    1.0631399478e+03   -3.1230593000e+04   -6.9775083402e-02   -7.7431349582e-02   -3.9315215955e-02    1.3719561285e-02   -6.2748599425e-03    8.9849212019e-04    3.2738439375e+01    0.0000000000e+00    0.0000000000e+00    0.0000000000e+00    3.2648613455e+01    0.0000000000e+00    0.0000000000e+00    0.0000000000e+00    1.3639885900e+02
    1.0037260071e+03    1.0628445734e+03   -3.1237677853e+04    6.4844276320e-02   -7.0986549523e-03    1.5475454120e-01    3.5435981127e-02    3.3510829796e-02    2.3433305087e-02    3.2738439375e+01    0.0000000000e+00    0.0000000000e+00    0.0000000000e+00    3.2648613455e+01    0.0000000000e+00    0.0000000000e+00    0.0000000000e+00    1.3605418369e+02
    9.8025098371e+02    1.0379868921e+03   -3.1230906528e+04    2.0461461823e-03    7.0479572696e-02    4.3967438904e-02   -6.7568742323e-03   -5.1164260371e-02    9.1311000992e-03    3.2738439375e+01    0.0000000000e+00    0.0000000000e+00    0.0000000000e+00    3.2648613455e+01    0.0000000000e+00    0.0000000000e+00    0.0000000000e+00    1.3608408412e+02
    9.9344842677e+02    1.0519616528e+03   -3.1200889492e+04    2.9952417034e-02   -2.0026537636e-03    1.7605931674e-03    6.2749819216e-02   -4.9503233286e-02    5.1312648585e-02    3.2738439375e+01    0.0000000000e+00    0.0000000000e+00    0.0000000000e+00    3.2648613455e+01    0.0000000000e+00    0.0000000000e+00    0.0000000000e+00    1.3640437909e+02
    1.0007182259e+03    1.0596596366e+03   -3.1197230852e+04   -1.3589857462e-01   -9.3268859761e-02   -1.7206332399e-01   -1.3084934629e-02   -4.0591352414e-02    1.4258509926e-02    3.2738439375e+01    0.0000000000e+00    0.0000000000e+00    0.0000000000e+00    3.2648613455e+01    0.0000000000e+00    0.0000000000e+00    0.0000000000e+00    1.3683971761e+02
    9.8567257983e+02    1.0437278154e+03   -3.1139586294e+04   -6.6853997358e-02   -5.4034762658e-02   -5.6653733583e-02    3.7375301677e-02   -1.9812007410e-01   -1.6521482963e-03    3.2738439375e+01    0.0000000000e+00    0.0000000000e+00    0.0000000000e+00    3.2648613455e+01    0.0000000000e+00    0.0000000000e+00    0.0000000000e+00    1.3719823063e+02
    9.9171727256e+02    1.0501285351e+03   -3.1135290821e+04   -1.3546389580e-01    3.5558271126e-02   -1.0648678049e-01    2.9266449428e-02    2.8557135363e-02   -2.6708906266e-02    3.2738439375e+01    0.0000000000e+00    0.0000000000e+00    0.0000000000e+00    3.2648613455e+01    0.0000000000e+00    0.0000000000e+00    0.0000000000e+00    1.3724717382e+02
    9.8755893751e+02    1.0457252779e+03   -3.1116193981e+04   -1.9257558809e-02    2.4066879535e-02   -5.2414274404e-02   -6.2177171807e-03    4.2764004662e-03    4.2412113326e-02    3.2738439375e+01    0.0000000000e+00    0.0000000000e+00    0.0000000000e+00    3.2648613455e+01    0.0000000000e+00    0.0000000000e+00    0.0000000000e+00    1.3734948206e+02
    1.0087397184e+03    1.0681535879e+03   -3.1113197630e+04    7.9866488420e-04   -6.3087847309e-02    3.5412489752e-02    3.7251865422e-02    6.8278394656e-02   -2.3826504757e-02    3.2738439375e+01    0.0000000000e+00    0.0000000000e+00    0.0000000000e+00    3.2648613455e+01    0.0000000000e+00    0.0000000000e+00    0.0000000000e+00    1.3741086039e+02
    1.0086711084e+03    1.0680809368e+03   -3.1118610357e+04    5.8033458430e-02    8.1464033448e-02    5.9514660559e-03   -2.9329599116e-02    2.6898422819e-03   -9.2978511753e-02    3.2738439375e+01    0.0000000000e+00    0.0000000000e+00    0.0000000000e+00    3.2648613455e+01    0.0000000000e+00    0.0000000000e+00    0.0000000000e+00    1.3720872707e+02
    1.0057406580e+03    1.0649778855e+03   -3.1096499884e+04    1.8240770727e-01    5.4958157957e-03    1.8086083207e-01    8.0559778181e-02    1.9941327660e-02   -5.8709821862e-02    3.2738439375e+01    0.0000000000e+00    0.0000000000e+00    0.0000000000e+00    3.2648613455e+01    0.0000000000e+00    0.0000000000e+00    0.0000000000e+00    1.3725276992e+02
    9.9509324303e+02    1.0537033473e+03   -3.1054165157e+04   -7.7053386581e-02   -2.1898627564e-01    6.1910465413e-02   -1.9158468876e-02    9.8661291842e-02   -2.5604178795e-02    3.2738439375e+01    0.0000000000e+00    0.0000000000e+00    0.0000000000e+00    3.2648613455e+01    0.0000000000e+00    0.0000000000e+00    0.0000000000e+00    1.3822249444e+02
    9.8872345159e+02    1.0469583808e+03   -3.1034181986e+04   -7.1835011972e-02   -1.8721598559e-02    1.2993774087e-02   -1.7461015897e-02   -1.7717802414e-02   -1.9240839842e-02    3.2738439375e+01    0.0000000000e+00    0.0000000000e+00    0.0000000000e+00    3.2648613455e+01    0.0000000000e+00    0.0000000000e+00    0.0000000000e+00    1.3820679282e+02
    1.0027898973e+03    1.0618533276e+03   -3.1045599659e+04   -1.0109154415e-01    1.0135565972e-01   -1.3379332846e-02    3.7189035561e-02    3.1187569301e-02   -5.0369832687e-02    3.2738439375e+01    0.0000000000e+00    0.0000000000e+00    0.0000000000e+00    3.2648613455e+01    0.0000000000e+00    0.0000000000e+00    0.0000000000e+00    1.3804698656e+02
    1.0087056947e+03    1.0681175602e+03   -3.1034331335e+04    4.3099989763e-02    1.5084483981e-01    1.0780126512e-01    1.1238708662e-01   -3.1767340498e-02    5.5557703869e-02    3.2738439375e+01    0.0000000000e+00    0.0000000000e+00    0.0000000000e+00    3.2648613455e+01    0.0000000000e+00    0.0000000000e+00    0.0000000000e+00    1.3794899803e+02
    1.0084969960e+03    1.0678965694e+03   -3.1024647919e+04    3.9352805981e-02    1.2767313102e-01    3.9540875940e-02    1.5113808028e-02    6.6506140853e-03    1.0009029926e-02    3.2738439375e+01    0.0000000000e+00    0.0000000000e+00    0.0000000000e+00    3.2648613455e+01    0.0000000000e+00    0.0000000000e+00    0.0000000000e+00    1.3819421238e+02
    1.0106563104e+03    1.0701830654e+03   -3.1009784906e+04    4.9930962274e-02    9.6129565802e-02   -1.2896086851e-02   -2.0038690111e-03    5.7979496358e-03   -5.3727643094e-02    3.2738439375e+01    0.0000000000e+00    0.0000000000e+00    0.0000000000e+00    3.2648613455e+01    0.0000000000e+00    0.0000000000e+00    0.0000000000e+00    1.3834317082e+02
    9.8951489168e+02    1.0477964360e+03   -3.0956942583e+04   -2.4187141396e-02   -8.1548345488e-03   -1.2391135378e-01    2.4322894745e-02   -3.1593934626e-03    4.2533590812e-02    3.2738439375e+01    0.0000000000e+00    0.0000000000e+00    0.0000000000e+00    3.2648613455e+01    0.0000000000e+00    0.0000000000e+00    0.0000000000e+00    1.3910488066e+02
    9.9601868113e+02    1.0546832928e+03   -3.0941027712e+04   -4.5639802836e-02   -5.9644979141e-02   -8.0085820972e-02    8.5202049323e-02   -1.1616625688e-03    2.2141756803e-02    3.2738439375e+01    0.0000000000e+00    0.0000000000e+00    0.0000000000e+00    3.2648613455e+01    0.0000000000e+00    0.0000000000e+00    0.0000000000e+00    1.3929195368e+02
    1.0092133426e+03    1.0686551080e+03   -3.0954504414e+04   -6.4911063703e-02   -5.8644043504e-02   -1.6530739357e-01   -2.5066182760e-02   -2.7171777655e-02    4.5030004639e-03    3.2738439375e+01    0.0000000000e+00    0.0000000000e+00    0.0000000000e+00    3.2648613455e+01    0.0000000000e+00    0.0000000000e+00    0.0000000000e+00    1.3914993169e+02
    1.0051953092e+03    1.0644004161e+03   -3.0949186790e+04    5.9329017159e-02    1.5721009198e-02    9.5549769829e-02    8.6785422734e-03   -2.5784656715e-03   -8.1159771925e-03    3.2738439375e+01    0.0000000000e+00    0.0000000000e+00    0.0000000000e+00    3.2648613455e+01    0.0000000000e+00    0.0000000000e+00    0.0000000000e+00    1.3895797072e+02
    9.9561121870e+02    1.0542518312e+03   -3.0922324120e+04    6.8695804752e-02    1.2084029061e-01    2.9163199642e-02   -4.8548389688e-02    1.4326544138e-02    1.9862334649e-02    3.2738439375e+01    0.0000000000e+00    0.0000000000e+00    0.0000000000e+00    3.2648613455e+01    0.0000000000e+00    0.0000000000e+00    0.0000000000e+00    1.3917688335e+02
    9.9190753962e+02    1.0503300088e+03   -3.0930500828e+04    9.6818016272e-02    8.4399808037e-02    1.8425852237e-01    5.7645659978e-02   -3.1059960992e-02   -3.4202001097e-02    3.2738439375e+01    0.0000000000e+00    0.0000000000e+00    0.0000000000e+00    3.2648613455e+01    0.0000000000e+00    0.0000000000e+00    0.0000000000e+00    1.3892873074e+02
    9.8759934878e+02    1.0457680693e+03   -3.0916577499e+04   -1.0262802480e-01   -5.3094734696e-02    6.3887243281e-03   -3.5878736599e-02   -3.7015684584e-02   -1.2973981640e-01    3.2738439375e+01    0.0000000000e+00    0.0000000000e+00    0.0000000000e+00    3.2648613455e+01    0.0000000000e+00    0.0000000000e+00    0.0000000000e+00    1.3944009732e+02
    9.9930569005e+02    1.0581639037e+03   -3.0902724392e+04    1.8194087804e-01    1.4384207577e-01    1.5370759046e-01   -6.8920059762e-02   -4.5658756331e-02   -1.9899682587e-02    3.2738439375e+01    0.0000000000e+00    0.0000000000e+00    0.0000000000e+00    3.2648613455e+01    0.0000000000e+00    0.0000000000e+00    0.0000000000e+00    1.3921578182e+02
    9.9033083737e+02    1.0486604402e+03   -3.0894375462e+04    8.9166879348e-02    9.2286887272e-02   -7.2466423754e-02    2.0200284824e-02    4.0603007709e-02   -3.2991444812e-02    3.2738439375e+01    0.0000000000e+00    0.0000000000e+00    0.0000000000e+00    3.2648613455e+01    0.0000000000e+00    0.0000000000e+00    0.0000000000e+00    1.3950194061e+02
    9.9638808521e+02    1.0550744545e+03   -3.0860585592e+04   -7.2945497768e-02    1.5393200489e-02   -9.3220634138e-02   -7.8794439399e-02   -7.0651489261e-03    1.1083838293e-02    3.2738439375e+01    0.0000000000e+00    0.0000000000e+00    0.0000000000e+00    3.2648613455e+01    0.0000000000e+00    0.0000000000e+00    0.0000000000e+00    1.4002015973e+02
    1.0101517706e+03    1.0696488086e+03   -3.0849709396e+04    1.2843372560e-01   -6.8289722010e-05   -7.8392716416e-02    1.9722234415e-03    1.0424508028e-02   -2.0878036167e-02    3.2738439375e+01    0.0000000000e+00    0.0000000000e+00    0.0000000000e+00    3.2648613455e+01    0.0000000000e+00    0.0000000000e+00    0.0000000000e+00    1.4004461187e+02
    1.0064221415e+03    1.0656995078e+03   -3.0821293201e+04    1.3622282923e-01    1.9689445751e-01    1.3203781665e-01    6.5123314024e-02   -5.6227828143e-02    6.6909890305e-02    3.2738439375e+01    0.0000000000e+00    0.0000000000e+00    0.0000000000e+00    3.2648613455e+01    0.0000000000e+00    0.0000000000e+00    0.0000000000e+00    1.4003346540e+02
    9.9503819166e+02    1.0536450534e+03   -3.0833468775e+04    7.4499757988e-02    9.2287563078e-02   -9.0143373894e-03    4.5834973061e-02    6.8356354067e-02    2.9724321351e-02    3.2738439375e+01    0.0000000000e+00    0.0000000000e+00    0.0000000000e+00    3.2648613455e+01    0.0000000000e+00    0.0000000000e+00    0.0000000000e+00    1.4010221240e+02
    1.0094611538e+03    1.0689175152e+03   -3.0817249214e+04   -8.9906684672e-02   -9.9477178723e-02   -8.7701793415e-02   -9.4842501972e-02   -1.7491373815e-02    8.3679035099e-02    3.2738439375e+01    0.0000000000e+00    0.0000000000e+00    0.0000000000e+00    3.2648613455e+01    0.0000000000e+00    0.0000000000e+00    0.0000000000e+00    1.4069253828e+02
    9.9662226584e+02    1.0553224281e+03   -3.0816916595e+04   -6.9659023638e-02   -7.3381645844e-02   -3.5356118001e-02    3.3830718355e-02    5.5498673724e-02    1.8968767497e-02    3.2738439375e+01    0.0000000000e+00    0.0000000000e+00    0.0000000000e+00    3.2648613455e+01    0.0000000000e+00    0.0000000000e+00    0.0000000000e+00    1.4050871709e+02
    9.8605441504e+02    1.0441321404e+03   -3.0838818050e+04    4.2454460073e-02   -3.6603673872e-02   -9.2590915569e-02   -6.4965562764e-03    4.8073767767e-02   -2.7135018997e-02    3.2738439375e+01    0.0000000000e+00    0.0000000000e+00    0.0000000000e+00    3.2648613455e+01    0.0000000000e+00    0.0000000000e+00    0.0000000000e+00    1.4021203031e+02
    9.9707390758e+02    1.0558006712e+03   -3.0827875391e+04   -1.0356204621e-01   -6.9388459008e-03   -1.5920572930e-01   -6.0060581141e-02   -4.4510563379e-02    5.2842012714e-02    3.2738439375e+01    0.0000000000e+00    0.0000000000e+00    0.0000000000e+00    3.2648613455e+01    0.0000000000e+00    0.0000000000e+00    0.0000000000e+00    1.4048333604e+02
    1.0100105567e+03    1.0694992774e+03   -3.0835526415e+04   -2.5321762130e-02   -1.0161129608e-01    2.7028141350e-02   -1.8308500608e-02    2.6094582584e-02    6.7791555339e-03    3.2738439375e+01    0.0000000000e+00    0.0000000000e+00    0.0000000000e+00    3.2648613455e+01    0.0000000000e+00    0.0000000000e+00    0.0000000000e+00    1.4029666315e+02
    1.0116965921e+03    1.0712846187e+03   -3.0815820974e+04    6.7518684294e-02   -1.6042720254e-02   -4.3291055290e-02   -5.7967168733e-02   -2.1941353803e-02    1.3251067003e-03    3.2738439375e+01    0.0000000000e+00    0.0000000000e+00    0.0000000000e+00    3.2648613455e+01    0.0000000000e+00    0.0000000000e+00    0.0000000000e+00    1.4039216324e+02
    9.9390756629e+02    1.0524478352e+03   -3.0822661808e+04    2.6304266407e-02    5.5666225407e-02    4.6752895087e-02   -9.8204304193e-02    1.1731733802e-03   -1.5506325173e-02    3.2738439375e+01    0.0000000000e+00    0.0000000000e+00    0.0000000000e+00    3.2648613455e+01    0.0000000000e+00    0.0000000000e+00    0.0000000000e+00    1.4021790619e+02
    9.8994142651e+02    1.0482480933e+03   -3.0849299522e+04   -5.2486608057e-02   -4.1436652540e-02   -4.2799203113e-02    5.4708609617e-02   -2.9241258149e-02   -4.6570486060e-02    3.2738439375e+01    0.0000000000e+00    0.0000000000e+00    0.0000000000e+00    3.2648613455e+01    0.0000000000e+00    0.0000000000e+00    0.0000000000e+00    1.4012306668e+02
    1.0069184150e+03    1.0662250113e+03   -3.0844203901e+04    1.2935574264e-01   -3.4515466161e-03    2.2564392005e-02   -7.0304584735e-02    2.5019851985e-02   -4.6481372593e-02    3.2738439375e+01    0.0000000000e+00    0.0000000000e+00    0.0000000000e+00    3.2648613455e+01    0.0000000000e+00    0.0000000000e+00    0.0000000000e+00    1.4004371585e+02
    1.0026808687e+03    1.0617378773e+03   -3.0833467535e+04    4.5985813422e-02    2.1031489842e-02    1.1221351786e-01   -2.2852496902e-02   -5.0305310755e-02    1.0394695635e-02    3.2738439375e+01    0.0000000000e+00    0.0000000000e+00    0.0000000000e+00    3.2648613455e+01    0.0000000000e+00    0.0000000000e+00    0.0000000000e+00    1.4011398509e+02
    9.9675552939e+02    1.0554635408e+03   -3.0827134287e+04    1.0656448972e-02   -2.1994382537e-02   -1.5178395712e-01   -5.2672013120e-02    2.3581032260e-02   -9.6056218003e-02    3.2738439375e+01    0.0000000000e+00    0.0000000000e+00    0.0000000000e+00    3.2648613455e+01    0.0000000000e+00    0.0000000000e+00    0.0000000000e+00    1.4041636751e+02
    9.9812529836e+02    1.0569139879e+03   -3.0836434845e+04   -8.8256731222e-02   -9.2321471808e-03   -1.6122988528e-01   -7.7971872710e-02   -4.1595112201e-03    4.4481257503e-02    3.2738439375e+01    0.0000000000e+00    0.0000000000e+00    0.0000000000e+00    3.2648613455e+01    0.0000000000e+00    0.0000000000e+00    0.0000000000e+00    1.4038831545e+02
    9.9474906896e+02    1.0533389016e+03   -3.0825296726e+04    4.8964517490e-02    5.7460128641e-02    8.1353830656e-02    5.2810619984e-02   -6.5500617856e-02   -6.7740954988e-03    3.2738439375e+01    0.0000000000e+00    0.0000000000e+00    0.0000000000e+00    3.2648613455e+01    0.0000000000e+00    0.0000000000e+00    0.0000000000e+00    1.4019416491e+02
    1.0072582635e+03    1.0665848766e+03   -3.0832389988e+04    7.7434757390e-02    1.6436806272e-02    3.8452173463e-02   -3.2032729644e-02    4.2440927405e-02   -3.2932095764e-02    3.2738439375e+01    0.0000000000e+00    0.0000000000e+00    0.0000000000e+00    3.2648613455e+01    0.0000000000e+00    0.0000000000e+00    0.0000000000e+00    1.4011406961e+02
    1.0037487410e+03    1.0628686464e+03   -3.0827679562e+04   -7.4252262706e-02    3.5189223770e-02   -3.6152600221e-02   -3.0057986698e-02    2.5346002773e-03    3.6953244278e-02    3.2738439375e+01    0.0000000000e+00    0.0000000000e+00    0.0000000000e+00    3.2648613455e+01    0.0000000000e+00    0.0000000000e+00    0.0000000000e+00    1.4035481283e+02
    1.0051231099e+03    1.0643239643e+03   -3.0822405346e+04   -6.0839807606e-02   -5.2358161838e-02   -1.0503988437e-01   -2.1562007318e-02   -6.3012155648e-02    7.4745836966e-03    3.2738439375e+01    0.0000000000e+00    0.0000000000e+00    0.0000000000e+00    3.2648613455e+01    0.0000000000e+00    0.0000000000e+00    0.0000000000e+00    1.4051688631e+02
    1.0061436637e+03    1.0654046278e+03   -3.0830992414e+04    1.4642554684e-01    1.9007659040e-01    1.3051691090e-01    2.0220831224e-02    1.2978104467e-02   -4.3613124764e-02    3.2738439375e+01    0.0000000000e+00    0.0000000000e+00    0.0000000000e+00    3.2648613455e+01    0.0000000000e+00    0.0000000000e+00    0.0000000000e+00    1.3999736962e+02
